[*] 瑁佸垽鍚姩: pypy2 鎵х孩鍏堣(姣忕潃 2.5s) vs pypy 鎵ч粦(姣忕潃 1.0s), 闅忔満绉嶅瓙 20260822
[engine_server] 灏辩华 (PyPy 3.11.13, engine=jieqi_engine_v2)
[engine_server] 棰勭儹瀹屾垚
[engine_server] 灏辩华 (PyPy 3.11.13, engine=jieqi_engine)
[engine_server] 棰勭儹瀹屾垚
[+] 寮曟搸瀛愯繘绋嬪氨缁?(PyPy: pypy3.EXE)
[+] 寮曟搸瀛愯繘绋嬪氨缁?(PyPy: pypy3.EXE)
[*] 绾㈡柟寮曟搸: pypy2 (miaosiSari 浼樺寲鐗? TT淇濈暀+鍙屾椂闄?
[*] 榛戞柟寮曟搸: pypy (miaosiSari 鍘熺増, alpha-beta)
[  1] 绾?b2b9 (7, 1)->(0, 1) 缈诲紑=杌?鍚?b棣?鐢ㄦ椂 2.56s (score=154 depth=5)
[  2] 榛?i0h0 (0, 0)->(0, 1) 缈诲紑=澹?鍚?r杌?鐢ㄦ椂 1.76s (score=305.0 depth=6)
[  3] 绾?h2h9 (7, 7)->(0, 7) 缈诲紑=鍏?鍚?b鍗?鐢ㄦ椂 1.56s (score=154 depth=6)
[  4] 榛?a0b0 (0, 8)->(0, 7) 缈诲紑=鍗?鍚?r鍏?鐢ㄦ椂 2.79s (score=89.14285714285714 depth=6)
[  5] 绾?e3e4 (6, 4)->(5, 4) 缈诲紑=棣?鐢ㄦ椂 2.51s (score=84 depth=6)
[  6] 榛?a3a4 (3, 8)->(4, 8) 缈诲紑=璞?鐢ㄦ椂 2.16s (score=81 depth=6)
[  7] 绾?a3a4 (6, 0)->(5, 0) 缈诲紑=鍏?鐢ㄦ椂 1.69s (score=78 depth=6)
[  8] 榛?a4c6 (4, 8)->(6, 6) 鍚?r杌?鐢ㄦ椂 3.13s (score=91 depth=6)
[  9] 绾?c3c4 (6, 2)->(5, 2) 缈诲紑=鐐?鐢ㄦ椂 2.54s (score=77 depth=6)
[ 10] 榛?g0e2 (0, 2)->(2, 4) 缈诲紑=杌?鐢ㄦ椂 1.16s (score=46 depth=5)
[ 11] 绾?e4g3 (5, 4)->(6, 6) 鍚?b璞?鐢ㄦ椂 1.59s (score=66 depth=6)
[ 12] 榛?e2f2 (2, 4)->(2, 3)  鐢ㄦ椂 1.26s (score=17 depth=5)
[ 13] 绾?c4e4 (5, 2)->(5, 4)  鐢ㄦ椂 2.53s (score=1 depth=5)
[ 14] 榛?c0e2 (0, 6)->(2, 4) 缈诲紑=鐐?鐢ㄦ椂 2.13s (score=40 depth=6)
[ 15] 绾?e4e2 (5, 4)->(7, 4)  鐢ㄦ椂 2.16s (score=10 depth=6)
[ 16] 榛?b2b7 (2, 7)->(7, 7) 缈诲紑=鐐?鐢ㄦ椂 3.34s (score=65 depth=6)
[ 17] 绾?i3i4 (6, 8)->(5, 8) 缈诲紑=鐐?鐢ㄦ椂 2.20s (score=69 depth=6)
[ 18] 榛?e2e7 (2, 4)->(7, 4) 鍚?r鐐?鐢ㄦ椂 1.11s (score=122 depth=5)
[ 19] 绾?c0e2 (9, 2)->(7, 4) 缈诲紑=浠?鍚?b鐐?鐢ㄦ椂 2.52s (score=162 depth=5)
[ 20] 榛?e3e4 (3, 4)->(4, 4) 缈诲紑=澹?鐢ㄦ椂 1.93s (score=72 depth=5)
[ 21] 绾?i4e4 (5, 8)->(5, 4)  鐢ㄦ椂 1.07s (score=5 depth=5)
[ 22] 榛?d0e1 (0, 5)->(1, 4) 缈诲紑=璞?鐢ㄦ椂 1.14s (score=23 depth=5)
[ 23] 绾?e4e3 (5, 4)->(6, 4)  鐢ㄦ椂 2.55s (score=10 depth=5)
[ 24] 榛?g3g4 (3, 2)->(4, 2) 缈诲紑=鍗?鐢ㄦ椂 3.05s (score=63 depth=5)
[ 25] 绾?g3e4 (6, 6)->(5, 4)  鐢ㄦ椂 2.54s (score=4 depth=5)
[ 26] 榛?f2f4 (2, 3)->(4, 3)  鐢ㄦ椂 1.36s (score=-2 depth=5)
[ 27] 绾?h0g2 (9, 7)->(7, 6) 缈诲紑=鍏?鐢ㄦ椂 1.88s (score=39 depth=5)
[ 28] 榛?h2h7 (2, 1)->(7, 1) 缈诲紑=棣?鐢ㄦ椂 2.83s (score=67 depth=5)
[ 29] 绾?e4c3 (5, 4)->(6, 2)  鐢ㄦ椂 2.54s (score=-4 depth=5)
[ 30] 榛?f4f3 (4, 3)->(3, 3)  鐢ㄦ椂 1.29s (score=0 depth=5)
[ 31] 绾?a4a5 (5, 0)->(4, 0)  鐢ㄦ椂 2.53s (score=10 depth=5)
[ 32] 榛?c3c4 (3, 6)->(4, 6) 缈诲紑=鍗?鐢ㄦ椂 1.25s (score=65 depth=5)
[ 33] 绾?b0d1 (9, 1)->(8, 3) 缈诲紑=棣?鐢ㄦ椂 2.53s (score=40 depth=5)
[ 34] 榛?h7i9 (7, 1)->(9, 0) 鍚?r浠?鐢ㄦ椂 1.63s (score=152.0 depth=6)
[ 35] 绾?a5a6 (4, 0)->(3, 0) 鍚?b杌?鐢ㄦ椂 1.55s (score=97 depth=6)
[ 36] 榛?i9g8 (9, 0)->(8, 2)  鐢ㄦ椂 1.47s (score=27 depth=5)
[ 37] 绾?g2g3 (7, 6)->(6, 6)  鐢ㄦ椂 1.11s (score=8 depth=5)
[ 38] 榛?e0d0 (0, 4)->(0, 5)  鐢ㄦ椂 2.26s (score=-10 depth=5)
[ 39] 绾?f0e1 (9, 5)->(8, 4) 缈诲紑=鍏?鐢ㄦ椂 1.36s (score=37 depth=5)
[ 40] 榛?e4f5 (4, 4)->(5, 3)  鐢ㄦ椂 1.63s (score=7 depth=5)
[ 41] 绾?c3e4 (6, 2)->(5, 4)  鐢ㄦ椂 2.57s (score=4 depth=7)
[ 42] 榛?f3i3 (3, 3)->(3, 0) 鍚?r鍏?鐢ㄦ椂 2.48s (score=4 depth=6)
[ 43] 绾?e3f3 (6, 4)->(6, 5)  鐢ㄦ椂 2.55s (score=-14 depth=6)
[ 44] 榛?b7b2 (7, 7)->(2, 7)  鐢ㄦ椂 1.41s (score=-1 depth=5)
[ 45] 绾?e4f6 (5, 4)->(3, 5)  鐢ㄦ椂 1.15s (score=13 depth=6)
[ 46] 榛?b2d2 (2, 7)->(2, 5)  鐢ㄦ椂 1.61s (score=3 depth=7)
[ 47] 绾?f6d5 (3, 5)->(4, 3)  鐢ㄦ椂 2.56s (score=-2 depth=6)
[ 48] 榛?d0e0 (0, 5)->(0, 4)  鐢ㄦ椂 5.48s (score=10 depth=6)
[ 49] 绾?d5c7 (4, 3)->(2, 2)  鐢ㄦ椂 1.62s (score=-19 depth=6)
[ 50] 榛?i3f3 (3, 0)->(3, 3)  鐢ㄦ椂 1.59s (score=43 depth=5)
[ 51] 绾?c7b9 (2, 2)->(0, 1) 鍚?b澹?鐢ㄦ椂 2.52s (score=98 depth=6)
[ 52] 榛?d2h2 (2, 5)->(2, 1)  鐢ㄦ椂 1.67s (score=-3 depth=5)
[ 53] 绾?e0f0 (9, 4)->(9, 5)  鐢ㄦ椂 2.52s (score=-10 depth=6)
[ 54] 榛?e1g3 (1, 4)->(3, 2)  鐢ㄦ椂 1.60s (score=35 depth=5)
[ 55] 绾?e2f1 (7, 4)->(8, 5)  鐢ㄦ椂 1.07s (score=8 depth=5)
[ 56] 榛?f3d3 (3, 3)->(3, 5)  鐢ㄦ椂 1.50s (score=-30 depth=5)
[ 57] 绾?f3b3 (6, 5)->(6, 1)  鐢ㄦ椂 1.19s (score=0 depth=6)
[ 58] 榛?g8h6 (8, 2)->(6, 1) 鍚?r鐐?鐢ㄦ椂 1.21s (score=99 depth=6)
[ 59] 绾?i0i9 (9, 8)->(0, 8) 缈诲紑=鐩?鐢ㄦ椂 1.07s (score=47.85714285714286 depth=6)
[ 60] 榛?h6g8 (6, 1)->(8, 2)  鐢ㄦ椂 1.97s (score=27 depth=6)
[ 61] 绾?e1e2 (8, 4)->(7, 4)  鐢ㄦ椂 1.80s (score=15 depth=7)
[ 62] 榛?h2h9 (2, 1)->(9, 1)  鐢ㄦ椂 2.68s (score=39 depth=6)
[ 63] 绾?d0e1 (9, 3)->(8, 4) 缈诲紑=鍏?鐢ㄦ椂 2.12s (score=42 depth=8)
[ 64] 榛?e0d0 (0, 4)->(0, 5)  鐢ㄦ椂 1.75s (score=-10 depth=6)
[ 65] 绾?f0e0 (9, 5)->(9, 4)  鐢ㄦ椂 2.41s (score=10 depth=11)
[ 66] 榛?d3d8 (3, 5)->(8, 5) 鍚?r浠?鐢ㄦ椂 1.50s (score=71 depth=7)
[ 67] 绾?b9d8 (0, 1)->(1, 3)  鐢ㄦ椂 2.53s (score=-3 depth=11)
[ 68] 榛?g3e1 (3, 2)->(1, 4)  鐢ㄦ椂 1.42s (score=-35 depth=7)
[ 69] 绾?g0i2 (9, 6)->(7, 8) 缈诲紑=鐩?鐢ㄦ椂 2.53s (score=47 depth=12)
[ 70] 榛?d8d9 (8, 5)->(9, 5)  鐢ㄦ椂 1.60s (score=7 depth=7)
[ 71] 绾?e0f0 (9, 4)->(9, 5) 鍚?b杌?鐢ㄦ椂 0.03s (score=336 depth=64)
[ 72] 榛?d0d9 (0, 5)->(9, 5) 鍚?r甯?鐢ㄦ椂 0.00s (score=3696 depth=7)

========================================================
瀵瑰眬缁撴灉
========================================================
鑳滆€? pypy (榛戞柟)
鍘熷洜: 绗?72 鐫€鍚冩帀 甯? 鑾疯儨
鎬绘鏁? 72 鐫€, 鍏ㄥ眬澧欓挓 139.9s

鍙屾柟鐢ㄦ椂:
  pypy2 (绾㈡柟):  36 鐫€  鎬荤敤鏃?   71.7s  骞冲潎  1.99s  鏈€闀?  2.57s
  pypy  (榛戞柟):  36 鐫€  鎬荤敤鏃?   68.2s  骞冲潎  1.89s  鏈€闀?  5.48s

[*] 妫嬭氨宸蹭繚瀛? C:\Users\yimingwang218185\Desktop\jieqi_ai\tools\games\game_20260819_100512.json / .txt

缁堝眬妫嬬洏 (绾㈡柟鍦ㄤ笅):
    0 1 2 3 4 5 6 7 8
 0 | 路 路 路 b? 路 路 路 b鍗?r鐩?
 1 | 路 路 路 r棣?b璞?路 路 路 路
 2 | 路 路 路 路 路 路 路 路 路
 3 | 路 路 路 路 路 路 路 路 路
 4 | 路 路 b鍗?路 路 路 b鍗?路 路
 5 | 路 路 路 b澹?路 路 路 路 路
 6 | 路 路 路 路 路 路 r鍏?路 路
 7 | 路 路 路 路 r鍏?路 路 路 r鐩?
 8 | 路 路 b棣?r棣?r鍏?路 路 路 路
 9 | 路 b鐐?路 路 路 b灏?路 路 路
