[*] 瑁佸垽鍚姩: pypy 鎵х孩鍏堣(姣忕潃 1.0s) vs pypy2 鎵ч粦(姣忕潃 2.5s), 闅忔満绉嶅瓙 20260823
[engine_server] 灏辩华 (PyPy 3.11.13, engine=jieqi_engine)
[engine_server] 棰勭儹瀹屾垚
[engine_server] 灏辩华 (PyPy 3.11.13, engine=jieqi_engine_v2)
[engine_server] 棰勭儹瀹屾垚
[+] 寮曟搸瀛愯繘绋嬪氨缁?(PyPy: pypy3.EXE)
[+] 寮曟搸瀛愯繘绋嬪氨缁?(PyPy: pypy3.EXE)
[*] 绾㈡柟寮曟搸: pypy (miaosiSari 鍘熺増, alpha-beta)
[*] 榛戞柟寮曟搸: pypy2 (miaosiSari 浼樺寲鐗? TT淇濈暀+鍙屾椂闄?
[  1] 绾?b2b9 (7, 1)->(0, 1) 缈诲紑=鍏?鍚?b鐐?鐢ㄦ椂 2.81s (score=154 depth=6)
[  2] 榛?b2b9 (2, 7)->(9, 7) 缈诲紑=澹?鍚?r鍏?鐢ㄦ椂 2.51s (score=157 depth=5)
[  3] 绾?b9a9 (0, 1)->(0, 0) 鍚?b鍗?鐢ㄦ椂 2.09s (score=87.85714285714286 depth=6)
[  4] 榛?e3e4 (3, 4)->(4, 4) 缈诲紑=杌?鐢ㄦ椂 1.90s (score=86 depth=6)
[  5] 绾?c3c4 (6, 2)->(5, 2) 缈诲紑=棣?鐢ㄦ椂 2.34s (score=78 depth=6)
[  6] 榛?e4g4 (4, 4)->(4, 2)  鐢ㄦ椂 2.55s (score=-3 depth=5)
[  7] 绾?a3a4 (6, 0)->(5, 0) 缈诲紑=鐩?鐢ㄦ椂 1.16s (score=80 depth=5)
[  8] 榛?g4g5 (4, 2)->(5, 2) 鍚?r棣?鐢ㄦ椂 2.52s (score=120 depth=5)
[  9] 绾?i3i4 (6, 8)->(5, 8) 缈诲紑=鍏?鐢ㄦ椂 1.10s (score=80 depth=5)
[ 10] 榛?g5g9 (5, 2)->(9, 2) 鍚?r浠?鐢ㄦ椂 2.56s (score=116 depth=5)
[ 11] 绾?g3g4 (6, 6)->(5, 6) 缈诲紑=浠?鐢ㄦ椂 1.37s (score=83 depth=5)
[ 12] 榛?h2h8 (2, 1)->(8, 1) 缈诲紑=澹?鐢ㄦ椂 2.53s (score=72 depth=5)
[ 13] 绾?i0h0 (9, 8)->(9, 7) 缈诲紑=鐐?鍚?b澹?鐢ㄦ椂 1.91s (score=81.5 depth=6)
[ 14] 榛?c3c4 (3, 6)->(4, 6) 缈诲紑=璞?鐢ㄦ椂 1.69s (score=61 depth=6)
[ 15] 绾?a4c6 (5, 0)->(3, 2) 鍚?b鐐?鐢ㄦ椂 2.47s (score=82 depth=6)
[ 16] 榛?b0a2 (0, 7)->(2, 8) 缈诲紑=棣?鐢ㄦ椂 1.67s (score=33 depth=6)
[ 17] 绾?a0a6 (9, 0)->(3, 0) 缈诲紑=鍏?鍚?b棣?鐢ㄦ椂 2.64s (score=71.45454545454545 depth=6)
[ 18] 榛?c4e6 (4, 6)->(6, 4) 鍚?r鍏?鐢ㄦ椂 1.25s (score=91 depth=6)
[ 19] 绾?g0e2 (9, 6)->(7, 4) 缈诲紑=杌?鐢ㄦ椂 5.94s (score=54 depth=6)
[ 20] 榛?c0e2 (0, 6)->(2, 4) 缈诲紑=璞?鐢ㄦ椂 1.81s (score=34 depth=6)
[ 21] 绾?g4h5 (5, 6)->(4, 7)  鐢ㄦ椂 5.09s (score=7 depth=6)
[ 22] 榛?g9g3 (9, 2)->(3, 2) 鍚?r鐩?鐢ㄦ椂 2.50s (score=26 depth=5)
[ 23] 绾?h0i0 (9, 7)->(9, 8)  鐢ㄦ椂 4.28s (score=0 depth=6)
[ 24] 榛?g3g9 (3, 2)->(9, 2)  鐢ㄦ椂 2.55s (score=44 depth=5)
[ 25] 绾?i0i6 (9, 8)->(3, 8) 鍚?b鍗?鐢ㄦ椂 3.14s (score=74 depth=6)
[ 26] 榛?a0a1 (0, 8)->(1, 8) 缈诲紑=鍗?鐢ㄦ椂 1.45s (score=-7.666666666666671 depth=6)
[ 27] 绾?h2h4 (7, 7)->(5, 7) 缈诲紑=杌?鐢ㄦ椂 2.81s (score=50 depth=6)
[ 28] 榛?g9g3 (9, 2)->(3, 2)  鐢ㄦ椂 2.37s (score=-4 depth=6)
[ 29] 绾?e2f2 (7, 4)->(7, 5)  鐢ㄦ椂 1.18s (score=47 depth=5)
[ 30] 榛?e6g8 (6, 4)->(8, 2)  鐢ㄦ椂 1.33s (score=-10 depth=5)
[ 31] 绾?h4f4 (5, 7)->(5, 5)  鐢ㄦ椂 1.14s (score=45 depth=5)
[ 32] 榛?g3e3 (3, 2)->(3, 4)  鐢ㄦ椂 2.54s (score=10 depth=6)
[ 33] 绾?d0e1 (9, 3)->(8, 4) 缈诲紑=鐐?鐢ㄦ椂 1.29s (score=30 depth=6)
[ 34] 榛?e0e1 (0, 4)->(1, 4)  鐢ㄦ椂 1.56s (score=-20 depth=7)
[ 35] 绾?f4f8 (5, 5)->(1, 5)  鐢ㄦ椂 1.04s (score=2 depth=6)
[ 36] 榛?e1e0 (1, 4)->(0, 4)  鐢ㄦ椂 2.50s (score=20 depth=12)
[ 37] 绾?f8f9 (1, 5)->(0, 5) 鍚?b杌?鐢ㄦ椂 0.86s (score=105 depth=7)
[ 38] 榛?e0e1 (0, 4)->(1, 4)  鐢ㄦ椂 2.57s (score=-20 depth=12)
[ 39] 绾?f2f8 (7, 5)->(1, 5)  鐢ㄦ椂 2.88s (score=0 depth=6)
[ 40] 榛?e1d1 (1, 4)->(1, 5) 鍚?r杌?鐢ㄦ椂 0.05s (score=299 depth=64)
[ 41] 绾?f9f8 (0, 5)->(1, 5) 鍚?b灏?鐢ㄦ椂 0.00s (score=3696 depth=7)

========================================================
瀵瑰眬缁撴灉
========================================================
鑳滆€? pypy (绾㈡柟)
鍘熷洜: 绗?41 鐫€鍚冩帀 灏? 鑾疯儨
鎬绘鏁? 41 鐫€, 鍏ㄥ眬澧欓挓 88.0s

鍙屾柟鐢ㄦ椂:
  pypy  (绾㈡柟):  21 鐫€  鎬荤敤鏃?   47.6s  骞冲潎  2.26s  鏈€闀?  5.94s
  pypy2 (榛戞柟):  20 鐫€  鎬荤敤鏃?   40.4s  骞冲潎  2.02s  鏈€闀?  2.57s

[*] 妫嬭氨宸蹭繚瀛? C:\Users\yimingwang218185\Desktop\jieqi_ai\tools\games\game_20260819_100642.json / .txt

缁堝眬妫嬬洏 (绾㈡柟鍦ㄤ笅):
    0 1 2 3 4 5 6 7 8
 0 | r鍏?路 b? b? 路 路 路 路 路
 1 | 路 路 路 路 路 r杌?路 路 b鍗?
 2 | 路 路 路 路 b璞?路 路 路 b棣?
 3 | r鍏?路 路 路 b杌?路 路 路 r鐐?
 4 | 路 路 路 路 路 路 路 r浠?路
 5 | 路 路 路 路 路 路 路 路 r鍏?
 6 | 路 路 路 路 路 路 路 路 路
 7 | 路 路 路 路 路 路 路 路 路
 8 | 路 b澹?b璞?路 r鐐?路 路 路 路
 9 | 路 r? 路 路 r甯?r? 路 路 路
