[*] 瑁佸垽鍚姩: pypy2 鎵х孩鍏堣(姣忕潃 2.5s) vs pypy 鎵ч粦(姣忕潃 1.0s), 闅忔満绉嶅瓙 20260826
[engine_server] 灏辩华 (PyPy 3.11.13, engine=jieqi_engine_v2)
[engine_server] 棰勭儹瀹屾垚
[engine_server] 灏辩华 (PyPy 3.11.13, engine=jieqi_engine)
[engine_server] 棰勭儹瀹屾垚
[+] 寮曟搸瀛愯繘绋嬪氨缁?(PyPy: pypy3.EXE)
[+] 寮曟搸瀛愯繘绋嬪氨缁?(PyPy: pypy3.EXE)
[*] 绾㈡柟寮曟搸: pypy2 (miaosiSari 浼樺寲鐗? TT淇濈暀+鍙屾椂闄?
[*] 榛戞柟寮曟搸: pypy (miaosiSari 鍘熺増, alpha-beta)
[  1] 绾?b2b9 (7, 1)->(0, 1) 缈诲紑=棣?鍚?b澹?鐢ㄦ椂 2.53s (score=154 depth=5)
[  2] 榛?b2b9 (2, 7)->(9, 7) 缈诲紑=鍗?鍚?r鍏?鐢ㄦ椂 2.58s (score=153 depth=6)
[  3] 绾?i0h0 (9, 8)->(9, 7) 缈诲紑=棣?鍚?b鍗?鐢ㄦ椂 2.29s (score=90.14285714285714 depth=6)
[  4] 榛?e3e4 (3, 4)->(4, 4) 缈诲紑=杌?鐢ㄦ椂 2.59s (score=84 depth=6)
[  5] 绾?h0g2 (9, 7)->(7, 6)  鐢ㄦ椂 1.06s (score=29 depth=5)
[  6] 榛?i0h0 (0, 0)->(0, 1) 缈诲紑=鐐?鍚?r棣?鐢ㄦ椂 1.09s (score=120.3076923076923 depth=5)
[  7] 绾?a3a4 (6, 0)->(5, 0) 缈诲紑=杌?鐢ㄦ椂 1.36s (score=78 depth=5)
[  8] 榛?a3a4 (3, 8)->(4, 8) 缈诲紑=鐐?鐢ㄦ椂 2.31s (score=72 depth=5)
[  9] 绾?i3i4 (6, 8)->(5, 8) 缈诲紑=浠?鐢ㄦ椂 2.13s (score=73 depth=5)
[ 10] 榛?c3c4 (3, 6)->(4, 6) 缈诲紑=鍗?鐢ㄦ椂 2.78s (score=67 depth=5)
[ 11] 绾?c3c4 (6, 2)->(5, 2) 缈诲紑=杌?鐢ㄦ椂 1.18s (score=68 depth=5)
[ 12] 榛?e4g4 (4, 4)->(4, 2)  鐢ㄦ椂 1.59s (score=-3 depth=5)
[ 13] 绾?e3e4 (6, 4)->(5, 4) 缈诲紑=鐐?鐢ㄦ椂 1.14s (score=63 depth=5)
[ 14] 榛?h2h4 (2, 1)->(4, 1) 缈诲紑=棣?鐢ㄦ椂 1.52s (score=45 depth=5)
[ 15] 绾?h2h8 (7, 7)->(1, 7) 缈诲紑=鐩?鐢ㄦ椂 2.56s (score=68 depth=5)
[ 16] 榛?g4g5 (4, 2)->(5, 2) 鍚?r杌?鐢ㄦ椂 1.46s (score=301 depth=6)
[ 17] 绾?a4c4 (5, 0)->(5, 2) 鍚?b杌?鐢ㄦ椂 1.18s (score=305 depth=6)
[ 18] 榛?h4f3 (4, 1)->(3, 3)  鐢ㄦ椂 1.99s (score=-3 depth=6)
[ 19] 绾?c4c6 (5, 2)->(3, 2) 鍚?b棣?鐢ㄦ椂 2.25s (score=78 depth=6)
[ 20] 榛?f3e5 (3, 3)->(5, 4) 鍚?r鐐?鐢ㄦ椂 1.30s (score=149 depth=6)
[ 21] 绾?c6c9 (3, 2)->(0, 2) 鍚?b澹?鐢ㄦ椂 2.35s (score=104 depth=6)
[ 22] 榛?a4a3 (4, 8)->(3, 8)  鐢ㄦ椂 1.87s (score=1 depth=6)
[ 23] 绾?c9c6 (0, 2)->(3, 2)  鐢ㄦ椂 1.25s (score=-36 depth=6)
[ 24] 榛?h0h1 (0, 1)->(1, 1)  鐢ㄦ椂 3.24s (score=1 depth=6)
[ 25] 绾?d0e1 (9, 3)->(8, 4) 缈诲紑=鐩?鐢ㄦ椂 1.04s (score=26 depth=5)
[ 26] 榛?h1e1 (1, 1)->(1, 4)  鐢ㄦ椂 1.14s (score=8 depth=5)
[ 27] 绾?e0d0 (9, 4)->(9, 3)  鐢ㄦ椂 2.55s (score=-10 depth=6)
[ 28] 榛?i3i4 (3, 0)->(4, 0) 缈诲紑=杌?鐢ㄦ椂 4.15s (score=69 depth=6)
[ 29] 绾?a0a5 (9, 0)->(4, 0) 缈诲紑=浠?鍚?b杌?鐢ㄦ椂 2.16s (score=307.5 depth=7)
[ 30] 榛?a3f3 (3, 8)->(3, 3)  鐢ㄦ椂 1.26s (score=0 depth=5)
[ 31] 绾?c0e2 (9, 2)->(7, 4) 缈诲紑=鍏?鐢ㄦ椂 2.50s (score=35 depth=5)
[ 32] 榛?e1f1 (1, 4)->(1, 3)  鐢ㄦ椂 2.64s (score=-7 depth=6)
[ 33] 绾?d0e0 (9, 3)->(9, 4)  鐢ㄦ椂 1.82s (score=10 depth=14)
[ 34] 榛?e5d7 (5, 4)->(7, 5)  鐢ㄦ椂 1.42s (score=1 depth=6)
[ 35] 绾?c6d6 (3, 2)->(3, 3) 鍚?b鐐?鐢ㄦ椂 0.05s (score=163 depth=64)
[ 36] 榛?d7e9 (7, 5)->(9, 4) 鍚?r甯?鐢ㄦ椂 0.00s (score=3696 depth=7)

========================================================
瀵瑰眬缁撴灉
========================================================
鑳滆€? pypy (榛戞柟)
鍘熷洜: 绗?36 鐫€鍚冩帀 甯? 鑾疯儨
鎬绘鏁? 36 鐫€, 鍏ㄥ眬澧欓挓 66.4s

鍙屾柟鐢ㄦ椂:
  pypy2 (绾㈡柟):  18 鐫€  鎬荤敤鏃?   31.4s  骞冲潎  1.75s  鏈€闀?  2.56s
  pypy  (榛戞柟):  18 鐫€  鎬荤敤鏃?   34.9s  骞冲潎  1.94s  鏈€闀?  4.15s

[*] 妫嬭氨宸蹭繚瀛? C:\Users\yimingwang218185\Desktop\jieqi_ai\tools\games\game_20260819_101451.json / .txt

缁堝眬妫嬬洏 (绾㈡柟鍦ㄤ笅):
    0 1 2 3 4 5 6 7 8
 0 | 路 路 路 b? b灏?b? b? b? b?
 1 | 路 路 路 b鐐?路 路 路 r鐩?路
 2 | 路 路 路 路 路 路 路 路 路
 3 | 路 路 路 r杌?路 路 路 路 路
 4 | r浠?路 路 路 路 路 b鍗?路 路
 5 | 路 路 路 路 路 路 路 路 r浠?
 6 | 路 路 路 路 路 路 r? 路 路
 7 | 路 路 路 路 r鍏?路 r棣?路 路
 8 | 路 路 路 路 r鐩?路 路 路 路
 9 | 路 r? 路 路 b棣?r? r? 路 路
