[*] 瑁佸垽鍚姩: pypy2 鎵х孩鍏堣(姣忕潃 2.0s) vs pypy 鎵ч粦(姣忕潃 1.0s), 闅忔満绉嶅瓙 20260914
[engine_server] 灏辩华 (PyPy 3.11.13, engine=jieqi_engine_v2)
[engine_server] 棰勭儹瀹屾垚
[engine_server] 灏辩华 (PyPy 3.11.13, engine=jieqi_engine)
[engine_server] 棰勭儹瀹屾垚
[+] 寮曟搸瀛愯繘绋嬪氨缁?(PyPy: pypy3.EXE)
[+] 寮曟搸瀛愯繘绋嬪氨缁?(PyPy: pypy3.EXE)
[*] 绾㈡柟寮曟搸: pypy2 (miaosiSari 浼樺寲鐗? TT淇濈暀+鍙屾椂闄?
[*] 榛戞柟寮曟搸: pypy (miaosiSari 鍘熺増, alpha-beta)
[  1] 绾?b2b9 (7, 1)->(0, 1) 缈诲紑=杌?鍚?b鍗?鐢ㄦ椂 1.06s (score=154 depth=5)
[  2] 榛?i0h0 (0, 0)->(0, 1) 缈诲紑=澹?鍚?r杌?鐢ㄦ椂 1.79s (score=305.0 depth=6)
[  3] 绾?h2h9 (7, 7)->(0, 7) 缈诲紑=鐩?鍚?b璞?鐢ㄦ椂 1.85s (score=154 depth=6)
[  4] 榛?e3e4 (3, 4)->(4, 4) 缈诲紑=鍗?鐢ㄦ椂 4.18s (score=86 depth=6)
[  5] 绾?a3a4 (6, 0)->(5, 0) 缈诲紑=鍏?鐢ㄦ椂 0.94s (score=77 depth=5)
[  6] 榛?a3a4 (3, 8)->(4, 8) 缈诲紑=杌?鐢ㄦ椂 3.91s (score=81 depth=6)
[  7] 绾?g3g4 (6, 6)->(5, 6) 缈诲紑=鍏?鐢ㄦ椂 1.32s (score=80 depth=6)
[  8] 榛?g3g4 (3, 2)->(4, 2) 缈诲紑=棣?鐢ㄦ椂 1.27s (score=73 depth=5)
[  9] 绾?c0e2 (9, 2)->(7, 4) 缈诲紑=鐩?鐢ㄦ椂 1.19s (score=49 depth=5)
[ 10] 榛?b2b8 (2, 7)->(8, 7) 缈诲紑=棣?鐢ㄦ椂 1.69s (score=73 depth=5)
[ 11] 绾?b0a2 (9, 1)->(7, 0) 缈诲紑=棣?鐢ㄦ椂 1.68s (score=46 depth=5)
[ 12] 榛?a4d4 (4, 8)->(4, 5)  鐢ㄦ椂 1.33s (score=9 depth=5)
[ 13] 绾?c3c4 (6, 2)->(5, 2) 缈诲紑=浠?鐢ㄦ椂 2.04s (score=84 depth=6)
[ 14] 榛?a0a6 (0, 8)->(6, 8) 缈诲紑=鐐?鍚?r浠?鐢ㄦ椂 2.48s (score=120.33333333333334 depth=6)
[ 15] 绾?a2b4 (7, 0)->(5, 1)  鐢ㄦ椂 1.54s (score=5 depth=6)
[ 16] 榛?d4d9 (4, 5)->(9, 5) 鍚?r棣?鐢ㄦ椂 3.43s (score=127 depth=6)
[ 17] 绾?e0e1 (9, 4)->(8, 4)  鐢ㄦ椂 1.16s (score=-20 depth=6)
[ 18] 榛?a6b6 (6, 8)->(6, 7)  鐢ㄦ椂 1.79s (score=3 depth=5)
[ 19] 绾?b4a6 (5, 1)->(3, 0) 鍚?b鍗?鐢ㄦ椂 1.05s (score=60 depth=5)
[ 20] 榛?g4i3 (4, 2)->(3, 0) 鍚?r棣?鐢ㄦ椂 2.87s (score=104 depth=6)
[ 21] 绾?c4b5 (5, 2)->(4, 1)  鐢ㄦ椂 1.50s (score=7 depth=6)
[ 22] 榛?i3g2 (3, 0)->(2, 2)  鐢ㄦ椂 2.79s (score=2 depth=6)
[ 23] 绾?a4a5 (5, 0)->(4, 0)  鐢ㄦ椂 1.04s (score=10 depth=6)
[ 24] 榛?d9d6 (9, 5)->(6, 5)  鐢ㄦ椂 1.42s (score=-37 depth=5)
[ 25] 绾?e1d1 (8, 4)->(8, 3)  鐢ㄦ椂 0.92s (score=-10 depth=5)
[ 26] 榛?b8d9 (8, 7)->(9, 5)  鐢ㄦ椂 1.17s (score=0 depth=5)
[ 27] 绾?d1d2 (8, 3)->(7, 3)  鐢ㄦ椂 2.07s (score=-10 depth=6)
[ 28] 榛?b6e6 (6, 7)->(6, 4) 鍚?r鐐?鐢ㄦ椂 1.03s (score=98 depth=5)
[ 29] 绾?g4g5 (5, 6)->(4, 6)  鐢ㄦ椂 1.28s (score=17 depth=5)
[ 30] 榛?e6e5 (6, 4)->(5, 4)  鐢ㄦ椂 1.56s (score=0 depth=5)
[ 31] 绾?b5c4 (4, 1)->(5, 2)  鐢ㄦ椂 2.02s (score=-7 depth=5)
[ 32] 榛?d6g6 (6, 5)->(6, 2)  鐢ㄦ椂 1.16s (score=-7 depth=5)
[ 33] 绾?g5g6 (4, 6)->(3, 6) 鍚?b璞?鐢ㄦ椂 0.88s (score=75 depth=7)
[ 34] 榛?g6g7 (6, 2)->(7, 2)  鐢ㄦ椂 2.36s (score=0 depth=7)
[ 35] 绾?h9f7 (0, 7)->(2, 5)  鐢ㄦ椂 0.03s (score=2 depth=12)
[ 36] 榛?g7f7 (7, 2)->(7, 3) 鍚?r甯?鐢ㄦ椂 0.01s (score=3696 depth=7)

========================================================
瀵瑰眬缁撴灉
========================================================
鑳滆€? pypy (榛戞柟)
鍘熷洜: 绗?36 鐫€鍚冩帀 甯? 鑾疯儨
鎬绘鏁? 36 鐫€, 鍏ㄥ眬澧欓挓 59.8s

鍙屾柟鐢ㄦ椂:
  pypy2 (绾㈡柟):  18 鐫€  鎬荤敤鏃?   23.6s  骞冲潎  1.31s  鏈€闀?  2.07s
  pypy  (榛戞柟):  18 鐫€  鎬荤敤鏃?   36.2s  骞冲潎  2.01s  鏈€闀?  4.18s

[*] 妫嬭氨宸蹭繚瀛? C:\Users\yimingwang218185\Desktop\jieqi_ai\tools\games\game_20260819_113515.json / .txt

缁堝眬妫嬬洏 (绾㈡柟鍦ㄤ笅):
    0 1 2 3 4 5 6 7 8
 0 | 路 b澹?b? b? b灏?b? b? 路 路
 1 | 路 路 路 路 路 路 路 路 路
 2 | 路 b? b棣?路 路 r鐩?路 路 路
 3 | 路 路 路 路 路 路 r鍏?路 路
 4 | r鍏?路 路 路 b鍗?路 路 路 路
 5 | 路 路 r浠?路 b鐐?路 路 路 路
 6 | 路 路 路 路 路 路 路 路 路
 7 | 路 路 路 b杌?r鐩?路 路 路 路
 8 | 路 路 路 路 路 路 路 路 路
 9 | r? 路 路 r? 路 b棣?r? r? r?
