[*] 瑁佸垽鍚姩: pypy2 鎵х孩鍏堣(姣忕潃 2.0s) vs pypy 鎵ч粦(姣忕潃 1.0s), 闅忔満绉嶅瓙 20260910
[engine_server] 灏辩华 (PyPy 3.11.13, engine=jieqi_engine_v2)
[engine_server] 棰勭儹瀹屾垚
[engine_server] 灏辩华 (PyPy 3.11.13, engine=jieqi_engine)
[engine_server] 棰勭儹瀹屾垚
[+] 寮曟搸瀛愯繘绋嬪氨缁?(PyPy: pypy3.EXE)
[+] 寮曟搸瀛愯繘绋嬪氨缁?(PyPy: pypy3.EXE)
[*] 绾㈡柟寮曟搸: pypy2 (miaosiSari 浼樺寲鐗? TT淇濈暀+鍙屾椂闄?
[*] 榛戞柟寮曟搸: pypy (miaosiSari 鍘熺増, alpha-beta)
[  1] 绾?b2b9 (7, 1)->(0, 1) 缈诲紑=鐐?鍚?b棣?鐢ㄦ椂 0.99s (score=154 depth=5)
[  2] 榛?b2b9 (2, 7)->(9, 7) 缈诲紑=鍗?鍚?r浠?鐢ㄦ椂 1.02s (score=152 depth=5)
[  3] 绾?b9d9 (0, 1)->(0, 3) 鍚?b鍗?鐢ㄦ椂 2.03s (score=59 depth=5)
[  4] 榛?e0f0 (0, 4)->(0, 3) 鍚?r鐐?鐢ㄦ椂 1.26s (score=172 depth=6)
[  5] 绾?i0h0 (9, 8)->(9, 7) 缈诲紑=鍏?鍚?b鍗?鐢ㄦ椂 1.89s (score=92.28571428571429 depth=6)
[  6] 榛?e3e4 (3, 4)->(4, 4) 缈诲紑=鍗?鐢ㄦ椂 2.01s (score=84 depth=6)
[  7] 绾?a3a4 (6, 0)->(5, 0) 缈诲紑=棣?鐢ㄦ椂 0.90s (score=80 depth=5)
[  8] 榛?a3a4 (3, 8)->(4, 8) 缈诲紑=澹?鐢ㄦ椂 2.64s (score=80 depth=6)
[  9] 绾?g3g4 (6, 6)->(5, 6) 缈诲紑=杌?鐢ㄦ椂 1.69s (score=77 depth=6)
[ 10] 榛?i3i4 (3, 0)->(4, 0) 缈诲紑=璞?鐢ㄦ椂 1.20s (score=81 depth=5)
[ 11] 绾?c3c4 (6, 2)->(5, 2) 缈诲紑=鍏?鐢ㄦ椂 1.87s (score=71 depth=6)
[ 12] 榛?c3c4 (3, 6)->(4, 6) 缈诲紑=鍗?鐢ㄦ椂 1.40s (score=13 depth=5)
[ 13] 绾?g4g5 (5, 6)->(4, 6) 鍚?b鍗?鐢ㄦ椂 1.49s (score=19 depth=6)
[ 14] 榛?b0c2 (0, 7)->(2, 6) 缈诲紑=棣?鐢ㄦ椂 1.93s (score=39 depth=5)
[ 15] 绾?g5g7 (4, 6)->(2, 6) 鍚?b棣?鐢ㄦ椂 1.41s (score=115 depth=6)
[ 16] 榛?c0e2 (0, 6)->(2, 4) 缈诲紑=璞?鐢ㄦ椂 1.43s (score=46 depth=5)
[ 17] 绾?g7g6 (2, 6)->(3, 6)  鐢ㄦ椂 1.49s (score=0 depth=6)
[ 18] 榛?d0e1 (0, 5)->(1, 4) 缈诲紑=鐐?鐢ㄦ椂 1.35s (score=37 depth=5)
[ 19] 绾?h2h9 (7, 7)->(0, 7) 缈诲紑=鐩?鐢ㄦ椂 1.02s (score=83 depth=5)
[ 20] 榛?e2g4 (2, 4)->(4, 2)  鐢ㄦ椂 1.31s (score=-12 depth=5)
[ 21] 绾?g6e6 (3, 6)->(3, 4)  鐢ㄦ椂 2.00s (score=4 depth=5)
[ 22] 榛?f0e0 (0, 3)->(0, 4)  鐢ㄦ椂 1.57s (score=10 depth=5)
[ 23] 绾?c4c5 (5, 2)->(4, 2) 鍚?b璞?鐢ㄦ椂 1.26s (score=48 depth=6)
[ 24] 榛?a4b5 (4, 8)->(5, 7)  鐢ㄦ椂 2.70s (score=9 depth=6)
[ 25] 绾?c5c6 (4, 2)->(3, 2) 鍚?b鐐?鐢ㄦ椂 2.03s (score=96 depth=5)
[ 26] 榛?b5a6 (5, 7)->(6, 8) 鍚?r鍏?鐢ㄦ椂 2.71s (score=78 depth=6)
[ 27] 绾?b0a2 (9, 1)->(7, 0) 缈诲紑=鍏?鐢ㄦ椂 1.18s (score=37 depth=6)
[ 28] 榛?e4e5 (4, 4)->(5, 4)  鐢ㄦ椂 2.85s (score=10 depth=6)
[ 29] 绾?e3e4 (6, 4)->(5, 4) 缈诲紑=鐩?鍚?b鍗?鐢ㄦ椂 1.05s (score=114 depth=6)
[ 30] 榛?a0b0 (0, 8)->(0, 7) 缈诲紑=澹?鍚?r鐩?鐢ㄦ椂 2.22s (score=12.625 depth=6)
[ 31] 绾?g0i2 (9, 6)->(7, 8) 缈诲紑=杌?鐢ㄦ椂 2.02s (score=41 depth=6)
[ 32] 榛?h2e2 (2, 1)->(2, 4) 缈诲紑=杌?鐢ㄦ椂 3.27s (score=42 depth=6)
[ 33] 绾?e6e7 (3, 4)->(2, 4) 鍚?b杌?鐢ㄦ椂 1.38s (score=302 depth=7)
[ 34] 榛?g0e2 (0, 2)->(2, 4) 缈诲紑=杌?鍚?r杌?鐢ㄦ椂 1.40s (score=358 depth=7)
[ 35] 绾?d0e1 (9, 3)->(8, 4) 缈诲紑=鍏?鐢ㄦ椂 1.76s (score=45 depth=7)
[ 36] 榛?e2e5 (2, 4)->(5, 4) 鍚?r鐩?鐢ㄦ椂 2.45s (score=78 depth=6)
[ 37] 绾?i2i3 (7, 8)->(6, 8) 鍚?b澹?鐢ㄦ椂 1.96s (score=89 depth=7)
[ 38] 榛?e5i5 (5, 4)->(5, 0) 鍚?r棣?鐢ㄦ椂 2.52s (score=103 depth=6)
[ 39] 绾?i3e3 (6, 8)->(6, 4)  鐢ㄦ椂 1.67s (score=10 depth=7)
[ 40] 榛?i5d5 (5, 0)->(5, 5)  鐢ㄦ椂 1.63s (score=39 depth=6)
[ 41] 绾?e1e2 (8, 4)->(7, 4)  鐢ㄦ椂 1.56s (score=15 depth=6)
[ 42] 榛?d5d8 (5, 5)->(8, 5)  鐢ㄦ椂 1.72s (score=2 depth=6)
[ 43] 绾?c6d6 (3, 2)->(3, 3)  鐢ㄦ椂 2.01s (score=2 depth=7)
[ 44] 榛?d8d2 (8, 5)->(2, 5)  鐢ㄦ椂 1.58s (score=0 depth=6)
[ 45] 绾?e3e6 (6, 4)->(3, 4)  鐢ㄦ椂 1.40s (score=2 depth=6)
[ 46] 榛?i4g2 (4, 0)->(2, 2)  鐢ㄦ椂 2.40s (score=-11 depth=6)
[ 47] 绾?f0e1 (9, 5)->(8, 4) 缈诲紑=鐐?鐢ㄦ椂 2.01s (score=49 depth=6)
[ 48] 榛?e0d0 (0, 4)->(0, 5)  鐢ㄦ椂 2.18s (score=-10 depth=6)
[ 49] 绾?e0d0 (9, 4)->(9, 3)  鐢ㄦ椂 1.32s (score=-10 depth=7)
[ 50] 榛?e1i1 (1, 4)->(1, 0)  鐢ㄦ椂 3.73s (score=-9 depth=6)
[ 51] 绾?a0b0 (9, 0)->(9, 1) 缈诲紑=棣?鐢ㄦ椂 1.48s (score=8.636363636363637 depth=7)
[ 52] 榛?i1c1 (1, 0)->(1, 6)  鐢ㄦ椂 3.81s (score=2 depth=6)
[ 53] 绾?e2e3 (7, 4)->(6, 4)  鐢ㄦ椂 2.01s (score=10 depth=5)
[ 54] 榛?d2d9 (2, 5)->(9, 5)  鐢ㄦ椂 1.09s (score=37 depth=5)
[ 55] 绾?d0d1 (9, 3)->(8, 3)  鐢ㄦ椂 2.03s (score=-20 depth=7)
[ 56] 榛?c1c8 (1, 6)->(8, 6)  鐢ㄦ椂 3.80s (score=-2 depth=6)
[ 57] 绾?e1e2 (8, 4)->(7, 4)  鐢ㄦ椂 1.51s (score=5 depth=6)
[ 58] 榛?c8c9 (8, 6)->(9, 6)  鐢ㄦ椂 1.09s (score=36 depth=5)
[ 59] 绾?e3e4 (6, 4)->(5, 4)  鐢ㄦ椂 1.29s (score=14 depth=6)
[ 60] 榛?d9d8 (9, 5)->(8, 5)  鐢ㄦ椂 3.08s (score=-37 depth=6)
[ 61] 绾?e2e1 (7, 4)->(8, 4)  鐢ㄦ椂 1.08s (score=-5 depth=7)
[ 62] 榛?c9h9 (9, 6)->(9, 1) 鍚?r棣?鐢ㄦ椂 2.91s (score=88 depth=6)
[ 63] 绾?e6h6 (3, 4)->(3, 7)  鐢ㄦ椂 1.43s (score=-4 depth=7)
[ 64] 榛?b0c1 (0, 7)->(1, 6)  鐢ㄦ椂 1.76s (score=3 depth=6)
[ 65] 绾?d6e6 (3, 3)->(3, 4)  鐢ㄦ椂 2.07s (score=11 depth=5)
[ 66] 榛?d8d9 (8, 5)->(9, 5)  鐢ㄦ椂 4.40s (score=7 depth=6)
[ 67] 绾?e1e2 (8, 4)->(7, 4)  鐢ㄦ椂 0.88s (score=5 depth=6)
[ 68] 榛?d9e9 (9, 5)->(9, 4)  鐢ㄦ椂 2.22s (score=-32 depth=6)
[ 69] 绾?h6f6 (3, 7)->(3, 5)  鐢ㄦ椂 1.48s (score=37 depth=7)
[ 70] 榛?d0e0 (0, 5)->(0, 4)  鐢ㄦ椂 2.05s (score=10 depth=7)
[ 71] 绾?f6f2 (3, 5)->(7, 5)  鐢ㄦ椂 1.59s (score=0 depth=7)
[ 72] 榛?e9f9 (9, 4)->(9, 3)  鐢ㄦ椂 1.40s (score=32 depth=6)
[ 73] 绾?d1e1 (8, 3)->(8, 4)  鐢ㄦ椂 1.44s (score=10 depth=7)
[ 74] 榛?g2i4 (2, 2)->(4, 0)  鐢ㄦ椂 4.46s (score=11 depth=6)
[ 75] 绾?f2f3 (7, 5)->(6, 5)  鐢ㄦ椂 1.49s (score=-2 depth=6)
[ 76] 榛?c1d0 (1, 6)->(0, 5)  鐢ㄦ椂 1.23s (score=9 depth=5)
[ 77] 绾?e6e7 (3, 4)->(2, 4)  鐢ㄦ椂 1.52s (score=37 depth=6)
[ 78] 榛?f9g9 (9, 3)->(9, 2) 鍚?r浠?鐢ㄦ椂 1.86s (score=32 depth=6)
[ 79] 绾?e1f1 (8, 4)->(8, 5)  鐢ㄦ椂 1.92s (score=-10 depth=7)
[ 80] 榛?g9g8 (9, 2)->(8, 2)  鐢ㄦ椂 1.60s (score=-6 depth=7)
[ 81] 绾?f1f2 (8, 5)->(7, 5)  鐢ㄦ椂 1.11s (score=-10 depth=7)
[ 82] 榛?h9h7 (9, 1)->(7, 1)  鐢ㄦ椂 1.77s (score=-13 depth=7)
[ 83] 绾?e2e0 (7, 4)->(9, 4)  鐢ㄦ椂 1.18s (score=-11 depth=7)
[ 84] 榛?g8g7 (8, 2)->(7, 2)  鐢ㄦ椂 1.17s (score=0 depth=6)
[ 85] 绾?e0e2 (9, 4)->(7, 4)  鐢ㄦ椂 1.77s (score=11 depth=7)
[ 86] 榛?h7h0 (7, 1)->(0, 1)  鐢ㄦ椂 1.61s (score=-1 depth=6)
[ 87] 绾?e7f7 (2, 4)->(2, 5)  鐢ㄦ椂 1.51s (score=-18 depth=8)
[ 88] 榛?g7e7 (7, 2)->(7, 4) 鍚?r鐐?鐢ㄦ椂 0.75s (score=154 depth=7)
[ 89] 绾?f2e2 (7, 5)->(7, 4) 鍚?b杌?鐢ㄦ椂 1.48s (score=326 depth=8)
[ 90] 榛?h0h2 (0, 1)->(2, 1)  鐢ㄦ椂 1.45s (score=0 depth=6)
[ 91] 绾?e4e5 (5, 4)->(4, 4)  鐢ㄦ椂 1.91s (score=10 depth=7)
[ 92] 榛?h2f2 (2, 1)->(2, 3)  鐢ㄦ椂 1.77s (score=3 depth=6)
[ 93] 绾?e5e6 (4, 4)->(3, 4)  鐢ㄦ椂 1.69s (score=21 depth=8)
[ 94] 榛?f2f4 (2, 3)->(4, 3)  鐢ㄦ椂 2.15s (score=-3 depth=7)
[ 95] 绾?f7f8 (2, 5)->(1, 5)  鐢ㄦ椂 2.05s (score=22 depth=7)
[ 96] 榛?f4f0 (4, 3)->(0, 3)  鐢ㄦ椂 1.79s (score=3 depth=7)
[ 97] 绾?e6e7 (3, 4)->(2, 4)  鐢ㄦ椂 1.06s (score=37 depth=7)
[ 98] 榛?f0f4 (0, 3)->(4, 3)  鐢ㄦ椂 1.79s (score=-3 depth=7)
[ 99] 绾?f8e8 (1, 5)->(1, 4)  鐢ㄦ椂 1.60s (score=12 depth=12)
[100] 榛?d0e1 (0, 5)->(1, 4) 鍚?r鍏?鐢ㄦ椂 0.09s (score=114 depth=7)
[101] 绾?e7e8 (2, 4)->(1, 4) 鍚?b澹?鐢ㄦ椂 0.82s (score=121 depth=11)
[102] 榛?e0e1 (0, 4)->(1, 4) 鍚?r鍏?鐢ㄦ椂 0.32s (score=93 depth=7)
[103] 绾?e2e8 (7, 4)->(1, 4) 鍚?b灏?鐢ㄦ椂 0.00s (score=3696 depth=12)

========================================================
瀵瑰眬缁撴灉
========================================================
鑳滆€? pypy2 (绾㈡柟)
鍘熷洜: 绗?103 鐫€鍚冩帀 灏? 鑾疯儨
鎬绘鏁? 103 鐫€, 鍏ㄥ眬澧欓挓 180.8s

鍙屾柟鐢ㄦ椂:
  pypy2 (绾㈡柟):  52 鐫€  鎬荤敤鏃?   78.8s  骞冲潎  1.52s  鏈€闀?  2.07s
  pypy  (榛戞柟):  51 鐫€  鎬荤敤鏃?  101.9s  骞冲潎  2.00s  鏈€闀?  4.46s

[*] 妫嬭氨宸蹭繚瀛? C:\Users\yimingwang218185\Desktop\jieqi_ai\tools\games\game_20260819_112357.json / .txt

缁堝眬妫嬬洏 (绾㈡柟鍦ㄤ笅):
    0 1 2 3 4 5 6 7 8
 0 | b? 路 路 路 路 路 路 路 路
 1 | 路 路 路 路 r甯?路 路 路 路
 2 | 路 路 路 路 路 路 路 路 路
 3 | 路 路 路 路 路 路 路 路 路
 4 | b璞?路 路 b鐐?路 路 路 路 路
 5 | 路 路 路 路 路 路 路 路 路
 6 | 路 路 路 路 路 r杌?路 路 路
 7 | r鍏?路 路 路 路 路 路 路 路
 8 | 路 路 路 路 路 路 路 路 路
 9 | 路 路 路 路 路 路 路 r鍏?路
