[*] 瑁佸垽鍚姩: pypy 鎵х孩鍏堣(姣忕潃 1.0s) vs pypy2 鎵ч粦(姣忕潃 2.0s), 闅忔満绉嶅瓙 20260913
[engine_server] 灏辩华 (PyPy 3.11.13, engine=jieqi_engine)
[engine_server] 棰勭儹瀹屾垚
[engine_server] 灏辩华 (PyPy 3.11.13, engine=jieqi_engine_v2)
[engine_server] 棰勭儹瀹屾垚
[+] 寮曟搸瀛愯繘绋嬪氨缁?(PyPy: pypy3.EXE)
[+] 寮曟搸瀛愯繘绋嬪氨缁?(PyPy: pypy3.EXE)
[*] 绾㈡柟寮曟搸: pypy (miaosiSari 鍘熺増, alpha-beta)
[*] 榛戞柟寮曟搸: pypy2 (miaosiSari 浼樺寲鐗? TT淇濈暀+鍙屾椂闄?
[  1] 绾?b2b9 (7, 1)->(0, 1) 缈诲紑=浠?鍚?b璞?鐢ㄦ椂 2.93s (score=154 depth=6)
[  2] 榛?b2b9 (2, 7)->(9, 7) 缈诲紑=鍗?鍚?r棣?鐢ㄦ椂 1.00s (score=154 depth=5)
[  3] 绾?i0h0 (9, 8)->(9, 7) 缈诲紑=鐐?鍚?b鍗?鐢ㄦ椂 2.07s (score=89.14285714285714 depth=6)
[  4] 榛?a3a4 (3, 8)->(4, 8) 缈诲紑=鍗?鐢ㄦ椂 1.18s (score=78 depth=5)
[  5] 绾?a3a4 (6, 0)->(5, 0) 缈诲紑=鍏?鐢ㄦ椂 1.28s (score=78 depth=5)
[  6] 榛?c3c4 (3, 6)->(4, 6) 缈诲紑=棣?鐢ㄦ椂 0.98s (score=78 depth=5)
[  7] 绾?g3g4 (6, 6)->(5, 6) 缈诲紑=鐐?鐢ㄦ椂 2.35s (score=78 depth=5)
[  8] 榛?c0e2 (0, 6)->(2, 4) 缈诲紑=鐐?鐢ㄦ椂 1.26s (score=43 depth=5)
[  9] 绾?g4c4 (5, 6)->(5, 2)  鐢ㄦ椂 1.47s (score=0 depth=5)
[ 10] 榛?g0i2 (0, 2)->(2, 0) 缈诲紑=璞?鐢ㄦ椂 1.31s (score=37 depth=5)
[ 11] 绾?b9c8 (0, 1)->(1, 2)  鐢ㄦ椂 5.15s (score=-4 depth=6)
[ 12] 榛?h2h8 (2, 1)->(8, 1) 缈诲紑=鍗?鐢ㄦ椂 1.62s (score=76 depth=5)
[ 13] 绾?c4h4 (5, 2)->(5, 7)  鐢ㄦ椂 5.90s (score=-3 depth=6)
[ 14] 榛?g3g4 (3, 2)->(4, 2) 缈诲紑=杌?鐢ㄦ椂 1.31s (score=81 depth=5)
[ 15] 绾?h2h9 (7, 7)->(0, 7) 缈诲紑=鐩?鍚?b棣?鐢ㄦ椂 1.44s (score=145 depth=5)
[ 16] 榛?e2e6 (2, 4)->(6, 4) 鍚?r鍏?鐢ㄦ椂 2.02s (score=74 depth=5)
[ 17] 绾?h4c4 (5, 7)->(5, 2)  鐢ㄦ椂 1.09s (score=3 depth=5)
[ 18] 榛?g4g1 (4, 2)->(1, 2) 鍚?r浠?鐢ㄦ椂 1.28s (score=93 depth=6)
[ 19] 绾?g0i2 (9, 6)->(7, 8) 缈诲紑=杌?鐢ㄦ椂 2.56s (score=37 depth=6)
[ 20] 榛?e3e4 (3, 4)->(4, 4) 缈诲紑=鍗?鐢ㄦ椂 0.94s (score=70 depth=5)
[ 21] 绾?i2i1 (7, 8)->(8, 8)  鐢ㄦ椂 1.37s (score=2 depth=5)
[ 22] 榛?h8h9 (8, 1)->(9, 1) 鍚?r鐩?鐢ㄦ椂 1.05s (score=60 depth=5)
[ 23] 绾?a0b0 (9, 0)->(9, 1) 缈诲紑=鍏?鍚?b鍗?鐢ㄦ椂 3.32s (score=71.625 depth=6)
[ 24] 榛?c4e5 (4, 6)->(5, 4)  鐢ㄦ椂 2.01s (score=13 depth=5)
[ 25] 绾?i1c1 (8, 8)->(8, 2)  鐢ㄦ椂 1.28s (score=6 depth=5)
[ 26] 榛?g1b1 (1, 2)->(1, 7)  鐢ㄦ椂 1.06s (score=2 depth=5)
[ 27] 绾?h0h1 (9, 7)->(8, 7)  鐢ㄦ椂 4.92s (score=1 depth=6)
[ 28] 榛?b1b6 (1, 7)->(6, 7)  鐢ㄦ椂 1.08s (score=4 depth=5)
[ 29] 绾?h1g1 (8, 7)->(8, 6)  鐢ㄦ椂 1.46s (score=1 depth=5)
[ 30] 榛?d0e1 (0, 5)->(1, 4) 缈诲紑=鍗?鐢ㄦ椂 2.02s (score=35 depth=5)
[ 31] 绾?c4d4 (5, 2)->(5, 3)  鐢ㄦ椂 1.26s (score=-3 depth=5)
[ 32] 榛?a0b0 (0, 8)->(0, 7) 缈诲紑=澹?鍚?r鐩?鐢ㄦ椂 2.04s (score=39.66666666666667 depth=5)
[ 33] 绾?c3c4 (6, 2)->(5, 2) 缈诲紑=棣?鐢ㄦ椂 1.20s (score=62 depth=5)
[ 34] 榛?e6a6 (6, 4)->(6, 8) 鍚?r杌?鐢ㄦ椂 1.36s (score=64 depth=5)
[ 35] 绾?c0e2 (9, 2)->(7, 4) 缈诲紑=鍏?鐢ㄦ椂 1.28s (score=33 depth=5)
[ 36] 榛?a6a9 (6, 8)->(9, 8)  鐢ㄦ椂 0.92s (score=39 depth=6)
[ 37] 绾?g1g0 (8, 6)->(9, 6)  鐢ㄦ椂 1.79s (score=-1 depth=6)
[ 38] 榛?b6d6 (6, 7)->(6, 5)  鐢ㄦ椂 1.18s (score=37 depth=6)
[ 39] 绾?e0e1 (9, 4)->(8, 4)  鐢ㄦ椂 1.13s (score=-20 depth=5)
[ 40] 榛?d6d9 (6, 5)->(9, 5) 鍚?r浠?鐢ㄦ椂 2.08s (score=99 depth=5)
[ 41] 绾?g0g6 (9, 6)->(3, 6)  鐢ㄦ椂 1.68s (score=2 depth=5)
[ 42] 榛?e5c4 (5, 4)->(4, 6)  鐢ㄦ椂 0.86s (score=-13 depth=5)
[ 43] 绾?d4d5 (5, 3)->(4, 3)  鐢ㄦ椂 1.67s (score=0 depth=5)
[ 44] 榛?c4d6 (4, 6)->(6, 5)  鐢ㄦ椂 1.44s (score=14 depth=7)
[ 45] 绾?e1d1 (8, 4)->(8, 3)  鐢ㄦ椂 1.62s (score=-10 depth=7)
[ 46] 榛?d9d8 (9, 5)->(8, 5)  鐢ㄦ椂 2.04s (score=-7 depth=7)
[ 47] 绾?d0e1 (9, 3)->(8, 4) 缈诲紑=鍏?鐢ㄦ椂 1.73s (score=37 depth=7)
[ 48] 榛?d8e8 (8, 5)->(8, 4) 鍚?r鍏?鐢ㄦ椂 1.30s (score=-26 depth=6)
[ 49] 绾?d1d0 (8, 3)->(9, 3)  鐢ㄦ椂 1.09s (score=20 depth=7)
[ 50] 榛?e8g8 (8, 4)->(8, 2) 鍚?r杌?鐢ㄦ椂 1.40s (score=275 depth=6)
[ 51] 绾?g6e6 (3, 6)->(3, 4)  鐢ㄦ椂 2.27s (score=1 depth=6)
[ 52] 榛?e0d0 (0, 4)->(0, 5)  鐢ㄦ椂 1.87s (score=-10 depth=7)
[ 53] 绾?c4d6 (5, 2)->(3, 3)  鐢ㄦ椂 3.25s (score=14 depth=6)
[ 54] 榛?d6e8 (6, 5)->(8, 4)  鐢ㄦ椂 2.07s (score=-11 depth=5)
[ 55] 绾?e6h6 (3, 4)->(3, 7)  鐢ㄦ椂 3.03s (score=-1 depth=5)
[ 56] 榛?a9b9 (9, 8)->(9, 7)  鐢ㄦ椂 0.84s (score=0 depth=4)
[ 57] 绾?h6f6 (3, 7)->(3, 5)  鐢ㄦ椂 1.04s (score=-1 depth=4)
[ 58] 榛?e8c9 (8, 4)->(9, 6)  鐢ㄦ椂 2.01s (score=-4 depth=5)
[ 59] 绾?f6f0 (3, 5)->(9, 5)  鐢ㄦ椂 1.33s (score=1 depth=7)
[ 60] 榛?g8g9 (8, 2)->(9, 2)  鐢ㄦ椂 1.54s (score=6 depth=6)
[ 61] 绾?d0d1 (9, 3)->(8, 3)  鐢ㄦ椂 1.37s (score=-20 depth=7)
[ 62] 榛?g9d9 (9, 2)->(9, 5) 鍚?r鐐?鐢ㄦ椂 1.07s (score=167 depth=6)
[ 63] 绾?d6c8 (3, 3)->(1, 2)  鐢ㄦ椂 1.10s (score=30 depth=5)
[ 64] 榛?d9d6 (9, 5)->(6, 5)  鐢ㄦ椂 1.62s (score=-7 depth=6)
[ 65] 绾?e2e3 (7, 4)->(6, 4)  鐢ㄦ椂 1.59s (score=10 depth=5)
[ 66] 榛?d6e6 (6, 5)->(6, 4) 鍚?r鍏?鐢ㄦ椂 1.81s (score=-18 depth=7)
[ 67] 绾?d1d2 (8, 3)->(7, 3)  鐢ㄦ椂 1.18s (score=-10 depth=5)
[ 68] 榛?e6e7 (6, 4)->(7, 4)  鐢ㄦ椂 1.27s (score=10 depth=6)
[ 69] 绾?d2e2 (7, 3)->(7, 4) 鍚?b杌?鐢ㄦ椂 1.28s (score=326 depth=7)
[ 70] 榛?b9b3 (9, 7)->(3, 7)  鐢ㄦ椂 1.56s (score=-14 depth=6)
[ 71] 绾?d5i5 (4, 3)->(4, 8) 鍚?b鍗?鐢ㄦ椂 1.91s (score=24 depth=7)
[ 72] 榛?b3a3 (3, 7)->(3, 8)  鐢ㄦ椂 0.94s (score=0 depth=6)
[ 73] 绾?c8a9 (1, 2)->(0, 0) 鍚?b杌?鐢ㄦ椂 1.35s (score=54.0 depth=7)
[ 74] 榛?e4e5 (4, 4)->(5, 4)  鐢ㄦ椂 0.96s (score=10 depth=6)
[ 75] 绾?b0b1 (9, 1)->(8, 1)  鐢ㄦ椂 3.12s (score=2 depth=7)
[ 76] 榛?e5e6 (5, 4)->(6, 4)  鐢ㄦ椂 2.04s (score=21 depth=6)
[ 77] 绾?e2d2 (7, 4)->(7, 3)  鐢ㄦ椂 0.75s (score=-10 depth=7)
[ 78] 榛?i2g0 (2, 0)->(0, 2)  鐢ㄦ椂 2.06s (score=5 depth=6)
[ 79] 绾?a9b7 (0, 0)->(2, 1)  鐢ㄦ椂 1.19s (score=-25 depth=6)
[ 80] 榛?e1e2 (1, 4)->(2, 4)  鐢ㄦ椂 1.21s (score=15 depth=6)
[ 81] 绾?i5e5 (4, 8)->(4, 4)  鐢ㄦ椂 1.16s (score=4 depth=6)
[ 82] 榛?c9d7 (9, 6)->(7, 5)  鐢ㄦ椂 1.13s (score=15 depth=6)
[ 83] 绾?e5g5 (4, 4)->(4, 6)  鐢ㄦ椂 1.84s (score=-4 depth=6)
[ 84] 榛?f0e1 (0, 3)->(1, 4) 缈诲紑=鐐?鐢ㄦ椂 0.99s (score=39 depth=6)
[ 85] 绾?b7c5 (2, 1)->(4, 2)  鐢ㄦ椂 1.37s (score=6 depth=6)
[ 86] 榛?a3f3 (3, 8)->(3, 3)  鐢ㄦ椂 1.87s (score=0 depth=6)
[ 87] 绾?g5e5 (4, 6)->(4, 4)  鐢ㄦ椂 3.67s (score=4 depth=6)
[ 88] 榛?d7f6 (7, 5)->(6, 3)  鐢ㄦ椂 1.15s (score=0 depth=12)
[ 89] 绾?c5d3 (4, 2)->(6, 3) 鍚?b棣?鐢ㄦ椂 0.21s (score=131 depth=7)
[ 90] 榛?f3f7 (3, 3)->(7, 3) 鍚?r甯?鐢ㄦ椂 0.01s (score=3696 depth=12)

========================================================
瀵瑰眬缁撴灉
========================================================
鑳滆€? pypy2 (榛戞柟)
鍘熷洜: 绗?90 鐫€鍚冩帀 甯? 鑾疯儨
鎬绘鏁? 90 鐫€, 鍏ㄥ眬澧欓挓 149.9s

鍙屾柟鐢ㄦ椂:
  pypy  (绾㈡柟):  45 鐫€  鎬荤敤鏃?   87.0s  骞冲潎  1.93s  鏈€闀?  5.90s
  pypy2 (榛戞柟):  45 鐫€  鎬荤敤鏃?   62.7s  骞冲潎  1.39s  鏈€闀?  2.08s

[*] 妫嬭氨宸蹭繚瀛? C:\Users\yimingwang218185\Desktop\jieqi_ai\tools\games\game_20260819_113413.json / .txt

缁堝眬妫嬬洏 (绾㈡柟鍦ㄤ笅):
    0 1 2 3 4 5 6 7 8
 0 | 路 路 b璞?路 路 b灏?路 b澹?路
 1 | 路 路 路 路 b鐐?路 路 路 路
 2 | 路 路 路 路 b鍗?路 路 路 路
 3 | b? 路 路 路 路 路 路 路 路
 4 | 路 路 路 路 r鐐?路 路 路 路
 5 | r鍏?路 路 路 路 路 路 路 路
 6 | 路 路 路 r棣?b鍗?路 路 路 路
 7 | 路 路 路 b鐐?路 路 路 路 路
 8 | 路 r鍏?路 路 路 路 路 路 路
 9 | 路 路 路 路 路 路 路 路 路
