[*] 瑁佸垽鍚姩: pypy57 鎵х孩鍏堣(姣忕潃 1.5s) vs pypy 鎵ч粦(姣忕潃 1.5s), 闅忔満绉嶅瓙 20260954
[engine_server] 灏辩华 (PyPy 3.11.13, engine=jieqi_engine_v57)
[engine_server] 棰勭儹瀹屾垚
[engine_server] 灏辩华 (PyPy 3.11.13, engine=jieqi_engine)
[engine_server] 棰勭儹瀹屾垚
[+] 寮曟搸瀛愯繘绋嬪氨缁?(PyPy: pypy3.EXE)
[+] 寮曟搸瀛愯繘绋嬪氨缁?(PyPy: pypy3.EXE)
[*] 绾㈡柟寮曟搸: pypy57 (v5.7 鍩虹嚎, 鏃犻噸澶嶆劅鐭?
[*] 榛戞柟寮曟搸: pypy (miaosiSari 鍘熺増, alpha-beta)
[  1] 绾?e3e4 (6, 4)->(5, 4) 缈诲紑=鐩?鐢ㄦ椂 0.80s (score=84 depth=4)
[  2] 榛?b2b9 (2, 7)->(9, 7) 缈诲紑=澹?鍚?r鐩?鐢ㄦ椂 1.52s (score=157 depth=5)
[  3] 绾?b2b9 (7, 1)->(0, 1) 缈诲紑=鍏?鍚?b鍗?鐢ㄦ椂 1.22s (score=158 depth=5)
[  4] 榛?i0h0 (0, 0)->(0, 1) 缈诲紑=璞?鍚?r鍏?鐢ㄦ椂 1.05s (score=89.3076923076923 depth=5)
[  5] 绾?i0h0 (9, 8)->(9, 7) 缈诲紑=浠?鍚?b澹?鐢ㄦ椂 0.92s (score=110.3076923076923 depth=5)
[  6] 榛?c3c4 (3, 6)->(4, 6) 缈诲紑=棣?鐢ㄦ椂 1.03s (score=77 depth=5)
[  7] 绾?e4c6 (5, 4)->(3, 2) 鍚?b鍗?鐢ㄦ椂 1.54s (score=86 depth=5)
[  8] 榛?i3i4 (3, 0)->(4, 0) 缈诲紑=鐐?鐢ㄦ椂 1.16s (score=78 depth=5)
[  9] 绾?h2a2 (7, 7)->(7, 0) 缈诲紑=鍏?鐢ㄦ椂 1.17s (score=38 depth=5)
[ 10] 榛?i4e4 (4, 0)->(4, 4)  鐢ㄦ椂 1.27s (score=5 depth=6)
[ 11] 绾?a3a4 (6, 0)->(5, 0) 缈诲紑=鍏?鐢ㄦ椂 1.53s (score=71 depth=6)
[ 12] 榛?c4e5 (4, 6)->(5, 4)  鐢ㄦ椂 1.18s (score=13 depth=11)
[ 13] 绾?d0e1 (9, 3)->(8, 4) 缈诲紑=鍏?鐢ㄦ椂 1.01s (score=42 depth=11)
[ 14] 榛?e5f7 (5, 4)->(7, 3)  鐢ㄦ椂 0.37s (score=1 depth=12)
[ 15] 绾?e0d0 (9, 4)->(9, 3)  鐢ㄦ椂 0.68s (score=-10 depth=12)
[ 16] 榛?e4f4 (4, 4)->(4, 3)  鐢ㄦ椂 0.03s (score=-4 depth=12)
[ 17] 绾?c6e8 (3, 2)->(1, 4)  鐢ㄦ椂 0.01s (score=-2 depth=12)
[ 18] 榛?f4f9 (4, 3)->(9, 3) 鍚?r甯?鐢ㄦ椂 0.01s (score=3696 depth=12)

========================================================
瀵瑰眬缁撴灉
========================================================
鑳滆€? pypy (榛戞柟)
鍘熷洜: 绗?18 鐫€鍚冩帀 甯? 鑾疯儨
鎬绘鏁? 18 鐫€, 鍏ㄥ眬澧欓挓 16.5s

鍙屾柟鐢ㄦ椂:
  pypy57 (绾㈡柟):   9 鐫€  鎬荤敤鏃?    8.9s  骞冲潎  0.99s  鏈€闀?  1.54s
  pypy  (榛戞柟):   9 鐫€  鎬荤敤鏃?    7.6s  骞冲潎  0.85s  鏈€闀?  1.52s

[*] 妫嬭氨宸蹭繚瀛? C:\Users\yimingwang218185\Desktop\jieqi_ai\tools\games\game_20260820_222110.json / .txt

缁堝眬妫嬬洏 (绾㈡柟鍦ㄤ笅):
    0 1 2 3 4 5 6 7 8
 0 | 路 b璞?b? b? b灏?b? b? b? b?
 1 | 路 路 路 路 r鐩?路 路 路 路
 2 | 路 b? 路 路 路 路 路 路 路
 3 | 路 路 路 路 b? 路 路 路 b?
 4 | 路 路 路 路 路 路 路 路 路
 5 | r鍏?路 路 路 路 路 路 路 路
 6 | 路 路 r? 路 路 路 r? 路 r?
 7 | r鍏?路 路 b棣?路 路 路 路 路
 8 | 路 路 路 路 r鍏?路 路 路 路
 9 | r? r? r? b鐐?路 r? r? r浠?路
