[*] 瑁佸垽鍚姩: pypy57 鎵х孩鍏堣(姣忕潃 1.5s) vs pypy 鎵ч粦(姣忕潃 1.5s), 闅忔満绉嶅瓙 20260946
[engine_server] 灏辩华 (PyPy 3.11.13, engine=jieqi_engine_v57)
[engine_server] 棰勭儹瀹屾垚
[engine_server] 灏辩华 (PyPy 3.11.13, engine=jieqi_engine)
[engine_server] 棰勭儹瀹屾垚
[+] 寮曟搸瀛愯繘绋嬪氨缁?(PyPy: pypy3.EXE)
[+] 寮曟搸瀛愯繘绋嬪氨缁?(PyPy: pypy3.EXE)
[*] 绾㈡柟寮曟搸: pypy57 (v5.7 鍩虹嚎, 鏃犻噸澶嶆劅鐭?
[*] 榛戞柟寮曟搸: pypy (miaosiSari 鍘熺増, alpha-beta)
[  1] 绾?e3e4 (6, 4)->(5, 4) 缈诲紑=浠?鐢ㄦ椂 1.44s (score=84 depth=5)
[  2] 榛?b2b9 (2, 7)->(9, 7) 缈诲紑=澹?鍚?r棣?鐢ㄦ椂 1.52s (score=154 depth=4)
[  3] 绾?b2b9 (7, 1)->(0, 1) 缈诲紑=浠?鍚?b棣?鐢ㄦ椂 0.89s (score=156 depth=5)
[  4] 榛?a3a4 (3, 8)->(4, 8) 缈诲紑=鐐?鐢ㄦ椂 1.53s (score=79 depth=4)
[  5] 绾?i0h0 (9, 8)->(9, 7) 缈诲紑=杌?鍚?b澹?鐢ㄦ椂 1.54s (score=106.3076923076923 depth=5)
[  6] 榛?i3i4 (3, 0)->(4, 0) 缈诲紑=鍗?鐢ㄦ椂 1.32s (score=78 depth=5)
[  7] 绾?h2h8 (7, 7)->(1, 7) 缈诲紑=鍏?鐢ㄦ椂 1.52s (score=74 depth=5)
[  8] 榛?g3g4 (3, 2)->(4, 2) 缈诲紑=鍗?鐢ㄦ椂 1.51s (score=77 depth=5)
[  9] 绾?h8h9 (1, 7)->(0, 7) 鍚?b鐐?鐢ㄦ椂 1.51s (score=74 depth=5)
[ 10] 榛?a4e4 (4, 8)->(4, 4)  鐢ㄦ椂 0.80s (score=5 depth=5)
[ 11] 绾?g0e2 (9, 6)->(7, 4) 缈诲紑=鍏?鐢ㄦ椂 1.33s (score=42 depth=7)
[ 12] 榛?a0a6 (0, 8)->(6, 8) 缈诲紑=棣?鍚?r鍏?鐢ㄦ椂 0.67s (score=66.5 depth=5)
[ 13] 绾?h0h6 (9, 7)->(3, 7)  鐢ㄦ椂 1.50s (score=6 depth=5)
[ 14] 榛?e4b4 (4, 4)->(4, 7)  鐢ㄦ椂 1.38s (score=-4 depth=5)
[ 15] 绾?h9g9 (0, 7)->(0, 6) 鍚?b杌?鐢ㄦ椂 0.75s (score=75 depth=5)
[ 16] 榛?d0e1 (0, 5)->(1, 4) 缈诲紑=鍗?鐢ㄦ椂 0.78s (score=40 depth=5)
[ 17] 绾?g9f9 (0, 6)->(0, 5)  鐢ㄦ椂 1.19s (score=2 depth=6)
[ 18] 榛?e0d0 (0, 4)->(0, 5) 鍚?r鍏?鐢ㄦ椂 1.06s (score=77 depth=7)
[ 19] 绾?h6g6 (3, 7)->(3, 6) 鍚?b鍗?鐢ㄦ椂 1.18s (score=88 depth=6)
[ 20] 榛?h2c2 (2, 1)->(2, 6) 缈诲紑=璞?鐢ㄦ椂 1.15s (score=46 depth=6)
[ 21] 绾?g6g7 (3, 6)->(2, 6) 鍚?b璞?鐢ㄦ椂 1.03s (score=49 depth=6)
[ 22] 榛?b4b9 (4, 7)->(9, 7)  鐢ㄦ椂 1.51s (score=69 depth=6)
[ 23] 绾?f0e1 (9, 5)->(8, 4) 缈诲紑=鐩?鐢ㄦ椂 1.39s (score=28 depth=7)
[ 24] 榛?a6b8 (6, 8)->(8, 7)  鐢ㄦ椂 0.97s (score=13 depth=6)
[ 25] 绾?g7g9 (2, 6)->(0, 6)  鐢ㄦ椂 1.19s (score=36 depth=6)
[ 26] 榛?d0d1 (0, 5)->(1, 5)  鐢ㄦ椂 0.87s (score=-20 depth=8)
[ 27] 绾?g9g8 (0, 6)->(1, 6)  鐢ㄦ椂 1.52s (score=-36 depth=6)
[ 28] 榛?d1d2 (1, 5)->(2, 5)  鐢ㄦ椂 1.51s (score=-10 depth=7)
[ 29] 绾?g8g7 (1, 6)->(2, 6)  鐢ㄦ椂 0.72s (score=0 depth=6)
[ 30] 榛?d2d1 (2, 5)->(1, 5)  鐢ㄦ椂 0.96s (score=10 depth=8)
[ 31] 绾?g7g8 (2, 6)->(1, 6)  鐢ㄦ椂 0.98s (score=0 depth=6)
[ 32] 榛?d1d2 (1, 5)->(2, 5)  鐢ㄦ椂 1.54s (score=-10 depth=7)
[ 33] 绾?g8g7 (1, 6)->(2, 6)  鐢ㄦ椂 0.71s (score=0 depth=6)

========================================================
瀵瑰眬缁撴灉
========================================================
鑳滆€? pypy (榛戞柟)
鍘熷洜: 绗?33 鐫€鍚? 绾㈡柟闀垮皢 (閿噸澶嶄笖鐜唴绾㈡柟姣忕潃鍧囧皢鍐?, 鍒よ礋
鎬绘鏁? 33 鐫€, 鍏ㄥ眬澧欓挓 39.6s

鍙屾柟鐢ㄦ椂:
  pypy57 (绾㈡柟):  17 鐫€  鎬荤敤鏃?   20.4s  骞冲潎  1.20s  鏈€闀?  1.54s
  pypy  (榛戞柟):  16 鐫€  鎬荤敤鏃?   19.1s  骞冲潎  1.19s  鏈€闀?  1.54s

[*] 妫嬭氨宸蹭繚瀛? C:\Users\yimingwang218185\Desktop\jieqi_ai\tools\games\game_20260820_220927.json / .txt

缁堝眬妫嬬洏 (绾㈡柟鍦ㄤ笅):
    0 1 2 3 4 5 6 7 8
 0 | b? r浠?b? b? 路 路 路 路 路
 1 | 路 路 路 路 b鍗?路 路 路 路
 2 | 路 路 路 路 路 b灏?r杌?路 路
 3 | 路 路 路 路 b? 路 路 路 路
 4 | b鍗?路 b鍗?路 路 路 路 路 路
 5 | 路 路 路 路 r浠?路 路 路 路
 6 | r? 路 r? 路 路 路 r? 路 路
 7 | 路 路 路 路 r鍏?路 路 路 路
 8 | 路 路 路 路 r鐩?路 路 b棣?路
 9 | r? r? r? r? r甯?路 路 b鐐?路
