[*] 瑁佸垽鍚姩: pypy57 鎵х孩鍏堣(姣忕潃 1.5s) vs pypy 鎵ч粦(姣忕潃 1.5s), 闅忔満绉嶅瓙 20260950
[engine_server] 灏辩华 (PyPy 3.11.13, engine=jieqi_engine_v57)
[engine_server] 棰勭儹瀹屾垚
[engine_server] 灏辩华 (PyPy 3.11.13, engine=jieqi_engine)
[engine_server] 棰勭儹瀹屾垚
[+] 寮曟搸瀛愯繘绋嬪氨缁?(PyPy: pypy3.EXE)
[+] 寮曟搸瀛愯繘绋嬪氨缁?(PyPy: pypy3.EXE)
[*] 绾㈡柟寮曟搸: pypy57 (v5.7 鍩虹嚎, 鏃犻噸澶嶆劅鐭?
[*] 榛戞柟寮曟搸: pypy (miaosiSari 鍘熺増, alpha-beta)
[  1] 绾?e3e4 (6, 4)->(5, 4) 缈诲紑=杌?鐢ㄦ椂 1.39s (score=84 depth=5)
[  2] 榛?b2b9 (2, 7)->(9, 7) 缈诲紑=澹?鍚?r鐩?鐢ㄦ椂 1.53s (score=144 depth=4)
[  3] 绾?b2b9 (7, 1)->(0, 1) 缈诲紑=鍏?鍚?b杌?鐢ㄦ椂 1.51s (score=149 depth=5)
[  4] 榛?i0h0 (0, 0)->(0, 1) 缈诲紑=杌?鍚?r鍏?鐢ㄦ椂 1.29s (score=52.153846153846146 depth=6)
[  5] 绾?i0h0 (9, 8)->(9, 7) 缈诲紑=棣?鍚?b澹?鐢ㄦ椂 1.51s (score=87.15384615384615 depth=5)
[  6] 榛?a3a4 (3, 8)->(4, 8) 缈诲紑=鍗?鐢ㄦ椂 1.55s (score=73 depth=5)
[  7] 绾?e4e6 (5, 4)->(3, 4) 鍚?b鍗?鐢ㄦ椂 1.52s (score=72 depth=5)
[  8] 榛?c0e2 (0, 6)->(2, 4) 缈诲紑=璞?鐢ㄦ椂 1.52s (score=40 depth=6)
[  9] 绾?a3a4 (6, 0)->(5, 0) 缈诲紑=鍏?鐢ㄦ椂 1.51s (score=73 depth=5)
[ 10] 榛?g3g4 (3, 2)->(4, 2) 缈诲紑=鍗?鐢ㄦ椂 1.57s (score=74 depth=5)
[ 11] 绾?e6g6 (3, 4)->(3, 6) 鍚?b鐐?鐢ㄦ椂 1.54s (score=74 depth=5)
[ 12] 榛?h2h8 (2, 1)->(8, 1) 缈诲紑=澹?鐢ㄦ椂 1.38s (score=71 depth=6)
[ 13] 绾?g6a6 (3, 6)->(3, 0) 鍚?b鐐?鐢ㄦ椂 1.53s (score=77 depth=5)
[ 14] 榛?h8i9 (8, 1)->(9, 0) 鍚?r浠?鐢ㄦ椂 0.93s (score=97.5 depth=6)
[ 15] 绾?b0c2 (9, 1)->(7, 2) 缈诲紑=鐐?鐢ㄦ椂 1.50s (score=32 depth=5)
[ 16] 榛?h0h9 (0, 1)->(9, 1)  鐢ㄦ椂 0.86s (score=42 depth=6)
[ 17] 绾?c0a2 (9, 2)->(7, 0) 缈诲紑=鍏?鐢ㄦ椂 0.80s (score=31 depth=5)
[ 18] 榛?d0e1 (0, 5)->(1, 4) 缈诲紑=棣?鐢ㄦ椂 1.23s (score=36 depth=6)
[ 19] 绾?c2e2 (7, 2)->(7, 4)  鐢ㄦ椂 1.53s (score=40 depth=5)
[ 20] 榛?h9g9 (9, 1)->(9, 2)  鐢ㄦ椂 1.14s (score=0 depth=5)
[ 21] 绾?g3g4 (6, 6)->(5, 6) 缈诲紑=杌?鐢ㄦ椂 0.78s (score=61 depth=5)
[ 22] 榛?b0c2 (0, 7)->(2, 6) 缈诲紑=鍗?鐢ㄦ椂 0.98s (score=34 depth=5)
[ 23] 绾?h0g2 (9, 7)->(7, 6)  鐢ㄦ椂 0.92s (score=29 depth=5)
[ 24] 榛?g9g6 (9, 2)->(6, 2) 鍚?r鐐?鐢ㄦ椂 1.02s (score=59 depth=6)
[ 25] 绾?h2h9 (7, 7)->(0, 7) 缈诲紑=棣?鐢ㄦ椂 0.62s (score=70 depth=4)
[ 26] 榛?g6g5 (6, 2)->(5, 2)  鐢ㄦ椂 1.45s (score=-1 depth=6)
[ 27] 绾?g4c4 (5, 6)->(5, 2) 鍚?b杌?鐢ㄦ椂 1.32s (score=301 depth=6)
[ 28] 榛?g4g5 (4, 2)->(5, 2) 鍚?r杌?鐢ㄦ椂 1.23s (score=319 depth=7)
[ 29] 绾?h9g7 (0, 7)->(2, 6) 鍚?b鍗?鐢ㄦ椂 1.27s (score=0 depth=6)
[ 30] 榛?g5f5 (5, 2)->(5, 3)  鐢ㄦ椂 0.58s (score=0 depth=5)
[ 31] 绾?a6d6 (3, 0)->(3, 3)  鐢ㄦ椂 1.50s (score=39 depth=5)
[ 32] 榛?f5e5 (5, 3)->(5, 4)  鐢ㄦ椂 0.90s (score=2 depth=7)
[ 33] 绾?g7f5 (2, 6)->(4, 5)  鐢ㄦ椂 1.30s (score=19 depth=6)
[ 34] 榛?e2c4 (2, 4)->(4, 6)  鐢ㄦ椂 1.16s (score=-12 depth=6)
[ 35] 绾?e2e1 (7, 4)->(8, 4)  鐢ㄦ椂 1.51s (score=-5 depth=5)
[ 36] 榛?e5e6 (5, 4)->(6, 4)  鐢ㄦ椂 1.53s (score=21 depth=6)
[ 37] 绾?a4a5 (5, 0)->(4, 0)  鐢ㄦ椂 1.51s (score=10 depth=5)
[ 38] 榛?e6e7 (6, 4)->(7, 4)  鐢ㄦ椂 0.88s (score=37 depth=7)
[ 39] 绾?g0e2 (9, 6)->(7, 4) 缈诲紑=鍏?鍚?b鍗?鐢ㄦ椂 0.69s (score=131 depth=6)
[ 40] 榛?c4a6 (4, 6)->(6, 8) 鍚?r浠?鐢ㄦ椂 1.52s (score=69 depth=6)
[ 41] 绾?f5h6 (4, 5)->(3, 7)  鐢ㄦ椂 1.29s (score=5 depth=6)
[ 42] 榛?g0i2 (0, 2)->(2, 0) 缈诲紑=鍗?鐢ㄦ椂 0.98s (score=40 depth=6)
[ 43] 绾?h6g8 (3, 7)->(1, 6)  鐢ㄦ椂 1.52s (score=27 depth=7)
[ 44] 榛?e0d0 (0, 4)->(0, 5)  鐢ㄦ椂 0.92s (score=-10 depth=8)
[ 45] 绾?d6d9 (3, 3)->(0, 3) 鍚?b璞?鐢ㄦ椂 1.31s (score=119 depth=7)
[ 46] 榛?d0d1 (0, 5)->(1, 5)  鐢ㄦ椂 1.00s (score=-20 depth=7)
[ 47] 绾?d9d8 (0, 3)->(1, 3)  鐢ㄦ椂 1.23s (score=-7 depth=6)
[ 48] 榛?a6c4 (6, 8)->(4, 6)  鐢ㄦ椂 0.73s (score=4 depth=6)
[ 49] 绾?d8e8 (1, 3)->(1, 4) 鍚?b棣?鐢ㄦ椂 0.76s (score=83 depth=8)
[ 50] 榛?d1d0 (1, 5)->(0, 5)  鐢ㄦ椂 1.19s (score=20 depth=9)
[ 51] 绾?e8e9 (1, 4)->(0, 4)  鐢ㄦ椂 1.06s (score=-9 depth=12)
[ 52] 榛?d0d1 (0, 5)->(1, 5)  鐢ㄦ椂 1.52s (score=-20 depth=11)
[ 53] 绾?g8f6 (1, 6)->(3, 5)  鐢ㄦ椂 0.96s (score=-30 depth=6)
[ 54] 榛?a0e0 (0, 8)->(0, 4) 缈诲紑=棣?鍚?r杌?鐢ㄦ椂 1.54s (score=326.25 depth=10)
[ 55] 绾?e1e9 (8, 4)->(0, 4) 鍚?b棣?鐢ㄦ椂 1.08s (score=100 depth=7)
[ 56] 榛?d1d0 (1, 5)->(0, 5)  鐢ㄦ椂 0.94s (score=20 depth=7)
[ 57] 绾?e9e5 (0, 4)->(4, 4)  鐢ㄦ椂 0.71s (score=15 depth=6)
[ 58] 榛?i9h8 (9, 0)->(8, 1)  鐢ㄦ椂 0.76s (score=0 depth=7)
[ 59] 绾?d0e1 (9, 3)->(8, 4) 缈诲紑=鍏?鐢ㄦ椂 1.04s (score=46 depth=6)
[ 60] 榛?h8g9 (8, 1)->(9, 2)  鐢ㄦ椂 0.85s (score=4 depth=7)
[ 61] 绾?f6g8 (3, 5)->(1, 6)  鐢ㄦ椂 1.50s (score=30 depth=7)
[ 62] 榛?i2i3 (2, 0)->(3, 0)  鐢ㄦ椂 0.87s (score=8 depth=7)
[ 63] 绾?a5a6 (4, 0)->(3, 0) 鍚?b鍗?鐢ㄦ椂 1.25s (score=26 depth=7)
[ 64] 榛?a4a5 (4, 8)->(5, 8)  鐢ㄦ椂 1.30s (score=10 depth=8)
[ 65] 绾?g2f4 (7, 6)->(5, 5)  鐢ㄦ椂 0.89s (score=8 depth=6)
[ 66] 榛?a5b5 (5, 8)->(5, 7)  鐢ㄦ椂 1.00s (score=21 depth=7)
[ 67] 绾?e5e3 (4, 4)->(6, 4)  鐢ㄦ椂 0.85s (score=10 depth=6)
[ 68] 榛?d0d1 (0, 5)->(1, 5)  鐢ㄦ椂 1.20s (score=-20 depth=8)
[ 69] 绾?a6a7 (3, 0)->(2, 0)  鐢ㄦ椂 0.70s (score=13 depth=6)
[ 70] 榛?d1e1 (1, 5)->(1, 4)  鐢ㄦ椂 1.54s (score=10 depth=7)
[ 71] 绾?e0d0 (9, 4)->(9, 3)  鐢ㄦ椂 1.26s (score=-10 depth=7)
[ 72] 榛?b5c5 (5, 7)->(5, 6)  鐢ㄦ椂 1.52s (score=-18 depth=7)
[ 73] 绾?g8f6 (1, 6)->(3, 5)  鐢ㄦ椂 0.97s (score=-30 depth=7)
[ 74] 榛?e1e0 (1, 4)->(0, 4)  鐢ㄦ椂 1.03s (score=20 depth=8)
[ 75] 绾?f6g4 (3, 5)->(5, 6) 鍚?b鍗?鐢ㄦ椂 1.23s (score=23 depth=7)
[ 76] 榛?e0d0 (0, 4)->(0, 5)  鐢ㄦ椂 0.96s (score=-10 depth=8)
[ 77] 绾?a7a8 (2, 0)->(1, 0)  鐢ㄦ椂 0.71s (score=15 depth=6)
[ 78] 榛?c4e2 (4, 6)->(2, 4)  鐢ㄦ椂 1.54s (score=12 depth=7)
[ 79] 绾?f4g6 (5, 5)->(3, 6)  鐢ㄦ椂 0.75s (score=0 depth=6)
[ 80] 榛?e2c4 (2, 4)->(4, 6)  鐢ㄦ椂 0.89s (score=-12 depth=8)
[ 81] 绾?g4e5 (5, 6)->(4, 4)  鐢ㄦ椂 1.42s (score=13 depth=7)
[ 82] 榛?g9h8 (9, 2)->(8, 1)  鐢ㄦ椂 1.51s (score=-4 depth=8)
[ 83] 绾?e5d7 (4, 4)->(2, 3)  鐢ㄦ椂 0.61s (score=1 depth=6)
[ 84] 榛?c4e2 (4, 6)->(2, 4)  鐢ㄦ椂 0.80s (score=12 depth=10)
[ 85] 绾?g6e7 (3, 6)->(2, 4) 鍚?b璞?鐢ㄦ椂 0.94s (score=50 depth=12)
[ 86] 榛?d0d1 (0, 5)->(1, 5)  鐢ㄦ椂 0.35s (score=-20 depth=12)
[ 87] 绾?e7g6 (2, 4)->(3, 6)  鐢ㄦ椂 0.31s (score=-7 depth=12)
[ 88] 榛?d1d0 (1, 5)->(0, 5)  鐢ㄦ椂 0.29s (score=20 depth=12)
[ 89] 绾?g6h8 (3, 6)->(1, 7)  鐢ㄦ椂 0.01s (score=4 depth=12)
[ 90] 榛?h8i7 (8, 1)->(7, 0) 鍚?r鍏?鐢ㄦ椂 0.01s (score=2 depth=12)
[ 91] 绾?h8f9 (1, 7)->(0, 5) 鍚?b灏?鐢ㄦ椂 0.01s (score=3696 depth=12)

========================================================
瀵瑰眬缁撴灉
========================================================
鑳滆€? pypy57 (绾㈡柟)
鍘熷洜: 绗?91 鐫€鍚冩帀 灏? 鑾疯儨
鎬绘鏁? 91 鐫€, 鍏ㄥ眬澧欓挓 99.8s

鍙屾柟鐢ㄦ椂:
  pypy57 (绾㈡柟):  46 鐫€  鎬荤敤鏃?   50.1s  骞冲潎  1.09s  鏈€闀?  1.54s
  pypy  (榛戞柟):  45 鐫€  鎬荤敤鏃?   49.5s  骞冲潎  1.10s  鏈€闀?  1.57s

[*] 妫嬭氨宸蹭繚瀛? C:\Users\yimingwang218185\Desktop\jieqi_ai\tools\games\game_20260820_221452.json / .txt

缁堝眬妫嬬洏 (绾㈡柟鍦ㄤ笅):
    0 1 2 3 4 5 6 7 8
 0 | 路 路 路 路 路 r棣?路 路 路
 1 | r鍏?路 路 路 路 路 路 路 路
 2 | 路 路 路 r棣?路 路 路 路 路
 3 | 路 路 路 路 路 路 路 路 路
 4 | 路 路 路 路 路 路 路 路 路
 5 | 路 路 路 路 路 路 路 路 路
 6 | 路 路 路 路 r鐐?路 路 路 路
 7 | b澹?路 路 路 r鍏?路 路 路 路
 8 | 路 路 路 路 r鍏?路 路 路 路
 9 | 路 路 路 r甯?路 r? 路 路 路
