[*] 瑁佸垽鍚姩: pypy 鎵х孩鍏堣(姣忕潃 1.5s) vs pypy57 鎵ч粦(姣忕潃 1.5s), 闅忔満绉嶅瓙 20260953
[engine_server] 灏辩华 (PyPy 3.11.13, engine=jieqi_engine)
[engine_server] 棰勭儹瀹屾垚
[engine_server] 灏辩华 (PyPy 3.11.13, engine=jieqi_engine_v57)
[engine_server] 棰勭儹瀹屾垚
[+] 寮曟搸瀛愯繘绋嬪氨缁?(PyPy: pypy3.EXE)
[+] 寮曟搸瀛愯繘绋嬪氨缁?(PyPy: pypy3.EXE)
[*] 绾㈡柟寮曟搸: pypy (miaosiSari 鍘熺増, alpha-beta)
[*] 榛戞柟寮曟搸: pypy57 (v5.7 鍩虹嚎, 鏃犻噸澶嶆劅鐭?
[  1] 绾?e3e4 (6, 4)->(5, 4) 缈诲紑=鐐?鐢ㄦ椂 0.79s (score=84 depth=4)
[  2] 榛?b2e2 (2, 7)->(2, 4) 缈诲紑=棣?鐢ㄦ椂 1.51s (score=41 depth=5)
[  3] 绾?e4e1 (5, 4)->(8, 4)  鐢ㄦ椂 0.79s (score=5 depth=4)
[  4] 榛?a3a4 (3, 8)->(4, 8) 缈诲紑=鐐?鐢ㄦ椂 1.55s (score=78 depth=4)
[  5] 绾?b2b9 (7, 1)->(0, 1) 缈诲紑=鐐?鍚?b杌?鐢ㄦ椂 1.56s (score=149 depth=4)
[  6] 榛?a4a9 (4, 8)->(9, 8) 鍚?r棣?鐢ㄦ椂 1.57s (score=162.69230769230768 depth=5)
[  7] 绾?g0e2 (9, 6)->(7, 4) 缈诲紑=杌?鐢ㄦ椂 0.95s (score=37 depth=5)
[  8] 榛?e3e4 (3, 4)->(4, 4) 缈诲紑=璞?鐢ㄦ椂 0.81s (score=73 depth=4)
[  9] 绾?e2e5 (7, 4)->(4, 4) 鍚?b璞?鐢ㄦ椂 1.04s (score=78 depth=4)
[ 10] 榛?d0e1 (0, 5)->(1, 4) 缈诲紑=鍗?鐢ㄦ椂 0.86s (score=32 depth=5)
[ 11] 绾?e5e6 (4, 4)->(3, 4)  鐢ㄦ椂 1.07s (score=1 depth=4)
[ 12] 榛?g3g4 (3, 2)->(4, 2) 缈诲紑=杌?鐢ㄦ椂 1.00s (score=76 depth=5)
[ 13] 绾?e6g6 (3, 4)->(3, 6) 鍚?b鍗?鐢ㄦ椂 1.32s (score=64 depth=4)
[ 14] 榛?b0c2 (0, 7)->(2, 6) 缈诲紑=鍗?鐢ㄦ椂 0.95s (score=31 depth=5)
[ 15] 绾?g6d6 (3, 6)->(3, 3)  鐢ㄦ椂 0.73s (score=7 depth=4)
[ 16] 榛?i0h0 (0, 0)->(0, 1) 缈诲紑=澹?鍚?r鐐?鐢ㄦ椂 0.95s (score=183.25 depth=5)
[ 17] 绾?a3a4 (6, 0)->(5, 0) 缈诲紑=鍏?鐢ㄦ椂 1.23s (score=72 depth=4)
[ 18] 榛?g4d4 (4, 2)->(4, 5)  鐢ㄦ椂 0.92s (score=35 depth=4)
[ 19] 绾?h2f2 (7, 7)->(7, 5) 缈诲紑=棣?鐢ㄦ椂 1.53s (score=40 depth=4)
[ 20] 榛?d4d7 (4, 5)->(7, 5) 鍚?r棣?鐢ㄦ椂 0.64s (score=117 depth=4)
[ 21] 绾?e1e2 (8, 4)->(7, 4)  鐢ㄦ椂 0.90s (score=5 depth=5)
[ 22] 榛?d7d9 (7, 5)->(9, 5) 鍚?r浠?鐢ㄦ椂 0.62s (score=96 depth=4)
[ 23] 绾?e0e1 (9, 4)->(8, 4)  鐢ㄦ椂 1.06s (score=-20 depth=6)
[ 24] 榛?h2h8 (2, 1)->(8, 1) 缈诲紑=鍗?鐢ㄦ椂 1.23s (score=72 depth=5)
[ 25] 绾?c3c4 (6, 2)->(5, 2) 缈诲紑=鍏?鐢ㄦ椂 1.02s (score=61 depth=5)
[ 26] 榛?a0a6 (0, 8)->(6, 8) 缈诲紑=鐐?鍚?r浠?鐢ㄦ椂 1.54s (score=82.45454545454545 depth=5)
[ 27] 绾?d6a6 (3, 3)->(3, 0) 鍚?b澹?鐢ㄦ椂 1.09s (score=33 depth=5)
[ 28] 榛?d9b9 (9, 5)->(9, 7) 鍚?r鍏?鐢ㄦ椂 1.52s (score=24 depth=5)
[ 29] 绾?a6b6 (3, 0)->(3, 1)  鐢ㄦ椂 1.53s (score=2 depth=5)
[ 30] 榛?h0g1 (0, 1)->(1, 2)  鐢ㄦ椂 0.98s (score=3 depth=5)
[ 31] 绾?c4c5 (5, 2)->(4, 2)  鐢ㄦ椂 0.90s (score=17 depth=5)
[ 32] 榛?b9f9 (9, 7)->(9, 3) 鍚?r鍏?鐢ㄦ椂 0.65s (score=70 depth=4)
[ 33] 绾?b6b1 (3, 1)->(8, 1) 鍚?b鍗?鐢ㄦ椂 1.53s (score=80 depth=5)
[ 34] 榛?a9g9 (9, 8)->(9, 2) 鍚?r鐩?鐢ㄦ椂 1.55s (score=59 depth=5)
[ 35] 绾?b1d1 (8, 1)->(8, 3)  鐢ㄦ椂 1.54s (score=41 depth=5)
[ 36] 榛?g9i9 (9, 2)->(9, 0) 鍚?r鐩?鐢ㄦ椂 0.78s (score=117.625 depth=5)
[ 37] 绾?d1d0 (8, 3)->(9, 3) 鍚?b杌?鐢ㄦ椂 0.69s (score=339 depth=6)
[ 38] 榛?i9f9 (9, 0)->(9, 3) 鍚?r杌?鐢ㄦ椂 0.87s (score=289 depth=6)
[ 39] 绾?b0d1 (9, 1)->(8, 3) 缈诲紑=杌?鐢ㄦ椂 0.75s (score=39 depth=5)
[ 40] 榛?f9g9 (9, 3)->(9, 2)  鐢ㄦ椂 0.80s (score=10 depth=5)
[ 41] 绾?d1c1 (8, 3)->(8, 2)  鐢ㄦ椂 1.03s (score=-43 depth=5)
[ 42] 榛?a6a3 (6, 8)->(3, 8)  鐢ㄦ椂 1.54s (score=0 depth=5)
[ 43] 绾?c1c0 (8, 2)->(9, 2) 鍚?b鐐?鐢ㄦ椂 0.98s (score=190 depth=6)
[ 44] 榛?a3e3 (3, 8)->(3, 4)  鐢ㄦ椂 0.99s (score=14 depth=6)
[ 45] 绾?e1f1 (8, 4)->(8, 5)  鐢ㄦ椂 1.02s (score=-10 depth=6)
[ 46] 榛?c0a2 (0, 6)->(2, 8) 缈诲紑=棣?鐢ㄦ椂 1.01s (score=42 depth=6)
[ 47] 绾?c0i0 (9, 2)->(9, 8)  鐢ㄦ椂 0.69s (score=0 depth=5)
[ 48] 榛?e2c3 (2, 4)->(3, 6)  鐢ㄦ椂 1.54s (score=-7 depth=6)
[ 49] 绾?g3g4 (6, 6)->(5, 6) 缈诲紑=鍏?鐢ㄦ椂 1.49s (score=64 depth=6)
[ 50] 榛?g0i2 (0, 2)->(2, 0) 缈诲紑=鍗?鐢ㄦ椂 0.91s (score=40 depth=5)
[ 51] 绾?g4g5 (5, 6)->(4, 6)  鐢ㄦ椂 1.36s (score=17 depth=7)
[ 52] 榛?a2c1 (2, 8)->(1, 6)  鐢ㄦ椂 1.10s (score=-14 depth=6)
[ 53] 绾?g5g6 (4, 6)->(3, 6) 鍚?b棣?鐢ㄦ椂 0.83s (score=128 depth=6)
[ 54] 榛?c2c3 (2, 6)->(3, 6) 鍚?r鍏?鐢ㄦ椂 1.48s (score=55 depth=7)
[ 55] 绾?i0i8 (9, 8)->(1, 8)  鐢ㄦ椂 0.91s (score=6 depth=6)
[ 56] 榛?i2i3 (2, 0)->(3, 0)  鐢ㄦ椂 1.51s (score=8 depth=5)
[ 57] 绾?i8g8 (1, 8)->(1, 6) 鍚?b棣?鐢ㄦ椂 0.83s (score=101 depth=7)
[ 58] 榛?e1e2 (1, 4)->(2, 4)  鐢ㄦ椂 1.51s (score=15 depth=7)
[ 59] 绾?g8g7 (1, 6)->(2, 6)  鐢ㄦ椂 1.03s (score=0 depth=7)
[ 60] 榛?g1f2 (1, 2)->(2, 3)  鐢ㄦ椂 0.96s (score=5 depth=8)
[ 61] 绾?g7e7 (2, 6)->(2, 4) 鍚?b鍗?鐢ㄦ椂 1.38s (score=19 depth=8)
[ 62] 榛?f0e1 (0, 3)->(1, 4) 缈诲紑=璞?鐢ㄦ椂 1.10s (score=37 depth=8)
[ 63] 绾?e7d7 (2, 4)->(2, 3) 鍚?b澹?鐢ㄦ椂 0.69s (score=123 depth=6)
[ 64] 榛?c3c4 (3, 6)->(4, 6)  鐢ㄦ椂 0.80s (score=6 depth=6)
[ 65] 绾?d7d8 (2, 3)->(1, 3)  鐢ㄦ椂 0.76s (score=0 depth=6)
[ 66] 榛?i3i4 (3, 0)->(4, 0)  鐢ㄦ椂 1.51s (score=11 depth=7)
[ 67] 绾?a4a5 (5, 0)->(4, 0) 鍚?b鍗?鐢ㄦ椂 0.97s (score=34 depth=7)
[ 68] 榛?c4c5 (4, 6)->(5, 6)  鐢ㄦ椂 0.85s (score=17 depth=8)
[ 69] 绾?d8e8 (1, 3)->(1, 4) 鍚?b璞?鐢ㄦ椂 0.98s (score=14 depth=7)
[ 70] 榛?e0f0 (0, 4)->(0, 3)  鐢ㄦ椂 0.81s (score=-10 depth=8)
[ 71] 绾?e8e9 (1, 4)->(0, 4)  鐢ㄦ椂 0.73s (score=-9 depth=6)
[ 72] 榛?f0f1 (0, 3)->(1, 3)  鐢ㄦ椂 0.83s (score=-20 depth=8)
[ 73] 绾?e9e8 (0, 4)->(1, 4)  鐢ㄦ椂 1.51s (score=9 depth=7)
[ 74] 榛?f1f0 (1, 3)->(0, 3)  鐢ㄦ椂 0.79s (score=20 depth=8)
[ 75] 绾?e8e6 (1, 4)->(3, 4) 鍚?b鐐?鐢ㄦ椂 0.64s (score=123 depth=-2)
[ 76] 榛?c5c6 (5, 6)->(6, 6)  鐢ㄦ椂 1.53s (score=10 depth=7)
[ 77] 绾?c5d5 (4, 2)->(4, 3)  鐢ㄦ椂 0.73s (score=0 depth=6)
[ 78] 榛?c6c7 (6, 6)->(7, 6)  鐢ㄦ椂 0.15s (score=27 depth=12)
[ 79] 绾?e2d2 (7, 4)->(7, 3)  鐢ㄦ椂 0.02s (score=-11 depth=12)
[ 80] 榛?c7c8 (7, 6)->(8, 6)  鐢ㄦ椂 0.01s (score=15 depth=12)
[ 81] 绾?d2d9 (7, 3)->(0, 3) 鍚?b灏?鐢ㄦ椂 0.02s (score=3696 depth=12)

========================================================
瀵瑰眬缁撴灉
========================================================
鑳滆€? pypy (绾㈡柟)
鍘熷洜: 绗?81 鐫€鍚冩帀 灏? 鑾疯儨
鎬绘鏁? 81 鐫€, 鍏ㄥ眬澧欓挓 83.0s

鍙屾柟鐢ㄦ椂:
  pypy  (绾㈡柟):  41 鐫€  鎬荤敤鏃?   40.6s  骞冲潎  0.99s  鏈€闀?  1.56s
  pypy57 (榛戞柟):  40 鐫€  鎬荤敤鏃?   42.2s  骞冲潎  1.06s  鏈€闀?  1.57s

[*] 妫嬭氨宸蹭繚瀛? C:\Users\yimingwang218185\Desktop\jieqi_ai\tools\games\game_20260820_222052.json / .txt

缁堝眬妫嬬洏 (绾㈡柟鍦ㄤ笅):
    0 1 2 3 4 5 6 7 8
 0 | 路 路 路 r鐐?路 路 路 路 路
 1 | 路 路 路 路 路 路 路 路 路
 2 | 路 路 路 路 路 路 路 路 路
 3 | 路 路 路 路 r杌?路 路 路 路
 4 | r鍏?路 路 r鍏?路 路 路 路 路
 5 | 路 路 路 路 路 路 路 路 路
 6 | 路 路 路 路 路 路 路 路 路
 7 | 路 路 路 路 路 路 路 路 路
 8 | 路 路 路 路 路 r甯?b鍗?路 路
 9 | 路 路 路 路 路 路 路 路 路
