[*] 瑁佸垽鍚姩: pypy 鎵х孩鍏堣(姣忕潃 1.5s) vs pypy57 鎵ч粦(姣忕潃 1.5s), 闅忔満绉嶅瓙 20260949
[engine_server] 灏辩华 (PyPy 3.11.13, engine=jieqi_engine)
[engine_server] 棰勭儹瀹屾垚
[engine_server] 灏辩华 (PyPy 3.11.13, engine=jieqi_engine_v57)
[engine_server] 棰勭儹瀹屾垚
[+] 寮曟搸瀛愯繘绋嬪氨缁?(PyPy: pypy3.EXE)
[+] 寮曟搸瀛愯繘绋嬪氨缁?(PyPy: pypy3.EXE)
[*] 绾㈡柟寮曟搸: pypy (miaosiSari 鍘熺増, alpha-beta)
[*] 榛戞柟寮曟搸: pypy57 (v5.7 鍩虹嚎, 鏃犻噸澶嶆劅鐭?
[  1] 绾?e3e4 (6, 4)->(5, 4) 缈诲紑=鐩?鐢ㄦ椂 1.35s (score=84 depth=5)
[  2] 榛?b2b9 (2, 7)->(9, 7) 缈诲紑=鍗?鍚?r鍏?鐢ㄦ椂 1.24s (score=157 depth=5)
[  3] 绾?b2b9 (7, 1)->(0, 1) 缈诲紑=鍏?鍚?b璞?鐢ㄦ椂 0.79s (score=161 depth=5)
[  4] 榛?i0h0 (0, 0)->(0, 1) 缈诲紑=杌?鍚?r鍏?鐢ㄦ椂 0.91s (score=92.3076923076923 depth=5)
[  5] 绾?i0h0 (9, 8)->(9, 7) 缈诲紑=鐐?鍚?b鍗?鐢ㄦ椂 0.96s (score=54.153846153846146 depth=5)
[  6] 榛?i3i4 (3, 0)->(4, 0) 缈诲紑=棣?鐢ㄦ椂 1.51s (score=73 depth=4)
[  7] 绾?a3a4 (6, 0)->(5, 0) 缈诲紑=棣?鐢ㄦ椂 1.53s (score=77 depth=5)
[  8] 榛?e3e4 (3, 4)->(4, 4) 缈诲紑=鍗?鐢ㄦ椂 1.53s (score=69 depth=4)
[  9] 绾?e4g6 (5, 4)->(3, 6) 鍚?b璞?鐢ㄦ椂 0.93s (score=75 depth=5)
[ 10] 榛?a3a4 (3, 8)->(4, 8) 缈诲紑=澹?鐢ㄦ椂 0.68s (score=75 depth=5)
[ 11] 绾?i3i4 (6, 8)->(5, 8) 缈诲紑=鐩?鐢ㄦ椂 1.54s (score=66 depth=6)
[ 12] 榛?h2h8 (2, 1)->(8, 1) 缈诲紑=杌?鐢ㄦ椂 1.52s (score=73 depth=5)
[ 13] 绾?d0e1 (9, 3)->(8, 4) 缈诲紑=杌?鐢ㄦ椂 1.52s (score=33 depth=4)
[ 14] 榛?g3g4 (3, 2)->(4, 2) 缈诲紑=鍗?鐢ㄦ椂 1.02s (score=64 depth=5)
[ 15] 绾?h2h5 (7, 7)->(4, 7) 缈诲紑=浠?鐢ㄦ椂 1.48s (score=58 depth=5)
[ 16] 榛?h8e8 (8, 1)->(8, 4) 鍚?r杌?鐢ㄦ椂 1.54s (score=301 depth=5)
[ 17] 绾?f0e1 (9, 5)->(8, 4) 缈诲紑=杌?鍚?b杌?鐢ㄦ椂 1.19s (score=352 depth=7)
[ 18] 榛?c0e2 (0, 6)->(2, 4) 缈诲紑=棣?鐢ㄦ椂 1.06s (score=42 depth=5)
[ 19] 绾?g3g4 (6, 6)->(5, 6) 缈诲紑=鐐?鐢ㄦ椂 0.74s (score=60 depth=4)
[ 20] 榛?b0a2 (0, 7)->(2, 8) 缈诲紑=鐐?鐢ㄦ椂 1.46s (score=35 depth=5)
[ 21] 绾?a4c5 (5, 0)->(4, 2) 鍚?b鍗?鐢ㄦ椂 0.92s (score=59 depth=5)
[ 22] 榛?i4g3 (4, 0)->(3, 2)  鐢ㄦ椂 1.40s (score=8 depth=5)
[ 23] 绾?c0e2 (9, 2)->(7, 4) 缈诲紑=鍏?鐢ㄦ椂 0.85s (score=25 depth=4)
[ 24] 榛?h0h5 (0, 1)->(5, 1)  鐢ㄦ椂 1.27s (score=5 depth=5)
[ 25] 绾?g6e4 (3, 6)->(5, 4)  鐢ㄦ椂 0.74s (score=-5 depth=4)
[ 26] 榛?h5h4 (5, 1)->(4, 1)  鐢ㄦ椂 1.51s (score=-9 depth=6)
[ 27] 绾?g4g5 (5, 6)->(4, 6)  鐢ㄦ椂 0.82s (score=-3 depth=5)
[ 28] 榛?a4b5 (4, 8)->(5, 7)  鐢ㄦ椂 0.92s (score=9 depth=5)
[ 29] 绾?e4c6 (5, 4)->(3, 2) 鍚?b棣?鐢ㄦ椂 1.54s (score=123 depth=5)
[ 30] 榛?b5c4 (5, 7)->(4, 6) 鍚?r鐐?鐢ㄦ椂 1.51s (score=119 depth=5)
[ 31] 绾?c5e6 (4, 2)->(3, 4)  鐢ㄦ椂 0.77s (score=1 depth=5)
[ 32] 榛?e4e5 (4, 4)->(5, 4)  鐢ㄦ椂 1.54s (score=10 depth=5)
[ 33] 绾?c3c4 (6, 2)->(5, 2) 缈诲紑=鍏?鐢ㄦ椂 1.36s (score=62 depth=5)
[ 34] 榛?h4e4 (4, 1)->(4, 4)  鐢ㄦ椂 1.52s (score=13 depth=5)
[ 35] 绾?a0a9 (9, 0)->(0, 0) 缈诲紑=浠?鐢ㄦ椂 0.99s (score=52.0 depth=5)
[ 36] 榛?e4e3 (4, 4)->(3, 4) 鍚?r棣?鐢ㄦ椂 1.53s (score=119 depth=5)
[ 37] 绾?c4c5 (5, 2)->(4, 2)  鐢ㄦ椂 1.09s (score=17 depth=6)
[ 38] 榛?e2g3 (2, 4)->(3, 2) 鍚?r鐩?鐢ㄦ椂 1.50s (score=63 depth=5)
[ 39] 绾?c5c6 (4, 2)->(3, 2) 鍚?b棣?鐢ㄦ椂 0.67s (score=128 depth=5)
[ 40] 榛?e3g3 (3, 4)->(3, 2) 鍚?r鍏?鐢ㄦ椂 1.21s (score=37 depth=6)
[ 41] 绾?e1g1 (8, 4)->(8, 6)  鐢ㄦ椂 1.53s (score=16 depth=5)
[ 42] 榛?g3g4 (3, 2)->(4, 2)  鐢ㄦ椂 0.70s (score=8 depth=5)
[ 43] 绾?g1d1 (8, 6)->(8, 3)  鐢ㄦ椂 1.53s (score=43 depth=5)
[ 44] 榛?g4g9 (4, 2)->(9, 2)  鐢ㄦ椂 0.89s (score=36 depth=6)
[ 45] 绾?d1d0 (8, 3)->(9, 3)  鐢ㄦ椂 0.95s (score=-7 depth=8)
[ 46] 榛?g9f9 (9, 2)->(9, 3) 鍚?r杌?鐢ㄦ椂 1.29s (score=340 depth=7)
[ 47] 绾?e0d0 (9, 4)->(9, 3) 鍚?b杌?鐢ㄦ椂 1.54s (score=336 depth=7)
[ 48] 榛?a2e2 (2, 8)->(2, 4)  鐢ㄦ椂 0.85s (score=13 depth=6)
[ 49] 绾?a9b8 (0, 0)->(1, 1)  鐢ㄦ椂 1.09s (score=0 depth=7)
[ 50] 榛?a0a5 (0, 8)->(5, 8) 缈诲紑=鍗?鍚?r鐩?鐢ㄦ椂 0.90s (score=110.0 depth=6)
[ 51] 绾?b8c9 (1, 1)->(0, 2) 鍚?b鐐?鐢ㄦ椂 0.65s (score=80 depth=6)
[ 52] 榛?e2e3 (2, 4)->(3, 4)  鐢ㄦ椂 1.13s (score=0 depth=7)
[ 53] 绾?c9d8 (0, 2)->(1, 3)  鐢ㄦ椂 1.51s (score=17 depth=7)
[ 54] 榛?e0e1 (0, 4)->(1, 4)  鐢ㄦ椂 0.99s (score=-20 depth=9)
[ 55] 绾?h5g6 (4, 7)->(3, 6)  鐢ㄦ椂 0.86s (score=6 depth=7)
[ 56] 榛?e3i3 (3, 4)->(3, 0)  鐢ㄦ椂 1.19s (score=-14 depth=7)
[ 57] 绾?b0a2 (9, 1)->(7, 0) 缈诲紑=鍏?鐢ㄦ椂 0.81s (score=40 depth=7)
[ 58] 榛?e5f5 (5, 4)->(5, 3)  鐢ㄦ椂 0.65s (score=-2 depth=6)
[ 59] 绾?d8c7 (1, 3)->(2, 2)  鐢ㄦ椂 1.55s (score=-21 depth=7)
[ 60] 榛?i3i4 (3, 0)->(4, 0)  鐢ㄦ椂 1.52s (score=-1 depth=6)
[ 61] 绾?c7d6 (2, 2)->(3, 3)  鐢ㄦ椂 0.75s (score=-2 depth=6)
[ 62] 榛?e1e0 (1, 4)->(0, 4)  鐢ㄦ椂 1.26s (score=20 depth=7)
[ 63] 绾?e2e3 (7, 4)->(6, 4)  鐢ㄦ椂 1.53s (score=10 depth=6)
[ 64] 榛?d0e1 (0, 5)->(1, 4) 缈诲紑=鍗?鐢ㄦ椂 1.52s (score=37 depth=6)
[ 65] 绾?h0h1 (9, 7)->(8, 7)  鐢ㄦ椂 1.52s (score=1 depth=6)
[ 66] 榛?e1e2 (1, 4)->(2, 4)  鐢ㄦ椂 0.70s (score=15 depth=6)
[ 67] 绾?h1e1 (8, 7)->(8, 4)  鐢ㄦ椂 1.53s (score=8 depth=6)
[ 68] 榛?a5a6 (5, 8)->(6, 8)  鐢ㄦ椂 1.51s (score=13 depth=6)
[ 69] 绾?d6e7 (3, 3)->(2, 4) 鍚?b鍗?鐢ㄦ椂 1.19s (score=7 depth=7)
[ 70] 榛?f0e1 (0, 3)->(1, 4) 缈诲紑=澹?鐢ㄦ椂 0.90s (score=37 depth=7)
[ 71] 绾?e7f8 (2, 4)->(1, 5)  鐢ㄦ椂 1.52s (score=21 depth=7)
[ 72] 榛?e0d0 (0, 4)->(0, 5)  鐢ㄦ椂 1.26s (score=-10 depth=8)
[ 73] 绾?f8g9 (1, 5)->(0, 6)  鐢ㄦ椂 0.68s (score=-17 depth=6)
[ 74] 榛?i4f4 (4, 0)->(4, 3)  鐢ㄦ椂 0.79s (score=1 depth=6)
[ 75] 绾?d0e0 (9, 3)->(9, 4)  鐢ㄦ椂 0.97s (score=10 depth=8)
[ 76] 榛?f5f6 (5, 3)->(6, 3)  鐢ㄦ椂 0.79s (score=12 depth=6)
[ 77] 绾?g6h7 (3, 6)->(2, 7)  鐢ㄦ椂 1.52s (score=21 depth=6)
[ 78] 榛?e1d2 (1, 4)->(2, 5)  鐢ㄦ椂 0.71s (score=-5 depth=6)
[ 79] 绾?e1f1 (8, 4)->(8, 5)  鐢ㄦ椂 0.65s (score=-7 depth=6)
[ 80] 榛?c4d5 (4, 6)->(5, 5)  鐢ㄦ椂 1.54s (score=7 depth=7)
[ 81] 绾?e3e4 (6, 4)->(5, 4)  鐢ㄦ椂 1.23s (score=14 depth=8)
[ 82] 榛?f6f7 (6, 3)->(7, 3)  鐢ㄦ椂 0.94s (score=30 depth=7)
[ 83] 绾?f1f7 (8, 5)->(2, 5) 鍚?b澹?鐢ㄦ椂 0.80s (score=93 depth=7)
[ 84] 榛?f4f6 (4, 3)->(6, 3)  鐢ㄦ椂 0.95s (score=2 depth=7)
[ 85] 绾?f7e7 (2, 5)->(2, 4)  鐢ㄦ椂 0.85s (score=1 depth=7)
[ 86] 榛?f6d6 (6, 3)->(6, 5)  鐢ㄦ椂 1.41s (score=0 depth=7)
[ 87] 绾?e4e5 (5, 4)->(4, 4)  鐢ㄦ椂 1.35s (score=10 depth=7)
[ 88] 榛?d6e6 (6, 5)->(6, 4)  鐢ㄦ椂 1.40s (score=2 depth=7)
[ 89] 绾?e7e3 (2, 4)->(6, 4) 鍚?b鐐?鐢ㄦ椂 1.51s (score=148 depth=7)
[ 90] 榛?d5e6 (5, 5)->(6, 4) 鍚?r鐐?鐢ㄦ椂 0.82s (score=146 depth=9)
[ 91] 绾?e5e6 (4, 4)->(3, 4)  鐢ㄦ椂 0.99s (score=21 depth=8)
[ 92] 榛?f7f8 (7, 3)->(8, 3)  鐢ㄦ椂 1.52s (score=22 depth=8)
[ 93] 绾?e6e7 (3, 4)->(2, 4)  鐢ㄦ椂 1.22s (score=37 depth=9)
[ 94] 榛?d0e0 (0, 5)->(0, 4)  鐢ㄦ椂 1.13s (score=10 depth=9)
[ 95] 绾?g9f8 (0, 6)->(1, 5)  鐢ㄦ椂 0.80s (score=17 depth=8)
[ 96] 榛?e0f0 (0, 4)->(0, 3)  鐢ㄦ椂 0.95s (score=-10 depth=9)
[ 97] 绾?g0e2 (9, 6)->(7, 4) 缈诲紑=棣?鐢ㄦ椂 1.33s (score=51 depth=8)
[ 98] 榛?e6f7 (6, 4)->(7, 3)  鐢ㄦ椂 1.52s (score=3 depth=8)
[ 99] 绾?e2g1 (7, 4)->(8, 6)  鐢ㄦ椂 1.29s (score=-26 depth=8)
[100] 榛?f7e8 (7, 3)->(8, 4)  鐢ㄦ椂 1.16s (score=15 depth=8)
[101] 绾?g1e2 (8, 6)->(7, 4)  鐢ㄦ椂 1.43s (score=26 depth=8)
[102] 榛?e8f9 (8, 4)->(9, 3)  鐢ㄦ椂 0.76s (score=9 depth=8)
[103] 绾?e7d7 (2, 4)->(2, 3)  鐢ㄦ椂 0.78s (score=-18 depth=8)
[104] 榛?a6a7 (6, 8)->(7, 8)  鐢ㄦ椂 0.99s (score=13 depth=8)
[105] 绾?e2d0 (7, 4)->(9, 3) 鍚?b澹?鐢ㄦ椂 1.19s (score=95 depth=8)
[106] 榛?a7a8 (7, 8)->(8, 8)  鐢ㄦ椂 1.10s (score=15 depth=9)
[107] 绾?d0b1 (9, 3)->(8, 1)  鐢ㄦ椂 0.71s (score=0 depth=9)
[108] 榛?a8b8 (8, 8)->(8, 7)  鐢ㄦ椂 1.35s (score=9 depth=10)
[109] 绾?f8e9 (1, 5)->(0, 4)  鐢ㄦ椂 1.43s (score=-9 depth=9)
[110] 榛?f8e8 (8, 3)->(8, 4)  鐢ㄦ椂 0.12s (score=12 depth=12)
[111] 绾?e0e1 (9, 4)->(8, 4) 鍚?b鍗?鐢ㄦ椂 0.04s (score=93 depth=12)
[112] 榛?b8c8 (8, 7)->(8, 6)  鐢ㄦ椂 0.03s (score=5 depth=12)
[113] 绾?d7d8 (2, 3)->(1, 3)  鐢ㄦ椂 0.01s (score=22 depth=12)
[114] 榛?f0e0 (0, 3)->(0, 4) 鍚?r浠?鐢ㄦ椂 0.01s (score=110 depth=12)
[115] 绾?e1e9 (8, 4)->(0, 4) 鍚?b灏?鐢ㄦ椂 0.01s (score=3696 depth=12)

========================================================
瀵瑰眬缁撴灉
========================================================
鑳滆€? pypy (绾㈡柟)
鍘熷洜: 绗?115 鐫€鍚冩帀 灏? 鑾疯儨
鎬绘鏁? 115 鐫€, 鍏ㄥ眬澧欓挓 126.4s

鍙屾柟鐢ㄦ椂:
  pypy  (绾㈡柟):  58 鐫€  鎬荤敤鏃?   62.6s  骞冲潎  1.08s  鏈€闀?  1.55s
  pypy57 (榛戞柟):  57 鐫€  鎬荤敤鏃?   63.6s  骞冲潎  1.12s  鏈€闀?  1.54s

[*] 妫嬭氨宸蹭繚瀛? C:\Users\yimingwang218185\Desktop\jieqi_ai\tools\games\game_20260820_221311.json / .txt

缁堝眬妫嬬洏 (绾㈡柟鍦ㄤ笅):
    0 1 2 3 4 5 6 7 8
 0 | 路 路 路 路 r甯?路 路 路 路
 1 | 路 路 路 r鍏?路 路 路 路 路
 2 | 路 路 路 路 路 路 路 r浠?路
 3 | 路 路 路 路 路 路 路 路 路
 4 | 路 路 路 路 路 路 路 路 路
 5 | 路 路 路 路 路 路 路 路 路
 6 | 路 路 路 路 路 路 路 路 路
 7 | r鍏?路 路 路 路 路 路 路 路
 8 | 路 r棣?路 路 路 路 b鍗?路 路
 9 | 路 路 路 路 路 路 路 路 路
