[*] 瑁佸垽鍚姩: pypy57 鎵х孩鍏堣(姣忕潃 1.5s) vs pypy 鎵ч粦(姣忕潃 1.5s), 闅忔満绉嶅瓙 20260948
[engine_server] 灏辩华 (PyPy 3.11.13, engine=jieqi_engine_v57)
[engine_server] 棰勭儹瀹屾垚
[engine_server] 灏辩华 (PyPy 3.11.13, engine=jieqi_engine)
[engine_server] 棰勭儹瀹屾垚
[+] 寮曟搸瀛愯繘绋嬪氨缁?(PyPy: pypy3.EXE)
[+] 寮曟搸瀛愯繘绋嬪氨缁?(PyPy: pypy3.EXE)
[*] 绾㈡柟寮曟搸: pypy57 (v5.7 鍩虹嚎, 鏃犻噸澶嶆劅鐭?
[*] 榛戞柟寮曟搸: pypy (miaosiSari 鍘熺増, alpha-beta)
[  1] 绾?e3e4 (6, 4)->(5, 4) 缈诲紑=鍏?鐢ㄦ椂 1.37s (score=84 depth=5)
[  2] 榛?b2b9 (2, 7)->(9, 7) 缈诲紑=鍗?鍚?r杌?鐢ㄦ椂 1.55s (score=157 depth=4)
[  3] 绾?i0h0 (9, 8)->(9, 7) 缈诲紑=鐐?鍚?b鍗?鐢ㄦ椂 1.55s (score=90.0 depth=5)
[  4] 榛?a3a4 (3, 8)->(4, 8) 缈诲紑=鍗?鐢ㄦ椂 1.53s (score=78 depth=4)
[  5] 绾?a3a4 (6, 0)->(5, 0) 缈诲紑=棣?鐢ㄦ椂 1.06s (score=80 depth=5)
[  6] 榛?c3c4 (3, 6)->(4, 6) 缈诲紑=杌?鐢ㄦ椂 0.82s (score=78 depth=5)
[  7] 绾?b2b9 (7, 1)->(0, 1) 缈诲紑=鐐?鍚?b鍗?鐢ㄦ椂 1.07s (score=145 depth=5)
[  8] 榛?i0h0 (0, 0)->(0, 1) 缈诲紑=璞?鍚?r鐐?鐢ㄦ椂 1.53s (score=198.72727272727272 depth=5)
[  9] 绾?h2h8 (7, 7)->(1, 7) 缈诲紑=浠?鐢ㄦ椂 0.89s (score=74 depth=5)
[ 10] 榛?c4c6 (4, 6)->(6, 6) 鍚?r鐩?鐢ㄦ椂 1.47s (score=81 depth=6)
[ 11] 绾?h8i9 (1, 7)->(0, 8) 鍚?b棣?鐢ㄦ椂 0.72s (score=86.81818181818181 depth=5)
[ 12] 榛?c6c9 (6, 6)->(9, 6) 鍚?r浠?鐢ㄦ椂 0.93s (score=107 depth=5)
[ 13] 绾?h0h1 (9, 7)->(8, 7)  鐢ㄦ椂 1.12s (score=1 depth=5)
[ 14] 榛?c0e2 (0, 6)->(2, 4) 缈诲紑=棣?鐢ㄦ椂 0.74s (score=39 depth=5)
[ 15] 绾?i9h8 (0, 8)->(1, 7)  鐢ㄦ椂 0.67s (score=0 depth=5)
[ 16] 榛?b0d1 (0, 7)->(1, 5) 缈诲紑=鐐?鐢ㄦ椂 1.56s (score=30 depth=6)
[ 17] 绾?b0c2 (9, 1)->(7, 2) 缈诲紑=鍏?鐢ㄦ椂 1.28s (score=39 depth=5)
[ 18] 榛?i3i4 (3, 0)->(4, 0) 缈诲紑=璞?鐢ㄦ椂 0.95s (score=73 depth=5)
[ 19] 绾?c3c4 (6, 2)->(5, 2) 缈诲紑=棣?鐢ㄦ椂 1.53s (score=80 depth=5)
[ 20] 榛?h2h5 (2, 1)->(5, 1) 缈诲紑=澹?鐢ㄦ椂 0.82s (score=58 depth=5)
[ 21] 绾?h1e1 (8, 7)->(8, 4)  鐢ㄦ椂 1.53s (score=8 depth=5)
[ 22] 榛?g3g4 (3, 2)->(4, 2) 缈诲紑=鍗?鐢ㄦ椂 1.38s (score=72 depth=6)
[ 23] 绾?c4d2 (5, 2)->(7, 3)  鐢ㄦ椂 1.52s (score=-6 depth=5)
[ 24] 榛?d1i1 (1, 5)->(1, 0)  鐢ㄦ椂 1.55s (score=-2 depth=5)
[ 25] 绾?e1e6 (8, 4)->(3, 4) 鍚?b鐐?鐢ㄦ椂 0.69s (score=77 depth=5)
[ 26] 榛?f0e1 (0, 3)->(1, 4) 缈诲紑=鍗?鐢ㄦ椂 0.76s (score=32 depth=6)
[ 27] 绾?h8i9 (1, 7)->(0, 8)  鐢ㄦ椂 0.68s (score=0 depth=5)
[ 28] 榛?h5i6 (5, 1)->(6, 0)  鐢ㄦ椂 1.53s (score=1 depth=5)
[ 29] 绾?e6a6 (3, 4)->(3, 0)  鐢ㄦ椂 1.51s (score=-4 depth=5)
[ 30] 榛?i6h5 (6, 0)->(5, 1)  鐢ㄦ椂 1.41s (score=-1 depth=6)
[ 31] 绾?a6e6 (3, 0)->(3, 4)  鐢ㄦ椂 1.55s (score=4 depth=5)
[ 32] 榛?h5i6 (5, 1)->(6, 0)  鐢ㄦ椂 1.54s (score=1 depth=5)
[ 33] 绾?e6a6 (3, 4)->(3, 0)  鐢ㄦ椂 1.52s (score=-4 depth=5)
[ 34] 榛?i6h5 (6, 0)->(5, 1)  鐢ㄦ椂 1.31s (score=-1 depth=6)
[ 35] 绾?a6e6 (3, 0)->(3, 4)  鐢ㄦ椂 1.54s (score=4 depth=5)

========================================================
瀵瑰眬缁撴灉
========================================================
鍜屾
鍘熷洜: 绗?35 鐫€鍚庡眬闈㈢ 3 娆″嚭鐜? 鍒ゅ拰
鎬绘鏁? 35 鐫€, 鍏ㄥ眬澧欓挓 43.2s

鍙屾柟鐢ㄦ椂:
  pypy57 (绾㈡柟):  18 鐫€  鎬荤敤鏃?   21.8s  骞冲潎  1.21s  鏈€闀?  1.55s
  pypy  (榛戞柟):  17 鐫€  鎬荤敤鏃?   21.4s  骞冲潎  1.26s  鏈€闀?  1.56s

[*] 妫嬭氨宸蹭繚瀛? C:\Users\yimingwang218185\Desktop\jieqi_ai\tools\games\game_20260820_221103.json / .txt

缁堝眬妫嬬洏 (绾㈡柟鍦ㄤ笅):
    0 1 2 3 4 5 6 7 8
 0 | 路 b璞?b? 路 b灏?b? 路 路 r浠?
 1 | b鐐?路 路 路 b鍗?路 路 路 路
 2 | 路 路 路 路 b棣?路 路 路 路
 3 | 路 路 路 路 r鐐?路 路 路 路
 4 | b璞?路 b鍗?路 路 路 路 路 b鍗?
 5 | r棣?b澹?路 路 r鍏?路 路 路 路
 6 | 路 路 路 路 路 路 路 路 r?
 7 | 路 路 r鍏?r棣?路 路 路 路 路
 8 | 路 路 路 路 路 路 路 路 路
 9 | r? 路 r? r? r甯?r? b杌?路 路
