[*] 瑁佸垽鍚姩: pypy57 鎵х孩鍏堣(姣忕潃 1.5s) vs pypy 鎵ч粦(姣忕潃 1.5s), 闅忔満绉嶅瓙 20260952
[engine_server] 灏辩华 (PyPy 3.11.13, engine=jieqi_engine_v57)
[engine_server] 棰勭儹瀹屾垚
[engine_server] 灏辩华 (PyPy 3.11.13, engine=jieqi_engine)
[engine_server] 棰勭儹瀹屾垚
[+] 寮曟搸瀛愯繘绋嬪氨缁?(PyPy: pypy3.EXE)
[+] 寮曟搸瀛愯繘绋嬪氨缁?(PyPy: pypy3.EXE)
[*] 绾㈡柟寮曟搸: pypy57 (v5.7 鍩虹嚎, 鏃犻噸澶嶆劅鐭?
[*] 榛戞柟寮曟搸: pypy (miaosiSari 鍘熺増, alpha-beta)
[  1] 绾?e3e4 (6, 4)->(5, 4) 缈诲紑=鍏?鐢ㄦ椂 1.51s (score=84 depth=4)
[  2] 榛?b2b9 (2, 7)->(9, 7) 缈诲紑=澹?鍚?r杌?鐢ㄦ椂 1.54s (score=157 depth=4)
[  3] 绾?b2b9 (7, 1)->(0, 1) 缈诲紑=鍏?鍚?b璞?鐢ㄦ椂 0.91s (score=155 depth=5)
[  4] 榛?i0h0 (0, 0)->(0, 1) 缈诲紑=鍗?鍚?r鍏?鐢ㄦ椂 1.48s (score=89.3076923076923 depth=6)
[  5] 绾?a3a4 (6, 0)->(5, 0) 缈诲紑=鐐?鐢ㄦ椂 0.94s (score=80 depth=5)
[  6] 榛?a3a4 (3, 8)->(4, 8) 缈诲紑=鐐?鐢ㄦ椂 0.87s (score=81 depth=5)
[  7] 绾?i0h0 (9, 8)->(9, 7) 缈诲紑=杌?鍚?b澹?鐢ㄦ椂 1.52s (score=111.5 depth=5)
[  8] 榛?c3c4 (3, 6)->(4, 6) 缈诲紑=杌?鐢ㄦ椂 1.05s (score=77 depth=5)
[  9] 绾?h2h8 (7, 7)->(1, 7) 缈诲紑=浠?鐢ㄦ椂 1.46s (score=71 depth=5)
[ 10] 榛?g3g4 (3, 2)->(4, 2) 缈诲紑=澹?鐢ㄦ椂 0.84s (score=71 depth=5)
[ 11] 绾?i3i4 (6, 8)->(5, 8) 缈诲紑=棣?鐢ㄦ椂 1.02s (score=76 depth=5)
[ 12] 榛?c4d4 (4, 6)->(4, 5)  鐢ㄦ椂 1.56s (score=35 depth=5)
[ 13] 绾?h8i9 (1, 7)->(0, 8) 鍚?b鐐?鐢ㄦ椂 1.13s (score=101.0 depth=5)
[ 14] 榛?b0c2 (0, 7)->(2, 6) 缈诲紑=鍗?鐢ㄦ椂 1.22s (score=35 depth=5)
[ 15] 绾?h0h6 (9, 7)->(3, 7)  鐢ㄦ椂 0.87s (score=6 depth=5)
[ 16] 榛?i3i4 (3, 0)->(4, 0) 缈诲紑=鍗?鐢ㄦ椂 1.26s (score=78 depth=5)
[ 17] 绾?a4a2 (5, 0)->(7, 0)  鐢ㄦ椂 0.86s (score=2 depth=5)
[ 18] 榛?h2h7 (2, 1)->(7, 1) 缈诲紑=鍗?鐢ㄦ椂 1.55s (score=63 depth=5)
[ 19] 绾?c3c4 (6, 2)->(5, 2) 缈诲紑=鐐?鐢ㄦ椂 1.02s (score=59 depth=5)
[ 20] 榛?g0e2 (0, 2)->(2, 4) 缈诲紑=璞?鐢ㄦ椂 1.14s (score=52 depth=6)
[ 21] 绾?h6e6 (3, 7)->(3, 4) 鍚?b杌?鐢ㄦ椂 1.51s (score=93 depth=5)
[ 22] 榛?h7i7 (7, 1)->(7, 0) 鍚?r鐐?鐢ㄦ椂 0.98s (score=113 depth=5)
[ 23] 绾?b0a2 (9, 1)->(7, 0) 缈诲紑=浠?鍚?b鍗?鐢ㄦ椂 0.83s (score=91 depth=5)
[ 24] 榛?d0e1 (0, 5)->(1, 4) 缈诲紑=棣?鐢ㄦ椂 1.54s (score=39 depth=5)
[ 25] 绾?g3g4 (6, 6)->(5, 6) 缈诲紑=鐩?鐢ㄦ椂 1.52s (score=59 depth=5)
[ 26] 榛?e0d0 (0, 4)->(0, 5)  鐢ㄦ椂 1.09s (score=-10 depth=6)
[ 27] 绾?e6i6 (3, 4)->(3, 8)  鐢ㄦ椂 0.83s (score=-6 depth=5)
[ 28] 榛?d4d9 (4, 5)->(9, 5) 鍚?r鐩?鐢ㄦ椂 1.59s (score=101 depth=5)
[ 29] 绾?e0e1 (9, 4)->(8, 4)  鐢ㄦ椂 0.87s (score=-20 depth=7)
[ 30] 榛?d9d8 (9, 5)->(8, 5)  鐢ㄦ椂 1.24s (score=-37 depth=6)
[ 31] 绾?e1e2 (8, 4)->(7, 4)  鐢ㄦ椂 0.91s (score=-10 depth=7)
[ 32] 榛?a4b4 (4, 8)->(4, 7)  鐢ㄦ椂 1.49s (score=1 depth=6)
[ 33] 绾?i6h6 (3, 8)->(3, 7)  鐢ㄦ椂 1.32s (score=2 depth=6)
[ 34] 榛?d8d7 (8, 5)->(7, 5)  鐢ㄦ椂 1.52s (score=0 depth=5)
[ 35] 绾?e2e1 (7, 4)->(8, 4)  鐢ㄦ椂 1.55s (score=10 depth=7)
[ 36] 榛?d7d8 (7, 5)->(8, 5)  鐢ㄦ椂 1.27s (score=0 depth=6)
[ 37] 绾?e1e2 (8, 4)->(7, 4)  鐢ㄦ椂 1.54s (score=-10 depth=6)
[ 38] 榛?b4b9 (4, 7)->(9, 7)  鐢ㄦ椂 1.53s (score=69 depth=-2)
[ 39] 绾?h6h0 (3, 7)->(9, 7) 鍚?b鐐?鐢ㄦ椂 0.78s (score=189 depth=6)
[ 40] 榛?d8d7 (8, 5)->(7, 5)  鐢ㄦ椂 1.06s (score=0 depth=6)
[ 41] 绾?e2e1 (7, 4)->(8, 4)  鐢ㄦ椂 1.26s (score=10 depth=8)
[ 42] 榛?d7d8 (7, 5)->(8, 5)  鐢ㄦ椂 1.09s (score=0 depth=6)
[ 43] 绾?e1e2 (8, 4)->(7, 4)  鐢ㄦ椂 1.56s (score=-10 depth=6)
[ 44] 榛?c0a2 (0, 6)->(2, 8) 缈诲紑=鍗?鐢ㄦ椂 0.98s (score=42 depth=-2)
[ 45] 绾?g0i2 (9, 6)->(7, 8) 缈诲紑=鍏?鐢ㄦ椂 1.44s (score=31 depth=6)
[ 46] 榛?e1c0 (1, 4)->(0, 6)  鐢ㄦ椂 1.56s (score=-9 depth=5)
[ 47] 绾?h0h8 (9, 7)->(1, 7)  鐢ㄦ椂 0.68s (score=6 depth=5)
[ 48] 榛?d8d7 (8, 5)->(7, 5)  鐢ㄦ椂 1.27s (score=0 depth=6)
[ 49] 绾?e2e1 (7, 4)->(8, 4)  鐢ㄦ椂 1.22s (score=10 depth=7)
[ 50] 榛?d7d8 (7, 5)->(8, 5)  鐢ㄦ椂 0.74s (score=0 depth=6)
[ 51] 绾?e1e2 (8, 4)->(7, 4)  鐢ㄦ椂 1.53s (score=-10 depth=6)
[ 52] 榛?f0e1 (0, 3)->(1, 4) 缈诲紑=棣?鐢ㄦ椂 1.26s (score=50 depth=-2)
[ 53] 绾?h8e8 (1, 7)->(1, 4) 鍚?b棣?鐢ㄦ椂 0.91s (score=120 depth=6)
[ 54] 榛?c0b2 (0, 6)->(2, 7)  鐢ㄦ椂 1.16s (score=23 depth=6)
[ 55] 绾?i9h8 (0, 8)->(1, 7)  鐢ㄦ椂 0.97s (score=0 depth=6)
[ 56] 榛?i4i5 (4, 0)->(5, 0)  鐢ㄦ椂 0.76s (score=10 depth=6)
[ 57] 绾?e8d8 (1, 4)->(1, 3)  鐢ㄦ椂 1.21s (score=16 depth=6)
[ 58] 榛?d0e0 (0, 5)->(0, 4)  鐢ㄦ椂 1.32s (score=10 depth=6)
[ 59] 绾?d0e1 (9, 3)->(8, 4) 缈诲紑=鍏?鐢ㄦ椂 0.73s (score=26 depth=5)
[ 60] 榛?i5h5 (5, 0)->(5, 1)  鐢ㄦ椂 1.10s (score=21 depth=6)
[ 61] 绾?c4c1 (5, 2)->(8, 2)  鐢ㄦ椂 1.30s (score=-1 depth=6)
[ 62] 榛?d8d9 (8, 5)->(9, 5)  鐢ㄦ椂 0.83s (score=37 depth=6)
[ 63] 绾?i4h6 (5, 8)->(3, 7)  鐢ㄦ椂 1.54s (score=28 depth=5)
[ 64] 榛?c2c3 (2, 6)->(3, 6)  鐢ㄦ椂 0.83s (score=8 depth=5)
[ 65] 绾?d8d7 (1, 3)->(2, 3)  鐢ㄦ椂 1.33s (score=0 depth=6)
[ 66] 榛?e0d0 (0, 4)->(0, 5)  鐢ㄦ椂 1.52s (score=-10 depth=5)
[ 67] 绾?d7d9 (2, 3)->(0, 3)  鐢ㄦ椂 1.30s (score=7 depth=6)
[ 68] 榛?d0d1 (0, 5)->(1, 5)  鐢ㄦ椂 0.85s (score=-20 depth=7)
[ 69] 绾?h8g7 (1, 7)->(2, 6)  鐢ㄦ椂 1.35s (score=0 depth=6)
[ 70] 榛?d1e1 (1, 5)->(1, 4)  鐢ㄦ椂 1.53s (score=10 depth=6)
[ 71] 绾?a2b1 (7, 0)->(8, 1)  鐢ㄦ椂 1.53s (score=-12 depth=5)
[ 72] 榛?d9c9 (9, 5)->(9, 6)  鐢ㄦ椂 0.88s (score=-38 depth=5)
[ 73] 绾?e2d2 (7, 4)->(7, 3)  鐢ㄦ椂 0.89s (score=-10 depth=5)
[ 74] 榛?c9f9 (9, 6)->(9, 3)  鐢ㄦ椂 1.23s (score=8 depth=6)
[ 75] 绾?c1d1 (8, 2)->(8, 3)  鐢ㄦ椂 0.89s (score=0 depth=7)
[ 76] 榛?h5h6 (5, 1)->(6, 1)  鐢ㄦ椂 1.20s (score=2 depth=6)
[ 77] 绾?d9d8 (0, 3)->(1, 3)  鐢ㄦ椂 1.27s (score=-7 depth=6)
[ 78] 榛?e1e0 (1, 4)->(0, 4)  鐢ㄦ椂 0.74s (score=20 depth=7)
[ 79] 绾?d8d9 (1, 3)->(0, 3)  鐢ㄦ椂 1.42s (score=7 depth=6)
[ 80] 榛?e0e1 (0, 4)->(1, 4)  鐢ㄦ椂 1.55s (score=-20 depth=7)
[ 81] 绾?d9d8 (0, 3)->(1, 3)  鐢ㄦ椂 1.15s (score=-7 depth=6)

========================================================
瀵瑰眬缁撴灉
========================================================
鑳滆€? pypy (榛戞柟)
鍘熷洜: 绗?81 鐫€鍚? 绾㈡柟闀垮皢 (閿噸澶嶄笖鐜唴绾㈡柟姣忕潃鍧囧皢鍐?, 鍒よ礋
鎬绘鏁? 81 鐫€, 鍏ㄥ眬澧欓挓 96.8s

鍙屾柟鐢ㄦ椂:
  pypy57 (绾㈡柟):  41 鐫€  鎬荤敤鏃?   48.4s  骞冲潎  1.18s  鏈€闀?  1.56s
  pypy  (榛戞柟):  40 鐫€  鎬荤敤鏃?   48.2s  骞冲潎  1.21s  鏈€闀?  1.59s

[*] 妫嬭氨宸蹭繚瀛? C:\Users\yimingwang218185\Desktop\jieqi_ai\tools\games\game_20260820_221928.json / .txt

缁堝眬妫嬬洏 (绾㈡柟鍦ㄤ笅):
    0 1 2 3 4 5 6 7 8
 0 | 路 b鍗?路 路 路 路 路 路 路
 1 | 路 路 路 r杌?b灏?路 路 路 路
 2 | 路 路 路 路 b璞?路 r浠?b棣?b鍗?
 3 | 路 路 路 路 路 路 b鍗?r棣?路
 4 | 路 路 b澹?路 路 路 路 路 路
 5 | 路 路 路 路 r鍏?路 r鐩?路 路
 6 | 路 b鍗?路 路 路 路 路 路 路
 7 | 路 路 路 r甯?路 路 路 路 r鍏?
 8 | 路 r浠?路 r鐐?r鍏?路 路 路 路
 9 | r? 路 r? b杌?路 路 路 路 路
