[*] 瑁佸垽鍚姩: pypy 鎵х孩鍏堣(姣忕潃 1.5s) vs pypy57 鎵ч粦(姣忕潃 1.5s), 闅忔満绉嶅瓙 20260945
[engine_server] 灏辩华 (PyPy 3.11.13, engine=jieqi_engine)
[engine_server] 棰勭儹瀹屾垚
[engine_server] 灏辩华 (PyPy 3.11.13, engine=jieqi_engine_v57)
[engine_server] 棰勭儹瀹屾垚
[+] 寮曟搸瀛愯繘绋嬪氨缁?(PyPy: pypy3.EXE)
[+] 寮曟搸瀛愯繘绋嬪氨缁?(PyPy: pypy3.EXE)
[*] 绾㈡柟寮曟搸: pypy (miaosiSari 鍘熺増, alpha-beta)
[*] 榛戞柟寮曟搸: pypy57 (v5.7 鍩虹嚎, 鏃犻噸澶嶆劅鐭?
[  1] 绾?e3e4 (6, 4)->(5, 4) 缈诲紑=棣?鐢ㄦ椂 1.40s (score=84 depth=5)
[  2] 榛?e3e4 (3, 4)->(4, 4) 缈诲紑=鍗?鐢ㄦ椂 0.76s (score=84 depth=4)
[  3] 绾?i3i4 (6, 8)->(5, 8) 缈诲紑=鐩?鐢ㄦ椂 0.98s (score=78 depth=5)
[  4] 榛?b2b9 (2, 7)->(9, 7) 缈诲紑=璞?鍚?r鐐?鐢ㄦ椂 0.97s (score=157 depth=5)
[  5] 绾?a3a4 (6, 0)->(5, 0) 缈诲紑=鍏?鐢ㄦ椂 0.87s (score=78 depth=5)
[  6] 榛?e4e5 (4, 4)->(5, 4) 鍚?r棣?鐢ㄦ椂 1.54s (score=132 depth=5)
[  7] 绾?i4g6 (5, 8)->(3, 6) 鍚?b杌?鐢ㄦ椂 1.53s (score=95 depth=5)
[  8] 榛?g3g4 (3, 2)->(4, 2) 缈诲紑=璞?鐢ㄦ椂 1.51s (score=80 depth=5)
[  9] 绾?h2h8 (7, 7)->(1, 7) 缈诲紑=浠?鐢ㄦ椂 1.51s (score=76 depth=5)
[ 10] 榛?h0i2 (0, 1)->(2, 0) 缈诲紑=杌?鐢ㄦ椂 0.76s (score=42 depth=5)
[ 11] 绾?b0a2 (9, 1)->(7, 0) 缈诲紑=鐩?鐢ㄦ椂 1.53s (score=41 depth=5)
[ 12] 榛?a3a4 (3, 8)->(4, 8) 缈诲紑=澹?鐢ㄦ椂 1.54s (score=64 depth=5)
[ 13] 绾?g3g4 (6, 6)->(5, 6) 缈诲紑=鍏?鐢ㄦ椂 1.54s (score=72 depth=5)
[ 14] 榛?h2h6 (2, 1)->(6, 1) 缈诲紑=鍗?鐢ㄦ椂 0.83s (score=66 depth=5)
[ 15] 绾?c3c4 (6, 2)->(5, 2) 缈诲紑=鍏?鐢ㄦ椂 1.51s (score=77 depth=5)
[ 16] 榛?h6h7 (6, 1)->(7, 1) 鍚?r杌?鐢ㄦ椂 1.52s (score=111 depth=5)
[ 17] 绾?h8i9 (1, 7)->(0, 8) 鍚?b鍗?鐢ㄦ椂 1.53s (score=94.0 depth=5)
[ 18] 榛?f0e1 (0, 3)->(1, 4) 缈诲紑=鍗?鐢ㄦ椂 1.23s (score=37 depth=5)
[ 19] 绾?c0e2 (9, 2)->(7, 4) 缈诲紑=杌?鐢ㄦ椂 1.51s (score=58 depth=5)
[ 20] 榛?i2c2 (2, 0)->(2, 6)  鐢ㄦ椂 1.35s (score=6 depth=5)
[ 21] 绾?g6e4 (3, 6)->(5, 4) 鍚?b鍗?鐢ㄦ椂 0.99s (score=34 depth=5)
[ 22] 榛?c0e2 (0, 6)->(2, 4) 缈诲紑=鐐?鐢ㄦ椂 0.75s (score=46 depth=5)
[ 23] 绾?d0e1 (9, 3)->(8, 4) 缈诲紑=鍏?鐢ㄦ椂 0.75s (score=44 depth=6)
[ 24] 榛?e2e7 (2, 4)->(7, 4) 鍚?r杌?鐢ㄦ椂 1.52s (score=274 depth=5)
[ 25] 绾?g0e2 (9, 6)->(7, 4) 缈诲紑=鐐?鍚?b鐐?鐢ㄦ椂 1.52s (score=188 depth=7)
[ 26] 榛?g4e6 (4, 2)->(6, 4)  鐢ㄦ椂 0.99s (score=-6 depth=6)
[ 27] 绾?a0d0 (9, 0)->(9, 3) 缈诲紑=棣?鐢ㄦ椂 1.53s (score=25.66666666666667 depth=5)
[ 28] 榛?g0e2 (0, 2)->(2, 4) 缈诲紑=澹?鐢ㄦ椂 1.41s (score=46 depth=6)
[ 29] 绾?e4c2 (5, 4)->(7, 2)  鐢ㄦ椂 1.32s (score=-16 depth=6)
[ 30] 榛?b0d1 (0, 7)->(1, 5) 缈诲紑=鐐?鐢ㄦ椂 1.53s (score=36 depth=5)
[ 31] 绾?e2h2 (7, 4)->(7, 7)  鐢ㄦ椂 1.07s (score=-14 depth=6)
[ 32] 榛?h7g7 (7, 1)->(7, 2) 鍚?r鐩?鐢ㄦ椂 1.54s (score=49 depth=5)
[ 33] 绾?d0c2 (9, 3)->(7, 2) 鍚?b鍗?鐢ㄦ椂 1.07s (score=83 depth=6)
[ 34] 榛?c2b2 (2, 6)->(2, 7)  鐢ㄦ椂 1.43s (score=0 depth=6)
[ 35] 绾?h2e2 (7, 7)->(7, 4)  鐢ㄦ椂 1.55s (score=14 depth=5)
[ 36] 榛?b2d2 (2, 7)->(2, 5)  鐢ㄦ椂 1.52s (score=15 depth=5)
[ 37] 绾?c2e3 (7, 2)->(6, 4) 鍚?b璞?鐢ㄦ椂 0.79s (score=29 depth=6)
[ 38] 榛?d1d9 (1, 5)->(9, 5) 鍚?r浠?鐢ㄦ椂 0.81s (score=121 depth=6)
[ 39] 绾?i0i5 (9, 8)->(4, 8) 缈诲紑=鍏?鍚?b澹?鐢ㄦ椂 1.01s (score=89.0 depth=6)
[ 40] 榛?d9d3 (9, 5)->(3, 5)  鐢ㄦ椂 1.51s (score=-1 depth=6)
[ 41] 绾?c4c5 (5, 2)->(4, 2)  鐢ㄦ椂 0.74s (score=17 depth=5)
[ 42] 榛?d3d5 (3, 5)->(5, 5)  鐢ㄦ椂 0.81s (score=0 depth=5)
[ 43] 绾?a2c4 (7, 0)->(5, 2)  鐢ㄦ椂 0.82s (score=-4 depth=5)
[ 44] 榛?d5f5 (5, 5)->(5, 3)  鐢ㄦ椂 1.52s (score=0 depth=5)
[ 45] 绾?c4a6 (5, 2)->(3, 0) 鍚?b棣?鐢ㄦ椂 1.07s (score=69 depth=6)
[ 46] 榛?d2d6 (2, 5)->(6, 5)  鐢ㄦ椂 1.54s (score=0 depth=6)
[ 47] 绾?e3d5 (6, 4)->(4, 3)  鐢ㄦ椂 0.72s (score=15 depth=6)
[ 48] 榛?d6i6 (6, 5)->(6, 0)  鐢ㄦ椂 1.05s (score=-39 depth=6)
[ 49] 绾?e0d0 (9, 4)->(9, 3)  鐢ㄦ椂 0.82s (score=-10 depth=6)
[ 50] 榛?f5e5 (5, 3)->(5, 4)  鐢ㄦ椂 1.53s (score=4 depth=6)
[ 51] 绾?a4a5 (5, 0)->(4, 0)  鐢ㄦ椂 1.54s (score=10 depth=5)
[ 52] 榛?i6i4 (6, 0)->(4, 0) 鍚?r鍏?鐢ㄦ椂 0.86s (score=32 depth=6)
[ 53] 绾?d5c3 (4, 3)->(6, 2)  鐢ㄦ椂 0.77s (score=-15 depth=6)
[ 54] 榛?e5e4 (5, 4)->(4, 4)  鐢ㄦ椂 0.85s (score=0 depth=6)
[ 55] 绾?g4g5 (5, 6)->(4, 6)  鐢ㄦ椂 1.13s (score=17 depth=6)
[ 56] 榛?i4g4 (4, 0)->(4, 2) 鍚?r鍏?鐢ㄦ椂 1.53s (score=41 depth=5)
[ 57] 绾?e2h2 (7, 4)->(7, 7)  鐢ㄦ椂 1.43s (score=-14 depth=7)
[ 58] 榛?e2d1 (2, 4)->(1, 5)  鐢ㄦ椂 0.99s (score=8 depth=7)
[ 59] 绾?h2h9 (7, 7)->(0, 7)  鐢ㄦ椂 0.85s (score=39 depth=6)
[ 60] 榛?d1c0 (1, 5)->(0, 6)  鐢ㄦ椂 1.01s (score=-12 depth=8)
[ 61] 绾?c3e4 (6, 2)->(5, 4)  鐢ㄦ椂 0.76s (score=4 depth=6)
[ 62] 榛?g4g9 (4, 2)->(9, 2)  鐢ㄦ椂 1.03s (score=6 depth=7)
[ 63] 绾?d0d1 (9, 3)->(8, 3)  鐢ㄦ椂 1.12s (score=-20 depth=7)
[ 64] 榛?e4e2 (4, 4)->(2, 4)  鐢ㄦ椂 1.32s (score=10 depth=6)
[ 65] 绾?i9h8 (0, 8)->(1, 7)  鐢ㄦ椂 0.95s (score=0 depth=6)
[ 66] 榛?g9g8 (9, 2)->(8, 2)  鐢ㄦ椂 0.89s (score=-6 depth=6)
[ 67] 绾?d1d0 (8, 3)->(9, 3)  鐢ㄦ椂 0.92s (score=20 depth=7)
[ 68] 榛?i0i3 (0, 0)->(3, 0) 缈诲紑=棣?鍚?r鐩?鐢ㄦ椂 1.52s (score=63.0 depth=6)
[ 69] 绾?h8g9 (1, 7)->(0, 6) 鍚?b澹?鐢ㄦ椂 0.99s (score=61 depth=7)
[ 70] 榛?g8g9 (8, 2)->(9, 2)  鐢ㄦ椂 1.32s (score=6 depth=8)
[ 71] 绾?d0d1 (9, 3)->(8, 3)  鐢ㄦ椂 0.85s (score=-20 depth=9)
[ 72] 榛?g9g8 (9, 2)->(8, 2)  鐢ㄦ椂 1.42s (score=-6 depth=8)
[ 73] 绾?d1d2 (8, 3)->(7, 3)  鐢ㄦ椂 1.34s (score=-10 depth=9)
[ 74] 榛?g8g7 (8, 2)->(7, 2)  鐢ㄦ椂 1.26s (score=0 depth=8)
[ 75] 绾?d2d1 (7, 3)->(8, 3)  鐢ㄦ椂 0.88s (score=10 depth=9)
[ 76] 榛?g7g8 (7, 2)->(8, 2)  鐢ㄦ椂 1.41s (score=0 depth=8)
[ 77] 绾?d1d2 (8, 3)->(7, 3)  鐢ㄦ椂 1.30s (score=-10 depth=9)
[ 78] 榛?g8g7 (8, 2)->(7, 2)  鐢ㄦ椂 1.23s (score=0 depth=8)

========================================================
瀵瑰眬缁撴灉
========================================================
鑳滆€? pypy (绾㈡柟)
鍘熷洜: 绗?78 鐫€鍚? 榛戞柟闀垮皢 (閿噸澶嶄笖鐜唴榛戞柟姣忕潃鍧囧皢鍐?, 鍒よ礋
鎬绘鏁? 78 鐫€, 鍏ㄥ眬澧欓挓 92.7s

鍙屾柟鐢ㄦ椂:
  pypy  (绾㈡柟):  39 鐫€  鎬荤敤鏃?   44.5s  骞冲潎  1.14s  鏈€闀?  1.55s
  pypy57 (榛戞柟):  39 鐫€  鎬荤敤鏃?   48.1s  骞冲潎  1.23s  鏈€闀?  1.54s

[*] 妫嬭氨宸蹭繚瀛? C:\Users\yimingwang218185\Desktop\jieqi_ai\tools\games\game_20260820_220846.json / .txt

缁堝眬妫嬬洏 (绾㈡柟鍦ㄤ笅):
    0 1 2 3 4 5 6 7 8
 0 | 路 路 路 路 b灏?b? r浠?r鐐?路
 1 | 路 路 路 路 b鍗?路 路 路 路
 2 | 路 路 路 路 b鐐?路 路 路 路
 3 | b棣?路 路 路 路 路 路 路 路
 4 | 路 路 路 路 路 路 r鍏?路 r鍏?
 5 | 路 路 路 路 r棣?路 路 路 路
 6 | 路 路 路 路 路 路 路 路 路
 7 | 路 路 b杌?r甯?路 路 路 路 路
 8 | 路 路 路 路 r鍏?路 路 路 路
 9 | 路 路 路 路 路 路 路 b璞?路
