[*] 瑁佸垽鍚姩: pypy 鎵х孩鍏堣(姣忕潃 1.5s) vs pypy57 鎵ч粦(姣忕潃 1.5s), 闅忔満绉嶅瓙 20260947
[engine_server] 灏辩华 (PyPy 3.11.13, engine=jieqi_engine)
[engine_server] 棰勭儹瀹屾垚
[engine_server] 灏辩华 (PyPy 3.11.13, engine=jieqi_engine_v57)
[engine_server] 棰勭儹瀹屾垚
[+] 寮曟搸瀛愯繘绋嬪氨缁?(PyPy: pypy3.EXE)
[+] 寮曟搸瀛愯繘绋嬪氨缁?(PyPy: pypy3.EXE)
[*] 绾㈡柟寮曟搸: pypy (miaosiSari 鍘熺増, alpha-beta)
[*] 榛戞柟寮曟搸: pypy57 (v5.7 鍩虹嚎, 鏃犻噸澶嶆劅鐭?
[  1] 绾?e3e4 (6, 4)->(5, 4) 缈诲紑=鍏?鐢ㄦ椂 1.38s (score=84 depth=5)
[  2] 榛?b2b9 (2, 7)->(9, 7) 缈诲紑=鐐?鍚?r杌?鐢ㄦ椂 1.51s (score=157 depth=4)
[  3] 绾?i0h0 (9, 8)->(9, 7) 缈诲紑=鐐?鍚?b鐐?鐢ㄦ椂 1.04s (score=186.0 depth=5)
[  4] 榛?a3a4 (3, 8)->(4, 8) 缈诲紑=棣?鐢ㄦ椂 1.52s (score=78 depth=4)
[  5] 绾?c3c4 (6, 2)->(5, 2) 缈诲紑=鐩?鐢ㄦ椂 1.10s (score=77 depth=5)
[  6] 榛?h2h9 (2, 1)->(9, 1) 缈诲紑=鍗?鍚?r浠?鐢ㄦ椂 1.51s (score=161 depth=5)
[  7] 绾?a0b0 (9, 0)->(9, 1) 缈诲紑=鐐?鍚?b鍗?鐢ㄦ椂 1.51s (score=93.3076923076923 depth=5)
[  8] 榛?i3i4 (3, 0)->(4, 0) 缈诲紑=鍗?鐢ㄦ椂 0.97s (score=78 depth=6)
[  9] 绾?i3i4 (6, 8)->(5, 8) 缈诲紑=棣?鐢ㄦ椂 1.53s (score=79 depth=5)
[ 10] 榛?g0i2 (0, 2)->(2, 0) 缈诲紑=鍗?鐢ㄦ椂 1.05s (score=39 depth=5)
[ 11] 绾?b2b8 (7, 1)->(1, 1) 缈诲紑=鍏?鐢ㄦ椂 1.52s (score=78 depth=5)
[ 12] 榛?g3g4 (3, 2)->(4, 2) 缈诲紑=杌?鐢ㄦ椂 1.19s (score=70 depth=6)
[ 13] 绾?c0e2 (9, 2)->(7, 4) 缈诲紑=杌?鐢ㄦ椂 1.20s (score=42 depth=4)
[ 14] 榛?h0f1 (0, 1)->(1, 3) 缈诲紑=棣?鐢ㄦ椂 1.05s (score=33 depth=5)
[ 15] 绾?c4e6 (5, 2)->(3, 4) 鍚?b璞?鐢ㄦ椂 0.75s (score=66 depth=4)
[ 16] 榛?c3c4 (3, 6)->(4, 6) 缈诲紑=鍗?鐢ㄦ椂 1.54s (score=71 depth=4)
[ 17] 绾?h2h8 (7, 7)->(1, 7) 缈诲紑=鍏?鐢ㄦ椂 1.20s (score=72 depth=5)
[ 18] 榛?c0e2 (0, 6)->(2, 4) 缈诲紑=澹?鐢ㄦ椂 1.52s (score=42 depth=4)
[ 19] 绾?h8h9 (1, 7)->(0, 7) 鍚?b鍗?鐢ㄦ椂 1.32s (score=67 depth=6)
[ 20] 榛?a0b0 (0, 8)->(0, 7) 缈诲紑=鐐?鍚?r鍏?鐢ㄦ椂 1.54s (score=60.285714285714285 depth=5)
[ 21] 绾?h0h5 (9, 7)->(4, 7)  鐢ㄦ椂 0.64s (score=0 depth=4)
[ 22] 榛?g4g9 (4, 2)->(9, 2)  鐢ㄦ椂 0.66s (score=36 depth=5)
[ 23] 绾?h5a5 (4, 7)->(4, 0) 鍚?b鍗?鐢ㄦ椂 1.51s (score=54 depth=5)
[ 24] 榛?i0g0 (0, 0)->(0, 2) 缈诲紑=澹?鐢ㄦ椂 1.52s (score=-7.375 depth=5)
[ 25] 绾?a5i5 (4, 0)->(4, 8) 鍚?b棣?鐢ㄦ椂 0.80s (score=110 depth=5)
[ 26] 榛?g9h9 (9, 2)->(9, 1) 鍚?r鐐?鐢ㄦ椂 1.10s (score=126 depth=5)
[ 27] 绾?i5i9 (4, 8)->(0, 8)  鐢ㄦ椂 0.98s (score=69 depth=6)
[ 28] 榛?g0h1 (0, 2)->(1, 1) 鍚?r鍏?鐢ㄦ椂 1.08s (score=84 depth=5)
[ 29] 绾?e2f2 (7, 4)->(7, 5)  鐢ㄦ椂 1.52s (score=47 depth=5)
[ 30] 榛?h9i9 (9, 1)->(9, 0)  鐢ㄦ椂 1.54s (score=-2 depth=5)
[ 31] 绾?i4h6 (5, 8)->(3, 7)  鐢ㄦ椂 1.01s (score=28 depth=6)
[ 32] 榛?i9i6 (9, 0)->(6, 0) 鍚?r浠?鐢ㄦ椂 0.71s (score=35 depth=6)
[ 33] 绾?h6g8 (3, 7)->(1, 6)  鐢ㄦ椂 1.07s (score=27 depth=6)
[ 34] 榛?e0e1 (0, 4)->(1, 4)  鐢ㄦ椂 1.08s (score=-20 depth=7)
[ 35] 绾?f2f9 (7, 5)->(0, 5) 鍚?b杌?鐢ㄦ椂 1.39s (score=99 depth=6)
[ 36] 榛?i6e6 (6, 0)->(6, 4)  鐢ㄦ椂 0.74s (score=6 depth=5)
[ 37] 绾?d0e1 (9, 3)->(8, 4) 缈诲紑=鐩?鐢ㄦ椂 0.81s (score=30 depth=6)
[ 38] 榛?b0b9 (0, 7)->(9, 7)  鐢ㄦ椂 1.51s (score=69 depth=5)
[ 39] 绾?i9i8 (0, 8)->(1, 8)  鐢ㄦ椂 1.10s (score=-37 depth=7)
[ 40] 榛?e2d1 (2, 4)->(1, 5)  鐢ㄦ椂 0.94s (score=8 depth=12)
[ 41] 绾?f9f8 (0, 5)->(1, 5) 鍚?b澹?鐢ㄦ椂 0.54s (score=62 depth=12)
[ 42] 榛?e1e2 (1, 4)->(2, 4)  鐢ㄦ椂 0.73s (score=-10 depth=12)
[ 43] 绾?f8d8 (1, 5)->(1, 3) 鍚?b棣?鐢ㄦ椂 0.23s (score=99 depth=12)
[ 44] 榛?e2d2 (2, 4)->(2, 5)  鐢ㄦ椂 0.33s (score=-10 depth=12)
[ 45] 绾?d8d7 (1, 3)->(2, 3)  鐢ㄦ椂 0.04s (score=0 depth=12)
[ 46] 榛?b9d9 (9, 7)->(9, 5) 鍚?r鍏?鐢ㄦ椂 0.03s (score=52 depth=12)
[ 47] 绾?d7f7 (2, 3)->(2, 5) 鍚?b灏?鐢ㄦ椂 0.01s (score=3696 depth=12)

========================================================
瀵瑰眬缁撴灉
========================================================
鑳滆€? pypy (绾㈡柟)
鍘熷洜: 绗?47 鐫€鍚冩帀 灏? 鑾疯儨
鎬绘鏁? 47 鐫€, 鍏ㄥ眬澧欓挓 49.7s

鍙屾柟鐢ㄦ椂:
  pypy  (绾㈡柟):  24 鐫€  鎬荤敤鏃?   24.2s  骞冲潎  1.01s  鏈€闀?  1.53s
  pypy57 (榛戞柟):  23 鐫€  鎬荤敤鏃?   25.4s  骞冲潎  1.10s  鏈€闀?  1.54s

[*] 妫嬭氨宸蹭繚瀛? C:\Users\yimingwang218185\Desktop\jieqi_ai\tools\games\game_20260820_221018.json / .txt

缁堝眬妫嬬洏 (绾㈡柟鍦ㄤ笅):
    0 1 2 3 4 5 6 7 8
 0 | 路 路 路 b? 路 路 路 路 路
 1 | 路 b澹?路 路 路 路 r棣?路 r鐐?
 2 | b鍗?路 路 路 路 r杌?路 路 路
 3 | 路 路 路 路 r鐩?路 路 路 路
 4 | 路 路 路 路 路 路 b鍗?路 路
 5 | 路 路 路 路 r鍏?路 路 路 路
 6 | 路 路 路 路 b杌?路 r? 路 路
 7 | 路 路 路 路 路 路 路 路 路
 8 | 路 路 路 路 r鐩?路 路 路 路
 9 | 路 路 路 路 r甯?b鐐?r? 路 路
