[*] 瑁佸垽鍚姩: pypy 鎵х孩鍏堣(姣忕潃 1.5s) vs pypy57 鎵ч粦(姣忕潃 1.5s), 闅忔満绉嶅瓙 20260935
[engine_server] 灏辩华 (PyPy 3.11.13, engine=jieqi_engine)
[engine_server] 棰勭儹瀹屾垚
[engine_server] 灏辩华 (PyPy 3.11.13, engine=jieqi_engine_v57)
[engine_server] 棰勭儹瀹屾垚
[+] 寮曟搸瀛愯繘绋嬪氨缁?(PyPy: pypy3.EXE)
[+] 寮曟搸瀛愯繘绋嬪氨缁?(PyPy: pypy3.EXE)
[*] 绾㈡柟寮曟搸: pypy (miaosiSari 鍘熺増, alpha-beta)
[*] 榛戞柟寮曟搸: pypy57 (v5.7 鍩虹嚎, 鏃犻噸澶嶆劅鐭?
[  1] 绾?e3e4 (6, 4)->(5, 4) 缈诲紑=棣?鐢ㄦ椂 1.14s (score=84 depth=4)
[  2] 榛?e3e4 (3, 4)->(4, 4) 缈诲紑=杌?鐢ㄦ椂 0.74s (score=84 depth=3)
[  3] 绾?a3a4 (6, 0)->(5, 0) 缈诲紑=鐩?鐢ㄦ椂 0.61s (score=78 depth=3)
[  4] 榛?e4e5 (4, 4)->(5, 4) 鍚?r棣?鐢ㄦ椂 1.37s (score=122 depth=4)
[  5] 绾?c0e2 (9, 2)->(7, 4) 缈诲紑=鐩?鐢ㄦ椂 0.71s (score=41 depth=4)
[  6] 榛?h2h9 (2, 1)->(9, 1) 缈诲紑=鍗?鍚?r杌?鐢ㄦ椂 1.12s (score=155 depth=4)
[  7] 绾?a4c6 (5, 0)->(3, 2) 鍚?b鍗?鐢ㄦ椂 1.51s (score=81 depth=5)
[  8] 榛?e5e6 (5, 4)->(6, 4)  鐢ㄦ椂 1.33s (score=1 depth=5)
[  9] 绾?h2h9 (7, 7)->(0, 7) 缈诲紑=鐐?鍚?b鐐?鐢ㄦ椂 1.00s (score=155 depth=5)
[ 10] 榛?a0b0 (0, 8)->(0, 7) 缈诲紑=鍗?鍚?r鐐?鐢ㄦ椂 1.02s (score=201.0 depth=5)
[ 11] 绾?c3c4 (6, 2)->(5, 2) 缈诲紑=鍏?鐢ㄦ椂 1.35s (score=69 depth=5)
[ 12] 榛?e6c6 (6, 4)->(6, 6) 鍚?r杌?鐢ㄦ椂 0.85s (score=85 depth=4)
[ 13] 绾?a0b0 (9, 0)->(9, 1) 缈诲紑=鍏?鍚?b鍗?鐢ㄦ椂 1.29s (score=61.5 depth=5)
[ 14] 榛?a3a4 (3, 8)->(4, 8) 缈诲紑=璞?鐢ㄦ椂 1.52s (score=76 depth=4)
[ 15] 绾?d0e1 (9, 3)->(8, 4) 缈诲紑=鐐?鐢ㄦ椂 1.61s (score=46 depth=4)
[ 16] 榛?b2e2 (2, 7)->(2, 4) 缈诲紑=澹?鐢ㄦ椂 1.55s (score=39 depth=4)
[ 17] 绾?i3i4 (6, 8)->(5, 8) 缈诲紑=浠?鐢ㄦ椂 1.21s (score=72 depth=5)
[ 18] 榛?d0e1 (0, 5)->(1, 4) 缈诲紑=澹?鐢ㄦ椂 1.52s (score=32 depth=4)
[ 19] 绾?i4h5 (5, 8)->(4, 7)  鐢ㄦ椂 0.79s (score=9 depth=4)
[ 20] 榛?i3i4 (3, 0)->(4, 0) 缈诲紑=杌?鐢ㄦ椂 1.50s (score=66 depth=5)
[ 21] 绾?c6e8 (3, 2)->(1, 4) 鍚?b澹?鐢ㄦ椂 1.21s (score=103 depth=4)
[ 22] 榛?f0e1 (0, 3)->(1, 4) 缈诲紑=棣?鍚?r鐩?鐢ㄦ椂 1.29s (score=92 depth=4)
[ 23] 绾?h5g6 (4, 7)->(3, 6) 鍚?b璞?鐢ㄦ椂 1.56s (score=65 depth=4)
[ 24] 榛?c6c3 (6, 6)->(3, 6) 鍚?r浠?鐢ㄦ椂 1.49s (score=80 depth=4)
[ 25] 绾?e2g4 (7, 4)->(5, 6)  鐢ㄦ椂 0.78s (score=-12 depth=4)
[ 26] 榛?i4i9 (4, 0)->(9, 0)  鐢ㄦ椂 1.15s (score=38 depth=4)
[ 27] 绾?e1e2 (8, 4)->(7, 4)  鐢ㄦ椂 1.26s (score=5 depth=5)
[ 28] 榛?a4c6 (4, 8)->(6, 6)  鐢ㄦ椂 0.78s (score=10 depth=4)
[ 29] 绾?e0d0 (9, 4)->(9, 3)  鐢ㄦ椂 1.38s (score=-10 depth=6)
[ 30] 榛?c3d3 (3, 6)->(3, 5)  鐢ㄦ椂 0.79s (score=13 depth=4)
[ 31] 绾?f0e1 (9, 5)->(8, 4) 缈诲紑=鍏?鐢ㄦ椂 1.39s (score=42 depth=5)
[ 32] 榛?i9h9 (9, 0)->(9, 1) 鍚?r鍏?鐢ㄦ椂 0.97s (score=4 depth=4)
[ 33] 绾?d0d1 (9, 3)->(8, 3)  鐢ㄦ椂 0.67s (score=-20 depth=5)
[ 34] 榛?h9h8 (9, 1)->(8, 1)  鐢ㄦ椂 1.55s (score=-36 depth=9)
[ 35] 绾?d1d0 (8, 3)->(9, 3)  鐢ㄦ椂 1.53s (score=20 depth=8)
[ 36] 榛?d3d9 (3, 5)->(9, 5)  鐢ㄦ椂 0.08s (score=39 depth=12)
[ 37] 绾?e2e8 (7, 4)->(1, 4) 鍚?b棣?鐢ㄦ椂 0.08s (score=88 depth=12)
[ 38] 榛?d9f9 (9, 5)->(9, 3) 鍚?r甯?鐢ㄦ椂 0.02s (score=3696 depth=12)

========================================================
瀵瑰眬缁撴灉
========================================================
鑳滆€? pypy57 (榛戞柟)
鍘熷洜: 绗?38 鐫€鍚冩帀 甯? 鑾疯儨
鎬绘鏁? 38 鐫€, 鍏ㄥ眬澧欓挓 41.9s

鍙屾柟鐢ㄦ椂:
  pypy  (绾㈡柟):  19 鐫€  鎬荤敤鏃?   21.1s  骞冲潎  1.11s  鏈€闀?  1.61s
  pypy57 (榛戞柟):  19 鐫€  鎬荤敤鏃?   20.6s  骞冲潎  1.09s  鏈€闀?  1.55s

[*] 妫嬭氨宸蹭繚瀛? C:\Users\yimingwang218185\Desktop\jieqi_ai\tools\games\game_20260820_210431.json / .txt

缁堝眬妫嬬洏 (绾㈡柟鍦ㄤ笅):
    0 1 2 3 4 5 6 7 8
 0 | b? b? b? 路 b灏?路 b? b鍗?路
 1 | 路 路 路 路 r鐐?路 路 路 路
 2 | 路 路 路 路 b澹?路 路 路 路
 3 | 路 路 路 路 路 路 路 路 路
 4 | 路 路 路 路 路 路 路 路 路
 5 | 路 路 r鍏?路 路 路 r鐩?路 路
 6 | 路 路 路 路 路 路 b璞?路 路
 7 | 路 r? 路 路 路 路 路 路 路
 8 | 路 b杌?路 路 r鍏?路 路 路 路
 9 | 路 路 路 b杌?路 路 r? r? r?
