[*] 瑁佸垽鍚姩: pypy57 鎵х孩鍏堣(姣忕潃 1.5s) vs pypy 鎵ч粦(姣忕潃 1.5s), 闅忔満绉嶅瓙 20260936
[engine_server] 灏辩华 (PyPy 3.11.13, engine=jieqi_engine_v57)
[engine_server] 棰勭儹瀹屾垚
[engine_server] 灏辩华 (PyPy 3.11.13, engine=jieqi_engine)
[engine_server] 棰勭儹瀹屾垚
[+] 寮曟搸瀛愯繘绋嬪氨缁?(PyPy: pypy3.EXE)
[+] 寮曟搸瀛愯繘绋嬪氨缁?(PyPy: pypy3.EXE)
[*] 绾㈡柟寮曟搸: pypy57 (v5.7 鍩虹嚎, 鏃犻噸澶嶆劅鐭?
[*] 榛戞柟寮曟搸: pypy (miaosiSari 鍘熺増, alpha-beta)
[  1] 绾?e3e4 (6, 4)->(5, 4) 缈诲紑=鍏?鐢ㄦ椂 1.38s (score=84 depth=4)
[  2] 榛?a3a4 (3, 8)->(4, 8) 缈诲紑=澹?鐢ㄦ椂 0.97s (score=78 depth=3)
[  3] 绾?a3a4 (6, 0)->(5, 0) 缈诲紑=鐩?鐢ㄦ椂 0.99s (score=80 depth=4)
[  4] 榛?b2b9 (2, 7)->(9, 7) 缈诲紑=璞?鍚?r鐩?鐢ㄦ椂 1.08s (score=162 depth=4)
[  5] 绾?a4c6 (5, 0)->(3, 2) 鍚?b鍗?鐢ㄦ椂 0.81s (score=93 depth=4)
[  6] 榛?h2h9 (2, 1)->(9, 1) 缈诲紑=棣?鍚?r鐐?鐢ㄦ椂 1.37s (score=166 depth=5)
[  7] 绾?g3g4 (6, 6)->(5, 6) 缈诲紑=棣?鐢ㄦ椂 1.11s (score=80 depth=4)
[  8] 榛?c3c4 (3, 6)->(4, 6) 缈诲紑=璞?鐢ㄦ椂 0.65s (score=77 depth=3)
[  9] 绾?i3i4 (6, 8)->(5, 8) 缈诲紑=鍏?鐢ㄦ椂 1.06s (score=70 depth=4)
[ 10] 榛?h9g7 (9, 1)->(7, 2)  鐢ㄦ椂 1.25s (score=-6 depth=5)
[ 11] 绾?b2b8 (7, 1)->(1, 1) 缈诲紑=杌?鐢ㄦ椂 1.25s (score=76 depth=4)
[ 12] 榛?g7f9 (7, 2)->(9, 3) 鍚?r杌?鐢ㄦ椂 0.79s (score=79 depth=3)
[ 13] 绾?i4i5 (5, 8)->(4, 8) 鍚?b澹?鐢ㄦ椂 1.52s (score=83 depth=3)
[ 14] 榛?i3i4 (3, 0)->(4, 0) 缈诲紑=鐐?鐢ㄦ椂 1.56s (score=67 depth=4)
[ 15] 绾?h2h8 (7, 7)->(1, 7) 缈诲紑=鍏?鐢ㄦ椂 1.57s (score=72 depth=3)
[ 16] 榛?i4e4 (4, 0)->(4, 4)  鐢ㄦ椂 1.57s (score=5 depth=4)
[ 17] 绾?e4e5 (5, 4)->(4, 4) 鍚?b鐐?鐢ㄦ椂 1.53s (score=140 depth=5)
[ 18] 榛?i0i9 (0, 0)->(9, 0) 缈诲紑=棣?鍚?r浠?鐢ㄦ椂 0.68s (score=125.5 depth=5)
[ 19] 绾?e5e6 (4, 4)->(3, 4) 鍚?b鐐?鐢ㄦ椂 1.05s (score=106 depth=4)
[ 20] 榛?f9g7 (9, 3)->(7, 2)  鐢ㄦ椂 1.54s (score=-12 depth=5)
[ 21] 绾?b8b9 (1, 1)->(0, 1) 鍚?b杌?鐢ㄦ椂 1.03s (score=111 depth=5)
[ 22] 榛?i9g8 (9, 0)->(8, 2)  鐢ㄦ椂 1.52s (score=27 depth=7)
[ 23] 绾?e0d0 (9, 4)->(9, 3)  鐢ㄦ椂 1.32s (score=-10 depth=8)
[ 24] 榛?g8e7 (8, 2)->(7, 4)  鐢ㄦ椂 1.50s (score=-36 depth=7)
[ 25] 绾?d0d1 (9, 3)->(8, 3)  鐢ㄦ椂 0.86s (score=-20 depth=7)
[ 26] 榛?e7d9 (7, 4)->(9, 5) 鍚?r浠?鐢ㄦ椂 1.43s (score=69 depth=6)
[ 27] 绾?d1d2 (8, 3)->(7, 3)  鐢ㄦ椂 1.13s (score=-10 depth=7)
[ 28] 榛?g7i8 (7, 2)->(8, 0)  鐢ㄦ椂 1.59s (score=6 depth=5)
[ 29] 绾?b9b1 (0, 1)->(8, 1)  鐢ㄦ椂 1.55s (score=-40 depth=5)
[ 30] 榛?c0e2 (0, 6)->(2, 4) 缈诲紑=杌?鐢ㄦ椂 1.22s (score=37 depth=5)
[ 31] 绾?e6e7 (3, 4)->(2, 4) 鍚?b杌?鐢ㄦ椂 1.55s (score=329 depth=5)
[ 32] 榛?g0e2 (0, 2)->(2, 4) 缈诲紑=澹?鍚?r鍏?鐢ㄦ椂 1.25s (score=134 depth=5)
[ 33] 绾?b1a1 (8, 1)->(8, 0) 鍚?b棣?鐢ㄦ椂 0.79s (score=112 depth=4)
[ 34] 榛?d9c7 (9, 5)->(7, 6)  鐢ㄦ椂 1.19s (score=-12 depth=5)
[ 35] 绾?h8h9 (1, 7)->(0, 7) 鍚?b鍗?鐢ㄦ椂 0.95s (score=77 depth=4)
[ 36] 榛?a0b0 (0, 8)->(0, 7) 缈诲紑=鍗?鍚?r鍏?鐢ㄦ椂 1.11s (score=67.0 depth=6)
[ 37] 绾?c3c4 (6, 2)->(5, 2) 缈诲紑=棣?鐢ㄦ椂 0.92s (score=63 depth=5)
[ 38] 榛?e2f1 (2, 4)->(1, 3)  鐢ㄦ椂 1.56s (score=8 depth=5)
[ 39] 绾?c0e2 (9, 2)->(7, 4) 缈诲紑=鐐?鐢ㄦ椂 0.95s (score=34 depth=4)
[ 40] 榛?c7d5 (7, 6)->(5, 5)  鐢ㄦ椂 0.67s (score=19 depth=5)
[ 41] 绾?c4d6 (5, 2)->(3, 3)  鐢ㄦ椂 0.78s (score=14 depth=4)
[ 42] 榛?d5c3 (5, 5)->(3, 6)  鐢ㄦ椂 0.95s (score=-15 depth=6)
[ 43] 绾?d6f7 (3, 3)->(2, 5)  鐢ㄦ椂 0.98s (score=0 depth=4)
[ 44] 榛?c3d1 (3, 6)->(1, 5)  鐢ㄦ椂 1.53s (score=-19 depth=7)
[ 45] 绾?a1a8 (8, 0)->(1, 0)  鐢ㄦ椂 0.77s (score=10 depth=4)
[ 46] 榛?b9d7 (9, 7)->(7, 5)  鐢ㄦ椂 1.11s (score=2 depth=6)
[ 47] 绾?c6e8 (3, 2)->(1, 4)  鐢ㄦ椂 1.52s (score=-2 depth=5)
[ 48] 榛?f1e2 (1, 3)->(2, 4)  鐢ㄦ椂 0.76s (score=-8 depth=5)
[ 49] 绾?a8d8 (1, 0)->(1, 3)  鐢ㄦ椂 1.58s (score=39 depth=6)
[ 50] 榛?d7f5 (7, 5)->(5, 3)  鐢ㄦ椂 1.57s (score=-6 depth=7)
[ 51] 绾?d8d9 (1, 3)->(0, 3) 鍚?b鍗?鐢ㄦ椂 1.51s (score=119 depth=6)
[ 52] 榛?e0f0 (0, 4)->(0, 3) 鍚?r杌?鐢ㄦ椂 1.05s (score=336 depth=7)
[ 53] 绾?e8c6 (1, 4)->(3, 2)  鐢ㄦ椂 1.31s (score=2 depth=6)
[ 54] 榛?e2f1 (2, 4)->(1, 3)  鐢ㄦ椂 0.75s (score=8 depth=5)
[ 55] 绾?i0i4 (9, 8)->(5, 8) 缈诲紑=鍏?鐢ㄦ椂 0.90s (score=46.0 depth=5)
[ 56] 榛?d1f2 (1, 5)->(2, 3)  鐢ㄦ椂 0.98s (score=16 depth=6)
[ 57] 绾?f7g5 (2, 5)->(4, 6) 鍚?b璞?鐢ㄦ椂 0.90s (score=15 depth=5)
[ 58] 榛?f2g4 (2, 3)->(4, 2)  鐢ㄦ椂 1.55s (score=6 depth=5)
[ 59] 绾?g0i2 (9, 6)->(7, 8) 缈诲紑=鍏?鐢ㄦ椂 1.55s (score=40 depth=6)
[ 60] 榛?g4h6 (4, 2)->(6, 1)  鐢ㄦ椂 0.99s (score=17 depth=7)
[ 61] 绾?d2d1 (7, 3)->(8, 3)  鐢ㄦ椂 1.07s (score=10 depth=7)
[ 62] 榛?f5h3 (5, 3)->(3, 1)  鐢ㄦ椂 1.28s (score=0 depth=6)
[ 63] 绾?g4e5 (5, 6)->(4, 4)  鐢ㄦ椂 1.41s (score=13 depth=6)
[ 64] 榛?h6f5 (6, 1)->(5, 3)  鐢ㄦ椂 0.91s (score=-5 depth=6)
[ 65] 绾?e2e3 (7, 4)->(6, 4)  鐢ㄦ椂 0.95s (score=0 depth=6)
[ 66] 榛?f5g7 (5, 3)->(7, 2)  鐢ㄦ椂 0.81s (score=-19 depth=6)
[ 67] 绾?d1d2 (8, 3)->(7, 3)  鐢ㄦ椂 1.29s (score=-10 depth=6)
[ 68] 榛?g7i8 (7, 2)->(8, 0)  鐢ㄦ椂 0.91s (score=6 depth=6)
[ 69] 绾?e5c4 (4, 4)->(5, 2)  鐢ㄦ椂 0.77s (score=-13 depth=5)
[ 70] 榛?h3f5 (3, 1)->(5, 3)  鐢ㄦ椂 1.45s (score=0 depth=7)
[ 71] 绾?c4a5 (5, 2)->(4, 0)  鐢ㄦ椂 1.00s (score=-11 depth=6)
[ 72] 榛?f1g2 (1, 3)->(2, 2)  鐢ㄦ椂 1.11s (score=-4 depth=6)
[ 73] 绾?i5h5 (4, 8)->(4, 7)  鐢ㄦ椂 1.13s (score=21 depth=6)
[ 74] 榛?g2h3 (2, 2)->(3, 1)  鐢ㄦ椂 0.92s (score=4 depth=7)
[ 75] 绾?a5c4 (4, 0)->(5, 2)  鐢ㄦ椂 1.54s (score=11 depth=6)
[ 76] 榛?h3g4 (3, 1)->(4, 2)  鐢ㄦ椂 1.31s (score=6 depth=7)
[ 77] 绾?d2d1 (7, 3)->(8, 3)  鐢ㄦ椂 1.14s (score=10 depth=6)
[ 78] 榛?i8g7 (8, 0)->(7, 2)  鐢ㄦ椂 1.37s (score=-6 depth=7)
[ 79] 绾?c4d2 (5, 2)->(7, 3)  鐢ㄦ椂 1.12s (score=-6 depth=6)
[ 80] 榛?g7h5 (7, 2)->(5, 1)  鐢ㄦ椂 1.52s (score=6 depth=6)
[ 81] 绾?g5e6 (4, 6)->(3, 4)  鐢ㄦ椂 1.38s (score=1 depth=6)
[ 82] 榛?h5g3 (5, 1)->(3, 2) 鍚?r鐩?鐢ㄦ椂 0.72s (score=68 depth=6)
[ 83] 绾?e6c5 (3, 4)->(4, 2) 鍚?b澹?鐢ㄦ椂 1.04s (score=74 depth=6)
[ 84] 榛?f5h7 (5, 3)->(7, 1)  鐢ㄦ椂 0.74s (score=6 depth=6)
[ 85] 绾?c5e4 (4, 2)->(5, 4)  鐢ㄦ椂 1.56s (score=3 depth=6)
[ 86] 榛?g3f5 (3, 2)->(5, 3)  鐢ㄦ椂 1.45s (score=15 depth=6)
[ 87] 绾?d2c4 (7, 3)->(5, 2)  鐢ㄦ椂 1.08s (score=6 depth=6)
[ 88] 榛?b0b1 (0, 7)->(1, 7)  鐢ㄦ椂 1.55s (score=2 depth=7)
[ 89] 绾?c4b2 (5, 2)->(7, 1) 鍚?b璞?鐢ㄦ椂 1.46s (score=33 depth=7)
[ 90] 榛?b1b2 (1, 7)->(2, 7)  鐢ㄦ椂 0.82s (score=1 depth=7)
[ 91] 绾?e4g5 (5, 4)->(4, 6)  鐢ㄦ椂 0.76s (score=-3 depth=6)
[ 92] 榛?d0e1 (0, 5)->(1, 4) 缈诲紑=鍗?鐢ㄦ椂 1.53s (score=38 depth=7)
[ 93] 绾?g5e6 (4, 6)->(3, 4)  鐢ㄦ椂 0.95s (score=1 depth=7)
[ 94] 榛?e1e2 (1, 4)->(2, 4)  鐢ㄦ椂 0.99s (score=15 depth=8)
[ 95] 绾?e6d4 (3, 4)->(5, 3) 鍚?b棣?鐢ㄦ椂 0.85s (score=135 depth=6)
[ 96] 榛?e2e3 (2, 4)->(3, 4)  鐢ㄦ椂 1.29s (score=10 depth=8)
[ 97] 绾?e3d3 (6, 4)->(6, 3)  鐢ㄦ椂 1.00s (score=-14 depth=6)
[ 98] 榛?f0e0 (0, 3)->(0, 4)  鐢ㄦ椂 1.57s (score=10 depth=7)
[ 99] 绾?d4e6 (5, 3)->(3, 4) 鍚?b鍗?鐢ㄦ椂 1.40s (score=13 depth=6)
[100] 榛?b2b3 (2, 7)->(3, 7)  鐢ㄦ椂 1.00s (score=8 depth=7)
[101] 绾?d3e3 (6, 3)->(6, 4)  鐢ㄦ椂 1.46s (score=14 depth=6)
[102] 榛?e0d0 (0, 4)->(0, 5)  鐢ㄦ椂 1.54s (score=-10 depth=7)
[103] 绾?e6d8 (3, 4)->(1, 3)  鐢ㄦ椂 1.49s (score=-3 depth=6)
[104] 榛?d0e0 (0, 5)->(0, 4)  鐢ㄦ椂 0.71s (score=10 depth=7)
[105] 绾?d8f7 (1, 3)->(2, 5)  鐢ㄦ椂 1.52s (score=18 depth=6)
[106] 榛?e0e1 (0, 4)->(1, 4)  鐢ㄦ椂 0.74s (score=-20 depth=7)
[107] 绾?f7h6 (2, 5)->(3, 7) 鍚?b鍗?鐢ㄦ椂 1.54s (score=16 depth=5)
[108] 榛?e1e0 (1, 4)->(0, 4)  鐢ㄦ椂 1.21s (score=20 depth=7)
[109] 绾?e3f3 (6, 4)->(6, 5)  鐢ㄦ椂 1.15s (score=-14 depth=6)
[110] 榛?e0e1 (0, 4)->(1, 4)  鐢ㄦ椂 0.38s (score=-20 depth=12)
[111] 绾?h6g8 (3, 7)->(1, 6)  鐢ㄦ椂 0.18s (score=27 depth=12)
[112] 榛?e1d1 (1, 4)->(1, 5)  鐢ㄦ椂 0.57s (score=-10 depth=12)
[113] 绾?g8f6 (1, 6)->(3, 5)  鐢ㄦ椂 0.03s (score=-30 depth=12)
[114] 榛?d1d2 (1, 5)->(2, 5)  鐢ㄦ椂 0.04s (score=-10 depth=12)
[115] 绾?f3f7 (6, 5)->(2, 5) 鍚?b灏?鐢ㄦ椂 0.03s (score=3696 depth=12)

========================================================
瀵瑰眬缁撴灉
========================================================
鑳滆€? pypy57 (绾㈡柟)
鍘熷洜: 绗?115 鐫€鍚冩帀 灏? 鑾疯儨
鎬绘鏁? 115 鐫€, 鍏ㄥ眬澧欓挓 130.0s

鍙屾柟鐢ㄦ椂:
  pypy57 (绾㈡柟):  58 鐫€  鎬荤敤鏃?   65.4s  骞冲潎  1.13s  鏈€闀?  1.58s
  pypy  (榛戞柟):  57 鐫€  鎬荤敤鏃?   64.2s  骞冲潎  1.13s  鏈€闀?  1.59s

[*] 妫嬭氨宸蹭繚瀛? C:\Users\yimingwang218185\Desktop\jieqi_ai\tools\games\game_20260820_210643.json / .txt

缁堝眬妫嬬洏 (绾㈡柟鍦ㄤ笅):
    0 1 2 3 4 5 6 7 8
 0 | 路 路 路 路 路 路 路 路 路
 1 | 路 路 路 路 路 路 路 路 路
 2 | 路 路 路 路 路 r鐐?路 路 路
 3 | 路 路 路 路 路 r棣?路 路 路
 4 | 路 路 路 路 路 路 路 r鍏?路
 5 | 路 路 路 路 路 路 路 路 r鍏?
 6 | 路 路 路 路 路 路 路 路 路
 7 | 路 r棣?路 路 路 路 路 路 r鍏?
 8 | 路 路 路 r甯?路 路 路 路 路
 9 | 路 路 路 路 路 路 路 路 路
