[*] 瑁佸垽鍚姩: pypy 鎵х孩鍏堣(姣忕潃 1.5s) vs pypy57 鎵ч粦(姣忕潃 1.5s), 闅忔満绉嶅瓙 20260943
[engine_server] 灏辩华 (PyPy 3.11.13, engine=jieqi_engine)
[engine_server] 棰勭儹瀹屾垚
[engine_server] 灏辩华 (PyPy 3.11.13, engine=jieqi_engine_v57)
[engine_server] 棰勭儹瀹屾垚
[+] 寮曟搸瀛愯繘绋嬪氨缁?(PyPy: pypy3.EXE)
[+] 寮曟搸瀛愯繘绋嬪氨缁?(PyPy: pypy3.EXE)
[*] 绾㈡柟寮曟搸: pypy (miaosiSari 鍘熺増, alpha-beta)
[*] 榛戞柟寮曟搸: pypy57 (v5.7 鍩虹嚎, 鏃犻噸澶嶆劅鐭?
[  1] 绾?e3e4 (6, 4)->(5, 4) 缈诲紑=鍏?鐢ㄦ椂 0.75s (score=84 depth=3)
[  2] 榛?a3a4 (3, 8)->(4, 8) 缈诲紑=鐐?鐢ㄦ椂 1.15s (score=78 depth=3)
[  3] 绾?h0i2 (9, 7)->(7, 8) 缈诲紑=鍏?鐢ㄦ椂 0.65s (score=40 depth=3)
[  4] 榛?i3i4 (3, 0)->(4, 0) 缈诲紑=杌?鐢ㄦ椂 0.65s (score=78 depth=3)
[  5] 绾?b2b9 (7, 1)->(0, 1) 缈诲紑=棣?鍚?b棣?鐢ㄦ椂 0.69s (score=144 depth=3)
[  6] 榛?i0h0 (0, 0)->(0, 1) 缈诲紑=鍗?鍚?r棣?鐢ㄦ椂 1.53s (score=116.0 depth=3)
[  7] 绾?c3c4 (6, 2)->(5, 2) 缈诲紑=鐐?鐢ㄦ椂 1.09s (score=81 depth=4)
[  8] 榛?i4g4 (4, 0)->(4, 2)  鐢ㄦ椂 1.39s (score=4 depth=4)
[  9] 绾?h2h9 (7, 7)->(0, 7) 缈诲紑=浠?鍚?b璞?鐢ㄦ椂 1.01s (score=142 depth=4)
[ 10] 榛?g4g5 (4, 2)->(5, 2) 鍚?r鐐?鐢ㄦ椂 1.06s (score=128 depth=4)
[ 11] 绾?c0e2 (9, 2)->(7, 4) 缈诲紑=浠?鐢ㄦ椂 1.26s (score=49 depth=5)
[ 12] 榛?g5e5 (5, 2)->(5, 4) 鍚?r鍏?鐢ㄦ椂 1.57s (score=63 depth=3)
[ 13] 绾?g3g4 (6, 6)->(5, 6) 缈诲紑=杌?鐢ㄦ椂 0.89s (score=80 depth=4)
[ 14] 榛?e5c5 (5, 4)->(5, 6) 鍚?r杌?鐢ㄦ椂 0.76s (score=298 depth=4)
[ 15] 绾?a3a4 (6, 0)->(5, 0) 缈诲紑=杌?鐢ㄦ椂 0.86s (score=73 depth=5)
[ 16] 榛?a4e4 (4, 8)->(4, 4)  鐢ㄦ椂 0.83s (score=5 depth=4)
[ 17] 绾?d0e1 (9, 3)->(8, 4) 缈诲紑=棣?鐢ㄦ椂 0.91s (score=28 depth=5)
[ 18] 榛?h2h5 (2, 1)->(5, 1) 缈诲紑=澹?鐢ㄦ椂 1.22s (score=54 depth=4)
[ 19] 绾?a4a6 (5, 0)->(3, 0)  鐢ㄦ椂 1.55s (score=2 depth=4)
[ 20] 榛?c5g5 (5, 6)->(5, 2)  鐢ㄦ椂 0.77s (score=0 depth=3)
[ 21] 绾?b0a2 (9, 1)->(7, 0) 缈诲紑=鐩?鐢ㄦ椂 0.68s (score=33 depth=3)
[ 22] 榛?g5g4 (5, 2)->(4, 2)  鐢ㄦ椂 1.38s (score=1 depth=4)
[ 23] 绾?a6b6 (3, 0)->(3, 1)  鐢ㄦ椂 0.82s (score=2 depth=4)
[ 24] 榛?b2b8 (2, 7)->(8, 7) 缈诲紑=鍗?鐢ㄦ椂 0.69s (score=72 depth=4)
[ 25] 绾?b6b4 (3, 1)->(5, 1) 鍚?b澹?鐢ㄦ椂 1.08s (score=72 depth=5)
[ 26] 榛?c3c4 (3, 6)->(4, 6) 缈诲紑=鍗?鐢ㄦ椂 0.82s (score=64 depth=4)
[ 27] 绾?b4e4 (5, 1)->(5, 4)  鐢ㄦ椂 1.42s (score=13 depth=5)
[ 28] 榛?c4c5 (4, 6)->(5, 6)  鐢ㄦ椂 1.60s (score=17 depth=4)
[ 29] 绾?e1g2 (8, 4)->(7, 6)  鐢ㄦ椂 0.77s (score=15 depth=4)
[ 30] 榛?c5c6 (5, 6)->(6, 6)  鐢ㄦ椂 0.98s (score=10 depth=4)
[ 31] 绾?g2e3 (7, 6)->(6, 4)  鐢ㄦ椂 1.41s (score=4 depth=5)
[ 32] 榛?c0e2 (0, 6)->(2, 4) 缈诲紑=鐐?鐢ㄦ椂 0.86s (score=44 depth=4)
[ 33] 绾?f0e1 (9, 5)->(8, 4) 缈诲紑=鐐?鐢ㄦ椂 0.59s (score=26 depth=3)
[ 34] 榛?e4e6 (4, 4)->(6, 4) 鍚?r棣?鐢ㄦ椂 1.06s (score=118 depth=4)
[ 35] 绾?e4e3 (5, 4)->(6, 4) 鍚?b鐐?鐢ㄦ椂 0.80s (score=129 depth=5)
[ 36] 榛?e2e6 (2, 4)->(6, 4) 鍚?r杌?鐢ㄦ椂 1.38s (score=294 depth=6)
[ 37] 绾?e1e3 (8, 4)->(6, 4) 鍚?b鐐?鐢ㄦ椂 1.25s (score=135 depth=6)
[ 38] 榛?d0e1 (0, 5)->(1, 4) 缈诲紑=澹?鐢ㄦ椂 0.91s (score=43 depth=5)
[ 39] 绾?e2d1 (7, 4)->(8, 3)  鐢ㄦ椂 1.27s (score=8 depth=5)
[ 40] 榛?e3e4 (3, 4)->(4, 4) 缈诲紑=鍗?鐢ㄦ椂 0.94s (score=78 depth=5)
[ 41] 绾?h9g8 (0, 7)->(1, 6)  鐢ㄦ椂 1.55s (score=-4 depth=5)
[ 42] 榛?g4f4 (4, 2)->(4, 3)  鐢ㄦ椂 1.42s (score=5 depth=5)
[ 43] 绾?d1c2 (8, 3)->(7, 2)  鐢ㄦ椂 1.58s (score=-4 depth=5)
[ 44] 榛?g3g4 (3, 2)->(4, 2) 缈诲紑=杌?鐢ㄦ椂 1.03s (score=73 depth=5)
[ 45] 绾?c2b3 (7, 2)->(6, 1)  鐢ㄦ椂 1.22s (score=4 depth=5)
[ 46] 榛?g4g6 (4, 2)->(6, 2)  鐢ㄦ椂 1.15s (score=0 depth=5)
[ 47] 绾?e3e1 (6, 4)->(8, 4)  鐢ㄦ椂 1.50s (score=-5 depth=6)
[ 48] 榛?g6h6 (6, 2)->(6, 1) 鍚?r浠?鐢ㄦ椂 0.71s (score=69 depth=4)
[ 49] 绾?i3i4 (6, 8)->(5, 8) 缈诲紑=鐩?鐢ㄦ椂 1.25s (score=70 depth=5)
[ 50] 榛?h6e6 (6, 1)->(6, 4)  鐢ㄦ椂 0.93s (score=4 depth=5)
[ 51] 绾?i4g6 (5, 8)->(3, 6)  鐢ㄦ椂 1.12s (score=10 depth=5)
[ 52] 榛?f4f8 (4, 3)->(8, 3)  鐢ㄦ椂 1.54s (score=2 depth=5)
[ 53] 绾?e1e2 (8, 4)->(7, 4)  鐢ㄦ椂 1.55s (score=5 depth=5)
[ 54] 榛?b8c8 (8, 7)->(8, 6)  鐢ㄦ椂 0.91s (score=5 depth=5)
[ 55] 绾?g6e8 (3, 6)->(1, 4) 鍚?b澹?鐢ㄦ椂 0.88s (score=103 depth=5)
[ 56] 榛?f0e1 (0, 3)->(1, 4) 缈诲紑=鍗?鍚?r鐩?鐢ㄦ椂 0.91s (score=111 depth=4)
[ 57] 绾?a2c4 (7, 0)->(5, 2)  鐢ㄦ椂 0.91s (score=-4 depth=5)
[ 58] 榛?g0e2 (0, 2)->(2, 4) 缈诲紑=棣?鐢ㄦ椂 0.81s (score=50 depth=4)
[ 59] 绾?i2i3 (7, 8)->(6, 8)  鐢ㄦ椂 1.20s (score=8 depth=5)
[ 60] 榛?c8c9 (8, 6)->(9, 6) 鍚?r鍏?鐢ㄦ椂 0.73s (score=72 depth=4)
[ 61] 绾?g8f7 (1, 6)->(2, 5)  鐢ㄦ椂 0.92s (score=-8 depth=5)
[ 62] 榛?c6c7 (6, 6)->(7, 6)  鐢ㄦ椂 1.45s (score=27 depth=4)
[ 63] 绾?i0g0 (9, 8)->(9, 6) 缈诲紑=鍏?鍚?b鍗?鐢ㄦ椂 1.55s (score=30.0 depth=4)
[ 64] 榛?c7d7 (7, 6)->(7, 5)  鐢ㄦ椂 0.94s (score=5 depth=4)
[ 65] 绾?f7e6 (2, 5)->(3, 4)  鐢ㄦ椂 1.51s (score=-3 depth=5)
[ 66] 榛?f8d8 (8, 3)->(8, 5)  鐢ㄦ椂 1.17s (score=30 depth=4)
[ 67] 绾?e6d7 (3, 4)->(2, 3)  鐢ㄦ椂 0.76s (score=3 depth=5)
[ 68] 榛?d7e7 (7, 5)->(7, 4) 鍚?r鐐?鐢ㄦ椂 1.52s (score=158 depth=5)
[ 69] 绾?c4e2 (5, 2)->(7, 4) 鍚?b鍗?鐢ㄦ椂 0.78s (score=109 depth=5)
[ 70] 榛?e6e7 (6, 4)->(7, 4) 鍚?r鐩?鐢ㄦ椂 1.03s (score=53 depth=5)
[ 71] 绾?e0d0 (9, 4)->(9, 3)  鐢ㄦ椂 1.57s (score=-10 depth=6)
[ 72] 榛?e7e9 (7, 4)->(9, 4)  鐢ㄦ椂 1.52s (score=-2 depth=5)
[ 73] 绾?d0e0 (9, 3)->(9, 4) 鍚?b杌?鐢ㄦ椂 1.04s (score=354 depth=7)
[ 74] 榛?a0a6 (0, 8)->(6, 8) 缈诲紑=璞?鍚?r鍏?鐢ㄦ椂 1.54s (score=61.5 depth=5)
[ 75] 绾?g0g1 (9, 6)->(8, 6)  鐢ㄦ椂 1.14s (score=2 depth=6)
[ 76] 榛?d8c8 (8, 5)->(8, 6) 鍚?r鍏?鐢ㄦ椂 1.44s (score=-32 depth=6)
[ 77] 绾?a0a9 (9, 0)->(0, 0) 缈诲紑=鍏?鐢ㄦ椂 0.92s (score=45.0 depth=6)
[ 78] 榛?c8c3 (8, 6)->(3, 6)  鐢ㄦ椂 1.10s (score=-8 depth=6)
[ 79] 绾?a9b9 (0, 0)->(0, 1) 鍚?b鍗?鐢ㄦ椂 1.33s (score=11 depth=7)
[ 80] 榛?c3f3 (3, 6)->(3, 3)  鐢ㄦ椂 0.91s (score=43 depth=6)
[ 81] 绾?d7e6 (2, 3)->(3, 4)  鐢ㄦ椂 0.99s (score=-3 depth=7)
[ 82] 榛?f3e3 (3, 3)->(3, 4) 鍚?r浠?鐢ㄦ椂 0.82s (score=55 depth=6)
[ 83] 绾?b9c9 (0, 1)->(0, 2)  鐢ㄦ椂 1.22s (score=1 depth=8)
[ 84] 榛?e3f3 (3, 4)->(3, 3)  鐢ㄦ椂 0.71s (score=33 depth=6)
[ 85] 绾?e0e1 (9, 4)->(8, 4)  鐢ㄦ椂 0.78s (score=-20 depth=7)
[ 86] 榛?e4e5 (4, 4)->(5, 4)  鐢ㄦ椂 0.97s (score=10 depth=6)
[ 87] 绾?e1e0 (8, 4)->(9, 4)  鐢ㄦ椂 1.55s (score=20 depth=7)
[ 88] 榛?e5e6 (5, 4)->(6, 4)  鐢ㄦ椂 1.34s (score=21 depth=6)
[ 89] 绾?e0e1 (9, 4)->(8, 4)  鐢ㄦ椂 1.55s (score=-20 depth=7)
[ 90] 榛?f3f7 (3, 3)->(7, 3)  鐢ㄦ椂 1.36s (score=2 depth=6)
[ 91] 绾?e1e0 (8, 4)->(9, 4)  鐢ㄦ椂 0.68s (score=20 depth=7)
[ 92] 榛?e6e7 (6, 4)->(7, 4)  鐢ㄦ椂 0.99s (score=37 depth=6)
[ 93] 绾?e0f0 (9, 4)->(9, 5)  鐢ㄦ椂 1.06s (score=-10 depth=8)
[ 94] 榛?f7f9 (7, 3)->(9, 3)  鐢ㄦ椂 1.02s (score=7 depth=12)
[ 95] 绾?f0f1 (9, 5)->(8, 5)  鐢ㄦ椂 1.18s (score=-20 depth=8)
[ 96] 榛?e2d4 (2, 4)->(4, 5)  鐢ㄦ椂 1.47s (score=-3 depth=7)
[ 97] 绾?c9d9 (0, 2)->(0, 3)  鐢ㄦ椂 0.51s (score=2 depth=12)
[ 98] 榛?f9f0 (9, 3)->(0, 3) 鍚?r鍏?鐢ㄦ椂 0.16s (score=73 depth=12)
[ 99] 绾?f1f0 (8, 5)->(9, 5)  鐢ㄦ椂 0.21s (score=20 depth=12)
[100] 榛?f0f9 (0, 3)->(9, 3)  鐢ㄦ椂 0.11s (score=14 depth=12)
[101] 绾?f0f1 (9, 5)->(8, 5)  鐢ㄦ椂 0.05s (score=-20 depth=12)
[102] 榛?f9d9 (9, 3)->(9, 5)  鐢ㄦ椂 0.12s (score=0 depth=12)
[103] 绾?f1f0 (8, 5)->(9, 5) 鍚?b杌?鐢ㄦ椂 0.15s (score=366 depth=12)
[104] 榛?e7e8 (7, 4)->(8, 4)  鐢ㄦ椂 0.08s (score=16 depth=12)
[105] 绾?f0f1 (9, 5)->(8, 5)  鐢ㄦ椂 0.04s (score=-20 depth=12)
[106] 榛?e8d8 (8, 4)->(8, 5) 鍚?r甯?鐢ㄦ椂 0.02s (score=3696 depth=12)

========================================================
瀵瑰眬缁撴灉
========================================================
鑳滆€? pypy57 (榛戞柟)
鍘熷洜: 绗?106 鐫€鍚冩帀 甯? 鑾疯儨
鎬绘鏁? 106 鐫€, 鍏ㄥ眬澧欓挓 107.9s

鍙屾柟鐢ㄦ椂:
  pypy  (绾㈡柟):  53 鐫€  鎬荤敤鏃?   54.0s  骞冲潎  1.02s  鏈€闀?  1.58s
  pypy57 (榛戞柟):  53 鐫€  鎬荤敤鏃?   53.5s  骞冲潎  1.01s  鏈€闀?  1.60s

[*] 妫嬭氨宸蹭繚瀛? C:\Users\yimingwang218185\Desktop\jieqi_ai\tools\games\game_20260820_211509.json / .txt

缁堝眬妫嬬洏 (绾㈡柟鍦ㄤ笅):
    0 1 2 3 4 5 6 7 8
 0 | 路 路 路 路 b灏?路 路 路 路
 1 | 路 路 路 路 b鍗?路 路 路 路
 2 | 路 路 路 路 路 路 路 路 路
 3 | 路 路 路 路 路 路 路 路 路
 4 | 路 路 路 路 路 b棣?路 路 路
 5 | 路 路 路 路 路 路 路 路 路
 6 | 路 路 路 路 路 路 路 路 b璞?
 7 | 路 路 路 路 路 路 路 路 路
 8 | 路 路 路 路 路 b鍗?路 路 路
 9 | 路 路 路 路 路 路 路 路 路
