[*] 瑁佸垽鍚姩: pypy57 鎵х孩鍏堣(姣忕潃 1.5s) vs pypy 鎵ч粦(姣忕潃 1.5s), 闅忔満绉嶅瓙 20260940
[engine_server] 灏辩华 (PyPy 3.11.13, engine=jieqi_engine_v57)
[engine_server] 棰勭儹瀹屾垚
[engine_server] 灏辩华 (PyPy 3.11.13, engine=jieqi_engine)
[engine_server] 棰勭儹瀹屾垚
[+] 寮曟搸瀛愯繘绋嬪氨缁?(PyPy: pypy3.EXE)
[+] 寮曟搸瀛愯繘绋嬪氨缁?(PyPy: pypy3.EXE)
[*] 绾㈡柟寮曟搸: pypy57 (v5.7 鍩虹嚎, 鏃犻噸澶嶆劅鐭?
[*] 榛戞柟寮曟搸: pypy (miaosiSari 鍘熺増, alpha-beta)
[  1] 绾?e3e4 (6, 4)->(5, 4) 缈诲紑=鍏?鐢ㄦ椂 1.01s (score=84 depth=4)
[  2] 榛?a3a4 (3, 8)->(4, 8) 缈诲紑=鍗?鐢ㄦ椂 0.76s (score=78 depth=3)
[  3] 绾?g3g4 (6, 6)->(5, 6) 缈诲紑=鍏?鐢ㄦ椂 0.69s (score=78 depth=4)
[  4] 榛?b2b9 (2, 7)->(9, 7) 缈诲紑=鍗?鍚?r鐩?鐢ㄦ椂 0.74s (score=161 depth=4)
[  5] 绾?i0h0 (9, 8)->(9, 7) 缈诲紑=鐩?鍚?b鍗?鐢ㄦ椂 1.30s (score=94.0 depth=5)
[  6] 榛?h2h6 (2, 1)->(6, 1) 缈诲紑=鍗?鐢ㄦ椂 1.46s (score=62 depth=5)
[  7] 绾?c3c4 (6, 2)->(5, 2) 缈诲紑=浠?鐢ㄦ椂 1.40s (score=83 depth=5)
[  8] 榛?h6h7 (6, 1)->(7, 1) 鍚?r浠?鐢ㄦ椂 0.73s (score=98 depth=5)
[  9] 绾?a3a4 (6, 0)->(5, 0) 缈诲紑=鍏?鐢ㄦ椂 0.86s (score=85 depth=5)
[ 10] 榛?a4a5 (4, 8)->(5, 8)  鐢ㄦ椂 1.57s (score=10 depth=5)
[ 11] 绾?g0e2 (9, 6)->(7, 4) 缈诲紑=杌?鐢ㄦ椂 0.86s (score=56 depth=5)
[ 12] 榛?h7h8 (7, 1)->(8, 1)  鐢ㄦ椂 0.86s (score=10 depth=5)
[ 13] 绾?i3i4 (6, 8)->(5, 8) 缈诲紑=鐐?鍚?b鍗?鐢ㄦ椂 1.35s (score=105 depth=5)
[ 14] 榛?a0a5 (0, 8)->(5, 8) 缈诲紑=璞?鍚?r鐐?鐢ㄦ椂 0.84s (score=118.75 depth=5)
[ 15] 绾?e2f2 (7, 4)->(7, 5)  鐢ㄦ椂 1.10s (score=47 depth=5)
[ 16] 榛?h8h9 (8, 1)->(9, 1) 鍚?r棣?鐢ㄦ椂 0.96s (score=74 depth=5)
[ 17] 绾?a0b0 (9, 0)->(9, 1) 缈诲紑=杌?鍚?b鍗?鐢ㄦ椂 1.55s (score=96.61538461538461 depth=5)
[ 18] 榛?g3g4 (3, 2)->(4, 2) 缈诲紑=棣?鐢ㄦ椂 1.41s (score=67 depth=5)
[ 19] 绾?c4d5 (5, 2)->(4, 3)  鐢ㄦ椂 0.81s (score=7 depth=4)
[ 20] 榛?c0e2 (0, 6)->(2, 4) 缈诲紑=鍗?鐢ㄦ椂 1.00s (score=40 depth=4)
[ 21] 绾?h2h8 (7, 7)->(1, 7) 缈诲紑=棣?鐢ㄦ椂 1.50s (score=67 depth=5)
[ 22] 榛?b0d1 (0, 7)->(1, 5) 缈诲紑=璞?鐢ㄦ椂 0.72s (score=38 depth=5)
[ 23] 绾?f2f8 (7, 5)->(1, 5) 鍚?b璞?鐢ㄦ椂 0.84s (score=27 depth=4)
[ 24] 榛?a5c7 (5, 8)->(7, 6)  鐢ㄦ椂 0.94s (score=10 depth=6)
[ 25] 绾?f8f1 (1, 5)->(8, 5)  鐢ㄦ椂 1.12s (score=0 depth=6)
[ 26] 榛?d0e1 (0, 5)->(1, 4) 缈诲紑=鐐?鐢ㄦ椂 0.90s (score=39 depth=5)
[ 27] 绾?b0b5 (9, 1)->(4, 1)  鐢ㄦ椂 0.96s (score=5 depth=5)
[ 28] 榛?g4f6 (4, 2)->(6, 3)  鐢ㄦ椂 1.23s (score=14 depth=6)
[ 29] 绾?b5b1 (4, 1)->(8, 1)  鐢ㄦ椂 1.06s (score=-3 depth=5)
[ 30] 榛?g0i2 (0, 2)->(2, 0) 缈诲紑=棣?鐢ㄦ椂 1.26s (score=38 depth=5)
[ 31] 绾?h8g6 (1, 7)->(3, 6) 鍚?b鐐?鐢ㄦ椂 1.54s (score=79 depth=5)
[ 32] 榛?c7e5 (7, 6)->(5, 4) 鍚?r鍏?鐢ㄦ椂 0.92s (score=54 depth=5)
[ 33] 绾?g6i7 (3, 6)->(2, 8)  鐢ㄦ椂 0.65s (score=-5 depth=4)
[ 34] 榛?e5c7 (5, 4)->(7, 6)  鐢ㄦ椂 1.29s (score=5 depth=6)
[ 35] 绾?i7g8 (2, 8)->(1, 6)  鐢ㄦ椂 1.62s (score=48 depth=5)
[ 36] 榛?e1d1 (1, 4)->(1, 5)  鐢ㄦ椂 0.96s (score=-7 depth=7)
[ 37] 绾?b1d1 (8, 1)->(8, 3)  鐢ㄦ椂 1.27s (score=11 depth=6)
[ 38] 榛?f6h5 (6, 3)->(5, 1)  鐢ㄦ椂 0.69s (score=-15 depth=5)
[ 39] 绾?d5e6 (4, 3)->(3, 4) 鍚?b杌?鐢ㄦ椂 1.42s (score=89 depth=6)
[ 40] 榛?e2e3 (2, 4)->(3, 4) 鍚?r浠?鐢ㄦ椂 1.50s (score=98 depth=6)
[ 41] 绾?d1d2 (8, 3)->(7, 3)  鐢ㄦ椂 1.57s (score=0 depth=5)
[ 42] 榛?c7e5 (7, 6)->(5, 4)  鐢ㄦ椂 1.44s (score=-5 depth=6)
[ 43] 绾?f1f8 (8, 5)->(1, 5) 鍚?b鐐?鐢ㄦ椂 0.88s (score=128 depth=6)
[ 44] 榛?e5g7 (5, 4)->(7, 2)  鐢ㄦ椂 1.06s (score=5 depth=7)
[ 45] 绾?e0e1 (9, 4)->(8, 4)  鐢ㄦ椂 0.75s (score=-20 depth=6)
[ 46] 榛?i3i4 (3, 0)->(4, 0) 缈诲紑=鍗?鐢ㄦ椂 0.82s (score=12 depth=5)
[ 47] 绾?f8a8 (1, 5)->(1, 0)  鐢ㄦ椂 0.83s (score=-39 depth=10)
[ 48] 榛?e0d0 (0, 4)->(0, 5)  鐢ㄦ椂 0.68s (score=-10 depth=9)
[ 49] 绾?d2d9 (7, 3)->(0, 3) 鍚?b杌?鐢ㄦ椂 0.05s (score=117 depth=12)
[ 50] 榛?i0i1 (0, 0)->(1, 0) 缈诲紑=澹?鍚?r杌?鐢ㄦ椂 0.05s (score=253.0 depth=12)
[ 51] 绾?d9f9 (0, 3)->(0, 5) 鍚?b灏?鐢ㄦ椂 0.02s (score=3696 depth=12)

========================================================
瀵瑰眬缁撴灉
========================================================
鑳滆€? pypy57 (绾㈡柟)
鍘熷洜: 绗?51 鐫€鍚冩帀 灏? 鑾疯儨
鎬绘鏁? 51 鐫€, 鍏ㄥ眬澧欓挓 52.0s

鍙屾柟鐢ㄦ椂:
  pypy57 (绾㈡柟):  26 鐫€  鎬荤敤鏃?   27.0s  骞冲潎  1.04s  鏈€闀?  1.62s
  pypy  (榛戞柟):  25 鐫€  鎬荤敤鏃?   24.8s  骞冲潎  0.99s  鏈€闀?  1.57s

[*] 妫嬭氨宸蹭繚瀛? C:\Users\yimingwang218185\Desktop\jieqi_ai\tools\games\game_20260820_211116.json / .txt

缁堝眬妫嬬洏 (绾㈡柟鍦ㄤ笅):
    0 1 2 3 4 5 6 7 8
 0 | 路 b? 路 路 路 r杌?路 路 路
 1 | b澹?路 路 路 路 路 r棣?路 路
 2 | b棣?路 路 路 路 路 路 路 路
 3 | 路 路 路 路 b鍗?路 路 路 路
 4 | b鍗?路 路 路 路 路 路 路 路
 5 | r鍏?b棣?路 路 路 路 r鍏?路 路
 6 | 路 路 路 路 路 路 路 路 路
 7 | 路 路 b璞?路 路 路 路 路 路
 8 | 路 路 路 路 r甯?路 路 路 路
 9 | 路 路 r? r? 路 r? 路 r鐩?路
