[*] 瑁佸垽鍚姩: pypy 鎵х孩鍏堣(姣忕潃 1.5s) vs pypy57 鎵ч粦(姣忕潃 1.5s), 闅忔満绉嶅瓙 20260939
[engine_server] 灏辩华 (PyPy 3.11.13, engine=jieqi_engine)
[engine_server] 棰勭儹瀹屾垚
[engine_server] 灏辩华 (PyPy 3.11.13, engine=jieqi_engine_v57)
[engine_server] 棰勭儹瀹屾垚
[+] 寮曟搸瀛愯繘绋嬪氨缁?(PyPy: pypy3.EXE)
[+] 寮曟搸瀛愯繘绋嬪氨缁?(PyPy: pypy3.EXE)
[*] 绾㈡柟寮曟搸: pypy (miaosiSari 鍘熺増, alpha-beta)
[*] 榛戞柟寮曟搸: pypy57 (v5.7 鍩虹嚎, 鏃犻噸澶嶆劅鐭?
[  1] 绾?e3e4 (6, 4)->(5, 4) 缈诲紑=浠?鐢ㄦ椂 1.01s (score=84 depth=4)
[  2] 榛?a3a4 (3, 8)->(4, 8) 缈诲紑=璞?鐢ㄦ椂 0.89s (score=78 depth=3)
[  3] 绾?g3g4 (6, 6)->(5, 6) 缈诲紑=鍏?鐢ㄦ椂 0.94s (score=77 depth=4)
[  4] 榛?b2b9 (2, 7)->(9, 7) 缈诲紑=杌?鍚?r鍏?鐢ㄦ椂 1.23s (score=162 depth=4)
[  5] 绾?i0h0 (9, 8)->(9, 7) 缈诲紑=鍏?鍚?b杌?鐢ㄦ椂 1.29s (score=306.0 depth=5)
[  6] 榛?h2h9 (2, 1)->(9, 1) 缈诲紑=鐐?鍚?r浠?鐢ㄦ椂 1.60s (score=166 depth=4)
[  7] 绾?a0b0 (9, 0)->(9, 1) 缈诲紑=鍏?鍚?b鐐?鐢ㄦ椂 1.06s (score=192.30769230769232 depth=5)
[  8] 榛?i3i4 (3, 0)->(4, 0) 缈诲紑=澹?鐢ㄦ椂 1.56s (score=77 depth=5)
[  9] 绾?c3c4 (6, 2)->(5, 2) 缈诲紑=鍏?鐢ㄦ椂 1.26s (score=85 depth=5)
[ 10] 榛?a4c6 (4, 8)->(6, 6)  鐢ㄦ椂 0.88s (score=10 depth=5)
[ 11] 绾?a3a4 (6, 0)->(5, 0) 缈诲紑=杌?鐢ㄦ椂 1.52s (score=81 depth=4)
[ 12] 榛?a0a6 (0, 8)->(6, 8) 缈诲紑=鍗?鍚?r鐐?鐢ㄦ椂 1.56s (score=78.33333333333334 depth=4)
[ 13] 绾?b2b8 (7, 1)->(1, 1) 缈诲紑=鐩?鐢ㄦ椂 1.46s (score=70 depth=5)
[ 14] 榛?c0a2 (0, 6)->(2, 8) 缈诲紑=鍗?鐢ㄦ椂 0.76s (score=41 depth=5)
[ 15] 绾?h2h8 (7, 7)->(1, 7) 缈诲紑=杌?鐢ㄦ椂 0.75s (score=72 depth=5)
[ 16] 榛?g0e2 (0, 2)->(2, 4) 缈诲紑=杌?鐢ㄦ椂 0.73s (score=51 depth=5)
[ 17] 绾?h8h9 (1, 7)->(0, 7) 鍚?b棣?鐢ㄦ椂 1.28s (score=105 depth=5)
[ 18] 榛?e3e4 (3, 4)->(4, 4) 缈诲紑=鐐?鐢ㄦ椂 1.49s (score=75 depth=5)
[ 19] 绾?c0e2 (9, 2)->(7, 4) 缈诲紑=棣?鐢ㄦ椂 1.22s (score=48 depth=5)
[ 20] 榛?e4e7 (4, 4)->(7, 4) 鍚?r棣?鐢ㄦ椂 0.74s (score=117 depth=4)
[ 21] 绾?g0e2 (9, 6)->(7, 4) 缈诲紑=棣?鍚?b鐐?鐢ㄦ椂 1.53s (score=170 depth=5)
[ 22] 榛?e2e5 (2, 4)->(5, 4) 鍚?r浠?鐢ㄦ椂 0.89s (score=88 depth=6)
[ 23] 绾?h9h2 (0, 7)->(7, 7)  鐢ㄦ椂 1.53s (score=-44 depth=5)
[ 24] 榛?e5c5 (5, 4)->(5, 6) 鍚?r鍏?鐢ㄦ椂 0.84s (score=46 depth=5)
[ 25] 绾?d0e1 (9, 3)->(8, 4) 缈诲紑=鐐?鐢ㄦ椂 0.76s (score=39 depth=5)
[ 26] 榛?c6e8 (6, 6)->(8, 4) 鍚?r鐐?鐢ㄦ椂 1.53s (score=133 depth=6)
[ 27] 绾?h2f2 (7, 7)->(7, 5)  鐢ㄦ椂 1.55s (score=45 depth=5)
[ 28] 榛?e8g6 (8, 4)->(6, 2)  鐢ㄦ椂 1.06s (score=2 depth=6)
[ 29] 绾?f0e1 (9, 5)->(8, 4) 缈诲紑=鐩?鐢ㄦ椂 1.58s (score=39 depth=5)
[ 30] 榛?g6e8 (6, 2)->(8, 4) 鍚?r鐩?鐢ㄦ椂 0.70s (score=28 depth=5)
[ 31] 绾?e0f0 (9, 4)->(9, 5)  鐢ㄦ椂 0.87s (score=-10 depth=5)
[ 32] 榛?c5c9 (5, 6)->(9, 6)  鐢ㄦ椂 1.04s (score=-3 depth=7)
[ 33] 绾?f0f1 (9, 5)->(8, 5)  鐢ㄦ椂 1.23s (score=-20 depth=9)
[ 34] 榛?c9c8 (9, 6)->(8, 6)  鐢ㄦ椂 1.28s (score=4 depth=7)
[ 35] 绾?f1f0 (8, 5)->(9, 5)  鐢ㄦ椂 1.17s (score=20 depth=9)
[ 36] 榛?c8c9 (8, 6)->(9, 6)  鐢ㄦ椂 0.93s (score=-4 depth=7)
[ 37] 绾?f0f1 (9, 5)->(8, 5)  鐢ㄦ椂 1.08s (score=-20 depth=9)
[ 38] 榛?c9c8 (9, 6)->(8, 6)  鐢ㄦ椂 1.00s (score=4 depth=7)

========================================================
瀵瑰眬缁撴灉
========================================================
鑳滆€? pypy (绾㈡柟)
鍘熷洜: 绗?38 鐫€鍚? 榛戞柟闀垮皢 (閿噸澶嶄笖鐜唴榛戞柟姣忕潃鍧囧皢鍐?, 鍒よ礋
鎬绘鏁? 38 鐫€, 鍏ㄥ眬澧欓挓 44.0s

鍙屾柟鐢ㄦ椂:
  pypy  (绾㈡柟):  19 鐫€  鎬荤敤鏃?   23.1s  骞冲潎  1.22s  鏈€闀?  1.58s
  pypy57 (榛戞柟):  19 鐫€  鎬荤敤鏃?   20.7s  骞冲潎  1.09s  鏈€闀?  1.60s

[*] 妫嬭氨宸蹭繚瀛? C:\Users\yimingwang218185\Desktop\jieqi_ai\tools\games\game_20260820_211022.json / .txt

缁堝眬妫嬬洏 (绾㈡柟鍦ㄤ笅):
    0 1 2 3 4 5 6 7 8
 0 | b? b? 路 b? b灏?b? 路 路 路
 1 | 路 r鐩?路 路 路 路 路 路 路
 2 | 路 路 路 路 路 路 路 路 b鍗?
 3 | 路 路 b? 路 路 路 b? 路 路
 4 | b澹?路 路 路 路 路 路 路 路
 5 | r杌?路 r鍏?路 路 路 路 路 路
 6 | 路 路 路 路 路 路 路 路 b鍗?
 7 | 路 路 路 路 r棣?r杌?路 路 路
 8 | 路 路 路 路 b璞?r甯?b杌?路 路
 9 | 路 r鍏?路 路 路 路 路 r鍏?路
