[*] 瑁佸垽鍚姩: pypy 鎵х孩鍏堣(姣忕潃 1.5s) vs pypy57 鎵ч粦(姣忕潃 1.5s), 闅忔満绉嶅瓙 20260937
[engine_server] 灏辩华 (PyPy 3.11.13, engine=jieqi_engine)
[engine_server] 棰勭儹瀹屾垚
[engine_server] 灏辩华 (PyPy 3.11.13, engine=jieqi_engine_v57)
[engine_server] 棰勭儹瀹屾垚
[+] 寮曟搸瀛愯繘绋嬪氨缁?(PyPy: pypy3.EXE)
[+] 寮曟搸瀛愯繘绋嬪氨缁?(PyPy: pypy3.EXE)
[*] 绾㈡柟寮曟搸: pypy (miaosiSari 鍘熺増, alpha-beta)
[*] 榛戞柟寮曟搸: pypy57 (v5.7 鍩虹嚎, 鏃犻噸澶嶆劅鐭?
[  1] 绾?e3e4 (6, 4)->(5, 4) 缈诲紑=鐐?鐢ㄦ椂 1.43s (score=84 depth=4)
[  2] 榛?b2e2 (2, 7)->(2, 4) 缈诲紑=棣?鐢ㄦ椂 0.90s (score=41 depth=4)
[  3] 绾?e4e1 (5, 4)->(8, 4)  鐢ㄦ椂 1.58s (score=5 depth=3)
[  4] 榛?a3a4 (3, 8)->(4, 8) 缈诲紑=鐐?鐢ㄦ椂 0.96s (score=78 depth=4)
[  5] 绾?b2b9 (7, 1)->(0, 1) 缈诲紑=棣?鍚?b鍗?鐢ㄦ椂 1.17s (score=149 depth=4)
[  6] 榛?a4a9 (4, 8)->(9, 8) 鍚?r鐐?鐢ㄦ椂 1.47s (score=163.69230769230768 depth=4)
[  7] 绾?h0g2 (9, 7)->(7, 6) 缈诲紑=鍏?鐢ㄦ椂 0.58s (score=36 depth=3)
[  8] 榛?a0a6 (0, 8)->(6, 8) 缈诲紑=鍗?鍚?r鍏?鐢ㄦ椂 1.54s (score=106.5 depth=3)
[  9] 绾?b9c7 (0, 1)->(2, 2)  鐢ㄦ椂 0.63s (score=-6 depth=3)
[ 10] 榛?e3e4 (3, 4)->(4, 4) 缈诲紑=澹?鐢ㄦ椂 1.26s (score=75 depth=4)
[ 11] 绾?a3a4 (6, 0)->(5, 0) 缈诲紑=鍏?鐢ㄦ椂 1.06s (score=79 depth=4)
[ 12] 榛?h2h8 (2, 1)->(8, 1) 缈诲紑=鐐?鐢ㄦ椂 1.23s (score=76 depth=4)
[ 13] 绾?c3c4 (6, 2)->(5, 2) 缈诲紑=杌?鐢ㄦ椂 1.12s (score=78 depth=4)
[ 14] 榛?d0e1 (0, 5)->(1, 4) 缈诲紑=鍗?鐢ㄦ椂 1.17s (score=29 depth=3)
[ 15] 绾?g3g4 (6, 6)->(5, 6) 缈诲紑=鐩?鐢ㄦ椂 1.56s (score=71 depth=3)
[ 16] 榛?c0a2 (0, 6)->(2, 8) 缈诲紑=杌?鐢ㄦ椂 0.78s (score=40 depth=3)
[ 17] 绾?h2h8 (7, 7)->(1, 7) 缈诲紑=杌?鐢ㄦ椂 1.20s (score=72 depth=3)
[ 18] 榛?a2a0 (2, 8)->(0, 8)  鐢ㄦ椂 1.04s (score=6 depth=4)
[ 19] 绾?h8h0 (1, 7)->(9, 7)  鐢ㄦ椂 1.53s (score=-6 depth=3)
[ 20] 榛?a6b6 (6, 8)->(6, 7)  鐢ㄦ椂 1.04s (score=10 depth=4)
[ 21] 绾?c4b4 (5, 2)->(5, 1)  鐢ㄦ椂 1.58s (score=-10 depth=3)
[ 22] 榛?h8g8 (8, 1)->(8, 2)  鐢ㄦ椂 0.62s (score=-12 depth=3)
[ 23] 绾?b4c4 (5, 1)->(5, 2)  鐢ㄦ椂 1.06s (score=10 depth=4)
[ 24] 榛?g8h8 (8, 2)->(8, 1)  鐢ㄦ椂 1.28s (score=12 depth=4)
[ 25] 绾?c4b4 (5, 2)->(5, 1)  鐢ㄦ椂 1.66s (score=-10 depth=3)
[ 26] 榛?h8g8 (8, 1)->(8, 2)  鐢ㄦ椂 0.58s (score=-12 depth=3)
[ 27] 绾?b4c4 (5, 1)->(5, 2)  鐢ㄦ椂 1.17s (score=10 depth=4)
[ 28] 榛?g8h8 (8, 2)->(8, 1)  鐢ㄦ椂 0.61s (score=12 depth=3)

========================================================
瀵瑰眬缁撴灉
========================================================
鍜屾
鍘熷洜: 绗?28 鐫€鍚庡眬闈㈢ 3 娆″嚭鐜? 鍒ゅ拰
鎬绘鏁? 28 鐫€, 鍏ㄥ眬澧欓挓 32.0s

鍙屾柟鐢ㄦ椂:
  pypy  (绾㈡柟):  14 鐫€  鎬荤敤鏃?   17.3s  骞冲潎  1.24s  鏈€闀?  1.66s
  pypy57 (榛戞柟):  14 鐫€  鎬荤敤鏃?   14.5s  骞冲潎  1.03s  鏈€闀?  1.54s

[*] 妫嬭氨宸蹭繚瀛? C:\Users\yimingwang218185\Desktop\jieqi_ai\tools\games\game_20260820_210717.json / .txt

缁堝眬妫嬬洏 (绾㈡柟鍦ㄤ笅):
    0 1 2 3 4 5 6 7 8
 0 | b? 路 b? b? b灏?路 路 b? b杌?
 1 | 路 路 路 路 b鍗?路 路 路 路
 2 | 路 路 r棣?路 b棣?路 路 路 路
 3 | b? 路 b? 路 路 路 b? 路 路
 4 | 路 路 路 路 b澹?路 路 路 路
 5 | r鍏?路 r杌?路 路 路 r鐩?路 路
 6 | 路 路 路 路 路 路 路 b鍗?路
 7 | 路 路 路 路 路 路 r鍏?路 路
 8 | 路 b鐐?路 路 r鐐?路 路 路 路
 9 | r? r? r? r? r甯?r? r? r杌?b鐐?
