[*] 瑁佸垽鍚姩: pypy 鎵х孩鍏堣(姣忕潃 1.5s) vs pypy57 鎵ч粦(姣忕潃 1.5s), 闅忔満绉嶅瓙 20260941
[engine_server] 灏辩华 (PyPy 3.11.13, engine=jieqi_engine)
[engine_server] 棰勭儹瀹屾垚
[engine_server] 灏辩华 (PyPy 3.11.13, engine=jieqi_engine_v57)
[engine_server] 棰勭儹瀹屾垚
[+] 寮曟搸瀛愯繘绋嬪氨缁?(PyPy: pypy3.EXE)
[+] 寮曟搸瀛愯繘绋嬪氨缁?(PyPy: pypy3.EXE)
[*] 绾㈡柟寮曟搸: pypy (miaosiSari 鍘熺増, alpha-beta)
[*] 榛戞柟寮曟搸: pypy57 (v5.7 鍩虹嚎, 鏃犻噸澶嶆劅鐭?
[  1] 绾?e3e4 (6, 4)->(5, 4) 缈诲紑=浠?鐢ㄦ椂 1.07s (score=84 depth=4)
[  2] 榛?a3a4 (3, 8)->(4, 8) 缈诲紑=棣?鐢ㄦ椂 0.78s (score=78 depth=3)
[  3] 绾?a3a4 (6, 0)->(5, 0) 缈诲紑=鍏?鐢ㄦ椂 0.94s (score=79 depth=4)
[  4] 榛?c3c4 (3, 6)->(4, 6) 缈诲紑=鍗?鐢ㄦ椂 0.58s (score=74 depth=3)
[  5] 绾?b2b9 (7, 1)->(0, 1) 缈诲紑=鍏?鍚?b鍗?鐢ㄦ椂 0.96s (score=158 depth=4)
[  6] 榛?i0h0 (0, 0)->(0, 1) 缈诲紑=鐐?鍚?r鍏?鐢ㄦ椂 1.53s (score=92.0 depth=4)
[  7] 绾?h2h9 (7, 7)->(0, 7) 缈诲紑=鍏?鍚?b棣?鐢ㄦ椂 0.85s (score=157 depth=4)
[  8] 榛?a4b6 (4, 8)->(6, 7)  鐢ㄦ椂 1.18s (score=28 depth=5)
[  9] 绾?h9i9 (0, 7)->(0, 8) 鍚?b鍗?鐢ㄦ椂 0.95s (score=88.5 depth=5)
[ 10] 榛?b6c8 (6, 7)->(8, 6)  鐢ㄦ椂 0.65s (score=27 depth=4)
[ 11] 绾?e0e1 (9, 4)->(8, 4)  鐢ㄦ椂 1.21s (score=-20 depth=6)
[ 12] 榛?g3g4 (3, 2)->(4, 2) 缈诲紑=澹?鐢ㄦ椂 0.77s (score=76 depth=4)
[ 13] 绾?i3i4 (6, 8)->(5, 8) 缈诲紑=鐐?鐢ㄦ椂 0.87s (score=74 depth=5)
[ 14] 榛?e3e4 (3, 4)->(4, 4) 缈诲紑=鍗?鐢ㄦ椂 1.42s (score=77 depth=4)
[ 15] 绾?g0i2 (9, 6)->(7, 8) 缈诲紑=鐩?鐢ㄦ椂 0.86s (score=42 depth=3)
[ 16] 榛?b2b8 (2, 7)->(8, 7) 缈诲紑=璞?鐢ㄦ椂 1.57s (score=77 depth=4)
[ 17] 绾?c3c4 (6, 2)->(5, 2) 缈诲紑=棣?鐢ㄦ椂 1.20s (score=73 depth=5)
[ 18] 榛?e4e5 (4, 4)->(5, 4) 鍚?r浠?鐢ㄦ椂 1.24s (score=85 depth=5)
[ 19] 绾?c0a2 (9, 2)->(7, 0) 缈诲紑=鐩?鐢ㄦ椂 0.70s (score=41 depth=4)
[ 20] 榛?c0e2 (0, 6)->(2, 4) 缈诲紑=杌?鐢ㄦ椂 1.54s (score=47 depth=5)
[ 21] 绾?h0f1 (9, 7)->(8, 5) 缈诲紑=杌?鐢ㄦ椂 1.55s (score=42 depth=5)
[ 22] 榛?e5f5 (5, 4)->(5, 3)  鐢ㄦ椂 1.00s (score=-2 depth=5)
[ 23] 绾?i4e4 (5, 8)->(5, 4)  鐢ㄦ椂 0.80s (score=5 depth=6)
[ 24] 榛?e2e5 (2, 4)->(5, 4) 鍚?r鐐?鐢ㄦ椂 0.85s (score=143 depth=7)
[ 25] 绾?e1d1 (8, 4)->(8, 3)  鐢ㄦ椂 1.27s (score=-10 depth=7)
[ 26] 榛?b8d6 (8, 7)->(6, 5)  鐢ㄦ椂 1.55s (score=-25 depth=5)
[ 27] 绾?f1f3 (8, 5)->(6, 5) 鍚?b璞?鐢ㄦ椂 0.95s (score=28 depth=6)
[ 28] 榛?c8d6 (8, 6)->(6, 5) 鍚?r杌?鐢ㄦ椂 0.82s (score=277 depth=4)
[ 29] 绾?c4a3 (5, 2)->(6, 0)  鐢ㄦ椂 1.55s (score=-9 depth=5)
[ 30] 榛?e5e6 (5, 4)->(6, 4)  鐢ㄦ椂 1.13s (score=1 depth=4)
[ 31] 绾?a3c4 (6, 0)->(5, 2)  鐢ㄦ椂 1.56s (score=9 depth=4)
[ 32] 榛?e6f6 (6, 4)->(6, 3)  鐢ㄦ椂 1.14s (score=3 depth=12)
[ 33] 绾?c4d2 (5, 2)->(7, 3)  鐢ㄦ椂 0.60s (score=-6 depth=12)
[ 34] 榛?f6f7 (6, 3)->(7, 3) 鍚?r棣?鐢ㄦ椂 0.04s (score=115 depth=12)
[ 35] 绾?d1d2 (8, 3)->(7, 3) 鍚?b杌?鐢ㄦ椂 0.08s (score=299 depth=12)
[ 36] 榛?d6f7 (6, 5)->(7, 3) 鍚?r甯?鐢ㄦ椂 0.03s (score=3696 depth=12)

========================================================
瀵瑰眬缁撴灉
========================================================
鑳滆€? pypy57 (榛戞柟)
鍘熷洜: 绗?36 鐫€鍚冩帀 甯? 鑾疯儨
鎬绘鏁? 36 鐫€, 鍏ㄥ眬澧欓挓 36.0s

鍙屾柟鐢ㄦ椂:
  pypy  (绾㈡柟):  18 鐫€  鎬荤敤鏃?   18.0s  骞冲潎  1.00s  鏈€闀?  1.56s
  pypy57 (榛戞柟):  18 鐫€  鎬荤敤鏃?   17.8s  骞冲潎  0.99s  鏈€闀?  1.57s

[*] 妫嬭氨宸蹭繚瀛? C:\Users\yimingwang218185\Desktop\jieqi_ai\tools\games\game_20260820_211154.json / .txt

缁堝眬妫嬬洏 (绾㈡柟鍦ㄤ笅):
    0 1 2 3 4 5 6 7 8
 0 | 路 b鐐?b? b? b灏?b? 路 路 r鍏?
 1 | 路 路 路 路 路 路 路 路 路
 2 | 路 b? 路 路 路 路 路 路 路
 3 | b? 路 路 路 路 路 路 路 路
 4 | 路 路 b澹?路 路 路 b鍗?路 路
 5 | r鍏?路 路 b鍗?路 路 路 路 路
 6 | 路 路 路 路 路 路 r? 路 路
 7 | r鐩?路 路 b棣?路 路 路 路 r鐩?
 8 | 路 路 路 路 路 路 路 路 路
 9 | r? r? 路 r? 路 r? 路 路 r?
