[*] 瑁佸垽鍚姩: pypy57 鎵х孩鍏堣(姣忕潃 1.5s) vs pypy 鎵ч粦(姣忕潃 1.5s), 闅忔満绉嶅瓙 20260942
[engine_server] 灏辩华 (PyPy 3.11.13, engine=jieqi_engine_v57)
[engine_server] 棰勭儹瀹屾垚
[engine_server] 灏辩华 (PyPy 3.11.13, engine=jieqi_engine)
[engine_server] 棰勭儹瀹屾垚
[+] 寮曟搸瀛愯繘绋嬪氨缁?(PyPy: pypy3.EXE)
[+] 寮曟搸瀛愯繘绋嬪氨缁?(PyPy: pypy3.EXE)
[*] 绾㈡柟寮曟搸: pypy57 (v5.7 鍩虹嚎, 鏃犻噸澶嶆劅鐭?
[*] 榛戞柟寮曟搸: pypy (miaosiSari 鍘熺増, alpha-beta)
[  1] 绾?e3e4 (6, 4)->(5, 4) 缈诲紑=鍏?鐢ㄦ椂 1.06s (score=84 depth=4)
[  2] 榛?a3a4 (3, 8)->(4, 8) 缈诲紑=杌?鐢ㄦ椂 1.00s (score=78 depth=3)
[  3] 绾?h2h9 (7, 7)->(0, 7) 缈诲紑=浠?鍚?b璞?鐢ㄦ椂 0.79s (score=145 depth=4)
[  4] 榛?h2h9 (2, 1)->(9, 1) 缈诲紑=鍗?鍚?r鍏?鐢ㄦ椂 1.37s (score=153 depth=4)
[  5] 绾?a0b0 (9, 0)->(9, 1) 缈诲紑=鍏?鍚?b鍗?鐢ㄦ椂 0.70s (score=54.153846153846146 depth=4)
[  6] 榛?i3i4 (3, 0)->(4, 0) 缈诲紑=鐐?鐢ㄦ椂 1.05s (score=73 depth=4)
[  7] 绾?a3a4 (6, 0)->(5, 0) 缈诲紑=鍏?鐢ㄦ椂 1.57s (score=84 depth=4)
[  8] 榛?i4g4 (4, 0)->(4, 2)  鐢ㄦ椂 0.85s (score=4 depth=4)
[  9] 绾?c0e2 (9, 2)->(7, 4) 缈诲紑=鐩?鐢ㄦ椂 0.72s (score=55 depth=5)
[ 10] 榛?b2b8 (2, 7)->(8, 7) 缈诲紑=璞?鐢ㄦ椂 1.01s (score=71 depth=4)
[ 11] 绾?g3g4 (6, 6)->(5, 6) 缈诲紑=杌?鐢ㄦ椂 1.09s (score=88 depth=6)
[ 12] 榛?a4c4 (4, 8)->(4, 6)  鐢ㄦ椂 1.57s (score=4 depth=4)
[ 13] 绾?g4h4 (5, 6)->(5, 7)  鐢ㄦ椂 1.20s (score=-10 depth=5)
[ 14] 榛?i0i5 (0, 0)->(5, 0) 缈诲紑=棣?鍚?r鍏?鐢ㄦ椂 1.01s (score=28.666666666666664 depth=4)
[ 15] 绾?b2b4 (7, 1)->(5, 1) 缈诲紑=鍏?鐢ㄦ椂 1.09s (score=51 depth=5)
[ 16] 榛?a0a6 (0, 8)->(6, 8) 缈诲紑=鍗?鍚?r鐐?鐢ㄦ椂 0.73s (score=92.33333333333334 depth=4)
[ 17] 绾?h4h1 (5, 7)->(8, 7) 鍚?b璞?鐢ㄦ椂 1.23s (score=61 depth=5)
[ 18] 榛?c4f4 (4, 6)->(4, 3)  鐢ㄦ椂 0.73s (score=35 depth=4)
[ 19] 绾?c3c4 (6, 2)->(5, 2) 缈诲紑=棣?鐢ㄦ椂 0.94s (score=81 depth=5)
[ 20] 榛?c3c4 (3, 6)->(4, 6) 缈诲紑=鍗?鐢ㄦ椂 1.13s (score=59 depth=5)
[ 21] 绾?h1a1 (8, 7)->(8, 0)  鐢ㄦ椂 0.86s (score=-8 depth=4)
[ 22] 榛?i5h3 (5, 0)->(3, 1)  鐢ㄦ椂 0.92s (score=4 depth=5)
[ 23] 绾?b4b5 (5, 1)->(4, 1)  鐢ㄦ椂 1.56s (score=20 depth=5)
[ 24] 榛?h3g1 (3, 1)->(1, 2)  鐢ㄦ椂 0.91s (score=-15 depth=5)
[ 25] 绾?a1a6 (8, 0)->(3, 0)  鐢ㄦ椂 1.09s (score=10 depth=4)
[ 26] 榛?f4f3 (4, 3)->(3, 3)  鐢ㄦ椂 0.95s (score=0 depth=5)
[ 27] 绾?d0e1 (9, 3)->(8, 4) 缈诲紑=棣?鐢ㄦ椂 0.91s (score=42 depth=4)
[ 28] 榛?c0e2 (0, 6)->(2, 4) 缈诲紑=棣?鐢ㄦ椂 1.05s (score=37 depth=5)
[ 29] 绾?h0g2 (9, 7)->(7, 6) 缈诲紑=鐩?鐢ㄦ椂 0.96s (score=36 depth=5)
[ 30] 榛?d0e1 (0, 5)->(1, 4) 缈诲紑=鍗?鐢ㄦ椂 0.88s (score=34 depth=5)
[ 31] 绾?b5c5 (4, 1)->(4, 2) 鍚?b鐐?鐢ㄦ椂 1.54s (score=111 depth=5)
[ 32] 榛?g3g4 (3, 2)->(4, 2) 缈诲紑=杌?鍚?r鍏?鐢ㄦ椂 0.96s (score=111 depth=6)
[ 33] 绾?a6d6 (3, 0)->(3, 3) 鍚?b杌?鐢ㄦ椂 1.40s (score=346 depth=6)
[ 34] 榛?g1f3 (1, 2)->(3, 3) 鍚?r杌?鐢ㄦ椂 1.20s (score=325 depth=7)
[ 35] 绾?i0i3 (9, 8)->(6, 8) 缈诲紑=鐐?鍚?b鍗?鐢ㄦ椂 0.73s (score=43.33333333333333 depth=6)
[ 36] 榛?e0d0 (0, 4)->(0, 5)  鐢ㄦ椂 1.10s (score=-10 depth=6)
[ 37] 绾?i3c3 (6, 8)->(6, 2)  鐢ㄦ椂 1.52s (score=0 depth=5)
[ 38] 榛?g4d4 (4, 2)->(4, 5)  鐢ㄦ椂 1.31s (score=35 depth=6)
[ 39] 绾?h9g8 (0, 7)->(1, 6)  鐢ㄦ椂 0.68s (score=-4 depth=5)
[ 40] 榛?e2c1 (2, 4)->(1, 6) 鍚?r浠?鐢ㄦ椂 0.82s (score=73 depth=6)
[ 41] 绾?c3c0 (6, 2)->(9, 2)  鐢ㄦ椂 0.63s (score=1 depth=5)
[ 42] 榛?f3g5 (3, 3)->(5, 2) 鍚?r棣?鐢ㄦ椂 1.52s (score=125 depth=5)
[ 43] 绾?e2c4 (7, 4)->(5, 2) 鍚?b棣?鐢ㄦ椂 1.58s (score=107 depth=6)
[ 44] 榛?e1e2 (1, 4)->(2, 4)  鐢ㄦ椂 1.58s (score=15 depth=5)
[ 45] 绾?g0e2 (9, 6)->(7, 4) 缈诲紑=杌?鐢ㄦ椂 1.58s (score=45 depth=5)
[ 46] 榛?g0i2 (0, 2)->(2, 0) 缈诲紑=鍗?鐢ㄦ椂 0.71s (score=37 depth=5)
[ 47] 绾?e2d2 (7, 4)->(7, 3)  鐢ㄦ椂 1.16s (score=47 depth=6)
[ 48] 榛?d0e0 (0, 5)->(0, 4)  鐢ㄦ椂 1.54s (score=10 depth=5)
[ 49] 绾?e0d0 (9, 4)->(9, 3)  鐢ㄦ椂 1.37s (score=-10 depth=6)
[ 50] 榛?h0g2 (0, 1)->(2, 2) 缈诲紑=澹?鐢ㄦ椂 0.98s (score=38 depth=5)
[ 51] 绾?d2d9 (7, 3)->(0, 3) 鍚?b鐐?鐢ㄦ椂 1.57s (score=75 depth=5)
[ 52] 榛?e0e1 (0, 4)->(1, 4)  鐢ㄦ椂 1.53s (score=-20 depth=6)
[ 53] 绾?e1d3 (8, 4)->(6, 3)  鐢ㄦ椂 1.57s (score=16 depth=5)
[ 54] 榛?c1d3 (1, 6)->(3, 5)  鐢ㄦ椂 1.55s (score=16 depth=5)
[ 55] 绾?c4e6 (5, 2)->(3, 4) 鍚?b澹?鐢ㄦ椂 1.55s (score=72 depth=5)
[ 56] 榛?e2e3 (2, 4)->(3, 4) 鍚?r鐩?鐢ㄦ椂 1.22s (score=35 depth=6)
[ 57] 绾?g2i4 (7, 6)->(5, 8)  鐢ㄦ椂 1.54s (score=11 depth=5)
[ 58] 榛?d3b4 (3, 5)->(4, 7)  鐢ㄦ椂 1.05s (score=3 depth=6)
[ 59] 绾?d3b4 (6, 3)->(5, 1)  鐢ㄦ椂 0.81s (score=3 depth=5)
[ 60] 榛?d4d2 (4, 5)->(2, 5)  鐢ㄦ椂 0.81s (score=2 depth=5)
[ 61] 绾?f0e1 (9, 5)->(8, 4) 缈诲紑=浠?鐢ㄦ椂 0.79s (score=35 depth=5)
[ 62] 榛?c4c5 (4, 6)->(5, 6)  鐢ㄦ椂 1.15s (score=17 depth=6)
[ 63] 绾?b4d5 (5, 1)->(4, 3)  鐢ㄦ椂 0.79s (score=15 depth=5)
[ 64] 榛?c5b5 (5, 6)->(5, 7)  鐢ㄦ椂 1.59s (score=18 depth=5)
[ 65] 绾?c0c2 (9, 2)->(7, 2)  鐢ㄦ椂 1.52s (score=-27 depth=5)
[ 66] 榛?b5a5 (5, 7)->(5, 8) 鍚?r鐩?鐢ㄦ椂 1.46s (score=39 depth=6)
[ 67] 绾?c2e2 (7, 2)->(7, 4)  鐢ㄦ椂 1.51s (score=40 depth=5)
[ 68] 榛?b4c6 (4, 7)->(6, 6)  鐢ㄦ椂 0.79s (score=4 depth=6)
[ 69] 绾?e2e6 (7, 4)->(3, 4) 鍚?b鍗?鐢ㄦ椂 1.53s (score=5 depth=5)
[ 70] 榛?c6e5 (6, 6)->(5, 4) 鍚?r鍏?鐢ㄦ椂 1.53s (score=41 depth=5)
[ 71] 绾?d5e7 (4, 3)->(2, 4)  鐢ㄦ椂 0.88s (score=-4 depth=12)
[ 72] 榛?e1e2 (1, 4)->(2, 4) 鍚?r棣?鐢ㄦ椂 0.99s (score=119 depth=12)
[ 73] 绾?d9e9 (0, 3)->(0, 4)  鐢ㄦ椂 0.04s (score=-32 depth=12)
[ 74] 榛?a5a6 (5, 8)->(6, 8)  鐢ㄦ椂 0.07s (score=13 depth=12)
[ 75] 绾?e9e7 (0, 4)->(2, 4) 鍚?b灏?鐢ㄦ椂 0.03s (score=3696 depth=12)

========================================================
瀵瑰眬缁撴灉
========================================================
鑳滆€? pypy57 (绾㈡柟)
鍘熷洜: 绗?75 鐫€鍚冩帀 灏? 鑾疯儨
鎬绘鏁? 75 鐫€, 鍏ㄥ眬澧欓挓 83.0s

鍙屾柟鐢ㄦ椂:
  pypy57 (绾㈡柟):  38 鐫€  鎬荤敤鏃?   42.1s  骞冲潎  1.11s  鏈€闀?  1.58s
  pypy  (榛戞柟):  37 鐫€  鎬荤敤鏃?   40.7s  骞冲潎  1.10s  鏈€闀?  1.59s

[*] 妫嬭氨宸蹭繚瀛? C:\Users\yimingwang218185\Desktop\jieqi_ai\tools\games\game_20260820_211319.json / .txt

缁堝眬妫嬬洏 (绾㈡柟鍦ㄤ笅):
    0 1 2 3 4 5 6 7 8
 0 | 路 路 路 路 路 路 路 路 路
 1 | 路 路 路 路 路 路 路 路 路
 2 | b鍗?路 b澹?路 r杌?b杌?路 路 路
 3 | 路 路 路 路 r鐐?路 路 路 路
 4 | 路 路 路 路 路 路 路 路 路
 5 | 路 路 路 路 b棣?路 路 路 路
 6 | 路 路 路 路 路 路 路 路 b鍗?
 7 | 路 路 路 路 路 路 路 路 路
 8 | 路 路 路 路 r浠?路 路 路 路
 9 | 路 r鍏?路 r甯?路 路 路 路 路
