[*] 配对对局 [lmr3s]: 20 对 = 40 局, 3.0s/着
[*] 新版 cpp  vs  基线 cpp
[*] 每对同一 seed 打两遍, 两引擎各执红一次

==================================================================
[对 1/20] seed=330013
[engine_cpp] 就绪
[engine_cpp] 就绪
  A) 新版执红: win  (77 着) 第 77 着吃掉 將, 获胜
[engine_cpp] 就绪
[engine_cpp] 就绪
  B) 新版执黑: win  (90 着) 第 90 着吃掉 帥, 获胜
  → 新版净胜 (net +1.0)
  [累计] 净胜 1 | 净负 0 | 打平 0

==================================================================
[对 2/20] seed=330026
[engine_cpp] 就绪
[engine_cpp] 就绪
  A) 新版执红: loss (80 着) 第 80 着吃掉 帥, 获胜
[engine_cpp] 就绪
[engine_cpp] 就绪
  B) 新版执黑: draw (56 着) 第 56 着后局面第 3 次出现, 判和
  → 新版净负 (net -0.5)
  [累计] 净胜 1 | 净负 1 | 打平 0

==================================================================
[对 3/20] seed=330039
[engine_cpp] 就绪
[engine_cpp] 就绪
  A) 新版执红: win  (57 着) 第 57 着吃掉 將, 获胜
[engine_cpp] 就绪
[engine_cpp] 就绪
  B) 新版执黑: draw (93 着) 第 93 着后局面第 3 次出现, 判和
  → 新版净胜 (net +0.5)
  [累计] 净胜 2 | 净负 1 | 打平 0

==================================================================
[对 4/20] seed=330052
[engine_cpp] 就绪
[engine_cpp] 就绪
  A) 新版执红: draw (121 着) 第 121 着后局面第 3 次出现, 判和
[engine_cpp] 就绪
[engine_cpp] 就绪
  B) 新版执黑: win  (36 着) 第 36 着吃掉 帥, 获胜
  → 新版净胜 (net +0.5)
  [累计] 净胜 3 | 净负 1 | 打平 0

==================================================================
[对 5/20] seed=330065
[engine_cpp] 就绪
[engine_cpp] 就绪
  A) 新版执红: loss (50 着) 第 50 着吃掉 帥, 获胜
[engine_cpp] 就绪
[engine_cpp] 就绪
  B) 新版执黑: loss (71 着) 第 71 着吃掉 將, 获胜
  → 新版净负 (net -1.0)
  [累计] 净胜 3 | 净负 2 | 打平 0

==================================================================
[对 6/20] seed=330078
[engine_cpp] 就绪
[engine_cpp] 就绪
  A) 新版执红: loss (76 着) 第 76 着吃掉 帥, 获胜
[engine_cpp] 就绪
[engine_cpp] 就绪
  B) 新版执黑: loss (81 着) 第 81 着吃掉 將, 获胜
  → 新版净负 (net -1.0)
  [累计] 净胜 3 | 净负 3 | 打平 0

==================================================================
[对 7/20] seed=330091
[engine_cpp] 就绪
[engine_cpp] 就绪
  A) 新版执红: win  (39 着) 第 39 着吃掉 將, 获胜
[engine_cpp] 就绪
[engine_cpp] 就绪
  B) 新版执黑: win  (74 着) 第 74 着吃掉 帥, 获胜
  → 新版净胜 (net +1.0)
  [累计] 净胜 4 | 净负 3 | 打平 0

==================================================================
[对 8/20] seed=330104
[engine_cpp] 就绪
[engine_cpp] 就绪
  A) 新版执红: win  (39 着) 第 39 着吃掉 將, 获胜
[engine_cpp] 就绪
[engine_cpp] 就绪
  B) 新版执黑: draw (67 着) 第 67 着后局面第 3 次出现, 判和
  → 新版净胜 (net +0.5)
  [累计] 净胜 5 | 净负 3 | 打平 0

==================================================================
[对 9/20] seed=330117
[engine_cpp] 就绪
[engine_cpp] 就绪
  A) 新版执红: win  (95 着) 第 95 着吃掉 將, 获胜
[engine_cpp] 就绪
[engine_cpp] 就绪
[engine_cpp] 就绪
[engine_cpp] 就绪
  B) 新版执黑: loss (67 着) 第 67 着吃掉 將, 获胜
  → 该对打平 (net +0.0)
  [累计] 净胜 5 | 净负 3 | 打平 1

==================================================================
[对 10/20] seed=330130
[engine_cpp] 就绪
[engine_cpp] 就绪
  A) 新版执红: loss (3 着) 红方走出非法着法 e3e4, 判负
[engine_cpp] 就绪
[engine_cpp] 就绪
[engine_cpp] 就绪
[engine_cpp] 就绪
  B) 新版执黑: loss (59 着) 第 59 着吃掉 將, 获胜
  → 新版净负 (net -1.0)
  [累计] 净胜 5 | 净负 4 | 打平 1

==================================================================
[对 11/20] seed=330143
[engine_cpp] 就绪
[engine_cpp] 就绪
[engine_cpp] 就绪
[engine_cpp] 就绪
[engine_cpp] 就绪
[engine_cpp] 就绪
  A) 新版执红: win  (109 着) 第 109 着吃掉 將, 获胜
[engine_cpp] 就绪
[engine_cpp] 就绪
[engine_cpp] 就绪
[engine_cpp] 就绪
[engine_cpp] 就绪
  B) 新版执黑: loss (79 着) 第 79 着吃掉 將, 获胜
  → 该对打平 (net +0.0)
  [累计] 净胜 5 | 净负 4 | 打平 2

==================================================================
[对 12/20] seed=330156
[engine_cpp] 就绪
[engine_cpp] 就绪
[engine_cpp] 就绪
[engine_cpp] 就绪
[engine_cpp] 就绪
  A) 新版执红: win  (47 着) 第 47 着吃掉 將, 获胜
[engine_cpp] 就绪
[engine_cpp] 就绪
[engine_cpp] 就绪
  B) 新版执黑: loss (35 着) 第 35 着吃掉 將, 获胜
  → 该对打平 (net +0.0)
  [累计] 净胜 5 | 净负 4 | 打平 3

==================================================================
[对 13/20] seed=330169
[engine_cpp] 就绪
[engine_cpp] 就绪
[engine_cpp] 就绪
[engine_cpp] 就绪
  A) 新版执红: win  (49 着) 第 49 着吃掉 將, 获胜
[engine_cpp] 就绪
[engine_cpp] 就绪
[engine_cpp] 就绪
[engine_cpp] 就绪
  B) 新版执黑: loss (75 着) 第 75 着吃掉 將, 获胜
  → 该对打平 (net +0.0)
  [累计] 净胜 5 | 净负 4 | 打平 4

==================================================================
[对 14/20] seed=330182
[engine_cpp] 就绪
[engine_cpp] 就绪
  A) 新版执红: loss (66 着) 第 66 着吃掉 帥, 获胜
[engine_cpp] 就绪
[engine_cpp] 就绪
  B) 新版执黑: win  (62 着) 第 62 着吃掉 帥, 获胜
  → 该对打平 (net +0.0)
  [累计] 净胜 5 | 净负 4 | 打平 5

==================================================================
[对 15/20] seed=330195
[engine_cpp] 就绪
[engine_cpp] 就绪
  A) 新版执红: draw (67 着) 第 67 着后局面第 3 次出现, 判和
[engine_cpp] 就绪
[engine_cpp] 就绪
  B) 新版执黑: win  (98 着) 第 98 着吃掉 帥, 获胜
  → 新版净胜 (net +0.5)
  [累计] 净胜 6 | 净负 4 | 打平 5

==================================================================
[对 16/20] seed=330208
[engine_cpp] 就绪
[engine_cpp] 就绪
  A) 新版执红: win  (41 着) 第 41 着吃掉 將, 获胜
[engine_cpp] 就绪
[engine_cpp] 就绪
  B) 新版执黑: win  (68 着) 第 68 着吃掉 帥, 获胜
  → 新版净胜 (net +1.0)
  [累计] 净胜 7 | 净负 4 | 打平 5

==================================================================
[对 17/20] seed=330221
[engine_cpp] 就绪
[engine_cpp] 就绪
  A) 新版执红: win  (107 着) 第 107 着吃掉 將, 获胜
[engine_cpp] 就绪
[engine_cpp] 就绪
  B) 新版执黑: win  (100 着) 第 100 着吃掉 帥, 获胜
  → 新版净胜 (net +1.0)
  [累计] 净胜 8 | 净负 4 | 打平 5

==================================================================
[对 18/20] seed=330234
[engine_cpp] 就绪
[engine_cpp] 就绪
  A) 新版执红: win  (119 着) 第 119 着吃掉 將, 获胜
[engine_cpp] 就绪
[engine_cpp] 就绪
  B) 新版执黑: win  (90 着) 第 90 着吃掉 帥, 获胜
  → 新版净胜 (net +1.0)
  [累计] 净胜 9 | 净负 4 | 打平 5

==================================================================
[对 19/20] seed=330247
[engine_cpp] 就绪
[engine_cpp] 就绪
  A) 新版执红: loss (54 着) 第 54 着吃掉 帥, 获胜
[engine_cpp] 就绪
[engine_cpp] 就绪
  B) 新版执黑: draw (27 着) 第 27 着后局面第 3 次出现, 判和
  → 新版净负 (net -0.5)
  [累计] 净胜 9 | 净负 5 | 打平 5

==================================================================
[对 20/20] seed=330260
[engine_cpp] 就绪
[engine_cpp] 就绪
  A) 新版执红: win  (81 着) 第 81 着吃掉 將, 获胜
[engine_cpp] 就绪
[engine_cpp] 就绪
  B) 新版执黑: loss (37 着) 第 37 着吃掉 將, 获胜
  → 该对打平 (net +0.0)
  [累计] 净胜 9 | 净负 5 | 打平 6


##################################################################
# 配对汇总 [lmr3s]: 20 对 / 40 局 (3.0s/着)
# 新版 cpp  vs  基线 cpp
##################################################################

逐局战绩 (新版视角): 20胜 14负 6平  得分 23.0/40 = 57.5%
配对结果: 净胜 9 对 | 净负 5 对 | 打平 6 对
颜色效应校验: 红方胜 20/34 决胜局 (59%)  ← 配对已抵消

  对     seed      新执红      新执黑     净
  1   330013       win       win  +1.0
  2   330026      loss      draw  -0.5
  3   330039       win      draw  +0.5
  4   330052      draw       win  +0.5
  5   330065      loss      loss  -1.0
  6   330078      loss      loss  -1.0
  7   330091       win       win  +1.0
  8   330104       win      draw  +0.5
  9   330117       win      loss  +0.0
 10   330130      loss      loss  -1.0
 11   330143       win      loss  +0.0
 12   330156       win      loss  +0.0
 13   330169       win      loss  +0.0
 14   330182      loss       win  +0.0
 15   330195      draw       win  +0.5
 16   330208       win       win  +1.0
 17   330221       win       win  +1.0
 18   330234       win       win  +1.0
 19   330247      loss      draw  -0.5
 20   330260       win      loss  +0.0

算力对称性: 用时/着 新 1.938s vs 基线 2.198s (偏差 11.8%)
            平均深度 新 10.50 vs 基线 9.24 (差 +1.26)
平均步数 69

总墙钟 95.3 分钟
[*] 已保存 /Users/wangyiming/Desktop/jieqi_ai/tools/games/lmr3s.json
