[*] 配对对局 [lmr]: 20 对 = 40 局, 0.5s/着
[*] 新版 cpp  vs  基线 cpp
[*] 每对同一 seed 打两遍, 两引擎各执红一次

==================================================================
[对 1/20] seed=330013
[engine_cpp] 就绪
[engine_cpp] 就绪
  A) 新版执红: loss (106 着) 第 106 着吃掉 帥, 获胜
[engine_cpp] 就绪
[engine_cpp] 就绪
  B) 新版执黑: win  (86 着) 第 86 着吃掉 帥, 获胜
  → 该对打平 (net +0.0)
  [累计] 净胜 0 | 净负 0 | 打平 1

==================================================================
[对 2/20] seed=330026
[engine_cpp] 就绪
[engine_cpp] 就绪
  A) 新版执红: win  (73 着) 第 73 着吃掉 將, 获胜
[engine_cpp] 就绪
[engine_cpp] 就绪
  B) 新版执黑: win  (118 着) 第 118 着吃掉 帥, 获胜
  → 新版净胜 (net +1.0)
  [累计] 净胜 1 | 净负 0 | 打平 1

==================================================================
[对 3/20] seed=330039
[engine_cpp] 就绪
[engine_cpp] 就绪
  A) 新版执红: win  (91 着) 第 91 着吃掉 將, 获胜
[engine_cpp] 就绪
[engine_cpp] 就绪
  B) 新版执黑: draw (93 着) 第 93 着后局面第 3 次出现, 判和
  → 新版净胜 (net +0.5)
  [累计] 净胜 2 | 净负 0 | 打平 1

==================================================================
[对 4/20] seed=330052
[engine_cpp] 就绪
[engine_cpp] 就绪
  A) 新版执红: win  (115 着) 第 115 着吃掉 將, 获胜
[engine_cpp] 就绪
[engine_cpp] 就绪
  B) 新版执黑: loss (91 着) 第 91 着吃掉 將, 获胜
  → 该对打平 (net +0.0)
  [累计] 净胜 2 | 净负 0 | 打平 2

==================================================================
[对 5/20] seed=330065
[engine_cpp] 就绪
[engine_cpp] 就绪
  A) 新版执红: draw (95 着) 第 95 着后局面第 3 次出现, 判和
[engine_cpp] 就绪
[engine_cpp] 就绪
  B) 新版执黑: loss (65 着) 第 65 着吃掉 將, 获胜
  → 新版净负 (net -0.5)
  [累计] 净胜 2 | 净负 1 | 打平 2

==================================================================
[对 6/20] seed=330078
[engine_cpp] 就绪
[engine_cpp] 就绪
  A) 新版执红: win  (39 着) 第 39 着吃掉 將, 获胜
[engine_cpp] 就绪
[engine_cpp] 就绪
  B) 新版执黑: loss (33 着) 第 33 着吃掉 將, 获胜
  → 该对打平 (net +0.0)
  [累计] 净胜 2 | 净负 1 | 打平 3

==================================================================
[对 7/20] seed=330091
[engine_cpp] 就绪
[engine_cpp] 就绪
  A) 新版执红: loss (36 着) 第 36 着吃掉 帥, 获胜
[engine_cpp] 就绪
[engine_cpp] 就绪
  B) 新版执黑: win  (36 着) 第 36 着吃掉 帥, 获胜
  → 该对打平 (net +0.0)
  [累计] 净胜 2 | 净负 1 | 打平 4

==================================================================
[对 8/20] seed=330104
[engine_cpp] 就绪
[engine_cpp] 就绪
  A) 新版执红: win  (67 着) 第 67 着吃掉 將, 获胜
[engine_cpp] 就绪
[engine_cpp] 就绪
  B) 新版执黑: loss (43 着) 第 43 着吃掉 將, 获胜
  → 该对打平 (net +0.0)
  [累计] 净胜 2 | 净负 1 | 打平 5

==================================================================
[对 9/20] seed=330117
[engine_cpp] 就绪
[engine_cpp] 就绪
  A) 新版执红: win  (69 着) 第 69 着吃掉 將, 获胜
[engine_cpp] 就绪
[engine_cpp] 就绪
  B) 新版执黑: loss (45 着) 第 45 着吃掉 將, 获胜
  → 该对打平 (net +0.0)
  [累计] 净胜 2 | 净负 1 | 打平 6

==================================================================
[对 10/20] seed=330130
[engine_cpp] 就绪
[engine_cpp] 就绪
  A) 新版执红: win  (73 着) 第 73 着吃掉 將, 获胜
[engine_cpp] 就绪
[engine_cpp] 就绪
  B) 新版执黑: win  (40 着) 第 40 着吃掉 帥, 获胜
  → 新版净胜 (net +1.0)
  [累计] 净胜 3 | 净负 1 | 打平 6

==================================================================
[对 11/20] seed=330143
[engine_cpp] 就绪
[engine_cpp] 就绪
  A) 新版执红: win  (95 着) 第 95 着吃掉 將, 获胜
[engine_cpp] 就绪
[engine_cpp] 就绪
  B) 新版执黑: loss (77 着) 第 77 着吃掉 將, 获胜
  → 该对打平 (net +0.0)
  [累计] 净胜 3 | 净负 1 | 打平 7

==================================================================
[对 12/20] seed=330156
[engine_cpp] 就绪
[engine_cpp] 就绪
  A) 新版执红: win  (67 着) 第 67 着吃掉 將, 获胜
[engine_cpp] 就绪
[engine_cpp] 就绪
  B) 新版执黑: loss (31 着) 第 31 着吃掉 將, 获胜
  → 该对打平 (net +0.0)
  [累计] 净胜 3 | 净负 1 | 打平 8

==================================================================
[对 13/20] seed=330169
[engine_cpp] 就绪
[engine_cpp] 就绪
  A) 新版执红: win  (141 着) 第 141 着吃掉 將, 获胜
[engine_cpp] 就绪
[engine_cpp] 就绪
  B) 新版执黑: win  (42 着) 第 42 着吃掉 帥, 获胜
  → 新版净胜 (net +1.0)
  [累计] 净胜 4 | 净负 1 | 打平 8

==================================================================
[对 14/20] seed=330182
[engine_cpp] 就绪
[engine_cpp] 就绪
  A) 新版执红: win  (95 着) 第 95 着吃掉 將, 获胜
[engine_cpp] 就绪
[engine_cpp] 就绪
  B) 新版执黑: loss (57 着) 第 57 着吃掉 將, 获胜
  → 该对打平 (net +0.0)
  [累计] 净胜 4 | 净负 1 | 打平 9

==================================================================
[对 15/20] seed=330195
[engine_cpp] 就绪
[engine_cpp] 就绪
  A) 新版执红: win  (83 着) 第 83 着吃掉 將, 获胜
[engine_cpp] 就绪
[engine_cpp] 就绪
  B) 新版执黑: draw (60 着) 第 60 着后局面第 3 次出现, 判和
  → 新版净胜 (net +0.5)
  [累计] 净胜 5 | 净负 1 | 打平 9

==================================================================
[对 16/20] seed=330208
[engine_cpp] 就绪
[engine_cpp] 就绪
  A) 新版执红: loss (94 着) 第 94 着吃掉 帥, 获胜
[engine_cpp] 就绪
[engine_cpp] 就绪
  B) 新版执黑: loss (185 着) 第 185 着吃掉 將, 获胜
  → 新版净负 (net -1.0)
  [累计] 净胜 5 | 净负 2 | 打平 9

==================================================================
[对 17/20] seed=330221
[engine_cpp] 就绪
[engine_cpp] 就绪
  A) 新版执红: win  (113 着) 第 113 着吃掉 將, 获胜
[engine_cpp] 就绪
[engine_cpp] 就绪
  B) 新版执黑: loss (47 着) 第 47 着吃掉 將, 获胜
  → 该对打平 (net +0.0)
  [累计] 净胜 5 | 净负 2 | 打平 10

==================================================================
[对 18/20] seed=330234
[engine_cpp] 就绪
[engine_cpp] 就绪
  A) 新版执红: draw (55 着) 第 55 着后局面第 3 次出现, 判和
[engine_cpp] 就绪
[engine_cpp] 就绪
  B) 新版执黑: draw (126 着) 第 126 着后局面第 3 次出现, 判和
  → 该对打平 (net +0.0)
  [累计] 净胜 5 | 净负 2 | 打平 11

==================================================================
[对 19/20] seed=330247
[engine_cpp] 就绪
[engine_cpp] 就绪
  A) 新版执红: draw (115 着) 第 115 着后局面第 3 次出现, 判和
[engine_cpp] 就绪
[engine_cpp] 就绪
  B) 新版执黑: win  (68 着) 第 68 着吃掉 帥, 获胜
  → 新版净胜 (net +0.5)
  [累计] 净胜 6 | 净负 2 | 打平 11

==================================================================
[对 20/20] seed=330260
[engine_cpp] 就绪
[engine_cpp] 就绪
  A) 新版执红: loss (70 着) 第 70 着吃掉 帥, 获胜
[engine_cpp] 就绪
[engine_cpp] 就绪
  B) 新版执黑: loss (49 着) 第 49 着吃掉 將, 获胜
  → 新版净负 (net -1.0)
  [累计] 净胜 6 | 净负 3 | 打平 11


##################################################################
# 配对汇总 [lmr]: 20 对 / 40 局 (0.5s/着)
# 新版 cpp  vs  基线 cpp
##################################################################

逐局战绩 (新版视角): 19胜 15负 6平  得分 22.0/40 = 55.0%
配对结果: 净胜 6 对 | 净负 3 对 | 打平 11 对
颜色效应校验: 红方胜 24/34 决胜局 (71%)  ← 配对已抵消

  对     seed      新执红      新执黑     净
  1   330013      loss       win  +0.0
  2   330026       win       win  +1.0
  3   330039       win      draw  +0.5
  4   330052       win      loss  +0.0
  5   330065      draw      loss  -0.5
  6   330078       win      loss  +0.0
  7   330091      loss       win  +0.0
  8   330104       win      loss  +0.0
  9   330117       win      loss  +0.0
 10   330130       win       win  +1.0
 11   330143       win      loss  +0.0
 12   330156       win      loss  +0.0
 13   330169       win       win  +1.0
 14   330182       win      loss  +0.0
 15   330195       win      draw  +0.5
 16   330208      loss      loss  -1.0
 17   330221       win      loss  +0.0
 18   330234      draw      draw  +0.0
 19   330247      draw       win  +0.5
 20   330260      loss      loss  -1.0

算力对称性: 用时/着 新 0.354s vs 基线 0.372s (偏差 5.0%)
            平均深度 新 9.19 vs 基线 8.18 (差 +1.01)
平均步数 77

总墙钟 18.9 分钟
[*] 已保存 /Users/wangyiming/Desktop/jieqi_ai/tools/games/lmr.json
