[*] 瑁佸垽鍚姩: pypy2 鎵х孩鍏堣 vs pypy 鎵ч粦, 姣忕潃 1.0s, 闅忔満绉嶅瓙 20260819
[engine_server] 灏辩华 (PyPy 3.11.13, engine=jieqi_engine_v2)
[engine_server] 棰勭儹瀹屾垚
[engine_server] 灏辩华 (PyPy 3.11.13, engine=jieqi_engine)
[engine_server] 棰勭儹瀹屾垚
[+] 寮曟搸瀛愯繘绋嬪氨缁?(PyPy: pypy3.EXE)
[+] 寮曟搸瀛愯繘绋嬪氨缁?(PyPy: pypy3.EXE)
[*] 绾㈡柟寮曟搸: pypy2 (miaosiSari 浼樺寲鐗? TT淇濈暀+鍙屾椂闄?
[*] 榛戞柟寮曟搸: pypy (miaosiSari 鍘熺増, alpha-beta)
[  1] 绾?b2b9 (7, 1)->(0, 1) 缈诲紑=鍏?鍚?b澹?鐢ㄦ椂 1.00s (score=154 depth=5)
[  2] 榛?b2b9 (2, 7)->(9, 7) 缈诲紑=鐐?鍚?r棣?鐢ㄦ椂 3.04s (score=157 depth=6)
[  3] 绾?i0h0 (9, 8)->(9, 7) 缈诲紑=鍏?鍚?b鐐?鐢ㄦ椂 0.56s (score=203.14285714285714 depth=5)
[  4] 榛?i0h0 (0, 0)->(0, 1) 缈诲紑=棣?鍚?r鍏?鐢ㄦ椂 1.59s (score=90.3076923076923 depth=6)
[  5] 绾?e3e4 (6, 4)->(5, 4) 缈诲紑=鐐?鐢ㄦ椂 0.50s (score=86 depth=5)
[  6] 榛?h2e2 (2, 1)->(2, 4) 缈诲紑=棣?鐢ㄦ椂 1.12s (score=39 depth=5)
[  7] 绾?e4e1 (5, 4)->(8, 4)  鐢ㄦ椂 0.68s (score=5 depth=5)
[  8] 榛?a3a4 (3, 8)->(4, 8) 缈诲紑=鐐?鐢ㄦ椂 1.85s (score=78 depth=6)
[  9] 绾?h2h5 (7, 7)->(4, 7) 缈诲紑=鐩?鐢ㄦ椂 1.02s (score=59 depth=5)
[ 10] 榛?i3i4 (3, 0)->(4, 0) 缈诲紑=鍗?鐢ㄦ椂 1.86s (score=77 depth=6)
[ 11] 绾?i3i4 (6, 8)->(5, 8) 缈诲紑=浠?鐢ㄦ椂 0.84s (score=80 depth=6)
[ 12] 榛?c3c4 (3, 6)->(4, 6) 缈诲紑=璞?鐢ㄦ椂 1.49s (score=74 depth=6)
[ 13] 绾?c3c4 (6, 2)->(5, 2) 缈诲紑=鐐?鐢ㄦ椂 0.80s (score=80 depth=6)
[ 14] 榛?g0i2 (0, 2)->(2, 0) 缈诲紑=璞?鐢ㄦ椂 2.17s (score=37 depth=6)
[ 15] 绾?c4e4 (5, 2)->(5, 4)  鐢ㄦ椂 0.66s (score=1 depth=5)
[ 16] 榛?h0g2 (0, 1)->(2, 2)  鐢ㄦ椂 1.14s (score=29 depth=5)
[ 17] 绾?g3g4 (6, 6)->(5, 6) 缈诲紑=浠?鐢ㄦ椂 0.58s (score=69 depth=5)
[ 18] 榛?d0e1 (0, 5)->(1, 4) 缈诲紑=澹?鐢ㄦ椂 1.21s (score=37 depth=5)
[ 19] 绾?c0a2 (9, 2)->(7, 0) 缈诲紑=鍏?鐢ㄦ椂 0.78s (score=39 depth=5)
[ 20] 榛?c0a2 (0, 6)->(2, 8) 缈诲紑=鍗?鐢ㄦ椂 2.28s (score=37 depth=6)
[ 21] 绾?b0c2 (9, 1)->(7, 2) 缈诲紑=鍏?鐢ㄦ椂 0.75s (score=47 depth=5)
[ 22] 榛?g3g4 (3, 2)->(4, 2) 缈诲紑=杌?鐢ㄦ椂 1.12s (score=74 depth=6)
[ 23] 绾?e4e7 (5, 4)->(2, 4) 鍚?b棣?鐢ㄦ椂 0.58s (score=117 depth=5)
[ 24] 榛?c4e2 (4, 6)->(2, 4) 鍚?r鐐?鐢ㄦ椂 1.27s (score=134 depth=7)
[ 25] 绾?e1e7 (8, 4)->(2, 4) 鍚?b璞?鐢ㄦ椂 1.07s (score=30 depth=5)
[ 26] 榛?e1d0 (1, 4)->(0, 5)  鐢ㄦ椂 1.21s (score=-1 depth=6)
[ 27] 绾?e7a7 (2, 4)->(2, 0) 鍚?b璞?鐢ㄦ椂 0.43s (score=40 depth=5)
[ 28] 榛?f0e1 (0, 3)->(1, 4) 缈诲紑=杌?鐢ㄦ椂 1.65s (score=31 depth=6)
[ 29] 绾?g0e2 (9, 6)->(7, 4) 缈诲紑=杌?鐢ㄦ椂 1.05s (score=57 depth=5)
[ 30] 榛?e1i1 (1, 4)->(1, 0)  鐢ㄦ椂 1.58s (score=10 depth=5)
[ 31] 绾?e2e4 (7, 4)->(5, 4)  鐢ㄦ椂 0.61s (score=13 depth=5)
[ 32] 榛?i1i2 (1, 0)->(2, 0) 鍚?r鐐?鐢ㄦ椂 1.83s (score=125 depth=6)
[ 33] 绾?f0e1 (9, 5)->(8, 4) 缈诲紑=鍏?鐢ㄦ椂 0.47s (score=39 depth=5)
[ 34] 榛?i2i1 (2, 0)->(1, 0)  鐢ㄦ椂 1.08s (score=2 depth=5)
[ 35] 绾?e1e2 (8, 4)->(7, 4)  鐢ㄦ椂 0.69s (score=15 depth=6)
[ 36] 榛?b0c2 (0, 7)->(2, 6) 缈诲紑=鍗?鐢ㄦ椂 1.25s (score=25 depth=5)
[ 37] 绾?e2e3 (7, 4)->(6, 4)  鐢ㄦ椂 0.53s (score=10 depth=5)
[ 38] 榛?g4g7 (4, 2)->(7, 2) 鍚?r鍏?鐢ㄦ椂 1.76s (score=6 depth=6)
[ 39] 绾?h0h1 (9, 7)->(8, 7)  鐢ㄦ椂 0.73s (score=2 depth=5)
[ 40] 榛?c2c3 (2, 6)->(3, 6)  鐢ㄦ椂 1.40s (score=8 depth=5)
[ 41] 绾?d0e1 (9, 3)->(8, 4) 缈诲紑=鐩?鐢ㄦ椂 0.64s (score=39 depth=5)
[ 42] 榛?g7c7 (7, 2)->(7, 6)  鐢ㄦ椂 1.13s (score=0 depth=5)
[ 43] 绾?e4f4 (5, 4)->(5, 5)  鐢ㄦ椂 0.88s (score=2 depth=6)
[ 44] 榛?e3e4 (3, 4)->(4, 4) 缈诲紑=鍗?鐢ㄦ椂 3.06s (score=68 depth=6)
[ 45] 绾?e1c3 (8, 4)->(6, 2)  鐢ㄦ椂 0.57s (score=35 depth=5)
[ 46] 榛?c7c9 (7, 6)->(9, 6)  鐢ㄦ椂 2.81s (score=6 depth=6)
[ 47] 绾?f4f0 (5, 5)->(9, 5)  鐢ㄦ椂 0.80s (score=-5 depth=7)
[ 48] 榛?c9d9 (9, 6)->(9, 5) 鍚?r杌?鐢ㄦ椂 1.79s (score=340 depth=7)
[ 49] 绾?e0f0 (9, 4)->(9, 5) 鍚?b杌?鐢ㄦ椂 0.81s (score=336 depth=8)
[ 50] 榛?i4i5 (4, 0)->(5, 0)  鐢ㄦ椂 2.61s (score=10 depth=7)
[ 51] 绾?a3a4 (6, 0)->(5, 0) 缈诲紑=棣?鍚?b鍗?鐢ㄦ椂 0.60s (score=114 depth=6)
[ 52] 榛?i1i5 (1, 0)->(5, 0) 鍚?r棣?鐢ㄦ椂 2.21s (score=118 depth=7)
[ 53] 绾?e3e4 (6, 4)->(5, 4)  鐢ㄦ椂 0.44s (score=14 depth=6)
[ 54] 榛?i5e5 (5, 0)->(5, 4) 鍚?r鍏?鐢ㄦ椂 1.99s (score=36 depth=6)
[ 55] 绾?c3a5 (6, 2)->(4, 0)  鐢ㄦ椂 0.68s (score=0 depth=6)
[ 56] 榛?g2f4 (2, 2)->(4, 3)  鐢ㄦ椂 1.07s (score=8 depth=6)
[ 57] 绾?g4h3 (5, 6)->(6, 7)  鐢ㄦ椂 1.08s (score=-6 depth=6)
[ 58] 榛?e5d5 (5, 4)->(5, 5)  鐢ㄦ椂 2.01s (score=32 depth=6)
[ 59] 绾?f0e0 (9, 5)->(9, 4)  鐢ㄦ椂 0.56s (score=10 depth=7)
[ 60] 榛?e4e5 (4, 4)->(5, 4)  鐢ㄦ椂 2.03s (score=10 depth=6)
[ 61] 绾?a2a3 (7, 0)->(6, 0)  鐢ㄦ椂 0.54s (score=8 depth=6)
[ 62] 榛?e5e6 (5, 4)->(6, 4)  鐢ㄦ椂 2.26s (score=21 depth=6)
[ 63] 绾?a3a4 (6, 0)->(5, 0)  鐢ㄦ椂 0.78s (score=11 depth=6)
[ 64] 榛?e6e7 (6, 4)->(7, 4)  鐢ㄦ椂 2.38s (score=37 depth=6)
[ 65] 绾?a5c3 (4, 0)->(6, 2)  鐢ㄦ椂 0.78s (score=0 depth=6)
[ 66] 榛?f4g6 (4, 3)->(6, 2) 鍚?r鐩?鐢ㄦ椂 1.82s (score=65 depth=6)
[ 67] 绾?a0c0 (9, 0)->(9, 2) 缈诲紑=杌?鐢ㄦ椂 0.46s (score=-3.875 depth=5)
[ 68] 榛?e7e8 (7, 4)->(8, 4)  鐢ㄦ椂 2.02s (score=16 depth=7)
[ 69] 绾?e0d0 (9, 4)->(9, 3)  鐢ㄦ椂 0.64s (score=-10 depth=14)
[ 70] 榛?e8e9 (8, 4)->(9, 4)  鐢ㄦ椂 1.29s (score=-26 depth=7)
[ 71] 绾?c0c3 (9, 2)->(6, 2) 鍚?b棣?鐢ㄦ椂 0.03s (score=122 depth=64)
[ 72] 榛?e9f9 (9, 4)->(9, 3) 鍚?r甯?鐢ㄦ椂 0.00s (score=3696 depth=7)

========================================================
瀵瑰眬缁撴灉
========================================================
鑳滆€? pypy (榛戞柟)
鍘熷洜: 绗?72 鐫€鍚冩帀 甯? 鑾疯儨
鎬绘鏁? 72 鐫€, 鍏ㄥ眬澧欓挓 87.0s

鍙屾柟鐢ㄦ椂:
  pypy2 (绾㈡柟):  36 鐫€  鎬荤敤鏃?   24.6s  骞冲潎  0.68s  鏈€闀?  1.08s
  pypy  (榛戞柟):  36 鐫€  鎬荤敤鏃?   62.4s  骞冲潎  1.73s  鏈€闀?  3.06s

[*] 妫嬭氨宸蹭繚瀛? C:\Users\yimingwang218185\Desktop\jieqi_ai\tools\games\game_20260819_093652.json / .txt

缁堝眬妫嬬洏 (绾㈡柟鍦ㄤ笅):
    0 1 2 3 4 5 6 7 8
 0 | 路 路 路 路 b灏?b澹?路 路 b?
 1 | 路 路 路 路 路 路 路 路 路
 2 | 路 路 路 路 路 路 路 路 b鍗?
 3 | 路 路 路 路 路 路 b鍗?路 路
 4 | 路 路 路 路 路 路 路 r鐩?b鐐?
 5 | r鍏?路 路 路 路 b杌?路 路 r浠?
 6 | 路 路 r杌?路 路 路 路 r浠?路
 7 | 路 路 路 路 路 路 路 路 路
 8 | 路 路 路 路 路 路 路 r鍏?路
 9 | 路 路 路 b鍗?路 路 路 路 路
