[*] 瑁佸垽鍚姩: pypy 鎵х孩鍏堣(姣忕潃 1.5s) vs pypy510 鎵ч粦(姣忕潃 1.5s), 闅忔満绉嶅瓙 20260990
[engine_server] 灏辩华 (PyPy 3.11.13, engine=jieqi_engine)
[engine_server] 棰勭儹瀹屾垚
[engine_server] 灏辩华 (PyPy 3.11.13, engine=jieqi_engine_v510)
[engine_server] 棰勭儹瀹屾垚
[+] 寮曟搸瀛愯繘绋嬪氨缁?(PyPy: pypy3.EXE)
[+] 寮曟搸瀛愯繘绋嬪氨缁?(PyPy: pypy3.EXE)
[*] 绾㈡柟寮曟搸: pypy (miaosiSari 鍘熺増, alpha-beta)
[*] 榛戞柟寮曟搸: pypy510 (v5.10 鍩虹嚎, U鍐荤粨鏈慨)
[  1] 绾?e3e4 (6, 4)->(5, 4) 缈诲紑=杌?鐢ㄦ椂 1.37s (score=78 depth=5)
[  2] 榛?b2b9 (2, 7)->(9, 7) 缈诲紑=鐐?鍚?r鐐?鐢ㄦ椂 1.53s (score=-50.92857142857143 depth=4)
[  3] 绾?b2b9 (7, 1)->(0, 1) 缈诲紑=鍏?鍚?b鍗?鐢ㄦ椂 1.52s (score=289.07142857142856 depth=5)
[  4] 榛?b9d9 (9, 7)->(9, 5) 鍚?r鐩?鐢ㄦ椂 0.83s (score=-182.69230769230768 depth=5)
[  5] 绾?e4e6 (5, 4)->(3, 4) 鍚?b澹?鐢ㄦ椂 1.42s (score=249.69230769230768 depth=6)
[  6] 榛?h2e2 (2, 1)->(2, 4) 缈诲紑=棣?鐢ㄦ椂 0.88s (score=-171.69230769230768 depth=6)
[  7] 绾?e0f0 (9, 4)->(9, 5) 鍚?b鐐?鐢ㄦ椂 1.34s (score=128.69230769230768 depth=6)
[  8] 榛?i0h0 (0, 0)->(0, 1) 缈诲紑=杌?鍚?r鍏?鐢ㄦ椂 1.49s (score=27.307692307692307 depth=7)
[  9] 绾?a3a4 (6, 0)->(5, 0) 缈诲紑=鍏?鐢ㄦ椂 1.15s (score=48 depth=5)
[ 10] 榛?a3a4 (3, 8)->(4, 8) 缈诲紑=鐐?鐢ㄦ椂 1.53s (score=26 depth=5)
[ 11] 绾?h2i2 (7, 7)->(7, 8) 缈诲紑=浠?鐢ㄦ椂 1.51s (score=4 depth=5)
[ 12] 榛?a4g4 (4, 8)->(4, 2)  鐢ㄦ椂 0.82s (score=36.75 depth=5)
[ 13] 绾?c0e2 (9, 2)->(7, 4) 缈诲紑=鐩?鐢ㄦ椂 0.93s (score=5.25 depth=6)
[ 14] 榛?h0h6 (0, 1)->(6, 1)  鐢ㄦ椂 1.53s (score=39 depth=5)
[ 15] 绾?e6e3 (3, 4)->(6, 4)  鐢ㄦ椂 1.37s (score=-27.090909090909093 depth=6)
[ 16] 榛?c3c4 (3, 6)->(4, 6) 缈诲紑=澹?鐢ㄦ椂 1.50s (score=25.090909090909093 depth=5)
[ 17] 绾?g3g4 (6, 6)->(5, 6) 缈诲紑=浠?鐢ㄦ椂 1.30s (score=-7.0909090909090935 depth=6)
[ 18] 榛?b0c2 (0, 7)->(2, 6) 缈诲紑=棣?鐢ㄦ椂 1.54s (score=55.5 depth=5)
[ 19] 绾?d0e1 (9, 3)->(8, 4) 缈诲紑=棣?鐢ㄦ椂 0.81s (score=-16.5 depth=5)
[ 20] 榛?c4d3 (4, 6)->(3, 5)  鐢ㄦ椂 0.98s (score=54.0 depth=5)
[ 21] 绾?i3i4 (6, 8)->(5, 8) 缈诲紑=鍏?鐢ㄦ椂 1.54s (score=-45.0 depth=5)
[ 22] 榛?g4e4 (4, 2)->(4, 4)  鐢ㄦ椂 0.77s (score=115.625 depth=5)
[ 23] 绾?e1g2 (8, 4)->(7, 6)  鐢ㄦ椂 0.85s (score=-102.625 depth=5)
[ 24] 榛?e2f4 (2, 4)->(4, 3)  鐢ㄦ椂 1.55s (score=139.5 depth=5)
[ 25] 绾?e3f3 (6, 4)->(6, 5)  鐢ㄦ椂 1.54s (score=-139.625 depth=5)
[ 26] 榛?g3g4 (3, 2)->(4, 2) 缈诲紑=鍗?鐢ㄦ椂 0.85s (score=142.625 depth=5)
[ 27] 绾?f3f6 (6, 5)->(3, 5) 鍚?b澹?鐢ㄦ椂 1.52s (score=-71.5 depth=5)
[ 28] 榛?f4g6 (4, 3)->(6, 2) 鍚?r棣?鐢ㄦ椂 1.01s (score=138.5 depth=5)
[ 29] 绾?f6f7 (3, 5)->(2, 5)  鐢ㄦ椂 1.00s (score=-50.5 depth=5)
[ 30] 榛?a0a5 (0, 8)->(5, 8) 缈诲紑=鍗?鍚?r鍏?鐢ㄦ椂 0.70s (score=50.5 depth=4)
[ 31] 绾?f7g7 (2, 5)->(2, 6) 鍚?b棣?鐢ㄦ椂 1.41s (score=44 depth=6)
[ 32] 榛?h6h1 (6, 1)->(1, 1)  鐢ㄦ椂 0.84s (score=33 depth=5)
[ 33] 绾?g7f7 (2, 6)->(2, 5)  鐢ㄦ椂 1.18s (score=106 depth=6)
[ 34] 榛?h1h0 (1, 1)->(0, 1)  鐢ㄦ椂 1.12s (score=-44 depth=5)
[ 35] 绾?f7f9 (2, 5)->(0, 5) 鍚?b鍗?鐢ㄦ椂 1.53s (score=73 depth=5)
[ 36] 榛?e0e1 (0, 4)->(1, 4)  鐢ㄦ椂 1.46s (score=39 depth=7)
[ 37] 绾?f9d9 (0, 5)->(0, 3) 鍚?b璞?鐢ㄦ椂 1.52s (score=-47 depth=5)
[ 38] 榛?c0e2 (0, 6)->(2, 4) 缈诲紑=鍗?鐢ㄦ椂 1.53s (score=113 depth=5)
[ 39] 绾?i2h3 (7, 8)->(6, 7)  鐢ㄦ椂 0.64s (score=-68.33333333333334 depth=4)
[ 40] 榛?h0h3 (0, 1)->(3, 1)  鐢ㄦ椂 1.47s (score=100 depth=6)
[ 41] 绾?d9f9 (0, 3)->(0, 5)  鐢ㄦ椂 1.00s (score=-92.33333333333334 depth=5)
[ 42] 榛?g0i2 (0, 2)->(2, 0) 缈诲紑=璞?鐢ㄦ椂 1.53s (score=92.33333333333334 depth=5)
[ 43] 绾?f9f8 (0, 5)->(1, 5)  鐢ㄦ椂 1.52s (score=-52.875 depth=5)
[ 44] 榛?e1e0 (1, 4)->(0, 4)  鐢ㄦ椂 1.05s (score=52.875 depth=7)
[ 45] 绾?i0i4 (9, 8)->(5, 8) 缈诲紑=杌?鍚?b鍗?鐢ㄦ椂 1.15s (score=-25.875 depth=5)
[ 46] 榛?g6f8 (6, 2)->(8, 3)  鐢ㄦ椂 1.35s (score=-147 depth=6)
[ 47] 绾?b0d1 (9, 1)->(8, 3) 缈诲紑=鍏?鍚?b棣?鐢ㄦ椂 0.98s (score=372 depth=6)
[ 48] 榛?e4a4 (4, 4)->(4, 8)  鐢ㄦ椂 0.91s (score=-179 depth=6)
[ 49] 绾?i4i5 (5, 8)->(4, 8) 鍚?b鐐?鐢ㄦ椂 0.81s (score=441 depth=6)
[ 50] 榛?h3d3 (3, 1)->(3, 5)  鐢ㄦ椂 1.21s (score=-364 depth=8)
[ 51] 绾?f8f6 (1, 5)->(3, 5) 鍚?b杌?鐢ㄦ椂 0.95s (score=407 depth=7)
[ 52] 榛?e0f0 (0, 4)->(0, 3)  鐢ㄦ椂 1.51s (score=-121 depth=7)
[ 53] 绾?f6f8 (3, 5)->(1, 5)  鐢ㄦ椂 1.02s (score=3696 depth=6)
[ 54] 榛?g4g5 (4, 2)->(5, 2)  鐢ㄦ椂 0.79s (score=-3696 depth=11)
[ 55] 绾?i5i9 (4, 8)->(0, 8)  鐢ㄦ椂 0.01s (score=3696 depth=12)
[ 56] 榛?g5g6 (5, 2)->(6, 2)  鐢ㄦ椂 0.00s (score=-3696 depth=12)
[ 57] 绾?i9d9 (0, 8)->(0, 3) 鍚?b灏?鐢ㄦ椂 0.00s (score=3696 depth=12)

========================================================
瀵瑰眬缁撴灉
========================================================
鑳滆€? pypy (绾㈡柟)
鍘熷洜: 绗?57 鐫€鍚冩帀 灏? 鑾疯儨
鎬绘鏁? 57 鐫€, 鍏ㄥ眬澧欓挓 65.3s

鍙屾柟鐢ㄦ椂:
  pypy  (绾㈡柟):  29 鐫€  鎬荤敤鏃?   32.9s  骞冲潎  1.13s  鏈€闀?  1.54s
  pypy510 (榛戞柟):  28 鐫€  鎬荤敤鏃?   32.3s  骞冲潎  1.15s  鏈€闀?  1.55s

[*] 妫嬭氨宸蹭繚瀛? C:\Users\yimingwang218185\Desktop\jieqi_ai\tools\games\game_20260824_092919.json / .txt

缁堝眬妫嬬洏 (绾㈡柟鍦ㄤ笅):
    0 1 2 3 4 5 6 7 8
 0 | 路 路 路 r杌?路 路 路 路 路
 1 | 路 路 路 路 路 r杌?路 路 路
 2 | b璞?路 路 路 b鍗?路 路 路 路
 3 | b? 路 路 路 路 路 路 路 路
 4 | 路 路 路 路 路 路 路 路 路
 5 | r鍏?路 路 路 路 路 r浠?路 路
 6 | 路 路 b鍗?路 路 路 路 r浠?路
 7 | 路 路 路 路 r鐩?路 r棣?路 路
 8 | 路 路 路 r鍏?路 路 路 路 路
 9 | r? 路 路 路 路 r甯?r? 路 路
