[*] 瑁佸垽鍚姩: pypy510 鎵х孩鍏堣(姣忕潃 1.5s) vs pypy 鎵ч粦(姣忕潃 1.5s), 闅忔満绉嶅瓙 20260997
[engine_server] 灏辩华 (PyPy 3.11.13, engine=jieqi_engine_v510)
[engine_server] 棰勭儹瀹屾垚
[engine_server] 灏辩华 (PyPy 3.11.13, engine=jieqi_engine)
[engine_server] 棰勭儹瀹屾垚
[+] 寮曟搸瀛愯繘绋嬪氨缁?(PyPy: pypy3.EXE)
[+] 寮曟搸瀛愯繘绋嬪氨缁?(PyPy: pypy3.EXE)
[*] 绾㈡柟寮曟搸: pypy510 (v5.10 鍩虹嚎, U鍐荤粨鏈慨)
[*] 榛戞柟寮曟搸: pypy (miaosiSari 鍘熺増, alpha-beta)
[  1] 绾?e3e4 (6, 4)->(5, 4) 缈诲紑=鍏?鐢ㄦ椂 1.33s (score=78 depth=5)
[  2] 榛?b2b9 (2, 7)->(9, 7) 缈诲紑=鍗?鍚?r浠?鐢ㄦ椂 1.50s (score=18.14285714285714 depth=4)
[  3] 绾?i0h0 (9, 8)->(9, 7) 缈诲紑=鐩?鍚?b鍗?鐢ㄦ椂 1.51s (score=72.0 depth=5)
[  4] 榛?a3a4 (3, 8)->(4, 8) 缈诲紑=鍗?鐢ㄦ椂 0.88s (score=53.30769230769232 depth=5)
[  5] 绾?a3a4 (6, 0)->(5, 0) 缈诲紑=鐐?鐢ㄦ椂 1.54s (score=70.14285714285714 depth=5)
[  6] 榛?h0i2 (0, 1)->(2, 0) 缈诲紑=璞?鐢ㄦ椂 1.05s (score=23.714285714285708 depth=5)
[  7] 绾?c3c4 (6, 2)->(5, 2) 缈诲紑=鐩?鐢ㄦ椂 1.45s (score=37 depth=5)
[  8] 榛?c3c4 (3, 6)->(4, 6) 缈诲紑=棣?鐢ㄦ椂 0.96s (score=23.69230769230768 depth=5)
[  9] 绾?g3g4 (6, 6)->(5, 6) 缈诲紑=浠?鐢ㄦ椂 1.00s (score=64 depth=5)
[ 10] 榛?i3i4 (3, 0)->(4, 0) 缈诲紑=璞?鐢ㄦ椂 1.52s (score=15 depth=4)
[ 11] 绾?b2b6 (7, 1)->(3, 1) 缈诲紑=鐐?鐢ㄦ椂 0.61s (score=69.72727272727272 depth=4)
[ 12] 榛?g3g4 (3, 2)->(4, 2) 缈诲紑=杌?鐢ㄦ椂 1.24s (score=2.9393939393939377 depth=5)
[ 13] 绾?b6a6 (3, 1)->(3, 0)  鐢ㄦ椂 1.05s (score=7.666666666666664 depth=5)
[ 14] 榛?i0h0 (0, 0)->(0, 1) 缈诲紑=澹?鐢ㄦ椂 0.98s (score=-10.666666666666657 depth=5)
[ 15] 绾?h2h6 (7, 7)->(3, 7) 缈诲紑=鍏?鐢ㄦ椂 0.93s (score=15 depth=5)
[ 16] 榛?h2h8 (2, 1)->(8, 1) 缈诲紑=鍗?鐢ㄦ椂 1.52s (score=82.33333333333334 depth=5)
[ 17] 绾?c0e2 (9, 2)->(7, 4) 缈诲紑=杌?鐢ㄦ椂 1.52s (score=-10 depth=5)
[ 18] 榛?g4g5 (4, 2)->(5, 2) 鍚?r鐩?鐢ㄦ椂 1.50s (score=53 depth=5)
[ 19] 绾?g4f5 (5, 6)->(4, 5)  鐢ㄦ椂 1.21s (score=-8 depth=5)
[ 20] 榛?c0e2 (0, 6)->(2, 4) 缈诲紑=鍗?鐢ㄦ椂 0.63s (score=15 depth=4)
[ 21] 绾?e2b2 (7, 4)->(7, 1)  鐢ㄦ椂 1.30s (score=60 depth=5)
[ 22] 榛?h8h9 (8, 1)->(9, 1) 鍚?r棣?鐢ㄦ椂 1.50s (score=-26 depth=5)
[ 23] 绾?b2b0 (7, 1)->(9, 1) 鍚?b鍗?鐢ㄦ椂 1.50s (score=92 depth=5)
[ 24] 榛?h0g1 (0, 1)->(1, 2)  鐢ㄦ椂 1.55s (score=-7.75 depth=5)
[ 25] 绾?a4a2 (5, 0)->(7, 0)  鐢ㄦ椂 1.49s (score=15 depth=5)
[ 26] 榛?g5g7 (5, 2)->(7, 2)  鐢ㄦ椂 1.53s (score=-9 depth=5)
[ 27] 绾?f5e6 (4, 5)->(3, 4) 鍚?b鐐?鐢ㄦ椂 0.94s (score=2 depth=5)
[ 28] 榛?e2e3 (2, 4)->(3, 4) 鍚?r浠?鐢ㄦ椂 1.54s (score=111.375 depth=5)
[ 29] 绾?d0e1 (9, 3)->(8, 4) 缈诲紑=杌?鐢ㄦ椂 1.53s (score=-1 depth=5)
[ 30] 榛?g0e2 (0, 2)->(2, 4) 缈诲紑=杌?鐢ㄦ椂 1.54s (score=26 depth=5)
[ 31] 绾?b0b5 (9, 1)->(4, 1)  鐢ㄦ椂 1.02s (score=27 depth=5)
[ 32] 榛?i4g6 (4, 0)->(6, 2)  鐢ㄦ椂 1.02s (score=-5 depth=5)
[ 33] 绾?e1e2 (8, 4)->(7, 4)  鐢ㄦ椂 0.98s (score=41 depth=5)
[ 34] 榛?g7e7 (7, 2)->(7, 4) 鍚?r杌?鐢ㄦ椂 1.41s (score=-9 depth=6)
[ 35] 绾?g0e2 (9, 6)->(7, 4) 缈诲紑=鍏?鍚?b杌?鐢ㄦ椂 0.88s (score=304 depth=7)
[ 36] 榛?c4d6 (4, 6)->(6, 5)  鐢ㄦ椂 0.70s (score=54 depth=5)
[ 37] 绾?b5f5 (4, 1)->(4, 5)  鐢ㄦ椂 1.52s (score=-29 depth=5)
[ 38] 榛?d6f7 (6, 5)->(7, 3)  鐢ㄦ椂 1.17s (score=38 depth=6)
[ 39] 绾?e0d0 (9, 4)->(9, 3)  鐢ㄦ椂 1.53s (score=-46.375 depth=6)
[ 40] 榛?e2f2 (2, 4)->(2, 3)  鐢ㄦ椂 1.52s (score=36.375 depth=5)
[ 41] 绾?f0e1 (9, 5)->(8, 4) 缈诲紑=鍏?鐢ㄦ椂 1.20s (score=-38 depth=5)
[ 42] 榛?d0e1 (0, 5)->(1, 4) 缈诲紑=澹?鐢ㄦ椂 0.98s (score=66 depth=5)
[ 43] 绾?a6c6 (3, 0)->(3, 2)  鐢ㄦ椂 1.04s (score=-38 depth=5)
[ 44] 榛?g1h2 (1, 2)->(2, 1)  鐢ㄦ椂 1.52s (score=76 depth=5)
[ 45] 绾?a2c2 (7, 0)->(7, 2)  鐢ㄦ椂 0.69s (score=-81 depth=5)
[ 46] 榛?h2g3 (2, 1)->(3, 2) 鍚?r鐐?鐢ㄦ椂 1.26s (score=66.71428571428572 depth=6)
[ 47] 绾?c2c6 (7, 2)->(3, 2) 鍚?b澹?鐢ㄦ椂 1.05s (score=52.321428571428584 depth=6)
[ 48] 榛?a4a5 (4, 8)->(5, 8)  鐢ㄦ椂 1.16s (score=68.25 depth=6)
[ 49] 绾?i3i4 (6, 8)->(5, 8) 缈诲紑=棣?鍚?b鍗?鐢ㄦ椂 1.54s (score=-58.25 depth=5)
[ 50] 榛?a0a5 (0, 8)->(5, 8) 缈诲紑=鐐?鍚?r棣?鐢ㄦ椂 1.27s (score=155.85714285714286 depth=6)
[ 51] 绾?f5i5 (4, 5)->(4, 8)  鐢ㄦ椂 1.53s (score=-38 depth=5)
[ 52] 榛?f7e5 (7, 3)->(5, 4) 鍚?r鍏?鐢ㄦ椂 0.84s (score=112 depth=6)
[ 53] 绾?c6d6 (3, 2)->(3, 3)  鐢ㄦ椂 1.29s (score=-180 depth=8)
[ 54] 榛?f2f3 (2, 3)->(3, 3) 鍚?r鐐?鐢ㄦ椂 1.31s (score=179 depth=7)
[ 55] 绾?d0e0 (9, 3)->(9, 4)  鐢ㄦ椂 0.90s (score=-34 depth=8)
[ 56] 榛?e5f7 (5, 4)->(7, 3)  鐢ㄦ椂 1.52s (score=62.75 depth=6)
[ 57] 绾?e0f0 (9, 4)->(9, 5)  鐢ㄦ椂 1.16s (score=-115 depth=7)
[ 58] 榛?a5e5 (5, 8)->(5, 4)  鐢ㄦ椂 1.54s (score=33 depth=5)
[ 59] 绾?i5i9 (4, 8)->(0, 8)  鐢ㄦ椂 1.44s (score=46.125 depth=7)
[ 60] 榛?e1d2 (1, 4)->(2, 5)  鐢ㄦ椂 1.12s (score=-48.125 depth=6)
[ 61] 绾?i9h9 (0, 8)->(0, 7) 鍚?b鍗?鐢ㄦ椂 1.54s (score=79.125 depth=7)
[ 62] 榛?e0e1 (0, 4)->(1, 4)  鐢ㄦ椂 1.23s (score=-19.125 depth=8)
[ 63] 绾?h9f9 (0, 7)->(0, 5)  鐢ㄦ椂 1.24s (score=-0.875 depth=7)
[ 64] 榛?f3f2 (3, 3)->(2, 3)  鐢ㄦ椂 1.25s (score=38.875 depth=6)
[ 65] 绾?e2e3 (7, 4)->(6, 4)  鐢ㄦ椂 1.52s (score=-45.875 depth=6)
[ 66] 榛?e5e8 (5, 4)->(8, 4) 鍚?r鍏?鐢ㄦ椂 1.18s (score=66.875 depth=6)
[ 67] 绾?h6h7 (3, 7)->(2, 7)  鐢ㄦ椂 0.82s (score=-84.875 depth=6)
[ 68] 榛?d2c1 (2, 5)->(1, 6)  鐢ㄦ椂 1.56s (score=101.875 depth=5)
[ 69] 绾?f9f8 (0, 5)->(1, 5)  鐢ㄦ椂 0.80s (score=-105 depth=6)
[ 70] 榛?e1e0 (1, 4)->(0, 4)  鐢ㄦ椂 1.31s (score=132 depth=7)
[ 71] 绾?h7h8 (2, 7)->(1, 7)  鐢ㄦ椂 0.74s (score=-67.875 depth=5)
[ 72] 榛?f2b2 (2, 3)->(2, 7)  鐢ㄦ椂 1.54s (score=116.875 depth=5)
[ 73] 绾?h0f2 (9, 7)->(7, 5)  鐢ㄦ椂 1.42s (score=-154.875 depth=7)
[ 74] 榛?b2b8 (2, 7)->(8, 7)  鐢ㄦ椂 1.12s (score=3696 depth=6)
[ 75] 绾?f8e8 (1, 5)->(1, 4)  鐢ㄦ椂 1.51s (score=-3696 depth=8)
[ 76] 榛?f0e1 (0, 3)->(1, 4) 缈诲紑=棣?鍚?r杌?鐢ㄦ椂 1.51s (score=3696 depth=10)
[ 77] 绾?h8g8 (1, 7)->(1, 6) 鍚?b澹?鐢ㄦ椂 0.72s (score=-3696 depth=12)
[ 78] 榛?b8d8 (8, 7)->(8, 5)  鐢ㄦ椂 0.01s (score=3696 depth=12)
[ 79] 绾?f0f1 (9, 5)->(8, 5) 鍚?b杌?鐢ㄦ椂 0.01s (score=-3696 depth=12)
[ 80] 榛?f7d8 (7, 3)->(8, 5) 鍚?r甯?鐢ㄦ椂 0.00s (score=3696 depth=12)

========================================================
瀵瑰眬缁撴灉
========================================================
鑳滆€? pypy (榛戞柟)
鍘熷洜: 绗?80 鐫€鍚冩帀 甯? 鑾疯儨
鎬绘鏁? 80 鐫€, 鍏ㄥ眬澧欓挓 95.6s

鍙屾柟鐢ㄦ椂:
  pypy510 (绾㈡柟):  40 鐫€  鎬荤敤鏃?   47.0s  骞冲潎  1.17s  鏈€闀?  1.54s
  pypy  (榛戞柟):  40 鐫€  鎬荤敤鏃?   48.5s  骞冲潎  1.21s  鏈€闀?  1.56s

[*] 妫嬭氨宸蹭繚瀛? C:\Users\yimingwang218185\Desktop\jieqi_ai\tools\games\game_20260824_094053.json / .txt

缁堝眬妫嬬洏 (绾㈡柟鍦ㄤ笅):
    0 1 2 3 4 5 6 7 8
 0 | 路 路 路 路 b灏?路 路 路 路
 1 | 路 路 路 路 b棣?路 r鍏?路 路
 2 | b璞?路 路 路 路 路 路 路 路
 3 | 路 路 路 路 b鍗?路 路 路 路
 4 | 路 路 路 路 路 路 路 路 路
 5 | 路 路 路 路 路 路 路 路 路
 6 | 路 路 b璞?路 r鍏?路 路 路 路
 7 | 路 路 路 路 路 r鐩?路 路 路
 8 | 路 路 路 路 b鐐?b棣?路 路 路
 9 | r? 路 路 路 路 路 路 路 路
