[*] 瑁佸垽鍚姩: pypy510 鎵х孩鍏堣(姣忕潃 1.5s) vs pypy 鎵ч粦(姣忕潃 1.5s), 闅忔満绉嶅瓙 20260991
[engine_server] 灏辩华 (PyPy 3.11.13, engine=jieqi_engine_v510)
[engine_server] 棰勭儹瀹屾垚
[engine_server] 灏辩华 (PyPy 3.11.13, engine=jieqi_engine)
[engine_server] 棰勭儹瀹屾垚
[+] 寮曟搸瀛愯繘绋嬪氨缁?(PyPy: pypy3.EXE)
[+] 寮曟搸瀛愯繘绋嬪氨缁?(PyPy: pypy3.EXE)
[*] 绾㈡柟寮曟搸: pypy510 (v5.10 鍩虹嚎, U鍐荤粨鏈慨)
[*] 榛戞柟寮曟搸: pypy (miaosiSari 鍘熺増, alpha-beta)
[  1] 绾?e3e4 (6, 4)->(5, 4) 缈诲紑=鐩?鐢ㄦ椂 1.36s (score=78 depth=5)
[  2] 榛?b2b9 (2, 7)->(9, 7) 缈诲紑=澹?鍚?r棣?鐢ㄦ椂 1.21s (score=11.0 depth=5)
[  3] 绾?b2b9 (7, 1)->(0, 1) 缈诲紑=棣?鍚?b鍗?鐢ㄦ椂 0.79s (score=122.0 depth=5)
[  4] 榛?g3g4 (3, 2)->(4, 2) 缈诲紑=璞?鐢ㄦ椂 0.94s (score=46.85714285714286 depth=5)
[  5] 绾?a3a4 (6, 0)->(5, 0) 缈诲紑=鍏?鐢ㄦ椂 0.83s (score=63.0 depth=5)
[  6] 榛?e3e4 (3, 4)->(4, 4) 缈诲紑=杌?鐢ㄦ椂 1.25s (score=61 depth=5)
[  7] 绾?c0e2 (9, 2)->(7, 4) 缈诲紑=鍏?鐢ㄦ椂 0.99s (score=-33 depth=5)
[  8] 榛?c3c4 (3, 6)->(4, 6) 缈诲紑=鍗?鐢ㄦ椂 1.52s (score=98.72727272727272 depth=5)
[  9] 绾?i3i4 (6, 8)->(5, 8) 缈诲紑=鍏?鐢ㄦ椂 0.72s (score=-21.36363636363636 depth=5)
[ 10] 榛?i0h0 (0, 0)->(0, 1) 缈诲紑=鐐?鍚?r棣?鐢ㄦ椂 1.53s (score=98.63636363636364 depth=5)
[ 11] 绾?e4g6 (5, 4)->(3, 6)  鐢ㄦ椂 1.00s (score=33.5 depth=5)
[ 12] 榛?h0h9 (0, 1)->(9, 1) 鍚?r杌?鐢ㄦ椂 1.01s (score=-29.5 depth=5)
[ 13] 绾?a0b0 (9, 0)->(9, 1) 缈诲紑=杌?鍚?b鐐?鐢ㄦ椂 1.02s (score=195.5 depth=7)
[ 14] 榛?c4c5 (4, 6)->(5, 6)  鐢ㄦ椂 1.53s (score=-89 depth=4)
[ 15] 绾?g3g4 (6, 6)->(5, 6) 缈诲紑=鐐?鍚?b鍗?鐢ㄦ椂 1.46s (score=116.72727272727272 depth=6)
[ 16] 榛?e4c4 (4, 4)->(4, 6)  鐢ㄦ椂 1.50s (score=-44.0 depth=5)
[ 17] 绾?g4e4 (5, 6)->(5, 4)  鐢ㄦ椂 1.50s (score=81.0 depth=6)
[ 18] 榛?c4c3 (4, 6)->(3, 6) 鍚?r鐩?鐢ㄦ椂 0.83s (score=-80.0 depth=5)
[ 19] 绾?h2h8 (7, 7)->(1, 7) 缈诲紑=鐐?鐢ㄦ椂 1.52s (score=163 depth=5)
[ 20] 榛?c3c1 (3, 6)->(1, 6)  鐢ㄦ椂 1.23s (score=-85 depth=5)
[ 21] 绾?h8h6 (1, 7)->(3, 7)  鐢ㄦ椂 0.65s (score=87 depth=4)
[ 22] 榛?c1c5 (1, 6)->(5, 6)  鐢ㄦ椂 1.56s (score=-92 depth=5)
[ 23] 绾?b0b4 (9, 1)->(5, 1)  鐢ㄦ椂 1.51s (score=140.0 depth=6)
[ 24] 榛?c5c3 (5, 6)->(3, 6)  鐢ㄦ椂 1.53s (score=-144.0 depth=5)
[ 25] 绾?b4b6 (5, 1)->(3, 1)  鐢ㄦ椂 1.51s (score=164.75 depth=5)
[ 26] 榛?c3c5 (3, 6)->(5, 6)  鐢ㄦ椂 1.58s (score=-136.75 depth=5)
[ 27] 绾?e2e3 (7, 4)->(6, 4)  鐢ㄦ椂 1.53s (score=162.75 depth=5)
[ 28] 榛?g4e6 (4, 2)->(6, 4) 鍚?r鍏?鐢ㄦ椂 1.52s (score=-134.75 depth=5)
[ 29] 绾?b6e6 (3, 1)->(3, 4)  鐢ㄦ椂 1.52s (score=143.75 depth=5)
[ 30] 榛?d0e1 (0, 5)->(1, 4) 缈诲紑=棣?鐢ㄦ椂 1.50s (score=-138.75 depth=5)
[ 31] 绾?c3c4 (6, 2)->(5, 2) 缈诲紑=鐩?鐢ㄦ椂 0.93s (score=168.0909090909091 depth=5)
[ 32] 榛?h2h9 (2, 1)->(9, 1) 缈诲紑=棣?鐢ㄦ椂 1.10s (score=-108.0909090909091 depth=4)
[ 33] 绾?c4e2 (5, 2)->(7, 4)  鐢ㄦ椂 0.60s (score=202.5 depth=4)
[ 34] 榛?c5b5 (5, 6)->(5, 7)  鐢ㄦ椂 0.73s (score=-182.0 depth=5)
[ 35] 绾?i0h0 (9, 8)->(9, 7) 缈诲紑=鍏?鍚?b澹?鐢ㄦ椂 1.03s (score=185.5 depth=5)
[ 36] 榛?h9f8 (9, 1)->(8, 3)  鐢ㄦ椂 0.72s (score=-37 depth=4)
[ 37] 绾?d0e1 (9, 3)->(8, 4) 缈诲紑=鍏?鐢ㄦ椂 0.77s (score=84 depth=5)
[ 38] 榛?g0i2 (0, 2)->(2, 0) 缈诲紑=鐐?鐢ㄦ椂 0.63s (score=-44.28571428571428 depth=4)
[ 39] 绾?h6a6 (3, 7)->(3, 0) 鍚?b璞?鐢ㄦ椂 0.89s (score=76.28571428571428 depth=5)
[ 40] 榛?f8g6 (8, 3)->(6, 2)  鐢ㄦ椂 0.98s (score=-36 depth=4)
[ 41] 绾?e4e5 (5, 4)->(4, 4)  鐢ㄦ椂 0.98s (score=39 depth=5)
[ 42] 榛?b5e5 (5, 7)->(5, 4)  鐢ㄦ椂 0.70s (score=-39 depth=4)
[ 43] 绾?a6b6 (3, 0)->(3, 1)  鐢ㄦ椂 1.03s (score=37 depth=5)
[ 44] 榛?i2h2 (2, 0)->(2, 1)  鐢ㄦ椂 0.90s (score=-44 depth=5)
[ 45] 绾?g0i2 (9, 6)->(7, 8) 缈诲紑=浠?鐢ㄦ椂 0.73s (score=43 depth=4)
[ 46] 榛?e0d0 (0, 4)->(0, 5)  鐢ㄦ椂 0.66s (score=8 depth=4)
[ 47] 绾?e2g0 (7, 4)->(9, 6)  鐢ㄦ椂 0.81s (score=-32 depth=4)
[ 48] 榛?e5i5 (5, 4)->(5, 0) 鍚?r鍏?鐢ㄦ椂 1.05s (score=47 depth=4)
[ 49] 绾?e1e2 (8, 4)->(7, 4)  鐢ㄦ椂 1.11s (score=-27 depth=5)
[ 50] 榛?i5i9 (5, 0)->(9, 0)  鐢ㄦ椂 0.78s (score=42 depth=4)
[ 51] 绾?e0e1 (9, 4)->(8, 4)  鐢ㄦ椂 1.53s (score=-67 depth=6)
[ 52] 榛?i9i8 (9, 0)->(8, 0)  鐢ㄦ椂 1.51s (score=47 depth=5)
[ 53] 绾?e1e0 (8, 4)->(9, 4)  鐢ㄦ椂 0.89s (score=-20 depth=6)
[ 54] 榛?i8i9 (8, 0)->(9, 0)  鐢ㄦ椂 0.76s (score=40 depth=4)
[ 55] 绾?e0e1 (9, 4)->(8, 4)  鐢ㄦ椂 1.53s (score=-67 depth=6)
[ 56] 榛?i9d9 (9, 0)->(9, 5) 鍚?r浠?鐢ㄦ椂 1.53s (score=110 depth=-2)
[ 57] 绾?e6c6 (3, 4)->(3, 2)  鐢ㄦ椂 0.81s (score=71 depth=5)
[ 58] 榛?g6h8 (6, 2)->(8, 1)  鐢ㄦ椂 1.24s (score=-44 depth=5)
[ 59] 绾?b6a6 (3, 1)->(3, 0)  鐢ㄦ椂 1.39s (score=79 depth=5)
[ 60] 榛?d9d8 (9, 5)->(8, 5)  鐢ㄦ椂 0.89s (score=-1 depth=6)
[ 61] 绾?e1e0 (8, 4)->(9, 4)  鐢ㄦ椂 1.51s (score=-37.0 depth=8)
[ 62] 榛?h8f7 (8, 1)->(7, 3)  鐢ㄦ椂 0.86s (score=53 depth=6)
[ 63] 绾?e0d0 (9, 4)->(9, 3)  鐢ㄦ椂 1.51s (score=-30 depth=7)
[ 64] 榛?h2f2 (2, 1)->(2, 3)  鐢ㄦ椂 1.55s (score=95.0 depth=5)
[ 65] 绾?e5d5 (4, 4)->(4, 3)  鐢ㄦ椂 1.28s (score=-31 depth=7)
[ 66] 榛?f7h8 (7, 3)->(8, 1)  鐢ㄦ椂 1.53s (score=117.0 depth=5)
[ 67] 绾?d0e0 (9, 3)->(9, 4)  鐢ㄦ椂 1.02s (score=-22 depth=7)
[ 68] 榛?h8f7 (8, 1)->(7, 3)  鐢ㄦ椂 0.77s (score=50.0 depth=5)
[ 69] 绾?e0d0 (9, 4)->(9, 3)  鐢ㄦ椂 1.24s (score=-37 depth=7)
[ 70] 榛?f7h8 (7, 3)->(8, 1)  鐢ㄦ椂 1.50s (score=117.0 depth=5)
[ 71] 绾?d0e0 (9, 3)->(9, 4)  鐢ㄦ椂 0.98s (score=-22 depth=7)
[ 72] 榛?h8f7 (8, 1)->(7, 3)  鐢ㄦ椂 0.77s (score=50.0 depth=5)
[ 73] 绾?e0d0 (9, 4)->(9, 3)  鐢ㄦ椂 1.16s (score=-37 depth=7)

========================================================
瀵瑰眬缁撴灉
========================================================
鍜屾
鍘熷洜: 绗?73 鐫€鍚庡眬闈㈢ 3 娆″嚭鐜? 鍒ゅ拰
鎬绘鏁? 73 鐫€, 鍏ㄥ眬澧欓挓 83.2s

鍙屾柟鐢ㄦ椂:
  pypy510 (绾㈡柟):  37 鐫€  鎬荤敤鏃?   41.6s  骞冲潎  1.12s  鏈€闀?  1.53s
  pypy  (榛戞柟):  36 鐫€  鎬荤敤鏃?   41.4s  骞冲潎  1.15s  鏈€闀?  1.58s

[*] 妫嬭氨宸蹭繚瀛? C:\Users\yimingwang218185\Desktop\jieqi_ai\tools\games\game_20260824_093044.json / .txt

缁堝眬妫嬬洏 (绾㈡柟鍦ㄤ笅):
    0 1 2 3 4 5 6 7 8
 0 | 路 路 路 b? 路 b灏?b? b? b?
 1 | 路 路 路 路 b棣?路 路 路 路
 2 | 路 路 路 b鐐?路 路 路 路 路
 3 | r鐐?路 r杌?路 路 路 路 路 b?
 4 | 路 路 路 r鐐?路 路 路 路 路
 5 | 路 路 路 路 路 路 路 路 r鍏?
 6 | 路 路 路 路 b璞?路 路 路 路
 7 | 路 路 路 b棣?r鍏?路 路 路 r浠?
 8 | 路 路 路 路 路 b杌?路 路 路
 9 | 路 路 路 r甯?路 路 r鐩?r鍏?路
