[*] 瑁佸垽鍚姩: pypy510 鎵х孩鍏堣(姣忕潃 1.5s) vs pypy 鎵ч粦(姣忕潃 1.5s), 闅忔満绉嶅瓙 20260993
[engine_server] 灏辩华 (PyPy 3.11.13, engine=jieqi_engine_v510)
[engine_server] 棰勭儹瀹屾垚
[engine_server] 灏辩华 (PyPy 3.11.13, engine=jieqi_engine)
[engine_server] 棰勭儹瀹屾垚
[+] 寮曟搸瀛愯繘绋嬪氨缁?(PyPy: pypy3.EXE)
[+] 寮曟搸瀛愯繘绋嬪氨缁?(PyPy: pypy3.EXE)
[*] 绾㈡柟寮曟搸: pypy510 (v5.10 鍩虹嚎, U鍐荤粨鏈慨)
[*] 榛戞柟寮曟搸: pypy (miaosiSari 鍘熺増, alpha-beta)
[  1] 绾?e3e4 (6, 4)->(5, 4) 缈诲紑=浠?鐢ㄦ椂 1.34s (score=78 depth=5)
[  2] 榛?b2b9 (2, 7)->(9, 7) 缈诲紑=棣?鍚?r鐐?鐢ㄦ椂 1.54s (score=1.1428571428571388 depth=4)
[  3] 绾?b2b9 (7, 1)->(0, 1) 缈诲紑=浠?鍚?b杌?鐢ㄦ椂 1.03s (score=109.85714285714286 depth=5)
[  4] 榛?a3a4 (3, 8)->(4, 8) 缈诲紑=鍗?鐢ㄦ椂 1.34s (score=41.16483516483517 depth=5)
[  5] 绾?a3a4 (6, 0)->(5, 0) 缈诲紑=杌?鐢ㄦ椂 0.79s (score=82 depth=5)
[  6] 榛?c3c4 (3, 6)->(4, 6) 缈诲紑=杌?鐢ㄦ椂 0.93s (score=2 depth=5)
[  7] 绾?c3c4 (6, 2)->(5, 2) 缈诲紑=鍏?鐢ㄦ椂 1.08s (score=36.25 depth=5)
[  8] 榛?e3e4 (3, 4)->(4, 4) 缈诲紑=澹?鐢ㄦ椂 0.84s (score=34.75 depth=5)
[  9] 绾?h2h8 (7, 7)->(1, 7) 缈诲紑=鐐?鐢ㄦ椂 0.99s (score=14.36363636363636 depth=5)
[ 10] 榛?c4c6 (4, 6)->(6, 6) 鍚?r鐩?鐢ㄦ椂 0.87s (score=60.63636363636364 depth=5)
[ 11] 绾?i0h0 (9, 8)->(9, 7) 缈诲紑=鍏?鍚?b棣?鐢ㄦ椂 1.53s (score=9.36363636363636 depth=4)
[ 12] 榛?h2h8 (2, 1)->(8, 1) 缈诲紑=璞?鐢ㄦ椂 1.54s (score=96.83333333333334 depth=4)
[ 13] 绾?h8h1 (1, 7)->(8, 7)  鐢ㄦ椂 1.53s (score=1.6666666666666572 depth=5)
[ 14] 榛?g0e2 (0, 2)->(2, 4) 缈诲紑=棣?鐢ㄦ椂 0.82s (score=-5 depth=5)
[ 15] 绾?h1e1 (8, 7)->(8, 4)  鐢ㄦ椂 1.50s (score=44 depth=5)
[ 16] 榛?f0e1 (0, 3)->(1, 4) 缈诲紑=璞?鐢ㄦ椂 0.67s (score=-30 depth=4)
[ 17] 绾?a4b4 (5, 0)->(5, 1)  鐢ㄦ椂 1.55s (score=71.33333333333334 depth=5)
[ 18] 榛?e4f5 (4, 4)->(5, 3)  鐢ㄦ椂 0.90s (score=-76.33333333333334 depth=5)
[ 19] 绾?e4d5 (5, 4)->(4, 3)  鐢ㄦ椂 0.78s (score=79.0 depth=5)
[ 20] 榛?f5e6 (5, 3)->(6, 4)  鐢ㄦ椂 1.51s (score=-51.33333333333334 depth=5)
[ 21] 绾?a0a6 (9, 0)->(3, 0) 缈诲紑=鍏?鍚?b鐐?鐢ㄦ椂 1.54s (score=62.33333333333334 depth=5)
[ 22] 榛?e2f4 (2, 4)->(4, 3) 鍚?r浠?鐢ㄦ椂 1.48s (score=28.625 depth=6)
[ 23] 绾?b4b1 (5, 1)->(8, 1) 鍚?b璞?鐢ㄦ椂 1.48s (score=41 depth=6)
[ 24] 榛?c6c9 (6, 6)->(9, 6) 鍚?r杌?鐢ㄦ椂 1.51s (score=20 depth=5)
[ 25] 绾?b1b5 (8, 1)->(4, 1)  鐢ㄦ椂 1.51s (score=84.33333333333333 depth=5)
[ 26] 榛?f4d5 (4, 3)->(5, 5)  鐢ㄦ椂 1.53s (score=-60.33333333333333 depth=6)
[ 27] 绾?b0c2 (9, 1)->(7, 2) 缈诲紑=鍏?鐢ㄦ椂 1.53s (score=92.33333333333333 depth=4)
[ 28] 榛?d5c7 (5, 5)->(7, 6)  鐢ㄦ椂 1.39s (score=24.5 depth=6)
[ 29] 绾?b5f5 (4, 1)->(4, 5)  鐢ㄦ椂 1.14s (score=-59.5 depth=6)
[ 30] 榛?i0h0 (0, 0)->(0, 1) 缈诲紑=鍗?鍚?r浠?鐢ㄦ椂 1.53s (score=65.5 depth=5)
[ 31] 绾?c0a2 (9, 2)->(7, 0) 缈诲紑=棣?鐢ㄦ椂 1.50s (score=32 depth=6)
[ 32] 榛?b0c2 (0, 7)->(2, 6) 缈诲紑=鐐?鐢ㄦ椂 1.25s (score=20 depth=6)
[ 33] 绾?f5f3 (4, 5)->(6, 5)  鐢ㄦ椂 1.02s (score=-55 depth=5)
[ 34] 榛?c2a2 (2, 6)->(2, 8)  鐢ㄦ椂 0.61s (score=55 depth=4)
[ 35] 绾?a6b6 (3, 0)->(3, 1)  鐢ㄦ椂 1.53s (score=-23 depth=5)
[ 36] 榛?a2a6 (2, 8)->(6, 8) 鍚?r鐩?鐢ㄦ椂 1.36s (score=51 depth=6)
[ 37] 绾?b6c6 (3, 1)->(3, 2) 鍚?b鍗?鐢ㄦ椂 0.78s (score=28 depth=5)
[ 38] 榛?a6a9 (6, 8)->(9, 8)  鐢ㄦ椂 1.54s (score=38 depth=5)
[ 39] 绾?c6c7 (3, 2)->(2, 2)  鐢ㄦ椂 1.52s (score=1 depth=4)
[ 40] 榛?c9b9 (9, 6)->(9, 7) 鍚?r鍏?鐢ㄦ椂 0.90s (score=253 depth=6)
[ 41] 绾?e1g1 (8, 4)->(8, 6)  鐢ㄦ椂 1.53s (score=-296 depth=6)
[ 42] 榛?b9b6 (9, 7)->(6, 7)  鐢ㄦ椂 1.21s (score=284 depth=6)
[ 43] 绾?f0e1 (9, 5)->(8, 4) 缈诲紑=棣?鐢ㄦ椂 0.85s (score=-358.66666666666663 depth=7)
[ 44] 榛?b6b9 (6, 7)->(9, 7)  鐢ㄦ椂 1.15s (score=246 depth=7)
[ 45] 绾?f3f0 (6, 5)->(9, 5)  鐢ㄦ椂 0.80s (score=-260 depth=7)
[ 46] 榛?c7e8 (7, 6)->(8, 4) 鍚?r棣?鐢ㄦ椂 1.50s (score=235 depth=5)
[ 47] 绾?d0e1 (9, 3)->(8, 4) 缈诲紑=鍏?鍚?b棣?鐢ㄦ椂 1.07s (score=-179.33333333333334 depth=6)
[ 48] 榛?e1c3 (1, 4)->(3, 6)  鐢ㄦ椂 1.30s (score=304.0 depth=6)
[ 49] 绾?g1f1 (8, 6)->(8, 5)  鐢ㄦ椂 0.58s (score=-260 depth=5)
[ 50] 榛?a9d9 (9, 8)->(9, 5) 鍚?r杌?鐢ㄦ椂 1.22s (score=287 depth=6)
[ 51] 绾?c4c5 (5, 2)->(4, 2)  鐢ㄦ椂 0.81s (score=-1.0 depth=6)
[ 52] 榛?e6d7 (6, 4)->(7, 5)  鐢ㄦ椂 0.71s (score=49.0 depth=5)
[ 53] 绾?c5c6 (4, 2)->(3, 2)  鐢ㄦ椂 1.53s (score=-29.0 depth=5)
[ 54] 榛?b9b8 (9, 7)->(8, 7)  鐢ㄦ椂 1.04s (score=135 depth=7)
[ 55] 绾?f1f9 (8, 5)->(0, 5) 鍚?b澹?鐢ㄦ椂 1.52s (score=-141 depth=6)
[ 56] 榛?d9d0 (9, 5)->(0, 5) 鍚?r鐐?鐢ㄦ椂 1.54s (score=3696 depth=7)
[ 57] 绾?e0d0 (9, 4)->(9, 3)  鐢ㄦ椂 0.91s (score=-3696 depth=9)
[ 58] 榛?d7e8 (7, 5)->(8, 4) 鍚?r鍏?鐢ㄦ椂 0.43s (score=3696 depth=12)
[ 59] 绾?d0e0 (9, 3)->(9, 4)  鐢ㄦ椂 0.40s (score=-3696 depth=12)
[ 60] 榛?b8b9 (8, 7)->(9, 7)  鐢ㄦ椂 0.01s (score=3696 depth=12)
[ 61] 绾?e0e1 (9, 4)->(8, 4) 鍚?b澹?鐢ㄦ椂 0.01s (score=-3696 depth=12)
[ 62] 榛?e0e8 (0, 4)->(8, 4) 鍚?r甯?鐢ㄦ椂 0.00s (score=3696 depth=12)

========================================================
瀵瑰眬缁撴灉
========================================================
鑳滆€? pypy (榛戞柟)
鍘熷洜: 绗?62 鐫€鍚冩帀 甯? 鑾疯儨
鎬绘鏁? 62 鐫€, 鍏ㄥ眬澧欓挓 70.0s

鍙屾柟鐢ㄦ椂:
  pypy510 (绾㈡柟):  31 鐫€  鎬荤敤鏃?   35.7s  骞冲潎  1.15s  鏈€闀?  1.55s
  pypy  (榛戞柟):  31 鐫€  鎬荤敤鏃?   34.2s  骞冲潎  1.10s  鏈€闀?  1.54s

[*] 妫嬭氨宸蹭繚瀛? C:\Users\yimingwang218185\Desktop\jieqi_ai\tools\games\game_20260824_093338.json / .txt

缁堝眬妫嬬洏 (绾㈡柟鍦ㄤ笅):
    0 1 2 3 4 5 6 7 8
 0 | 路 b鍗?路 路 路 b鐐?b? 路 b?
 1 | 路 路 路 路 路 路 路 路 路
 2 | 路 路 r鍏?路 路 路 路 路 路
 3 | 路 路 r鍏?路 路 路 b璞?路 路
 4 | 路 路 路 路 路 路 路 路 b鍗?
 5 | 路 路 路 路 路 路 路 路 路
 6 | 路 路 路 路 路 路 路 路 路
 7 | r棣?路 r鍏?路 路 路 路 路 路
 8 | 路 路 路 路 b灏?路 路 路 路
 9 | 路 路 路 路 路 路 路 b杌?路
