[*] 瑁佸垽鍚姩: pypy 鎵х孩鍏堣(姣忕潃 1.5s) vs pypy510 鎵ч粦(姣忕潃 1.5s), 闅忔満绉嶅瓙 20260994
[engine_server] 灏辩华 (PyPy 3.11.13, engine=jieqi_engine)
[engine_server] 棰勭儹瀹屾垚
[engine_server] 灏辩华 (PyPy 3.11.13, engine=jieqi_engine_v510)
[engine_server] 棰勭儹瀹屾垚
[+] 寮曟搸瀛愯繘绋嬪氨缁?(PyPy: pypy3.EXE)
[+] 寮曟搸瀛愯繘绋嬪氨缁?(PyPy: pypy3.EXE)
[*] 绾㈡柟寮曟搸: pypy (miaosiSari 鍘熺増, alpha-beta)
[*] 榛戞柟寮曟搸: pypy510 (v5.10 鍩虹嚎, U鍐荤粨鏈慨)
[  1] 绾?e3e4 (6, 4)->(5, 4) 缈诲紑=棣?鐢ㄦ椂 1.32s (score=78 depth=5)
[  2] 榛?e3e4 (3, 4)->(4, 4) 缈诲紑=璞?鐢ㄦ椂 0.82s (score=10 depth=4)
[  3] 绾?b2b9 (7, 1)->(0, 1) 缈诲紑=鐩?鍚?b鍗?鐢ㄦ椂 1.53s (score=20.0 depth=4)
[  4] 榛?a3a4 (3, 8)->(4, 8) 缈诲紑=鍗?鐢ㄦ椂 1.31s (score=69.0 depth=5)
[  5] 绾?c3c4 (6, 2)->(5, 2) 缈诲紑=鍏?鐢ㄦ椂 0.82s (score=20.692307692307708 depth=5)
[  6] 榛?e4c6 (4, 4)->(6, 6) 鍚?r杌?鐢ㄦ椂 0.76s (score=64.5 depth=5)
[  7] 绾?a3a4 (6, 0)->(5, 0) 缈诲紑=鍏?鐢ㄦ椂 1.51s (score=13.5 depth=5)
[  8] 榛?h2h8 (2, 1)->(8, 1) 缈诲紑=璞?鐢ㄦ椂 1.10s (score=61.14685314685312 depth=5)
[  9] 绾?h2h6 (7, 7)->(3, 7) 缈诲紑=鐐?鐢ㄦ椂 1.54s (score=36 depth=5)
[ 10] 榛?b2b9 (2, 7)->(9, 7) 缈诲紑=鍗?鍚?r鍏?鐢ㄦ椂 0.82s (score=-9 depth=5)
[ 11] 绾?i0h0 (9, 8)->(9, 7) 缈诲紑=浠?鍚?b鍗?鐢ㄦ椂 1.51s (score=133.72727272727272 depth=6)
[ 12] 榛?c0e2 (0, 6)->(2, 4) 缈诲紑=鍗?鐢ㄦ椂 1.40s (score=-48.33333333333333 depth=6)
[ 13] 绾?e4d6 (5, 4)->(3, 3)  鐢ㄦ椂 1.31s (score=120.66666666666663 depth=6)
[ 14] 榛?f0e1 (0, 3)->(1, 4) 缈诲紑=鍗?鐢ㄦ椂 1.07s (score=-98.66666666666663 depth=7)
[ 15] 绾?d6c8 (3, 3)->(1, 2)  鐢ㄦ椂 0.64s (score=154.33333333333331 depth=6)
[ 16] 榛?e0f0 (0, 4)->(0, 3)  鐢ㄦ椂 1.05s (score=-151.33333333333331 depth=8)
[ 17] 绾?h6c6 (3, 7)->(3, 2) 鍚?b杌?鐢ㄦ椂 0.76s (score=141.33333333333331 depth=6)
[ 18] 榛?g0i2 (0, 2)->(2, 0) 缈诲紑=澹?鐢ㄦ椂 1.05s (score=-42.333333333333314 depth=7)
[ 19] 绾?c8a9 (1, 2)->(0, 0) 鍚?b鐐?鐢ㄦ椂 0.81s (score=59.333333333333314 depth=6)
[ 20] 榛?b0a2 (0, 7)->(2, 8) 缈诲紑=杌?鐢ㄦ椂 1.56s (score=46.666666666666686 depth=6)
[ 21] 绾?c0e2 (9, 2)->(7, 4) 缈诲紑=鍏?鐢ㄦ椂 1.51s (score=-5.5 depth=5)
[ 22] 榛?c3c4 (3, 6)->(4, 6) 缈诲紑=棣?鐢ㄦ椂 1.52s (score=87 depth=6)
[ 23] 绾?g0i2 (9, 6)->(7, 8) 缈诲紑=浠?鐢ㄦ椂 0.92s (score=-9 depth=5)
[ 24] 榛?a4a5 (4, 8)->(5, 8)  鐢ㄦ椂 0.84s (score=74.42857142857142 depth=6)
[ 25] 绾?i3i4 (6, 8)->(5, 8) 缈诲紑=杌?鍚?b鍗?鐢ㄦ椂 1.07s (score=-64.42857142857142 depth=6)
[ 26] 榛?a2a5 (2, 8)->(5, 8) 鍚?r杌?鐢ㄦ椂 1.26s (score=368 depth=7)
[ 27] 绾?b0d1 (9, 1)->(8, 3) 缈诲紑=鐩?鐢ㄦ椂 1.31s (score=-43 depth=6)
[ 28] 榛?a5b5 (5, 8)->(5, 7)  鐢ㄦ椂 1.14s (score=118.625 depth=6)
[ 29] 绾?h0g1 (9, 7)->(8, 6)  鐢ㄦ椂 0.68s (score=-98.0 depth=5)
[ 30] 榛?i2h1 (2, 0)->(1, 1)  鐢ㄦ椂 1.52s (score=107 depth=5)
[ 31] 绾?a9b7 (0, 0)->(2, 1)  鐢ㄦ椂 0.63s (score=-126.0 depth=5)
[ 32] 榛?b5b3 (5, 7)->(3, 7)  鐢ㄦ椂 1.09s (score=91.0 depth=5)
[ 33] 绾?c4c5 (5, 2)->(4, 2)  鐢ㄦ椂 1.27s (score=-100.0 depth=6)
[ 34] 榛?a0a7 (0, 8)->(7, 8) 缈诲紑=澹?鍚?r浠?鐢ㄦ椂 1.38s (score=112.0 depth=6)
[ 35] 绾?a4a5 (5, 0)->(4, 0)  鐢ㄦ椂 0.67s (score=7 depth=5)
[ 36] 榛?i3i4 (3, 0)->(4, 0) 缈诲紑=棣?鍚?r鍏?鐢ㄦ椂 1.53s (score=8 depth=5)
[ 37] 绾?b7a5 (2, 1)->(4, 0) 鍚?b棣?鐢ㄦ椂 0.81s (score=89.5 depth=6)
[ 38] 榛?c4b6 (4, 6)->(6, 7)  鐢ㄦ椂 0.84s (score=43 depth=6)
[ 39] 绾?g1h2 (8, 6)->(7, 7)  鐢ㄦ椂 1.06s (score=-50 depth=6)
[ 40] 榛?c6e4 (6, 6)->(4, 4)  鐢ㄦ椂 1.34s (score=65.14285714285714 depth=7)
[ 41] 绾?d0e1 (9, 3)->(8, 4) 缈诲紑=鍏?鐢ㄦ椂 0.90s (score=-70.14285714285714 depth=6)
[ 42] 榛?b6d7 (6, 7)->(7, 5)  鐢ㄦ椂 1.42s (score=85 depth=7)
[ 43] 绾?e0d0 (9, 4)->(9, 3)  鐢ㄦ椂 1.55s (score=-109 depth=7)
[ 44] 榛?b3f3 (3, 7)->(3, 3)  鐢ㄦ椂 0.82s (score=107 depth=6)
[ 45] 绾?b9d7 (0, 1)->(2, 3)  鐢ㄦ椂 0.72s (score=-94 depth=6)
[ 46] 榛?f3f8 (3, 3)->(8, 3) 鍚?r鐩?鐢ㄦ椂 0.98s (score=3696 depth=8)
[ 47] 绾?d0d1 (9, 3)->(8, 3) 鍚?b杌?鐢ㄦ椂 1.24s (score=334.85714285714283 depth=7)
[ 48] 榛?e2e3 (2, 4)->(3, 4)  鐢ㄦ椂 1.23s (score=-40.25 depth=6)
[ 49] 绾?a0a4 (9, 0)->(5, 0) 缈诲紑=棣?鐢ㄦ椂 1.53s (score=58.25 depth=6)
[ 50] 榛?h1g2 (1, 1)->(2, 2)  鐢ㄦ椂 1.30s (score=-7 depth=7)
[ 51] 绾?c5d5 (4, 2)->(4, 3)  鐢ㄦ椂 1.09s (score=31 depth=7)
[ 52] 榛?d7b8 (7, 5)->(8, 7)  鐢ㄦ椂 1.51s (score=-31 depth=6)
[ 53] 绾?h2g1 (7, 7)->(8, 6)  鐢ㄦ椂 1.45s (score=50 depth=8)
[ 54] 榛?e4c6 (4, 4)->(6, 6)  鐢ㄦ椂 1.28s (score=-45 depth=7)
[ 55] 绾?c6c3 (3, 2)->(6, 2)  鐢ㄦ椂 1.00s (score=72 depth=7)
[ 56] 榛?e3e4 (3, 4)->(4, 4)  鐢ㄦ椂 0.78s (score=-75 depth=6)
[ 57] 绾?a5c4 (4, 0)->(5, 2)  鐢ㄦ椂 1.53s (score=87 depth=6)
[ 58] 榛?g2f1 (2, 2)->(1, 3)  鐢ㄦ椂 1.47s (score=-74 depth=7)
[ 59] 绾?d5e5 (4, 3)->(4, 4) 鍚?b鍗?鐢ㄦ椂 0.85s (score=122 depth=7)
[ 60] 榛?c6e4 (6, 6)->(4, 4) 鍚?r鍏?鐢ㄦ椂 0.83s (score=-85 depth=7)
[ 61] 绾?c4e5 (5, 2)->(4, 4) 鍚?b璞?鐢ㄦ椂 1.45s (score=152 depth=7)
[ 62] 榛?b8c6 (8, 7)->(6, 6)  鐢ㄦ椂 0.86s (score=-48 depth=7)
[ 63] 绾?e5f3 (4, 4)->(6, 5)  鐢ㄦ椂 0.98s (score=57 depth=6)
[ 64] 榛?h8f6 (8, 1)->(6, 3)  鐢ㄦ椂 0.97s (score=-80 depth=7)
[ 65] 绾?c3c5 (6, 2)->(4, 2)  鐢ㄦ椂 0.79s (score=53 depth=6)
[ 66] 榛?e1e2 (1, 4)->(2, 4)  鐢ㄦ椂 1.08s (score=-72 depth=6)
[ 67] 绾?d7f9 (2, 3)->(0, 5) 鍚?b鐐?鐢ㄦ椂 1.51s (score=83 depth=6)
[ 68] 榛?e2e3 (2, 4)->(3, 4)  鐢ㄦ椂 0.82s (score=-12 depth=7)
[ 69] 绾?c5c4 (4, 2)->(5, 2)  鐢ㄦ椂 1.52s (score=36 depth=6)
[ 70] 榛?f6h8 (6, 3)->(8, 1)  鐢ㄦ椂 0.94s (score=-33 depth=6)
[ 71] 绾?a4b6 (5, 0)->(3, 1)  鐢ㄦ椂 1.04s (score=56 depth=6)
[ 72] 榛?e3e4 (3, 4)->(4, 4)  鐢ㄦ椂 0.72s (score=-51 depth=6)
[ 73] 绾?c4c3 (5, 2)->(6, 2)  鐢ㄦ椂 0.87s (score=65 depth=6)
[ 74] 榛?c6b4 (6, 6)->(4, 7)  鐢ㄦ椂 1.01s (score=-76 depth=7)
[ 75] 绾?f3e5 (6, 5)->(4, 4) 鍚?b鍗?鐢ㄦ椂 1.51s (score=72 depth=6)
[ 76] 榛?b4c6 (4, 7)->(6, 6)  鐢ㄦ椂 1.00s (score=-47 depth=6)
[ 77] 绾?e5c6 (4, 4)->(3, 2)  鐢ㄦ椂 0.92s (score=60 depth=6)
[ 78] 榛?f0e0 (0, 3)->(0, 4)  鐢ㄦ椂 1.43s (score=-104 depth=7)
[ 79] 绾?c3e3 (6, 2)->(6, 4)  鐢ㄦ椂 1.51s (score=160 depth=7)
[ 80] 榛?c6d4 (6, 6)->(4, 5)  鐢ㄦ椂 0.74s (score=-143 depth=7)
[ 81] 绾?e3e5 (6, 4)->(4, 4)  鐢ㄦ椂 0.87s (score=161 depth=7)
[ 82] 榛?e0d0 (0, 4)->(0, 5) 鍚?r鐩?鐢ㄦ椂 1.53s (score=-181 depth=7)
[ 83] 绾?c6d8 (3, 2)->(1, 3) 鍚?b澹?鐢ㄦ椂 1.10s (score=209 depth=8)
[ 84] 榛?d0d1 (0, 5)->(1, 5)  鐢ㄦ椂 0.97s (score=-162 depth=8)
[ 85] 绾?b6c8 (3, 1)->(1, 2)  鐢ㄦ椂 0.94s (score=133 depth=7)
[ 86] 榛?a7b8 (7, 8)->(8, 7)  鐢ㄦ椂 1.53s (score=-98 depth=7)
[ 87] 绾?d1d0 (8, 3)->(9, 3)  鐢ㄦ椂 0.99s (score=111 depth=7)
[ 88] 榛?b8c9 (8, 7)->(9, 6)  鐢ㄦ椂 1.54s (score=-89 depth=7)
[ 89] 绾?e2e3 (7, 4)->(6, 4)  鐢ㄦ椂 0.94s (score=100 depth=7)
[ 90] 榛?d4e6 (4, 5)->(6, 4) 鍚?r鍏?鐢ㄦ椂 0.83s (score=-97 depth=7)
[ 91] 绾?d8e6 (1, 3)->(3, 4)  鐢ㄦ椂 1.52s (score=119 depth=7)
[ 92] 榛?d1d0 (1, 5)->(0, 5)  鐢ㄦ椂 1.13s (score=-3696 depth=11)
[ 93] 绾?c8e7 (1, 2)->(2, 4)  鐢ㄦ椂 0.60s (score=3696 depth=12)
[ 94] 榛?d0d1 (0, 5)->(1, 5)  鐢ㄦ椂 0.31s (score=-3696 depth=12)
[ 95] 绾?e7g6 (2, 4)->(3, 6)  鐢ㄦ椂 0.18s (score=3696 depth=12)
[ 96] 榛?d1d0 (1, 5)->(0, 5)  鐢ㄦ椂 0.14s (score=-3696 depth=12)
[ 97] 绾?g6h8 (3, 6)->(1, 7)  鐢ㄦ椂 0.01s (score=3696 depth=12)
[ 98] 榛?c9d8 (9, 6)->(8, 5)  鐢ㄦ椂 0.02s (score=-3696 depth=12)
[ 99] 绾?h8f9 (1, 7)->(0, 5) 鍚?b灏?鐢ㄦ椂 0.00s (score=3696 depth=12)

========================================================
瀵瑰眬缁撴灉
========================================================
鑳滆€? pypy (绾㈡柟)
鍘熷洜: 绗?99 鐫€鍚冩帀 灏? 鑾疯儨
鎬绘鏁? 99 鐫€, 鍏ㄥ眬澧欓挓 105.5s

鍙屾柟鐢ㄦ椂:
  pypy  (绾㈡柟):  50 鐫€  鎬荤敤鏃?   52.8s  骞冲潎  1.06s  鏈€闀?  1.55s
  pypy510 (榛戞柟):  49 鐫€  鎬荤敤鏃?   52.6s  骞冲潎  1.07s  鏈€闀?  1.56s

[*] 妫嬭氨宸蹭繚瀛? C:\Users\yimingwang218185\Desktop\jieqi_ai\tools\games\game_20260824_093525.json / .txt

缁堝眬妫嬬洏 (绾㈡柟鍦ㄤ笅):
    0 1 2 3 4 5 6 7 8
 0 | 路 路 路 路 路 r棣?路 路 路
 1 | 路 路 路 路 路 路 路 路 路
 2 | 路 路 路 路 路 路 路 路 路
 3 | 路 路 路 路 r棣?路 路 路 路
 4 | 路 路 路 路 r鐐?路 路 路 路
 5 | 路 路 路 路 路 路 路 路 路
 6 | 路 路 路 路 b棣?路 路 路 路
 7 | 路 路 路 路 路 路 路 路 路
 8 | 路 b璞?路 路 r鍏?b澹?r浠?路 路
 9 | 路 路 路 r甯?路 r? 路 路 路
