[*] 瑁佸垽鍚姩: pypy 鎵х孩鍏堣(姣忕潃 1.5s) vs pypy510 鎵ч粦(姣忕潃 1.5s), 闅忔満绉嶅瓙 20260996
[engine_server] 灏辩华 (PyPy 3.11.13, engine=jieqi_engine)
[engine_server] 棰勭儹瀹屾垚
[engine_server] 灏辩华 (PyPy 3.11.13, engine=jieqi_engine_v510)
[engine_server] 棰勭儹瀹屾垚
[+] 寮曟搸瀛愯繘绋嬪氨缁?(PyPy: pypy3.EXE)
[+] 寮曟搸瀛愯繘绋嬪氨缁?(PyPy: pypy3.EXE)
[*] 绾㈡柟寮曟搸: pypy (miaosiSari 鍘熺増, alpha-beta)
[*] 榛戞柟寮曟搸: pypy510 (v5.10 鍩虹嚎, U鍐荤粨鏈慨)
[  1] 绾?e3e4 (6, 4)->(5, 4) 缈诲紑=鍏?鐢ㄦ椂 1.38s (score=78 depth=5)
[  2] 榛?b2b9 (2, 7)->(9, 7) 缈诲紑=鐐?鍚?r鍏?鐢ㄦ椂 1.52s (score=18.14285714285714 depth=4)
[  3] 绾?i0h0 (9, 8)->(9, 7) 缈诲紑=鐐?鍚?b鐐?鐢ㄦ椂 0.99s (score=169.0 depth=5)
[  4] 榛?a3a4 (3, 8)->(4, 8) 缈诲紑=杌?鐢ㄦ椂 1.53s (score=11.0 depth=4)
[  5] 绾?b2b9 (7, 1)->(0, 1) 缈诲紑=浠?鍚?b澹?鐢ㄦ椂 1.52s (score=5.384615384615387 depth=5)
[  6] 榛?a4a6 (4, 8)->(6, 8) 鍚?r鐩?鐢ㄦ椂 0.88s (score=106.0 depth=5)
[  7] 绾?c3c4 (6, 2)->(5, 2) 缈诲紑=杌?鐢ㄦ椂 0.81s (score=-33.0 depth=5)
[  8] 榛?a6c6 (6, 8)->(6, 6) 鍚?r棣?鐢ㄦ椂 0.93s (score=2 depth=4)
[  9] 绾?h2h8 (7, 7)->(1, 7) 缈诲紑=棣?鐢ㄦ椂 0.72s (score=49.54545454545456 depth=4)
[ 10] 榛?c0e2 (0, 6)->(2, 4) 缈诲紑=鍗?鐢ㄦ椂 0.77s (score=6 depth=3)
[ 11] 绾?a3a4 (6, 0)->(5, 0) 缈诲紑=鍏?鐢ㄦ椂 0.89s (score=49.5 depth=4)
[ 12] 榛?c6c9 (6, 6)->(9, 6) 鍚?r浠?鐢ㄦ椂 0.82s (score=24.666666666666686 depth=4)
[ 13] 绾?h0h9 (9, 7)->(0, 7) 鍚?b鐐?鐢ㄦ椂 1.50s (score=34.66666666666664 depth=5)
[ 14] 榛?a0b0 (0, 8)->(0, 7) 缈诲紑=鍗?鍚?r鐐?鐢ㄦ椂 1.51s (score=119.33333333333337 depth=6)
[ 15] 绾?h8g6 (1, 7)->(3, 6) 鍚?b澹?鐢ㄦ椂 0.92s (score=12 depth=6)
[ 16] 榛?c9c3 (9, 6)->(3, 6) 鍚?r棣?鐢ㄦ椂 0.98s (score=55.5 depth=6)
[ 17] 绾?b0a2 (9, 1)->(7, 0) 缈诲紑=鍏?鐢ㄦ椂 1.37s (score=50.81818181818181 depth=6)
[ 18] 榛?g0i2 (0, 2)->(2, 0) 缈诲紑=鍗?鐢ㄦ椂 1.52s (score=-4 depth=5)
[ 19] 绾?c4c6 (5, 2)->(3, 2) 鍚?b棣?鐢ㄦ椂 0.83s (score=11.0 depth=6)
[ 20] 榛?c3c5 (3, 6)->(5, 6)  鐢ㄦ椂 1.38s (score=71 depth=6)
[ 21] 绾?d0e1 (9, 3)->(8, 4) 缈诲紑=鐐?鐢ㄦ椂 1.24s (score=-91 depth=6)
[ 22] 榛?c5e5 (5, 6)->(5, 4) 鍚?r鍏?鐢ㄦ椂 1.51s (score=46 depth=6)
[ 23] 绾?c6c7 (3, 2)->(2, 2)  鐢ㄦ椂 0.84s (score=17 depth=5)
[ 24] 榛?h2h5 (2, 1)->(5, 1) 缈诲紑=杌?鐢ㄦ椂 0.84s (score=17.5 depth=6)
[ 25] 绾?b9c8 (0, 1)->(1, 2)  鐢ㄦ椂 1.09s (score=-19 depth=6)
[ 26] 榛?f0e1 (0, 3)->(1, 4) 缈诲紑=棣?鐢ㄦ椂 1.04s (score=-1 depth=6)
[ 27] 绾?c7e7 (2, 2)->(2, 4) 鍚?b鍗?鐢ㄦ椂 0.91s (score=33 depth=6)
[ 28] 榛?h5i5 (5, 1)->(5, 0) 鍚?r鍏?鐢ㄦ椂 0.97s (score=10 depth=6)
[ 29] 绾?e7f7 (2, 4)->(2, 5)  鐢ㄦ椂 1.40s (score=31 depth=6)
[ 30] 榛?i3i4 (3, 0)->(4, 0) 缈诲紑=璞?鐢ㄦ椂 1.12s (score=-10 depth=5)
[ 31] 绾?f7f2 (2, 5)->(7, 5)  鐢ㄦ椂 1.51s (score=38 depth=5)
[ 32] 榛?i4g6 (4, 0)->(6, 2)  鐢ㄦ椂 1.01s (score=6 depth=6)
[ 33] 绾?e1e2 (8, 4)->(7, 4)  鐢ㄦ椂 1.11s (score=-24 depth=6)
[ 34] 榛?e5e6 (5, 4)->(6, 4)  鐢ㄦ椂 1.32s (score=39 depth=6)
[ 35] 绾?f0e1 (9, 5)->(8, 4) 缈诲紑=鍏?鐢ㄦ椂 0.70s (score=-38 depth=5)
[ 36] 榛?e3e4 (3, 4)->(4, 4) 缈诲紑=鍗?鐢ㄦ椂 0.96s (score=65 depth=5)
[ 37] 绾?e0f0 (9, 4)->(9, 5)  鐢ㄦ椂 1.47s (score=58 depth=7)
[ 38] 榛?e1c2 (1, 4)->(2, 6)  鐢ㄦ椂 1.02s (score=-68 depth=6)
[ 39] 绾?f2f3 (7, 5)->(6, 5)  鐢ㄦ椂 1.03s (score=84 depth=6)
[ 40] 榛?e6e5 (6, 4)->(5, 4)  鐢ㄦ椂 0.67s (score=-86 depth=5)
[ 41] 绾?f3f7 (6, 5)->(2, 5)  鐢ㄦ椂 1.15s (score=78 depth=6)
[ 42] 榛?i5h5 (5, 0)->(5, 1)  鐢ㄦ椂 1.51s (score=-71 depth=5)
[ 43] 绾?f7g7 (2, 5)->(2, 6) 鍚?b棣?鐢ㄦ椂 1.50s (score=124 depth=6)
[ 44] 榛?h5f5 (5, 1)->(5, 3)  鐢ㄦ椂 0.92s (score=-61 depth=5)
[ 45] 绾?g7f7 (2, 6)->(2, 5)  鐢ㄦ椂 1.21s (score=78 depth=6)
[ 46] 榛?f5f9 (5, 3)->(9, 3)  鐢ㄦ椂 0.99s (score=-38 depth=7)
[ 47] 绾?f0f1 (9, 5)->(8, 5)  鐢ㄦ椂 1.39s (score=80 depth=8)
[ 48] 榛?e0e1 (0, 4)->(1, 4)  鐢ㄦ椂 0.79s (score=-97 depth=6)
[ 49] 绾?f7f8 (2, 5)->(1, 5)  鐢ㄦ椂 0.94s (score=80 depth=6)
[ 50] 榛?e1e2 (1, 4)->(2, 4)  鐢ㄦ椂 1.52s (score=-85 depth=7)
[ 51] 绾?f8f7 (1, 5)->(2, 5)  鐢ㄦ椂 1.51s (score=80 depth=5)
[ 52] 榛?e2e1 (2, 4)->(1, 4)  鐢ㄦ椂 0.87s (score=-70 depth=7)
[ 53] 绾?f7f8 (2, 5)->(1, 5)  鐢ㄦ椂 0.92s (score=80 depth=6)
[ 54] 榛?e1e2 (1, 4)->(2, 4)  鐢ㄦ椂 1.53s (score=-85 depth=7)
[ 55] 绾?f8f6 (1, 5)->(3, 5)  鐢ㄦ椂 1.49s (score=75 depth=6)
[ 56] 榛?e2e1 (2, 4)->(1, 4)  鐢ㄦ椂 0.94s (score=-67 depth=6)
[ 57] 绾?f6f8 (3, 5)->(1, 5)  鐢ㄦ椂 1.06s (score=80 depth=6)

========================================================
瀵瑰眬缁撴灉
========================================================
鍜屾
鍘熷洜: 绗?57 鐫€鍚庡眬闈㈢ 3 娆″嚭鐜? 鍒ゅ拰
鎬绘鏁? 57 鐫€, 鍏ㄥ眬澧欓挓 64.9s

鍙屾柟鐢ㄦ椂:
  pypy  (绾㈡柟):  29 鐫€  鎬荤敤鏃?   33.4s  骞冲潎  1.15s  鏈€闀?  1.52s
  pypy510 (榛戞柟):  28 鐫€  鎬荤敤鏃?   31.4s  骞冲潎  1.12s  鏈€闀?  1.53s

[*] 妫嬭氨宸蹭繚瀛? C:\Users\yimingwang218185\Desktop\jieqi_ai\tools\games\game_20260824_093916.json / .txt

缁堝眬妫嬬洏 (绾㈡柟鍦ㄤ笅):
    0 1 2 3 4 5 6 7 8
 0 | b? 路 路 路 路 b? 路 b鍗?路
 1 | 路 路 r浠?路 b灏?r杌?路 路 路
 2 | b鍗?路 路 路 路 路 路 路 路
 3 | 路 路 路 路 路 路 路 路 路
 4 | 路 路 路 路 b鍗?路 路 路 路
 5 | 路 路 路 路 b杌?路 路 路 路
 6 | 路 路 b璞?路 路 路 路 路 路
 7 | r鍏?路 路 路 r鐐?路 路 路 路
 8 | 路 路 路 路 r鍏?r甯?路 路 路
 9 | r? 路 r? b杌?路 路 路 路 路
