[*] 瑁佸垽鍚姩: pypy510 鎵х孩鍏堣(姣忕潃 1.5s) vs pypy 鎵ч粦(姣忕潃 1.5s), 闅忔満绉嶅瓙 20260999
[engine_server] 灏辩华 (PyPy 3.11.13, engine=jieqi_engine_v510)
[engine_server] 棰勭儹瀹屾垚
[engine_server] 灏辩华 (PyPy 3.11.13, engine=jieqi_engine)
[engine_server] 棰勭儹瀹屾垚
[+] 寮曟搸瀛愯繘绋嬪氨缁?(PyPy: pypy3.EXE)
[+] 寮曟搸瀛愯繘绋嬪氨缁?(PyPy: pypy3.EXE)
[*] 绾㈡柟寮曟搸: pypy510 (v5.10 鍩虹嚎, U鍐荤粨鏈慨)
[*] 榛戞柟寮曟搸: pypy (miaosiSari 鍘熺増, alpha-beta)
[  1] 绾?e3e4 (6, 4)->(5, 4) 缈诲紑=鐐?鐢ㄦ椂 1.34s (score=78 depth=5)
[  2] 榛?b2e2 (2, 7)->(2, 4) 缈诲紑=鐐?鐢ㄦ椂 1.19s (score=-7.0 depth=5)
[  3] 绾?e4e7 (5, 4)->(2, 4) 鍚?b鐐?鐢ㄦ椂 0.77s (score=29.0 depth=5)
[  4] 榛?g0e2 (0, 2)->(2, 4) 缈诲紑=璞?鍚?r鐐?鐢ㄦ椂 0.92s (score=145.0 depth=5)
[  5] 绾?a3a4 (6, 0)->(5, 0) 缈诲紑=浠?鐢ㄦ椂 1.14s (score=62.14285714285714 depth=5)
[  6] 榛?a3a4 (3, 8)->(4, 8) 缈诲紑=鍗?鐢ㄦ椂 1.53s (score=58.14285714285714 depth=5)
[  7] 绾?h2h8 (7, 7)->(1, 7) 缈诲紑=鍏?鐢ㄦ椂 0.65s (score=55.30769230769232 depth=5)
[  8] 榛?c3c4 (3, 6)->(4, 6) 缈诲紑=鍗?鐢ㄦ椂 0.97s (score=66.30769230769232 depth=5)
[  9] 绾?c3c4 (6, 2)->(5, 2) 缈诲紑=鐩?鐢ㄦ椂 1.55s (score=44.38461538461539 depth=5)
[ 10] 榛?h0f1 (0, 1)->(1, 3) 缈诲紑=澹?鐢ㄦ椂 0.85s (score=39 depth=5)
[ 11] 绾?h8h9 (1, 7)->(0, 7) 鍚?b鍗?鐢ㄦ椂 1.53s (score=48.68181818181819 depth=5)
[ 12] 榛?a0b0 (0, 8)->(0, 7) 缈诲紑=杌?鍚?r鍏?鐢ㄦ椂 1.51s (score=60.31818181818181 depth=6)
[ 13] 绾?c4e6 (5, 2)->(3, 4) 鍚?b鐐?鐢ㄦ椂 1.51s (score=15 depth=5)
[ 14] 榛?h2h9 (2, 1)->(9, 1) 缈诲紑=璞?鍚?r棣?鐢ㄦ椂 0.91s (score=94.5 depth=5)
[ 15] 绾?g0e2 (9, 6)->(7, 4) 缈诲紑=鍏?鐢ㄦ椂 1.52s (score=16.435897435897445 depth=5)
[ 16] 榛?g3g4 (3, 2)->(4, 2) 缈诲紑=澹?鐢ㄦ椂 0.66s (score=44.0 depth=5)
[ 17] 绾?d0e1 (9, 3)->(8, 4) 缈诲紑=鍏?鐢ㄦ椂 0.81s (score=11.625 depth=5)
[ 18] 榛?i3i4 (3, 0)->(4, 0) 缈诲紑=鍗?鐢ㄦ椂 1.12s (score=22.375 depth=6)
[ 19] 绾?b2b8 (7, 1)->(1, 1) 缈诲紑=鍏?鐢ㄦ椂 0.75s (score=-16.57142857142857 depth=5)
[ 20] 榛?i4i5 (4, 0)->(5, 0) 鍚?r浠?鐢ㄦ椂 1.18s (score=69.57142857142857 depth=6)
[ 21] 绾?b8c8 (1, 1)->(1, 2)  鐢ㄦ椂 0.76s (score=9.42857142857143 depth=6)
[ 22] 榛?f1g2 (1, 3)->(2, 2)  鐢ㄦ椂 0.99s (score=16.57142857142857 depth=6)
[ 23] 绾?c0a2 (9, 2)->(7, 0) 缈诲紑=鍏?鐢ㄦ椂 1.52s (score=-20.57142857142857 depth=5)
[ 24] 榛?b0b6 (0, 7)->(6, 7)  鐢ㄦ椂 0.98s (score=79 depth=6)
[ 25] 绾?h0f1 (9, 7)->(8, 5) 缈诲紑=浠?鐢ㄦ椂 1.04s (score=-75.57142857142857 depth=6)
[ 26] 榛?c0a2 (0, 6)->(2, 8) 缈诲紑=棣?鐢ㄦ椂 1.36s (score=133 depth=6)
[ 27] 绾?e2e3 (7, 4)->(6, 4)  鐢ㄦ椂 0.98s (score=-94.5 depth=6)
[ 28] 榛?h9f7 (9, 1)->(7, 3)  鐢ㄦ椂 1.37s (score=133 depth=6)
[ 29] 绾?e3e4 (6, 4)->(5, 4)  鐢ㄦ椂 0.69s (score=-131 depth=5)
[ 30] 榛?b6c6 (6, 7)->(6, 6) 鍚?r杌?鐢ㄦ椂 1.05s (score=165 depth=6)
[ 31] 绾?e4e5 (5, 4)->(4, 4)  鐢ㄦ椂 1.29s (score=-61 depth=6)
[ 32] 榛?a2b4 (2, 8)->(4, 7)  鐢ㄦ椂 1.51s (score=71 depth=5)
[ 33] 绾?e6c4 (3, 4)->(5, 2)  鐢ㄦ椂 0.65s (score=-61 depth=5)
[ 34] 榛?i0i4 (0, 0)->(4, 0) 缈诲紑=棣?鐢ㄦ椂 1.52s (score=67.66666666666667 depth=5)
[ 35] 绾?e5e6 (4, 4)->(3, 4)  鐢ㄦ椂 1.28s (score=-62 depth=6)
[ 36] 榛?e2c0 (2, 4)->(0, 6)  鐢ㄦ椂 1.01s (score=106 depth=6)
[ 37] 绾?a2a3 (7, 0)->(6, 0)  鐢ㄦ椂 0.72s (score=-109 depth=5)
[ 38] 榛?i5i6 (5, 0)->(6, 0) 鍚?r鍏?鐢ㄦ椂 1.30s (score=151.0 depth=6)
[ 39] 绾?c4e2 (5, 2)->(7, 4)  鐢ㄦ椂 0.90s (score=-120 depth=5)
[ 40] 榛?i4h6 (4, 0)->(6, 1)  鐢ㄦ椂 0.90s (score=177.0 depth=6)
[ 41] 绾?e0d0 (9, 4)->(9, 3)  鐢ㄦ椂 1.51s (score=-149.0 depth=6)
[ 42] 榛?h6g8 (6, 1)->(8, 2)  鐢ㄦ椂 0.88s (score=167.0 depth=6)
[ 43] 绾?a0c0 (9, 0)->(9, 2) 缈诲紑=鐩?鐢ㄦ椂 1.16s (score=-135.0 depth=6)
[ 44] 榛?c6f6 (6, 6)->(6, 3)  鐢ㄦ椂 0.87s (score=152.0 depth=6)
[ 45] 绾?f1e0 (8, 5)->(9, 4)  鐢ㄦ椂 1.32s (score=-121 depth=7)
[ 46] 榛?b4a6 (4, 7)->(6, 8) 鍚?r杌?鐢ㄦ椂 1.08s (score=107 depth=6)
[ 47] 绾?i0i3 (9, 8)->(6, 8) 缈诲紑=鐐?鍚?b棣?鐢ㄦ椂 0.88s (score=-28.0 depth=6)
[ 48] 榛?f6a6 (6, 3)->(6, 8) 鍚?r鐐?鐢ㄦ椂 1.32s (score=162 depth=7)
[ 49] 绾?e0d1 (9, 4)->(8, 3)  鐢ㄦ椂 1.15s (score=-72 depth=7)
[ 50] 榛?a6d6 (6, 8)->(6, 5)  鐢ㄦ椂 1.34s (score=86 depth=6)
[ 51] 绾?d0e0 (9, 3)->(9, 4)  鐢ㄦ椂 0.72s (score=-68 depth=7)
[ 52] 榛?c4c5 (4, 6)->(5, 6)  鐢ㄦ椂 1.53s (score=75 depth=5)
[ 53] 绾?e6f6 (3, 4)->(3, 5)  鐢ㄦ椂 1.52s (score=-71 depth=6)
[ 54] 榛?d6d3 (6, 5)->(3, 5) 鍚?r鍏?鐢ㄦ椂 1.52s (score=60 depth=5)
[ 55] 绾?e2g4 (7, 4)->(5, 6) 鍚?b鍗?鐢ㄦ椂 0.80s (score=-34 depth=7)
[ 56] 榛?a4a5 (4, 8)->(5, 8)  鐢ㄦ椂 1.52s (score=54 depth=5)
[ 57] 绾?c8c9 (1, 2)->(0, 2)  鐢ㄦ椂 1.42s (score=-55 depth=7)
[ 58] 榛?f0e1 (0, 3)->(1, 4) 缈诲紑=杌?鐢ㄦ椂 0.79s (score=51 depth=6)
[ 59] 绾?e1e2 (8, 4)->(7, 4)  鐢ㄦ椂 0.79s (score=-171 depth=6)
[ 60] 榛?d3d9 (3, 5)->(9, 5) 鍚?r棣?鐢ㄦ椂 1.53s (score=186 depth=5)
[ 61] 绾?e0e1 (9, 4)->(8, 4)  鐢ㄦ椂 0.95s (score=-136 depth=7)
[ 62] 榛?e1d1 (1, 4)->(1, 5)  鐢ㄦ椂 1.52s (score=127 depth=5)
[ 63] 绾?e2e3 (7, 4)->(6, 4)  鐢ㄦ椂 0.89s (score=-74 depth=7)
[ 64] 榛?d1d8 (1, 5)->(8, 5)  鐢ㄦ椂 1.51s (score=86 depth=5)
[ 65] 绾?e1e2 (8, 4)->(7, 4)  鐢ㄦ椂 0.37s (score=-3696 depth=12)
[ 66] 榛?d9e9 (9, 5)->(9, 4)  鐢ㄦ椂 1.50s (score=3696 depth=11)
[ 67] 绾?e2d2 (7, 4)->(7, 3) 鍚?b璞?鐢ㄦ椂 0.78s (score=-3696 depth=11)
[ 68] 榛?g8h6 (8, 2)->(6, 1)  鐢ㄦ椂 0.01s (score=3696 depth=12)
[ 69] 绾?d1e0 (8, 3)->(9, 4) 鍚?b杌?鐢ㄦ椂 0.01s (score=-3696 depth=12)
[ 70] 榛?h6f7 (6, 1)->(7, 3) 鍚?r甯?鐢ㄦ椂 0.00s (score=3696 depth=12)

========================================================
瀵瑰眬缁撴灉
========================================================
鑳滆€? pypy (榛戞柟)
鍘熷洜: 绗?70 鐫€鍚冩帀 甯? 鑾疯儨
鎬绘鏁? 70 鐫€, 鍏ㄥ眬澧欓挓 75.6s

鍙屾柟鐢ㄦ椂:
  pypy510 (绾㈡柟):  35 鐫€  鎬荤敤鏃?   35.7s  骞冲潎  1.02s  鏈€闀?  1.55s
  pypy  (榛戞柟):  35 鐫€  鎬荤敤鏃?   39.8s  骞冲潎  1.14s  鏈€闀?  1.53s

[*] 妫嬭氨宸蹭繚瀛? C:\Users\yimingwang218185\Desktop\jieqi_ai\tools\games\game_20260824_094404.json / .txt

缁堝眬妫嬬洏 (绾㈡柟鍦ㄤ笅):
    0 1 2 3 4 5 6 7 8
 0 | 路 路 r鍏?路 b灏?b? b璞?路 路
 1 | 路 路 路 路 路 路 路 路 路
 2 | 路 路 b澹?路 路 路 路 路 路
 3 | 路 路 路 路 路 路 路 路 路
 4 | 路 路 b澹?路 路 路 路 路 路
 5 | 路 路 路 路 路 路 r鐩?路 b鍗?
 6 | b鍗?路 路 路 r鍏?路 路 路 路
 7 | 路 路 路 b棣?路 路 路 路 路
 8 | 路 路 路 路 路 b杌?路 路 路
 9 | 路 路 r鐩?路 r浠?路 路 路 路
