[*] 瑁佸垽鍚姩: pypy 鎵х孩鍏堣(姣忕潃 1.5s) vs pypy510 鎵ч粦(姣忕潃 1.5s), 闅忔満绉嶅瓙 20260998
[engine_server] 灏辩华 (PyPy 3.11.13, engine=jieqi_engine)
[engine_server] 棰勭儹瀹屾垚
[engine_server] 灏辩华 (PyPy 3.11.13, engine=jieqi_engine_v510)
[engine_server] 棰勭儹瀹屾垚
[+] 寮曟搸瀛愯繘绋嬪氨缁?(PyPy: pypy3.EXE)
[+] 寮曟搸瀛愯繘绋嬪氨缁?(PyPy: pypy3.EXE)
[*] 绾㈡柟寮曟搸: pypy (miaosiSari 鍘熺増, alpha-beta)
[*] 榛戞柟寮曟搸: pypy510 (v5.10 鍩虹嚎, U鍐荤粨鏈慨)
[  1] 绾?e3e4 (6, 4)->(5, 4) 缈诲紑=鍏?鐢ㄦ椂 1.31s (score=78 depth=5)
[  2] 榛?b2b9 (2, 7)->(9, 7) 缈诲紑=鐐?鍚?r杌?鐢ㄦ椂 1.53s (score=18.14285714285714 depth=4)
[  3] 绾?i0h0 (9, 8)->(9, 7) 缈诲紑=鐐?鍚?b鐐?鐢ㄦ椂 0.97s (score=169.0 depth=5)
[  4] 榛?a3a4 (3, 8)->(4, 8) 缈诲紑=澹?鐢ㄦ椂 1.53s (score=11.0 depth=4)
[  5] 绾?a3a4 (6, 0)->(5, 0) 缈诲紑=鐩?鐢ㄦ椂 0.83s (score=67.14285714285714 depth=5)
[  6] 榛?g3g4 (3, 2)->(4, 2) 缈诲紑=鐐?鐢ㄦ椂 1.52s (score=35.5 depth=5)
[  7] 绾?b0a2 (9, 1)->(7, 0) 缈诲紑=鐐?鐢ㄦ椂 1.17s (score=52 depth=5)
[  8] 榛?c3c4 (3, 6)->(4, 6) 缈诲紑=澹?鐢ㄦ椂 1.52s (score=-38 depth=4)
[  9] 绾?b2b9 (7, 1)->(0, 1) 缈诲紑=浠?鍚?b鍗?鐢ㄦ椂 0.66s (score=60.27272727272728 depth=4)
[ 10] 榛?i0h0 (0, 0)->(0, 1) 缈诲紑=鍗?鍚?r浠?鐢ㄦ椂 1.51s (score=56.0 depth=4)
[ 11] 绾?a2e2 (7, 0)->(7, 4)  鐢ㄦ椂 0.71s (score=99.18181818181819 depth=4)
[ 12] 榛?i3i4 (3, 0)->(4, 0) 缈诲紑=璞?鐢ㄦ椂 1.51s (score=-56 depth=4)
[ 13] 绾?c3c4 (6, 2)->(5, 2) 缈诲紑=棣?鐢ㄦ椂 0.84s (score=156 depth=5)
[ 14] 榛?c0e2 (0, 6)->(2, 4) 缈诲紑=鍗?鐢ㄦ椂 1.53s (score=-80 depth=4)
[ 15] 绾?h2h8 (7, 7)->(1, 7) 缈诲紑=鐩?鐢ㄦ椂 1.09s (score=109 depth=5)
[ 16] 榛?h2h5 (2, 1)->(5, 1) 缈诲紑=杌?鐢ㄦ椂 0.92s (score=6 depth=5)
[ 17] 绾?c4d2 (5, 2)->(7, 3)  鐢ㄦ椂 1.35s (score=29.08333333333333 depth=5)
[ 18] 榛?a4b5 (4, 8)->(5, 7)  鐢ㄦ椂 1.50s (score=-14.333333333333329 depth=5)
[ 19] 绾?g3g4 (6, 6)->(5, 6) 缈诲紑=杌?鐢ㄦ椂 1.38s (score=27.33333333333333 depth=6)
[ 20] 榛?g4e4 (4, 2)->(4, 4)  鐢ㄦ椂 1.53s (score=6.75 depth=5)
[ 21] 绾?a4c6 (5, 0)->(3, 2)  鐢ㄦ椂 0.85s (score=15.25 depth=5)
[ 22] 榛?e4e7 (4, 4)->(7, 4) 鍚?r鐐?鐢ㄦ椂 1.50s (score=20.0 depth=5)
[ 23] 绾?c0e2 (9, 2)->(7, 4) 缈诲紑=鍏?鍚?b鐐?鐢ㄦ椂 1.53s (score=113 depth=5)
[ 24] 榛?a0a6 (0, 8)->(6, 8) 缈诲紑=鍗?鍚?r鍏?鐢ㄦ椂 1.44s (score=44.625 depth=6)
[ 25] 绾?a0a5 (9, 0)->(4, 0) 缈诲紑=棣?鍚?b璞?鐢ㄦ椂 1.48s (score=28.625 depth=6)
[ 26] 榛?g0i2 (0, 2)->(2, 0) 缈诲紑=棣?鐢ㄦ椂 0.64s (score=65 depth=5)
[ 27] 绾?f0e1 (9, 5)->(8, 4) 缈诲紑=鍏?鐢ㄦ椂 0.70s (score=-32 depth=5)
[ 28] 榛?h5h4 (5, 1)->(4, 1)  鐢ㄦ椂 1.19s (score=65 depth=6)
[ 29] 绾?a5b3 (4, 0)->(6, 1)  鐢ㄦ椂 1.12s (score=-106 depth=6)
[ 30] 榛?i2g3 (2, 0)->(3, 2) 鍚?r鐩?鐢ㄦ椂 0.97s (score=104 depth=6)
[ 31] 绾?g4g2 (5, 6)->(7, 6)  鐢ㄦ椂 1.44s (score=-44 depth=6)
[ 32] 榛?h4d4 (4, 1)->(4, 5)  鐢ㄦ椂 1.55s (score=54 depth=6)
[ 33] 绾?d2c4 (7, 3)->(5, 2)  鐢ㄦ椂 1.10s (score=-14 depth=6)
[ 34] 榛?b0d1 (0, 7)->(1, 5) 缈诲紑=璞?鐢ㄦ椂 1.50s (score=20 depth=5)
[ 35] 绾?e2e3 (7, 4)->(6, 4)  鐢ㄦ椂 1.09s (score=25 depth=6)
[ 36] 榛?d0e1 (0, 5)->(1, 4) 缈诲紑=鍗?鐢ㄦ椂 1.22s (score=-10 depth=6)
[ 37] 绾?c4b6 (5, 2)->(3, 1)  鐢ㄦ椂 0.67s (score=73 depth=5)
[ 38] 榛?d4f4 (4, 5)->(4, 3)  鐢ㄦ椂 1.04s (score=-69 depth=6)
[ 39] 绾?g2c2 (7, 6)->(7, 2)  鐢ㄦ椂 0.93s (score=84 depth=6)
[ 40] 榛?h0h1 (0, 1)->(1, 1)  鐢ㄦ椂 1.17s (score=-109 depth=6)
[ 41] 绾?c2c6 (7, 2)->(3, 2) 鍚?b棣?鐢ㄦ椂 1.08s (score=104 depth=6)
[ 42] 榛?h1h2 (1, 1)->(2, 1)  鐢ㄦ椂 1.38s (score=13 depth=7)
[ 43] 绾?b6c4 (3, 1)->(5, 2)  鐢ㄦ椂 1.28s (score=4 depth=6)
[ 44] 榛?c4d5 (4, 6)->(5, 5)  鐢ㄦ椂 1.52s (score=-21 depth=5)
[ 45] 绾?g0e2 (9, 6)->(7, 4) 缈诲紑=浠?鐢ㄦ椂 1.40s (score=53 depth=6)
[ 46] 榛?b5c6 (5, 7)->(6, 6)  鐢ㄦ椂 1.21s (score=-26 depth=6)
[ 47] 绾?c6c5 (3, 2)->(4, 2)  鐢ㄦ椂 0.94s (score=45 depth=6)
[ 48] 榛?f4g4 (4, 3)->(4, 2) 鍚?r杌?鐢ㄦ椂 1.33s (score=-54 depth=6)
[ 49] 绾?b3c5 (6, 1)->(4, 2) 鍚?b杌?鐢ㄦ椂 1.42s (score=318 depth=8)
[ 50] 榛?c6b7 (6, 6)->(7, 7)  鐢ㄦ椂 1.53s (score=-15 depth=7)
[ 51] 绾?h0g0 (9, 7)->(9, 6)  鐢ㄦ椂 1.51s (score=36 depth=6)
[ 52] 榛?b7c8 (7, 7)->(8, 6)  鐢ㄦ椂 0.95s (score=-65 depth=8)
[ 53] 绾?e2f1 (7, 4)->(8, 5)  鐢ㄦ椂 1.32s (score=66 depth=7)
[ 54] 榛?e0d0 (0, 4)->(0, 5)  鐢ㄦ椂 1.51s (score=-38 depth=7)
[ 55] 绾?c5d7 (4, 2)->(2, 3)  鐢ㄦ椂 0.74s (score=50 depth=7)
[ 56] 榛?a6b6 (6, 8)->(6, 7)  鐢ㄦ椂 0.79s (score=-31 depth=7)
[ 57] 绾?e1e2 (8, 4)->(7, 4)  鐢ㄦ椂 0.87s (score=36 depth=7)
[ 58] 榛?b6b7 (6, 7)->(7, 7)  鐢ㄦ椂 1.18s (score=-21 depth=8)
[ 59] 绾?d7b8 (2, 3)->(1, 1)  鐢ㄦ椂 0.81s (score=47 depth=7)
[ 60] 榛?d0e0 (0, 5)->(0, 4)  鐢ㄦ椂 1.54s (score=-56 depth=7)
[ 61] 绾?d0e1 (9, 3)->(8, 4) 缈诲紑=鍏?鐢ㄦ椂 1.52s (score=82 depth=7)
[ 62] 榛?b7b8 (7, 7)->(8, 7)  鐢ㄦ椂 1.08s (score=-27 depth=8)
[ 63] 绾?e0d0 (9, 4)->(9, 3)  鐢ㄦ椂 1.50s (score=37 depth=7)
[ 64] 榛?c8d9 (8, 6)->(9, 5)  鐢ㄦ椂 1.52s (score=-50 depth=7)
[ 65] 绾?g0g9 (9, 6)->(0, 6)  鐢ㄦ椂 1.08s (score=125 depth=7)
[ 66] 榛?b8c8 (8, 7)->(8, 6)  鐢ㄦ椂 0.92s (score=-89 depth=7)
[ 67] 绾?f1g2 (8, 5)->(7, 6)  鐢ㄦ椂 1.52s (score=103 depth=7)
[ 68] 榛?d1b3 (1, 5)->(3, 7)  鐢ㄦ椂 0.81s (score=-111 depth=7)
[ 69] 绾?d0e0 (9, 3)->(9, 4)  鐢ㄦ椂 1.00s (score=147 depth=7)
[ 70] 榛?c8c9 (8, 6)->(9, 6)  鐢ㄦ椂 1.53s (score=-135 depth=7)
[ 71] 绾?g2h1 (7, 6)->(8, 7)  鐢ㄦ椂 1.04s (score=175 depth=7)
[ 72] 榛?d5c6 (5, 5)->(6, 6)  鐢ㄦ椂 0.58s (score=-173 depth=5)
[ 73] 绾?h1g0 (8, 7)->(9, 6) 鍚?b鍗?鐢ㄦ椂 0.72s (score=203 depth=6)
[ 74] 榛?d9c8 (9, 5)->(8, 6)  鐢ㄦ椂 1.52s (score=-118 depth=7)
[ 75] 绾?b8d7 (1, 1)->(2, 3)  鐢ㄦ椂 1.06s (score=119 depth=7)
[ 76] 榛?e0d0 (0, 4)->(0, 5)  鐢ㄦ椂 0.80s (score=-114 depth=8)
[ 77] 绾?g9d9 (0, 6)->(0, 3) 鍚?b棣?鐢ㄦ椂 1.51s (score=93 depth=7)
[ 78] 榛?c6b7 (6, 6)->(7, 7)  鐢ㄦ椂 1.53s (score=-13 depth=6)
[ 79] 绾?g0f1 (9, 6)->(8, 5)  鐢ㄦ椂 1.52s (score=49 depth=6)
[ 80] 榛?c8d7 (8, 6)->(7, 5)  鐢ㄦ椂 1.44s (score=-56 depth=7)
[ 81] 绾?d9b9 (0, 3)->(0, 1)  鐢ㄦ椂 0.78s (score=54 depth=7)
[ 82] 榛?d7c8 (7, 5)->(8, 6)  鐢ㄦ椂 1.51s (score=-36 depth=7)
[ 83] 绾?e4e5 (5, 4)->(4, 4)  鐢ㄦ椂 1.17s (score=49 depth=8)
[ 84] 榛?e3e4 (3, 4)->(4, 4) 缈诲紑=杌?鍚?r鍏?鐢ㄦ椂 1.53s (score=-39 depth=7)
[ 85] 绾?c4e5 (5, 2)->(4, 4) 鍚?b杌?鐢ㄦ椂 0.89s (score=350 depth=7)
[ 86] 榛?d0d1 (0, 5)->(1, 5)  鐢ㄦ椂 0.71s (score=-30 depth=6)
[ 87] 绾?d7e9 (2, 3)->(0, 4)  鐢ㄦ椂 1.46s (score=15 depth=6)
[ 88] 榛?h2h3 (2, 1)->(3, 1)  鐢ㄦ椂 1.28s (score=-28 depth=8)
[ 89] 绾?e5g6 (4, 4)->(3, 6)  鐢ㄦ椂 1.02s (score=36 depth=7)
[ 90] 榛?d1d2 (1, 5)->(2, 5)  鐢ㄦ椂 0.84s (score=-3696 depth=8)
[ 91] 绾?b9b7 (0, 1)->(2, 1)  鐢ㄦ椂 1.52s (score=3696 depth=8)
[ 92] 榛?e2e3 (2, 4)->(3, 4)  鐢ㄦ椂 0.74s (score=-3696 depth=8)
[ 93] 绾?e9c8 (0, 4)->(1, 2)  鐢ㄦ椂 1.13s (score=3696 depth=6)
[ 94] 榛?h3h4 (3, 1)->(4, 1)  鐢ㄦ椂 1.45s (score=-3696 depth=10)
[ 95] 绾?c8e7 (1, 2)->(2, 4)  鐢ㄦ椂 0.01s (score=3696 depth=12)
[ 96] 榛?e1e2 (1, 4)->(2, 4) 鍚?r棣?鐢ㄦ椂 0.01s (score=-3696 depth=12)
[ 97] 绾?b7f7 (2, 1)->(2, 5) 鍚?b灏?鐢ㄦ椂 0.00s (score=3696 depth=12)

========================================================
瀵瑰眬缁撴灉
========================================================
鑳滆€? pypy (绾㈡柟)
鍘熷洜: 绗?97 鐫€鍚冩帀 灏? 鑾疯儨
鎬绘鏁? 97 鐫€, 鍏ㄥ眬澧欓挓 112.8s

鍙屾柟鐢ㄦ椂:
  pypy  (绾㈡柟):  49 鐫€  鎬荤敤鏃?   53.0s  骞冲潎  1.08s  鏈€闀?  1.53s
  pypy510 (榛戞柟):  48 鐫€  鎬荤敤鏃?   59.6s  骞冲潎  1.24s  鏈€闀?  1.55s

[*] 妫嬭氨宸蹭繚瀛? C:\Users\yimingwang218185\Desktop\jieqi_ai\tools\games\game_20260824_094247.json / .txt

缁堝眬妫嬬洏 (绾㈡柟鍦ㄤ笅):
    0 1 2 3 4 5 6 7 8
 0 | 路 路 路 路 路 路 路 路 路
 1 | 路 路 路 路 路 路 路 r鐩?路
 2 | 路 路 路 路 b鍗?r鐐?路 路 路
 3 | 路 路 路 路 b鍗?路 r棣?b璞?路
 4 | 路 b鍗?路 路 路 路 路 路 路
 5 | 路 路 路 路 路 路 路 路 路
 6 | 路 路 路 路 r鍏?路 路 路 路
 7 | 路 路 路 路 r鍏?路 路 b澹?路
 8 | 路 路 路 路 r鍏?r浠?b澹?路 路
 9 | 路 路 路 路 r甯?路 路 路 路
