[*] 瑁佸垽鍚姩: pypy 鎵х孩鍏堣(姣忕潃 1.5s) vs pypy510 鎵ч粦(姣忕潃 1.5s), 闅忔満绉嶅瓙 20260992
[engine_server] 灏辩华 (PyPy 3.11.13, engine=jieqi_engine)
[engine_server] 棰勭儹瀹屾垚
[engine_server] 灏辩华 (PyPy 3.11.13, engine=jieqi_engine_v510)
[engine_server] 棰勭儹瀹屾垚
[+] 寮曟搸瀛愯繘绋嬪氨缁?(PyPy: pypy3.EXE)
[+] 寮曟搸瀛愯繘绋嬪氨缁?(PyPy: pypy3.EXE)
[*] 绾㈡柟寮曟搸: pypy (miaosiSari 鍘熺増, alpha-beta)
[*] 榛戞柟寮曟搸: pypy510 (v5.10 鍩虹嚎, U鍐荤粨鏈慨)
[  1] 绾?e3e4 (6, 4)->(5, 4) 缈诲紑=浠?鐢ㄦ椂 1.35s (score=78 depth=5)
[  2] 榛?b2b9 (2, 7)->(9, 7) 缈诲紑=杌?鍚?r浠?鐢ㄦ椂 1.53s (score=1.1428571428571388 depth=4)
[  3] 绾?i0h0 (9, 8)->(9, 7) 缈诲紑=棣?鍚?b杌?鐢ㄦ椂 1.52s (score=296.0 depth=5)
[  4] 榛?a3a4 (3, 8)->(4, 8) 缈诲紑=澹?鐢ㄦ椂 0.94s (score=46.30769230769232 depth=5)
[  5] 绾?c3c4 (6, 2)->(5, 2) 缈诲紑=鐐?鐢ㄦ椂 0.95s (score=56.14285714285714 depth=5)
[  6] 榛?h0i2 (0, 1)->(2, 0) 缈诲紑=鍗?鐢ㄦ椂 1.28s (score=37 depth=5)
[  7] 绾?a3a4 (6, 0)->(5, 0) 缈诲紑=杌?鐢ㄦ椂 0.92s (score=54.30769230769232 depth=5)
[  8] 榛?c3c4 (3, 6)->(4, 6) 缈诲紑=鍗?鐢ㄦ椂 1.08s (score=87 depth=5)
[  9] 绾?c4c1 (5, 2)->(8, 2)  鐢ㄦ椂 0.83s (score=8 depth=4)
[ 10] 榛?h2h6 (2, 1)->(6, 1) 缈诲紑=鍗?鐢ㄦ椂 1.32s (score=-23 depth=5)
[ 11] 绾?c1e1 (8, 2)->(8, 4)  鐢ㄦ椂 1.06s (score=95.72727272727272 depth=5)
[ 12] 榛?c0e2 (0, 6)->(2, 4) 缈诲紑=鐐?鐢ㄦ椂 0.73s (score=-96 depth=5)
[ 13] 绾?h2h8 (7, 7)->(1, 7) 缈诲紑=杌?鐢ㄦ椂 1.06s (score=109 depth=5)
[ 14] 榛?d0e1 (0, 5)->(1, 4) 缈诲紑=璞?鐢ㄦ椂 1.40s (score=-41.0 depth=5)
[ 15] 绾?h8g8 (1, 7)->(1, 6)  鐢ㄦ椂 1.07s (score=91 depth=4)
[ 16] 榛?b0a2 (0, 7)->(2, 8) 缈诲紑=杌?鐢ㄦ椂 0.82s (score=-65.66666666666666 depth=5)
[ 17] 绾?i3i4 (6, 8)->(5, 8) 缈诲紑=鍏?鐢ㄦ椂 0.64s (score=98 depth=4)
[ 18] 榛?g3g4 (3, 2)->(4, 2) 缈诲紑=澹?鐢ㄦ椂 0.75s (score=5 depth=4)
[ 19] 绾?e1e6 (8, 4)->(3, 4) 鍚?b棣?鐢ㄦ椂 1.26s (score=64 depth=5)
[ 20] 榛?a2a3 (2, 8)->(3, 8)  鐢ㄦ椂 1.50s (score=20 depth=5)
[ 21] 绾?e6e5 (3, 4)->(4, 4)  鐢ㄦ椂 0.76s (score=5 depth=5)
[ 22] 榛?g4f3 (4, 2)->(3, 3)  鐢ㄦ椂 1.50s (score=61 depth=6)
[ 23] 绾?i4i5 (5, 8)->(4, 8) 鍚?b澹?鐢ㄦ椂 1.52s (score=-67 depth=5)
[ 24] 榛?a3d3 (3, 8)->(3, 5)  鐢ㄦ椂 0.65s (score=180 depth=5)
[ 25] 绾?g8g5 (1, 6)->(4, 6) 鍚?b鍗?鐢ㄦ椂 1.14s (score=-155.375 depth=5)
[ 26] 榛?f3e4 (3, 3)->(4, 4) 鍚?r鐐?鐢ㄦ椂 1.23s (score=185.33333333333331 depth=6)
[ 27] 绾?g5e5 (4, 6)->(4, 4) 鍚?b澹?鐢ㄦ椂 1.53s (score=-50.33333333333333 depth=5)
[ 28] 榛?e1g3 (1, 4)->(3, 2)  鐢ㄦ椂 0.57s (score=132.5 depth=4)
[ 29] 绾?a4b4 (5, 0)->(5, 1)  鐢ㄦ椂 1.03s (score=-94 depth=5)
[ 30] 榛?e0d0 (0, 4)->(0, 5)  鐢ㄦ椂 0.63s (score=110 depth=4)
[ 31] 绾?b2f2 (7, 1)->(7, 5) 缈诲紑=鍏?鐢ㄦ椂 1.53s (score=-111.5 depth=4)
[ 32] 榛?d3d7 (3, 5)->(7, 5) 鍚?r鍏?鐢ㄦ椂 1.54s (score=140.5 depth=5)
[ 33] 绾?b4d4 (5, 1)->(5, 3)  鐢ㄦ椂 0.78s (score=-115 depth=5)
[ 34] 榛?d7d9 (7, 5)->(9, 5) 鍚?r鍏?鐢ㄦ椂 0.96s (score=133 depth=6)
[ 35] 绾?e0e1 (9, 4)->(8, 4)  鐢ㄦ椂 1.52s (score=-87 depth=7)
[ 36] 榛?d9d8 (9, 5)->(8, 5)  鐢ㄦ椂 1.05s (score=67 depth=6)
[ 37] 绾?e1e0 (8, 4)->(9, 4)  鐢ㄦ椂 1.52s (score=-86 depth=6)
[ 38] 榛?d8d9 (8, 5)->(9, 5)  鐢ㄦ椂 1.06s (score=87 depth=6)
[ 39] 绾?e0e1 (9, 4)->(8, 4)  鐢ㄦ椂 1.53s (score=-87 depth=7)
[ 40] 榛?g3e5 (3, 2)->(5, 4) 鍚?r浠?鐢ㄦ椂 1.02s (score=80 depth=-2)
[ 41] 绾?d4d9 (5, 3)->(0, 3) 鍚?b鍗?鐢ㄦ椂 1.52s (score=150.5 depth=5)
[ 42] 榛?d0d1 (0, 5)->(1, 5)  鐢ㄦ椂 0.76s (score=-17.5 depth=7)
[ 43] 绾?d9i9 (0, 3)->(0, 8) 鍚?b鐐?鐢ㄦ椂 1.19s (score=-2.5 depth=6)
[ 44] 榛?d9d8 (9, 5)->(8, 5)  鐢ㄦ椂 0.88s (score=144.5 depth=6)
[ 45] 绾?e1e2 (8, 4)->(7, 4)  鐢ㄦ椂 0.78s (score=-112.5 depth=7)
[ 46] 榛?e5g7 (5, 4)->(7, 2)  鐢ㄦ椂 1.51s (score=117.5 depth=5)
[ 47] 绾?e2d2 (7, 4)->(7, 3)  鐢ㄦ椂 1.30s (score=-96.5 depth=7)
[ 48] 榛?g7i9 (7, 2)->(9, 0) 鍚?r鐐?鐢ㄦ椂 1.52s (score=93.5 depth=5)
[ 49] 绾?g3g4 (6, 6)->(5, 6) 缈诲紑=棣?鐢ㄦ椂 1.54s (score=-10 depth=5)
[ 50] 榛?d8d9 (8, 5)->(9, 5)  鐢ㄦ椂 1.53s (score=71 depth=5)
[ 51] 绾?i9i8 (0, 8)->(1, 8)  鐢ㄦ椂 1.39s (score=-56.0 depth=6)
[ 52] 榛?d1d0 (1, 5)->(0, 5)  鐢ㄦ椂 1.11s (score=24 depth=8)
[ 53] 绾?i8i9 (1, 8)->(0, 8)  鐢ㄦ椂 0.96s (score=-18 depth=6)
[ 54] 榛?d0d1 (0, 5)->(1, 5)  鐢ㄦ椂 1.16s (score=42 depth=7)
[ 55] 绾?i9i8 (0, 8)->(1, 8)  鐢ㄦ椂 1.29s (score=-56.0 depth=6)
[ 56] 榛?d1d0 (1, 5)->(0, 5)  鐢ㄦ椂 1.08s (score=24 depth=8)
[ 57] 绾?e5e7 (4, 4)->(2, 4) 鍚?b鐐?鐢ㄦ椂 0.94s (score=151 depth=-2)
[ 58] 榛?d9f9 (9, 5)->(9, 3) 鍚?r鍏?鐢ㄦ椂 1.07s (score=371 depth=9)
[ 59] 绾?d2e2 (7, 3)->(7, 4)  鐢ㄦ椂 0.80s (score=-349 depth=10)
[ 60] 榛?f9e9 (9, 3)->(9, 4)  鐢ㄦ椂 1.01s (score=359 depth=9)
[ 61] 绾?e2d2 (7, 4)->(7, 3)  鐢ㄦ椂 1.18s (score=-391 depth=11)
[ 62] 榛?e9f9 (9, 4)->(9, 3)  鐢ㄦ椂 0.94s (score=359 depth=9)
[ 63] 绾?d2e2 (7, 3)->(7, 4)  鐢ㄦ椂 0.80s (score=-349 depth=10)
[ 64] 榛?g0e2 (0, 2)->(2, 4) 缈诲紑=棣?鍚?r杌?鐢ㄦ椂 1.00s (score=359 depth=-2)
[ 65] 绾?i8i9 (1, 8)->(0, 8)  鐢ㄦ椂 1.15s (score=106.0909090909091 depth=7)
[ 66] 榛?d0d1 (0, 5)->(1, 5)  鐢ㄦ椂 1.21s (score=-100.0909090909091 depth=9)
[ 67] 绾?i9i8 (0, 8)->(1, 8)  鐢ㄦ椂 0.85s (score=44.09090909090909 depth=7)
[ 68] 榛?d1d0 (1, 5)->(0, 5)  鐢ㄦ椂 0.69s (score=-86.0909090909091 depth=8)
[ 69] 绾?i8i9 (1, 8)->(0, 8)  鐢ㄦ椂 1.04s (score=106.0909090909091 depth=7)
[ 70] 榛?d0d1 (0, 5)->(1, 5)  鐢ㄦ椂 1.14s (score=-100.0909090909091 depth=9)
[ 71] 绾?i9a9 (0, 8)->(0, 0) 鍚?b璞?鐢ㄦ椂 0.98s (score=101.0909090909091 depth=-2)
[ 72] 榛?i3i4 (3, 0)->(4, 0) 缈诲紑=鍗?鐢ㄦ椂 1.52s (score=66 depth=6)
[ 73] 绾?a9a8 (0, 0)->(1, 0)  鐢ㄦ椂 0.83s (score=11 depth=6)
[ 74] 榛?d1d0 (1, 5)->(0, 5)  鐢ㄦ椂 1.01s (score=-16 depth=8)
[ 75] 绾?a8a9 (1, 0)->(0, 0)  鐢ㄦ椂 0.68s (score=24 depth=6)
[ 76] 榛?d0d1 (0, 5)->(1, 5)  鐢ㄦ椂 1.36s (score=-39 depth=8)
[ 77] 绾?a9a8 (0, 0)->(1, 0)  鐢ㄦ椂 0.82s (score=11 depth=6)
[ 78] 榛?d1d0 (1, 5)->(0, 5)  鐢ㄦ椂 1.12s (score=-16 depth=8)
[ 79] 绾?b0a2 (9, 1)->(7, 0) 缈诲紑=鍏?鐢ㄦ椂 0.73s (score=31 depth=-2)
[ 80] 榛?f9e9 (9, 3)->(9, 4)  鐢ㄦ椂 0.88s (score=34 depth=7)
[ 81] 绾?e2d2 (7, 4)->(7, 3)  鐢ㄦ椂 0.71s (score=-56 depth=8)
[ 82] 榛?e9f9 (9, 4)->(9, 3)  鐢ㄦ椂 1.05s (score=46 depth=7)
[ 83] 绾?d2e2 (7, 3)->(7, 4)  鐢ㄦ椂 1.30s (score=-18 depth=9)
[ 84] 榛?f9e9 (9, 3)->(9, 4)  鐢ㄦ椂 0.91s (score=34 depth=7)
[ 85] 绾?e2d2 (7, 4)->(7, 3)  鐢ㄦ椂 0.71s (score=-56 depth=8)
[ 86] 榛?e9g9 (9, 4)->(9, 2) 鍚?r鐩?鐢ㄦ椂 1.01s (score=56 depth=-2)
[ 87] 绾?a8a9 (1, 0)->(0, 0)  鐢ㄦ椂 0.85s (score=20 depth=7)
[ 88] 榛?d0d1 (0, 5)->(1, 5)  鐢ㄦ椂 0.77s (score=0 depth=8)
[ 89] 绾?a9a8 (0, 0)->(1, 0)  鐢ㄦ椂 1.11s (score=-20 depth=7)
[ 90] 榛?d1d0 (1, 5)->(0, 5)  鐢ㄦ椂 1.52s (score=0 depth=8)
[ 91] 绾?a8a9 (1, 0)->(0, 0)  鐢ㄦ椂 0.88s (score=20 depth=7)
[ 92] 榛?d0d1 (0, 5)->(1, 5)  鐢ㄦ椂 0.78s (score=0 depth=8)
[ 93] 绾?g0e2 (9, 6)->(7, 4) 缈诲紑=鐩?鐢ㄦ椂 1.10s (score=38 depth=-2)
[ 94] 榛?g9f9 (9, 2)->(9, 3)  鐢ㄦ椂 0.04s (score=3696 depth=12)
[ 95] 绾?a9a7 (0, 0)->(2, 0) 鍚?b鍗?鐢ㄦ椂 0.02s (score=-3696 depth=12)
[ 96] 榛?f9f7 (9, 3)->(7, 3) 鍚?r甯?鐢ㄦ椂 0.00s (score=3696 depth=12)

========================================================
瀵瑰眬缁撴灉
========================================================
鑳滆€? pypy510 (榛戞柟)
鍘熷洜: 绗?96 鐫€鍚冩帀 甯? 鑾疯儨
鎬绘鏁? 96 鐫€, 鍏ㄥ眬澧欓挓 101.3s

鍙屾柟鐢ㄦ椂:
  pypy  (绾㈡柟):  48 鐫€  鎬荤敤鏃?   51.0s  骞冲潎  1.06s  鏈€闀?  1.54s
  pypy510 (榛戞柟):  48 鐫€  鎬荤敤鏃?   50.2s  骞冲潎  1.05s  鏈€闀?  1.54s

[*] 妫嬭氨宸蹭繚瀛? C:\Users\yimingwang218185\Desktop\jieqi_ai\tools\games\game_20260824_093226.json / .txt

缁堝眬妫嬬洏 (绾㈡柟鍦ㄤ笅):
    0 1 2 3 4 5 6 7 8
 0 | 路 路 路 路 路 路 路 路 路
 1 | 路 路 路 路 路 b灏?路 路 路
 2 | r杌?路 路 路 b棣?路 路 路 路
 3 | 路 路 路 路 路 路 路 路 路
 4 | b鍗?路 路 路 路 路 路 路 r鍏?
 5 | 路 路 路 路 路 路 r棣?路 路
 6 | 路 b鍗?路 路 路 路 路 路 路
 7 | r鍏?路 路 b杌?r鐩?路 路 路 路
 8 | 路 路 路 路 路 路 路 路 路
 9 | b璞?路 路 路 路 路 路 r棣?路
