[*] 瑁佸垽鍚姩: pypy57 鎵х孩鍏堣(姣忕潃 1.5s) vs pypy 鎵ч粦(姣忕潃 1.5s), 闅忔満绉嶅瓙 20260938
[engine_server] 灏辩华 (PyPy 3.11.13, engine=jieqi_engine_v57)
[engine_server] 棰勭儹瀹屾垚
[engine_server] 灏辩华 (PyPy 3.11.13, engine=jieqi_engine)
[engine_server] 棰勭儹瀹屾垚
[+] 寮曟搸瀛愯繘绋嬪氨缁?(PyPy: pypy3.EXE)
[+] 寮曟搸瀛愯繘绋嬪氨缁?(PyPy: pypy3.EXE)
[*] 绾㈡柟寮曟搸: pypy57 (v5.7 鍩虹嚎, 鏃犻噸澶嶆劅鐭?
[*] 榛戞柟寮曟搸: pypy (miaosiSari 鍘熺増, alpha-beta)
[  1] 绾?e3e4 (6, 4)->(5, 4) 缈诲紑=杌?鐢ㄦ椂 1.54s (score=84 depth=4)
[  2] 榛?b2b9 (2, 7)->(9, 7) 缈诲紑=棣?鍚?r鐐?鐢ㄦ椂 1.54s (score=144 depth=4)
[  3] 绾?b2b9 (7, 1)->(0, 1) 缈诲紑=鍏?鍚?b鐐?鐢ㄦ椂 1.52s (score=148 depth=5)
[  4] 榛?i0h0 (0, 0)->(0, 1) 缈诲紑=鍗?鍚?r鍏?鐢ㄦ椂 0.73s (score=53.153846153846146 depth=5)
[  5] 绾?e4e6 (5, 4)->(3, 4) 鍚?b澹?鐢ㄦ椂 1.55s (score=82 depth=5)
[  6] 榛?h2e2 (2, 1)->(2, 4) 缈诲紑=鍗?鐢ㄦ椂 1.15s (score=43 depth=6)
[  7] 绾?e6g6 (3, 4)->(3, 6) 鍚?b鍗?鐢ㄦ椂 1.23s (score=81 depth=6)
[  8] 榛?g3g4 (3, 2)->(4, 2) 缈诲紑=鍗?鐢ㄦ椂 1.37s (score=80 depth=6)
[  9] 绾?g6g9 (3, 6)->(0, 6) 鍚?b棣?鐢ㄦ椂 1.53s (score=115 depth=5)
[ 10] 榛?a3a4 (3, 8)->(4, 8) 缈诲紑=璞?鐢ㄦ椂 0.81s (score=86 depth=5)
[ 11] 绾?g3g4 (6, 6)->(5, 6) 缈诲紑=浠?鐢ㄦ椂 1.53s (score=61 depth=5)
[ 12] 榛?b9c7 (9, 7)->(7, 6)  鐢ㄦ椂 1.52s (score=-6 depth=5)
[ 13] 绾?a3a4 (6, 0)->(5, 0) 缈诲紑=浠?鐢ㄦ椂 1.50s (score=74 depth=5)
[ 14] 榛?i3i4 (3, 0)->(4, 0) 缈诲紑=璞?鐢ㄦ椂 1.51s (score=76 depth=5)
[ 15] 绾?g4h3 (5, 6)->(6, 7)  鐢ㄦ椂 1.51s (score=-6 depth=5)
[ 16] 榛?b0c2 (0, 7)->(2, 6) 缈诲紑=杌?鐢ㄦ椂 1.53s (score=44 depth=6)
[ 17] 绾?g9i9 (0, 6)->(0, 8) 鍚?b杌?鐢ㄦ椂 0.87s (score=118.5 depth=6)
[ 18] 榛?c7d5 (7, 6)->(5, 5)  鐢ㄦ椂 1.41s (score=19 depth=6)
[ 19] 绾?h3i4 (6, 7)->(5, 8)  鐢ㄦ椂 0.98s (score=4 depth=5)
[ 20] 榛?d5f6 (5, 5)->(6, 3)  鐢ㄦ椂 1.14s (score=2 depth=6)
[ 21] 绾?h2d2 (7, 7)->(7, 3) 缈诲紑=鐩?鐢ㄦ椂 0.75s (score=34 depth=5)
[ 22] 榛?f6d7 (6, 3)->(7, 5)  鐢ㄦ椂 1.08s (score=0 depth=6)
[ 23] 绾?e0e1 (9, 4)->(8, 4)  鐢ㄦ椂 0.94s (score=-20 depth=7)
[ 24] 榛?i4g6 (4, 0)->(6, 2) 鍚?r鐐?鐢ㄦ椂 1.06s (score=83 depth=6)
[ 25] 绾?b0a2 (9, 1)->(7, 0) 缈诲紑=鍏?鐢ㄦ椂 1.25s (score=32 depth=6)
[ 26] 榛?c2c8 (2, 6)->(8, 6)  鐢ㄦ椂 1.08s (score=8 depth=7)
[ 27] 绾?e1e2 (8, 4)->(7, 4)  鐢ㄦ椂 1.53s (score=-10 depth=7)
[ 28] 榛?d7c9 (7, 5)->(9, 6) 鍚?r棣?鐢ㄦ椂 1.01s (score=51 depth=6)
[ 29] 绾?i0g0 (9, 8)->(9, 6) 缈诲紑=鐩?鍚?b棣?鐢ㄦ椂 1.16s (score=116.375 depth=7)
[ 30] 榛?c8c6 (8, 6)->(6, 6)  鐢ㄦ椂 1.54s (score=0 depth=5)
[ 31] 绾?i9i5 (0, 8)->(4, 8) 鍚?b璞?鐢ㄦ椂 1.18s (score=22 depth=6)
[ 32] 榛?c6a6 (6, 6)->(6, 8) 鍚?r鍏?鐢ㄦ椂 1.37s (score=79 depth=7)
[ 33] 绾?f0e1 (9, 5)->(8, 4) 缈诲紑=鍏?鐢ㄦ椂 1.34s (score=28 depth=6)
[ 34] 榛?a6c6 (6, 8)->(6, 6)  鐢ㄦ椂 0.73s (score=2 depth=6)
[ 35] 绾?e2f2 (7, 4)->(7, 5)  鐢ㄦ椂 1.33s (score=-10 depth=7)
[ 36] 榛?c6d6 (6, 6)->(6, 5)  鐢ㄦ椂 0.82s (score=37 depth=7)
[ 37] 绾?f2e2 (7, 5)->(7, 4)  鐢ㄦ椂 1.47s (score=10 depth=8)
[ 38] 榛?g0i2 (0, 2)->(2, 0) 缈诲紑=鐐?鐢ㄦ椂 1.53s (score=43 depth=6)
[ 39] 绾?i5d5 (4, 8)->(4, 3)  鐢ㄦ椂 1.10s (score=39 depth=6)
[ 40] 榛?d6c6 (6, 5)->(6, 6)  鐢ㄦ椂 1.20s (score=-37 depth=6)
[ 41] 绾?e2f2 (7, 4)->(7, 5)  鐢ㄦ椂 0.98s (score=-10 depth=6)
[ 42] 榛?c6c9 (6, 6)->(9, 6) 鍚?r鐩?鐢ㄦ椂 1.05s (score=76 depth=6)
[ 43] 绾?d5d7 (4, 3)->(2, 3)  鐢ㄦ椂 1.43s (score=2 depth=6)
[ 44] 榛?i2i4 (2, 0)->(4, 0)  鐢ㄦ椂 1.03s (score=-2 depth=6)
[ 45] 绾?d2f4 (7, 3)->(5, 5)  鐢ㄦ椂 0.95s (score=0 depth=6)
[ 46] 榛?g4g5 (4, 2)->(5, 2)  鐢ㄦ椂 0.89s (score=17 depth=6)
[ 47] 绾?d7d5 (2, 3)->(4, 3)  鐢ㄦ椂 1.24s (score=-2 depth=6)
[ 48] 榛?g5f5 (5, 2)->(5, 3)  鐢ㄦ椂 1.05s (score=0 depth=6)
[ 49] 绾?f4d2 (5, 5)->(7, 3)  鐢ㄦ椂 1.53s (score=0 depth=5)
[ 50] 榛?c9d9 (9, 6)->(9, 5)  鐢ㄦ椂 0.85s (score=38 depth=6)
[ 51] 绾?f2e2 (7, 5)->(7, 4)  鐢ㄦ椂 1.19s (score=10 depth=8)
[ 52] 榛?f5e5 (5, 3)->(5, 4)  鐢ㄦ椂 0.89s (score=2 depth=6)
[ 53] 绾?d5e5 (4, 3)->(4, 4)  鐢ㄦ椂 1.12s (score=-32 depth=8)
[ 54] 榛?e5e6 (5, 4)->(6, 4)  鐢ㄦ椂 0.92s (score=21 depth=8)
[ 55] 绾?e5e3 (4, 4)->(6, 4) 鍚?b鍗?鐢ㄦ椂 1.33s (score=59 depth=8)
[ 56] 榛?i4i1 (4, 0)->(1, 0)  鐢ㄦ椂 1.06s (score=1 depth=7)
[ 57] 绾?e3e7 (6, 4)->(2, 4) 鍚?b鍗?鐢ㄦ椂 1.01s (score=17 depth=7)
[ 58] 榛?i1e1 (1, 0)->(1, 4)  鐢ㄦ椂 0.78s (score=9 depth=8)
[ 59] 绾?e7c7 (2, 4)->(2, 2)  鐢ㄦ椂 0.80s (score=-14 depth=7)
[ 60] 榛?g6e4 (6, 2)->(4, 4)  鐢ㄦ椂 1.16s (score=-5 depth=7)
[ 61] 绾?c7e7 (2, 2)->(2, 4)  鐢ㄦ椂 1.06s (score=14 depth=8)
[ 62] 榛?e4c6 (4, 4)->(6, 6)  鐢ㄦ椂 1.52s (score=5 depth=6)
[ 63] 绾?e7g7 (2, 4)->(2, 6)  鐢ㄦ椂 1.16s (score=-14 depth=7)
[ 64] 榛?d9f9 (9, 5)->(9, 3) 鍚?r杌?鐢ㄦ椂 0.84s (score=41 depth=-2)
[ 65] 绾?g7g3 (2, 6)->(6, 6) 鍚?b璞?鐢ㄦ椂 0.69s (score=62 depth=6)
[ 66] 榛?f9a9 (9, 3)->(9, 8)  鐢ㄦ椂 0.90s (score=-10 depth=6)
[ 67] 绾?g3f3 (6, 6)->(6, 5)  鐢ㄦ椂 1.54s (score=43 depth=6)
[ 68] 榛?a9a7 (9, 8)->(7, 8)  鐢ㄦ椂 1.04s (score=-36 depth=8)
[ 69] 绾?f3f2 (6, 5)->(7, 5)  鐢ㄦ椂 1.27s (score=2 depth=9)
[ 70] 榛?a7a5 (7, 8)->(5, 8) 鍚?r浠?鐢ㄦ椂 1.55s (score=71 depth=7)
[ 71] 绾?d2f4 (7, 3)->(5, 5)  鐢ㄦ椂 1.20s (score=0 depth=7)
[ 72] 榛?e1e2 (1, 4)->(2, 4)  鐢ㄦ椂 1.03s (score=5 depth=7)
[ 73] 绾?a4b5 (5, 0)->(4, 1)  鐢ㄦ椂 1.48s (score=9 depth=7)
[ 74] 榛?a5a9 (5, 8)->(9, 8)  鐢ㄦ椂 1.56s (score=38 depth=6)
[ 75] 绾?a2a3 (7, 0)->(6, 0)  鐢ㄦ椂 0.83s (score=8 depth=6)
[ 76] 榛?a9f9 (9, 8)->(9, 3)  鐢ㄦ椂 1.20s (score=10 depth=6)
[ 77] 绾?a3a4 (6, 0)->(5, 0)  鐢ㄦ椂 1.56s (score=11 depth=6)
[ 78] 榛?d0e1 (0, 5)->(1, 4) 缈诲紑=澹?鐢ㄦ椂 1.35s (score=31 depth=6)
[ 79] 绾?f4h6 (5, 5)->(3, 7)  鐢ㄦ椂 1.52s (score=1 depth=6)
[ 80] 榛?e1f2 (1, 4)->(2, 3)  鐢ㄦ椂 1.57s (score=-5 depth=6)
[ 81] 绾?f2f7 (7, 5)->(2, 5)  鐢ㄦ椂 1.53s (score=0 depth=6)
[ 82] 榛?e2e1 (2, 4)->(1, 4)  鐢ㄦ椂 1.05s (score=-5 depth=6)
[ 83] 绾?a0a3 (9, 0)->(6, 0) 缈诲紑=鍏?鐢ㄦ椂 0.96s (score=-5.363636363636363 depth=5)
[ 84] 榛?f9f7 (9, 3)->(7, 3)  鐢ㄦ椂 0.13s (score=-7 depth=12)
[ 85] 绾?e2d2 (7, 4)->(7, 3) 鍚?b杌?鐢ㄦ椂 0.09s (score=299 depth=12)
[ 86] 榛?e1f1 (1, 4)->(1, 3)  鐢ㄦ椂 0.02s (score=-7 depth=12)
[ 87] 绾?f7d7 (2, 5)->(2, 3) 鍚?b澹?鐢ㄦ椂 0.02s (score=100 depth=12)
[ 88] 榛?f1f7 (1, 3)->(7, 3) 鍚?r甯?鐢ㄦ椂 0.01s (score=3696 depth=12)

========================================================
瀵瑰眬缁撴灉
========================================================
鑳滆€? pypy (榛戞柟)
鍘熷洜: 绗?88 鐫€鍚冩帀 甯? 鑾疯儨
鎬绘鏁? 88 鐫€, 鍏ㄥ眬澧欓挓 100.1s

鍙屾柟鐢ㄦ椂:
  pypy57 (绾㈡柟):  44 鐫€  鎬荤敤鏃?   52.3s  骞冲潎  1.19s  鏈€闀?  1.56s
  pypy  (榛戞柟):  44 鐫€  鎬荤敤鏃?   47.6s  骞冲潎  1.08s  鏈€闀?  1.57s

[*] 妫嬭氨宸蹭繚瀛? C:\Users\yimingwang218185\Desktop\jieqi_ai\tools\games\game_20260820_191430.json / .txt

缁堝眬妫嬬洏 (绾㈡柟鍦ㄤ笅):
    0 1 2 3 4 5 6 7 8
 0 | 路 b鍗?路 b? b灏?路 路 路 路
 1 | 路 路 路 路 路 路 路 路 路
 2 | 路 路 路 r杌?路 路 路 路 路
 3 | 路 路 路 路 路 路 路 r鐩?路
 4 | 路 r浠?路 路 路 路 路 路 路
 5 | r鍏?路 路 路 路 路 路 路 路
 6 | r鍏?路 路 路 路 路 路 路 路
 7 | 路 路 路 b鐐?路 路 路 路 路
 8 | 路 路 路 路 r鍏?路 路 路 路
 9 | 路 路 r? 路 路 路 路 路 路
