[*] 瑁佸垽鍚姩: pypy 鎵х孩鍏堣(姣忕潃 1.5s) vs pypy57 鎵ч粦(姣忕潃 1.5s), 闅忔満绉嶅瓙 20260941
[engine_server] 灏辩华 (PyPy 3.11.13, engine=jieqi_engine)
[engine_server] 棰勭儹瀹屾垚
[engine_server] 灏辩华 (PyPy 3.11.13, engine=jieqi_engine_v57)
[engine_server] 棰勭儹瀹屾垚
[+] 寮曟搸瀛愯繘绋嬪氨缁?(PyPy: pypy3.EXE)
[+] 寮曟搸瀛愯繘绋嬪氨缁?(PyPy: pypy3.EXE)
[*] 绾㈡柟寮曟搸: pypy (miaosiSari 鍘熺増, alpha-beta)
[*] 榛戞柟寮曟搸: pypy57 (v5.7 鍩虹嚎, 鏃犻噸澶嶆劅鐭?
[  1] 绾?e3e4 (6, 4)->(5, 4) 缈诲紑=浠?鐢ㄦ椂 1.43s (score=84 depth=5)
[  2] 榛?b2b9 (2, 7)->(9, 7) 缈诲紑=璞?鍚?r杌?鐢ㄦ椂 0.81s (score=154 depth=4)
[  3] 绾?b2b9 (7, 1)->(0, 1) 缈诲紑=鍏?鍚?b鍗?鐢ㄦ椂 1.52s (score=159 depth=5)
[  4] 榛?i0h0 (0, 0)->(0, 1) 缈诲紑=鐐?鍚?r鍏?鐢ㄦ椂 1.38s (score=91.3076923076923 depth=6)
[  5] 绾?a3a4 (6, 0)->(5, 0) 缈诲紑=鍏?鐢ㄦ椂 1.14s (score=79 depth=5)
[  6] 榛?a3a4 (3, 8)->(4, 8) 缈诲紑=棣?鐢ㄦ椂 0.83s (score=77 depth=5)
[  7] 绾?c3c4 (6, 2)->(5, 2) 缈诲紑=棣?鐢ㄦ椂 1.53s (score=79 depth=5)
[  8] 榛?h2h8 (2, 1)->(8, 1) 缈诲紑=鍗?鐢ㄦ椂 0.97s (score=77 depth=5)
[  9] 绾?i3i4 (6, 8)->(5, 8) 缈诲紑=鐐?鐢ㄦ椂 1.53s (score=82 depth=4)
[ 10] 榛?b0a2 (0, 7)->(2, 8) 缈诲紑=棣?鐢ㄦ椂 0.90s (score=38 depth=5)
[ 11] 绾?e4d5 (5, 4)->(4, 3)  鐢ㄦ椂 1.02s (score=7 depth=4)
[ 12] 榛?e3e4 (3, 4)->(4, 4) 缈诲紑=鍗?鐢ㄦ椂 1.51s (score=74 depth=4)
[ 13] 绾?d5c6 (4, 3)->(3, 2) 鍚?b澹?鐢ㄦ椂 0.88s (score=95 depth=5)
[ 14] 榛?c3c4 (3, 6)->(4, 6) 缈诲紑=鍗?鐢ㄦ椂 1.39s (score=79 depth=5)
[ 15] 绾?h2h8 (7, 7)->(1, 7) 缈诲紑=鍏?鐢ㄦ椂 1.51s (score=76 depth=5)
[ 16] 榛?d0e1 (0, 5)->(1, 4) 缈诲紑=澹?鐢ㄦ椂 1.00s (score=49 depth=5)
[ 17] 绾?c0e2 (9, 2)->(7, 4) 缈诲紑=鐩?鐢ㄦ椂 1.51s (score=46 depth=5)
[ 18] 榛?c0e2 (0, 6)->(2, 4) 缈诲紑=杌?鐢ㄦ椂 1.52s (score=51 depth=5)
[ 19] 绾?g0i2 (9, 6)->(7, 8) 缈诲紑=鐩?鐢ㄦ椂 1.20s (score=43 depth=5)
[ 20] 榛?h0h9 (0, 1)->(9, 1) 鍚?r鍏?鐢ㄦ椂 1.54s (score=157 depth=5)
[ 21] 绾?a0b0 (9, 0)->(9, 1) 缈诲紑=杌?鍚?b鐐?鐢ㄦ椂 0.74s (score=180.0 depth=6)
[ 22] 榛?h8h9 (8, 1)->(9, 1) 鍚?r杌?鐢ㄦ椂 1.17s (score=296 depth=6)
[ 23] 绾?c6b5 (3, 2)->(4, 1)  鐢ㄦ椂 0.94s (score=-6 depth=5)
[ 24] 榛?e2b2 (2, 4)->(2, 7)  鐢ㄦ椂 1.11s (score=2 depth=5)
[ 25] 绾?i2g0 (7, 8)->(9, 6)  鐢ㄦ椂 0.84s (score=5 depth=5)
[ 26] 榛?b2b1 (2, 7)->(1, 7) 鍚?r鍏?鐢ㄦ椂 1.53s (score=88 depth=5)
[ 27] 绾?c4b6 (5, 2)->(3, 1)  鐢ㄦ椂 0.64s (score=17 depth=5)
[ 28] 榛?e1d0 (1, 4)->(0, 5)  鐢ㄦ椂 0.81s (score=-1 depth=5)
[ 29] 绾?b5a6 (4, 1)->(3, 0) 鍚?b璞?鐢ㄦ椂 0.96s (score=84 depth=6)
[ 30] 榛?g0i2 (0, 2)->(2, 0) 缈诲紑=杌?鐢ㄦ椂 1.52s (score=41 depth=5)
[ 31] 绾?a4a5 (5, 0)->(4, 0)  鐢ㄦ椂 1.53s (score=10 depth=5)
[ 32] 榛?b1f1 (1, 7)->(1, 3)  鐢ㄦ椂 1.02s (score=41 depth=5)
[ 33] 绾?f0e1 (9, 5)->(8, 4) 缈诲紑=鍏?鐢ㄦ椂 0.99s (score=34 depth=5)
[ 34] 榛?f0e1 (0, 3)->(1, 4) 缈诲紑=鐐?鐢ㄦ椂 0.78s (score=32 depth=5)
[ 35] 绾?i4c4 (5, 8)->(5, 2)  鐢ㄦ椂 1.52s (score=4 depth=4)
[ 36] 榛?e0f0 (0, 4)->(0, 3)  鐢ㄦ椂 0.76s (score=-10 depth=4)
[ 37] 绾?c4d4 (5, 2)->(5, 3)  鐢ㄦ椂 0.70s (score=-3 depth=5)
[ 38] 榛?f1f5 (1, 3)->(5, 3) 鍚?r鐐?鐢ㄦ椂 1.02s (score=124 depth=8)
[ 39] 绾?b6d5 (3, 1)->(4, 3)  鐢ㄦ椂 0.80s (score=-5 depth=6)
[ 40] 榛?f5f4 (5, 3)->(4, 3) 鍚?r棣?鐢ㄦ椂 0.88s (score=133 depth=7)
[ 41] 绾?e0f0 (9, 4)->(9, 5)  鐢ㄦ椂 1.19s (score=-10 depth=9)
[ 42] 榛?f4f9 (4, 3)->(9, 3) 鍚?r棣?鐢ㄦ椂 1.08s (score=126 depth=10)
[ 43] 绾?f0f1 (9, 5)->(8, 5)  鐢ㄦ椂 0.98s (score=-20 depth=9)
[ 44] 榛?i2d2 (2, 0)->(2, 5)  鐢ㄦ椂 0.03s (score=21 depth=12)
[ 45] 绾?i0i5 (9, 8)->(4, 8) 缈诲紑=浠?鍚?b棣?鐢ㄦ椂 0.02s (score=78.0 depth=12)
[ 46] 榛?d2d8 (2, 5)->(8, 5) 鍚?r甯?鐢ㄦ椂 0.01s (score=3696 depth=12)

========================================================
瀵瑰眬缁撴灉
========================================================
鑳滆€? pypy57 (榛戞柟)
鍘熷洜: 绗?46 鐫€鍚冩帀 甯? 鑾疯儨
鎬绘鏁? 46 鐫€, 鍏ㄥ眬澧欓挓 48.8s

鍙屾柟鐢ㄦ椂:
  pypy  (绾㈡柟):  23 鐫€  鎬荤敤鏃?   25.1s  骞冲潎  1.09s  鏈€闀?  1.53s
  pypy57 (榛戞柟):  23 鐫€  鎬荤敤鏃?   23.6s  骞冲潎  1.02s  鏈€闀?  1.54s

[*] 妫嬭氨宸蹭繚瀛? C:\Users\yimingwang218185\Desktop\jieqi_ai\tools\games\game_20260820_191841.json / .txt

缁堝眬妫嬬洏 (绾㈡柟鍦ㄤ笅):
    0 1 2 3 4 5 6 7 8
 0 | 路 路 路 b灏?路 b澹?路 路 b?
 1 | 路 路 路 路 b鐐?路 路 路 路
 2 | 路 路 路 路 路 路 路 路 b棣?
 3 | r浠?路 路 路 路 路 路 路 路
 4 | r鍏?路 路 路 b鍗?路 b鍗?路 r浠?
 5 | 路 路 路 路 路 路 路 路 路
 6 | 路 路 路 路 路 路 r? 路 路
 7 | 路 路 路 路 r鐩?路 路 路 路
 8 | 路 路 路 路 r鍏?b杌?路 路 路
 9 | 路 b鍗?路 b杌?路 路 r鐩?b璞?路
