[*] 瑁佸垽鍚姩: pypy 鎵х孩鍏堣(姣忕潃 1.5s) vs pypy57 鎵ч粦(姣忕潃 1.5s), 闅忔満绉嶅瓙 20260943
[engine_server] 灏辩华 (PyPy 3.11.13, engine=jieqi_engine)
[engine_server] 棰勭儹瀹屾垚
[engine_server] 灏辩华 (PyPy 3.11.13, engine=jieqi_engine_v57)
[engine_server] 棰勭儹瀹屾垚
[+] 寮曟搸瀛愯繘绋嬪氨缁?(PyPy: pypy3.EXE)
[+] 寮曟搸瀛愯繘绋嬪氨缁?(PyPy: pypy3.EXE)
[*] 绾㈡柟寮曟搸: pypy (miaosiSari 鍘熺増, alpha-beta)
[*] 榛戞柟寮曟搸: pypy57 (v5.7 鍩虹嚎, 鏃犻噸澶嶆劅鐭?
[  1] 绾?e3e4 (6, 4)->(5, 4) 缈诲紑=鍏?鐢ㄦ椂 1.49s (score=84 depth=5)
[  2] 榛?b2b9 (2, 7)->(9, 7) 缈诲紑=鍗?鍚?r鍏?鐢ㄦ椂 1.54s (score=157 depth=4)
[  3] 绾?i0h0 (9, 8)->(9, 7) 缈诲紑=鍏?鍚?b鍗?鐢ㄦ椂 1.53s (score=90.0 depth=5)
[  4] 榛?a3a4 (3, 8)->(4, 8) 缈诲紑=鐐?鐢ㄦ椂 0.95s (score=78 depth=5)
[  5] 绾?h2h5 (7, 7)->(4, 7) 缈诲紑=浠?鐢ㄦ椂 1.35s (score=60 depth=5)
[  6] 榛?c3c4 (3, 6)->(4, 6) 缈诲紑=鍗?鐢ㄦ椂 0.81s (score=75 depth=5)
[  7] 绾?a3a4 (6, 0)->(5, 0) 缈诲紑=杌?鐢ㄦ椂 1.41s (score=84 depth=6)
[  8] 榛?h0g2 (0, 1)->(2, 2) 缈诲紑=棣?鐢ㄦ椂 0.96s (score=40 depth=5)
[  9] 绾?b2b6 (7, 1)->(3, 1) 缈诲紑=棣?鐢ㄦ椂 1.00s (score=60 depth=5)
[ 10] 榛?a4a1 (4, 8)->(1, 8)  鐢ㄦ椂 0.77s (score=1 depth=5)
[ 11] 绾?a4c4 (5, 0)->(5, 2)  鐢ㄦ椂 0.99s (score=4 depth=5)
[ 12] 榛?a1e1 (1, 8)->(1, 4)  鐢ㄦ椂 0.81s (score=9 depth=5)
[ 13] 绾?i3i4 (6, 8)->(5, 8) 缈诲紑=鐩?鐢ㄦ椂 1.40s (score=68 depth=6)
[ 14] 榛?i3i4 (3, 0)->(4, 0) 缈诲紑=杌?鐢ㄦ椂 0.95s (score=69 depth=5)
[ 15] 绾?a0a5 (9, 0)->(4, 0) 缈诲紑=鍏?鍚?b杌?鐢ㄦ椂 0.73s (score=307.3636363636364 depth=6)
[ 16] 榛?c0a2 (0, 6)->(2, 8) 缈诲紑=鐐?鐢ㄦ椂 0.97s (score=37 depth=5)
[ 17] 绾?c0e2 (9, 2)->(7, 4) 缈诲紑=浠?鐢ㄦ椂 1.54s (score=47 depth=6)
[ 18] 榛?e1e5 (1, 4)->(5, 4) 鍚?r鍏?鐢ㄦ椂 0.98s (score=54 depth=5)
[ 19] 绾?c4e4 (5, 2)->(5, 4) 鍚?b鐐?鐢ㄦ椂 1.52s (score=133 depth=6)
[ 20] 榛?g3g4 (3, 2)->(4, 2) 缈诲紑=杌?鐢ㄦ椂 1.43s (score=76 depth=6)
[ 21] 绾?e4c4 (5, 4)->(5, 2)  鐢ㄦ椂 1.53s (score=-3 depth=5)
[ 22] 榛?g4g5 (4, 2)->(5, 2) 鍚?r杌?鐢ㄦ椂 0.89s (score=301 depth=6)
[ 23] 绾?c3c4 (6, 2)->(5, 2) 缈诲紑=鐐?鍚?b杌?鐢ㄦ椂 1.27s (score=375 depth=7)
[ 24] 榛?g0e2 (0, 2)->(2, 4) 缈诲紑=棣?鐢ㄦ椂 1.37s (score=40 depth=6)
[ 25] 绾?b0c2 (9, 1)->(7, 2) 缈诲紑=鐩?鐢ㄦ椂 1.54s (score=45 depth=5)
[ 26] 榛?e3e4 (3, 4)->(4, 4) 缈诲紑=鍗?鐢ㄦ椂 0.73s (score=74 depth=5)
[ 27] 绾?e2f3 (7, 4)->(6, 5)  鐢ㄦ椂 0.90s (score=8 depth=5)
[ 28] 榛?e2d4 (2, 4)->(4, 5)  鐢ㄦ椂 1.40s (score=-3 depth=6)
[ 29] 绾?g0e2 (9, 6)->(7, 4) 缈诲紑=鍏?鐢ㄦ椂 0.85s (score=50 depth=5)
[ 30] 榛?d4c6 (4, 5)->(6, 6) 鍚?r杌?鐢ㄦ椂 1.26s (score=114 depth=6)
[ 31] 绾?a5b5 (4, 0)->(4, 1)  鐢ㄦ椂 0.86s (score=21 depth=5)
[ 32] 榛?a2e2 (2, 8)->(2, 4)  鐢ㄦ椂 1.51s (score=13 depth=5)
[ 33] 绾?b5c5 (4, 1)->(4, 2)  鐢ㄦ椂 0.87s (score=-18 depth=6)
[ 34] 榛?c6b4 (6, 6)->(4, 7) 鍚?r浠?鐢ㄦ椂 1.53s (score=78 depth=5)
[ 35] 绾?c4c7 (5, 2)->(2, 2) 鍚?b棣?鐢ㄦ椂 1.34s (score=111 depth=6)
[ 36] 榛?a0a5 (0, 8)->(5, 8) 缈诲紑=璞?鍚?r鐩?鐢ㄦ椂 1.12s (score=104.42857142857143 depth=6)
[ 37] 绾?f0e1 (9, 5)->(8, 4) 缈诲紑=鐐?鐢ㄦ椂 0.92s (score=46 depth=6)
[ 38] 榛?b0d1 (0, 7)->(1, 5) 缈诲紑=璞?鐢ㄦ椂 0.72s (score=40 depth=5)
[ 39] 绾?e1e5 (8, 4)->(4, 4) 鍚?b鍗?鐢ㄦ椂 0.86s (score=24 depth=6)
[ 40] 榛?d0e1 (0, 5)->(1, 4) 缈诲紑=澹?鐢ㄦ椂 1.37s (score=37 depth=8)
[ 41] 绾?d0e1 (9, 3)->(8, 4) 缈诲紑=棣?鐢ㄦ椂 1.43s (score=43 depth=6)
[ 42] 榛?e2e3 (2, 4)->(3, 4)  鐢ㄦ椂 1.54s (score=0 depth=5)
[ 43] 绾?e2e3 (7, 4)->(6, 4)  鐢ㄦ椂 0.83s (score=10 depth=5)
[ 44] 榛?b4c2 (4, 7)->(2, 6)  鐢ㄦ椂 0.82s (score=-4 depth=5)
[ 45] 绾?c7f7 (2, 2)->(2, 5)  鐢ㄦ椂 1.54s (score=-5 depth=5)
[ 46] 榛?d1f3 (1, 5)->(3, 3)  鐢ㄦ椂 0.85s (score=8 depth=5)
[ 47] 绾?b6d7 (3, 1)->(2, 3)  鐢ㄦ椂 1.55s (score=-3 depth=5)
[ 48] 榛?e0d0 (0, 4)->(0, 5)  鐢ㄦ椂 0.72s (score=-10 depth=7)
[ 49] 绾?f7b7 (2, 5)->(2, 1) 鍚?b澹?鐢ㄦ椂 1.28s (score=87 depth=6)
[ 50] 榛?e1f2 (1, 4)->(2, 3) 鍚?r棣?鐢ㄦ椂 0.90s (score=130 depth=6)
[ 51] 绾?b7g7 (2, 1)->(2, 6) 鍚?b棣?鐢ㄦ椂 0.75s (score=113 depth=6)
[ 52] 榛?f0e1 (0, 3)->(1, 4) 缈诲紑=鍗?鐢ㄦ椂 1.51s (score=35 depth=5)
[ 53] 绾?f3e4 (6, 5)->(5, 4)  鐢ㄦ椂 0.93s (score=6 depth=5)
[ 54] 榛?i0i7 (0, 0)->(7, 0) 缈诲紑=鍗?鐢ㄦ椂 0.84s (score=69.0 depth=5)
[ 55] 绾?c2a4 (7, 2)->(5, 0)  鐢ㄦ椂 1.45s (score=11 depth=6)
[ 56] 榛?c4c5 (4, 6)->(5, 6)  鐢ㄦ椂 1.51s (score=17 depth=5)
[ 57] 绾?e4f5 (5, 4)->(4, 5)  鐢ㄦ椂 0.89s (score=7 depth=6)
[ 58] 榛?e3e6 (3, 4)->(6, 4) 鍚?r鍏?鐢ㄦ椂 0.91s (score=5 depth=7)
[ 59] 绾?e1c2 (8, 4)->(7, 2)  鐢ㄦ椂 0.78s (score=15 depth=7)
[ 60] 榛?e6c6 (6, 4)->(6, 6)  鐢ㄦ椂 1.09s (score=-1 depth=6)
[ 61] 绾?g7g3 (2, 6)->(6, 6) 鍚?b鐐?鐢ㄦ椂 0.74s (score=129 depth=6)
[ 62] 榛?c5c6 (5, 6)->(6, 6) 鍚?r鐐?鐢ㄦ椂 0.80s (score=136 depth=7)
[ 63] 绾?c5c6 (4, 2)->(3, 2)  鐢ㄦ椂 0.83s (score=10 depth=6)
[ 64] 榛?i7h7 (7, 0)->(7, 1)  鐢ㄦ椂 0.74s (score=14 depth=7)
[ 65] 绾?c2d4 (7, 2)->(5, 3)  鐢ㄦ椂 1.52s (score=8 depth=6)
[ 66] 榛?f2g1 (2, 3)->(1, 2)  鐢ㄦ椂 1.27s (score=-5 depth=7)
[ 67] 绾?c6d6 (3, 2)->(3, 3) 鍚?b璞?鐢ㄦ椂 0.71s (score=37 depth=6)
[ 68] 榛?c6c7 (6, 6)->(7, 6)  鐢ㄦ椂 1.53s (score=27 depth=6)
[ 69] 绾?e5e3 (4, 4)->(6, 4)  鐢ㄦ椂 1.21s (score=10 depth=6)
[ 70] 榛?c7c8 (7, 6)->(8, 6)  鐢ㄦ椂 0.78s (score=15 depth=7)
[ 71] 绾?e3f3 (6, 4)->(6, 5)  鐢ㄦ椂 0.84s (score=-14 depth=6)
[ 72] 榛?d0e0 (0, 5)->(0, 4)  鐢ㄦ椂 1.45s (score=10 depth=8)
[ 73] 绾?f3h3 (6, 5)->(6, 7)  鐢ㄦ椂 1.12s (score=0 depth=6)
[ 74] 榛?e1e2 (1, 4)->(2, 4)  鐢ㄦ椂 1.07s (score=15 depth=7)
[ 75] 绾?d4e2 (5, 3)->(7, 4)  鐢ㄦ椂 1.30s (score=3 depth=6)
[ 76] 榛?c8d8 (8, 6)->(8, 5)  鐢ㄦ椂 0.73s (score=12 depth=7)
[ 77] 绾?h3e3 (6, 7)->(6, 4)  鐢ㄦ椂 1.18s (score=14 depth=6)
[ 78] 榛?e0d0 (0, 4)->(0, 5)  鐢ㄦ椂 0.80s (score=-10 depth=7)
[ 79] 绾?e3f3 (6, 4)->(6, 5)  鐢ㄦ椂 0.77s (score=-14 depth=6)
[ 80] 榛?d0e0 (0, 5)->(0, 4)  鐢ㄦ椂 1.19s (score=10 depth=8)
[ 81] 绾?d6d7 (3, 3)->(2, 3)  鐢ㄦ椂 0.87s (score=30 depth=-2)
[ 82] 榛?g1f2 (1, 2)->(2, 3) 鍚?r鍏?鐢ㄦ椂 1.45s (score=84 depth=8)
[ 83] 绾?e2g3 (7, 4)->(6, 6)  鐢ㄦ椂 0.93s (score=-7 depth=6)
[ 84] 榛?a5c7 (5, 8)->(7, 6)  鐢ㄦ椂 1.37s (score=10 depth=8)
[ 85] 绾?f3e3 (6, 5)->(6, 4)  鐢ㄦ椂 0.64s (score=14 depth=6)
[ 86] 榛?e0f0 (0, 4)->(0, 3)  鐢ㄦ椂 0.82s (score=-10 depth=7)
[ 87] 绾?e3e2 (6, 4)->(7, 4)  鐢ㄦ椂 0.70s (score=0 depth=6)
[ 88] 榛?h7h8 (7, 1)->(8, 1)  鐢ㄦ椂 1.53s (score=10 depth=7)
[ 89] 绾?g3h5 (6, 6)->(4, 7)  鐢ㄦ椂 0.67s (score=2 depth=6)
[ 90] 榛?d8c8 (8, 5)->(8, 6)  鐢ㄦ椂 1.17s (score=-12 depth=7)
[ 91] 绾?e0d0 (9, 4)->(9, 3)  鐢ㄦ椂 1.10s (score=-10 depth=8)
[ 92] 榛?h8h9 (8, 1)->(9, 1)  鐢ㄦ椂 1.55s (score=0 depth=7)
[ 93] 绾?h5f6 (4, 7)->(3, 5)  鐢ㄦ椂 0.85s (score=15 depth=7)
[ 94] 榛?e2e3 (2, 4)->(3, 4)  鐢ㄦ椂 1.23s (score=10 depth=8)
[ 95] 绾?f5e6 (4, 5)->(3, 4) 鍚?b鍗?鐢ㄦ椂 1.35s (score=21 depth=8)
[ 96] 榛?h9g9 (9, 1)->(9, 2)  鐢ㄦ椂 1.08s (score=1 depth=8)
[ 97] 绾?d0d1 (9, 3)->(8, 3)  鐢ㄦ椂 1.41s (score=-20 depth=8)
[ 98] 榛?c8d8 (8, 6)->(8, 5)  鐢ㄦ椂 1.53s (score=12 depth=7)
[ 99] 绾?e6d7 (3, 4)->(2, 3) 鍚?b澹?鐢ㄦ椂 1.30s (score=103 depth=7)
[100] 榛?c7a9 (7, 6)->(9, 8)  鐢ㄦ椂 0.76s (score=-5 depth=7)
[101] 绾?f6g8 (3, 5)->(1, 6)  鐢ㄦ椂 1.35s (score=30 depth=7)
[102] 榛?f0f1 (0, 3)->(1, 3)  鐢ㄦ椂 1.05s (score=-20 depth=8)
[103] 绾?h0h1 (9, 7)->(8, 7)  鐢ㄦ椂 0.70s (score=2 depth=6)
[104] 榛?d8c8 (8, 5)->(8, 6)  鐢ㄦ椂 0.83s (score=-12 depth=7)
[105] 绾?g8f6 (1, 6)->(3, 5)  鐢ㄦ椂 0.77s (score=-30 depth=6)
[106] 榛?f1f0 (1, 3)->(0, 3)  鐢ㄦ椂 1.36s (score=20 depth=8)
[107] 绾?e2d2 (7, 4)->(7, 3)  鐢ㄦ椂 1.02s (score=-11 depth=12)
[108] 榛?f0e0 (0, 3)->(0, 4)  鐢ㄦ椂 0.58s (score=10 depth=12)
[109] 绾?f6g8 (3, 5)->(1, 6)  鐢ㄦ椂 0.62s (score=30 depth=12)
[110] 榛?e0d0 (0, 4)->(0, 5)  鐢ㄦ椂 1.22s (score=-10 depth=12)
[111] 绾?d7e8 (2, 3)->(1, 4)  鐢ㄦ椂 1.54s (score=15 depth=10)
[112] 榛?d0d1 (0, 5)->(1, 5)  鐢ㄦ椂 0.85s (score=-20 depth=10)
[113] 绾?a4c6 (5, 0)->(3, 2)  鐢ㄦ椂 0.80s (score=10 depth=9)
[114] 榛?c8d8 (8, 6)->(8, 5)  鐢ㄦ椂 0.47s (score=12 depth=12)
[115] 绾?d2d8 (7, 3)->(1, 3)  鐢ㄦ椂 0.03s (score=-7 depth=12)
[116] 榛?d1e1 (1, 5)->(1, 4) 鍚?r浠?鐢ㄦ椂 0.01s (score=116 depth=12)
[117] 绾?c6e8 (3, 2)->(1, 4) 鍚?b灏?鐢ㄦ椂 0.01s (score=3696 depth=12)

========================================================
瀵瑰眬缁撴灉
========================================================
鑳滆€? pypy (绾㈡柟)
鍘熷洜: 绗?117 鐫€鍚冩帀 灏? 鑾疯儨
鎬绘鏁? 117 鐫€, 鍏ㄥ眬澧欓挓 124.4s

鍙屾柟鐢ㄦ椂:
  pypy  (绾㈡柟):  59 鐫€  鎬荤敤鏃?   62.2s  骞冲潎  1.05s  鏈€闀?  1.55s
  pypy57 (榛戞柟):  58 鐫€  鎬荤敤鏃?   62.0s  骞冲潎  1.07s  鏈€闀?  1.55s

[*] 妫嬭氨宸蹭繚瀛? C:\Users\yimingwang218185\Desktop\jieqi_ai\tools\games\game_20260820_192148.json / .txt

缁堝眬妫嬬洏 (绾㈡柟鍦ㄤ笅):
    0 1 2 3 4 5 6 7 8
 0 | 路 路 路 路 路 路 路 路 路
 1 | 路 路 路 r鐐?r鐩?路 r棣?路 路
 2 | 路 路 路 路 路 路 路 路 路
 3 | 路 路 路 路 路 路 路 路 路
 4 | 路 路 路 路 路 路 路 路 路
 5 | 路 路 路 路 路 路 路 路 路
 6 | 路 路 路 路 路 路 路 路 路
 7 | 路 路 路 路 路 路 路 路 路
 8 | 路 路 路 r甯?路 b鍗?路 r鍏?路
 9 | 路 路 b鍗?路 路 路 路 路 b璞?
