[*] 瑁佸垽鍚姩: pypy 鎵х孩鍏堣(姣忕潃 1.5s) vs pypy57 鎵ч粦(姣忕潃 1.5s), 闅忔満绉嶅瓙 20260935
[engine_server] 灏辩华 (PyPy 3.11.13, engine=jieqi_engine)
[engine_server] 棰勭儹瀹屾垚
[engine_server] 灏辩华 (PyPy 3.11.13, engine=jieqi_engine_v57)
[engine_server] 棰勭儹瀹屾垚
[+] 寮曟搸瀛愯繘绋嬪氨缁?(PyPy: pypy3.EXE)
[+] 寮曟搸瀛愯繘绋嬪氨缁?(PyPy: pypy3.EXE)
[*] 绾㈡柟寮曟搸: pypy (miaosiSari 鍘熺増, alpha-beta)
[*] 榛戞柟寮曟搸: pypy57 (v5.7 鍩虹嚎, 鏃犻噸澶嶆劅鐭?
[  1] 绾?e3e4 (6, 4)->(5, 4) 缈诲紑=棣?鐢ㄦ椂 1.30s (score=84 depth=5)
[  2] 榛?e3e4 (3, 4)->(4, 4) 缈诲紑=杌?鐢ㄦ椂 0.78s (score=84 depth=4)
[  3] 绾?h2h9 (7, 7)->(0, 7) 缈诲紑=鐐?鍚?b鐐?鐢ㄦ椂 1.00s (score=146 depth=5)
[  4] 榛?h2h9 (2, 1)->(9, 1) 缈诲紑=鍗?鍚?r杌?鐢ㄦ椂 1.04s (score=146 depth=5)
[  5] 绾?a0b0 (9, 0)->(9, 1) 缈诲紑=鍏?鍚?b鍗?鐢ㄦ椂 0.94s (score=73.15384615384615 depth=5)
[  6] 榛?a0b0 (0, 8)->(0, 7) 缈诲紑=鍗?鍚?r鐐?鐢ㄦ椂 1.51s (score=195.5 depth=5)
[  7] 绾?b2e2 (7, 1)->(7, 4) 缈诲紑=棣?鐢ㄦ椂 0.82s (score=43 depth=5)
[  8] 榛?i3i4 (3, 0)->(4, 0) 缈诲紑=杌?鐢ㄦ椂 1.54s (score=76 depth=5)
[  9] 绾?e4d2 (5, 4)->(7, 3)  鐢ㄦ椂 1.11s (score=-7 depth=6)
[ 10] 榛?e4b4 (4, 4)->(4, 7)  鐢ㄦ椂 0.98s (score=-13 depth=5)
[ 11] 绾?h0g2 (9, 7)->(7, 6) 缈诲紑=鍏?鐢ㄦ椂 1.46s (score=36 depth=6)
[ 12] 榛?g3g4 (3, 2)->(4, 2) 缈诲紑=鍗?鐢ㄦ椂 1.51s (score=66 depth=5)
[ 13] 绾?i3i4 (6, 8)->(5, 8) 缈诲紑=浠?鐢ㄦ椂 0.84s (score=83 depth=6)
[ 14] 榛?b4f4 (4, 7)->(4, 3)  鐢ㄦ椂 1.52s (score=15 depth=5)
[ 15] 绾?d2b1 (7, 3)->(8, 1)  鐢ㄦ椂 1.24s (score=-10 depth=6)
[ 16] 榛?c3c4 (3, 6)->(4, 6) 缈诲紑=璞?鐢ㄦ椂 1.28s (score=68 depth=6)
[ 17] 绾?g0i2 (9, 6)->(7, 8) 缈诲紑=鍏?鐢ㄦ椂 0.94s (score=42 depth=5)
[ 18] 榛?b2b8 (2, 7)->(8, 7) 缈诲紑=澹?鐢ㄦ椂 0.91s (score=66 depth=5)
[ 19] 绾?i0i1 (9, 8)->(8, 8) 缈诲紑=浠?鐢ㄦ椂 1.52s (score=-39.0 depth=7)
[ 20] 榛?a3a4 (3, 8)->(4, 8) 缈诲紑=璞?鐢ㄦ椂 1.57s (score=61 depth=5)
[ 21] 绾?g3g4 (6, 6)->(5, 6) 缈诲紑=杌?鐢ㄦ椂 0.79s (score=75 depth=5)
[ 22] 榛?c0e2 (0, 6)->(2, 4) 缈诲紑=鐐?鐢ㄦ椂 0.93s (score=38 depth=4)
[ 23] 绾?d0e1 (9, 3)->(8, 4) 缈诲紑=鐐?鐢ㄦ椂 1.56s (score=35 depth=4)
[ 24] 榛?h0i2 (0, 1)->(2, 0) 缈诲紑=棣?鐢ㄦ椂 1.52s (score=28 depth=4)
[ 25] 绾?g4f4 (5, 6)->(5, 5)  鐢ㄦ椂 0.65s (score=35 depth=4)
[ 26] 榛?i2h4 (2, 0)->(4, 1)  鐢ㄦ椂 0.87s (score=5 depth=4)
[ 27] 绾?e1e7 (8, 4)->(2, 4) 鍚?b鐐?鐢ㄦ椂 1.18s (score=127 depth=5)
[ 28] 榛?g0e2 (0, 2)->(2, 4) 缈诲紑=鍗?鍚?r鐐?鐢ㄦ椂 0.73s (score=156 depth=4)
[ 29] 绾?f0e1 (9, 5)->(8, 4) 缈诲紑=鍏?鐢ㄦ椂 1.56s (score=35 depth=4)
[ 30] 榛?d0e1 (0, 5)->(1, 4) 缈诲紑=澹?鐢ㄦ椂 0.90s (score=36 depth=4)
[ 31] 绾?f4h4 (5, 5)->(5, 7)  鐢ㄦ椂 1.07s (score=-15 depth=5)
[ 32] 榛?b8c7 (8, 7)->(7, 6) 鍚?r鍏?鐢ㄦ椂 0.80s (score=6 depth=5)
[ 33] 绾?e2f4 (7, 4)->(5, 5)  鐢ㄦ椂 1.37s (score=-3 depth=5)
[ 34] 榛?c7d8 (7, 6)->(8, 5)  鐢ㄦ椂 0.78s (score=21 depth=5)
[ 35] 绾?e0f0 (9, 4)->(9, 5)  鐢ㄦ椂 0.83s (score=-10 depth=5)
[ 36] 榛?f4f8 (4, 3)->(8, 3)  鐢ㄦ椂 0.86s (score=2 depth=4)
[ 37] 绾?i1h0 (8, 8)->(9, 7)  鐢ㄦ椂 0.89s (score=27 depth=4)
[ 38] 榛?h4i6 (4, 1)->(6, 0) 鍚?r鐩?鐢ㄦ椂 1.07s (score=74 depth=4)
[ 39] 绾?f0f1 (9, 5)->(8, 5) 鍚?b澹?鐢ㄦ椂 1.54s (score=89 depth=5)
[engine_server] 灏辩华 (PyPy 3.11.13, engine=jieqi_engine_v57)
[engine_server] 棰勭儹瀹屾垚
[!] 寮曟搸鍝嶅簲瓒呮椂/瀛愯繘绋嬪紓甯? 閲嶅惎...
[+] 寮曟搸瀛愯繘绋嬪氨缁?(PyPy: pypy3.EXE)
    [!] 寮曟搸绗?1 娆℃棤鍝嶅簲 (鑰楁椂 3461.3s)
[ 40] 榛?i6h8 (6, 0)->(8, 1) 鍚?r棣?鐢ㄦ椂 1.63s (score=118 depth=2)
[ 41] 绾?b0b1 (9, 1)->(8, 1) 鍚?b棣?鐢ㄦ椂 1.54s (score=128 depth=5)
[ 42] 榛?b0b1 (0, 7)->(1, 7)  鐢ㄦ椂 1.16s (score=2 depth=5)
[ 43] 绾?h4h8 (5, 7)->(1, 7) 鍚?b鍗?鐢ㄦ椂 1.56s (score=14 depth=5)
[ 44] 榛?i4i9 (4, 0)->(9, 0)  鐢ㄦ椂 0.84s (score=8 depth=4)
[ 45] 绾?h8h9 (1, 7)->(0, 7)  鐢ㄦ椂 0.79s (score=-4 depth=6)
[ 46] 榛?e1d0 (1, 4)->(0, 5)  鐢ㄦ椂 1.53s (score=-1 depth=6)
[ 47] 绾?f4h3 (5, 5)->(6, 7)  鐢ㄦ椂 1.44s (score=-8 depth=6)
[ 48] 榛?i9g9 (9, 0)->(9, 2) 鍚?r鐩?鐢ㄦ椂 1.67s (score=72 depth=5)
[ 49] 绾?h3i5 (6, 7)->(4, 8) 鍚?b璞?鐢ㄦ椂 1.13s (score=56 depth=6)
[ 50] 榛?e0e1 (0, 4)->(1, 4)  鐢ㄦ椂 1.08s (score=-20 depth=6)
[ 51] 绾?h9h8 (0, 7)->(1, 7)  鐢ㄦ椂 0.79s (score=4 depth=6)
[ 52] 榛?e1e0 (1, 4)->(0, 4)  鐢ㄦ椂 1.54s (score=20 depth=7)
[ 53] 绾?h8h9 (1, 7)->(0, 7)  鐢ㄦ椂 0.94s (score=-4 depth=6)
[ 54] 榛?e0e1 (0, 4)->(1, 4)  鐢ㄦ椂 0.96s (score=-20 depth=6)
[ 55] 绾?h9h8 (0, 7)->(1, 7)  鐢ㄦ椂 0.88s (score=4 depth=6)
[ 56] 榛?e1e0 (1, 4)->(0, 4)  鐢ㄦ椂 1.51s (score=20 depth=7)
[ 57] 绾?h8h9 (1, 7)->(0, 7)  鐢ㄦ椂 0.90s (score=-4 depth=6)

========================================================
瀵瑰眬缁撴灉
========================================================
鍜屾
鍘熷洜: 绗?57 鐫€鍚庡眬闈㈢ 3 娆″嚭鐜? 鍚屼竴灞€闈㈢涓夋鍑虹幇, 鍒ゅ拰
鎬绘鏁? 57 鐫€, 鍏ㄥ眬澧欓挓 3527.2s

鍙屾柟鐢ㄦ椂:
  pypy  (绾㈡柟):  29 鐫€  鎬荤敤鏃?   32.6s  骞冲潎  1.12s  鏈€闀?  1.56s
  pypy57 (榛戞柟):  28 鐫€  鎬荤敤鏃?   33.1s  骞冲潎  1.18s  鏈€闀?  1.67s

[*] 妫嬭氨宸蹭繚瀛? C:\Users\yimingwang218185\Desktop\jieqi_ai\tools\games\game_20260820_191102.json / .txt

缁堝眬妫嬬洏 (绾㈡柟鍦ㄤ笅):
    0 1 2 3 4 5 6 7 8
 0 | b? 路 路 b? b灏?b澹?路 r杌?路
 1 | 路 路 路 路 路 路 路 路 路
 2 | 路 路 路 路 b鍗?路 路 路 路
 3 | 路 路 路 路 路 路 路 路 路
 4 | 路 路 b鍗?路 路 路 b璞?路 r棣?
 5 | 路 路 路 路 路 路 路 路 r浠?
 6 | 路 路 r? 路 路 路 路 路 路
 7 | 路 路 路 路 路 路 路 路 r鍏?
 8 | 路 r鍏?路 b杌?r鍏?r甯?路 路 路
 9 | 路 路 b杌?路 路 路 路 r浠?路
