[*] 瑁佸垽鍚姩: pypy 鎵х孩鍏堣(姣忕潃 1.5s) vs pypy57 鎵ч粦(姣忕潃 1.5s), 闅忔満绉嶅瓙 20260937
[engine_server] 灏辩华 (PyPy 3.11.13, engine=jieqi_engine)
[engine_server] 棰勭儹瀹屾垚
[engine_server] 灏辩华 (PyPy 3.11.13, engine=jieqi_engine_v57)
[engine_server] 棰勭儹瀹屾垚
[+] 寮曟搸瀛愯繘绋嬪氨缁?(PyPy: pypy3.EXE)
[+] 寮曟搸瀛愯繘绋嬪氨缁?(PyPy: pypy3.EXE)
[*] 绾㈡柟寮曟搸: pypy (miaosiSari 鍘熺増, alpha-beta)
[*] 榛戞柟寮曟搸: pypy57 (v5.7 鍩虹嚎, 鏃犻噸澶嶆劅鐭?
[  1] 绾?e3e4 (6, 4)->(5, 4) 缈诲紑=鐐?鐢ㄦ椂 1.54s (score=84 depth=4)
[  2] 榛?b2e2 (2, 7)->(2, 4) 缈诲紑=棣?鐢ㄦ椂 1.22s (score=41 depth=5)
[  3] 绾?e4e1 (5, 4)->(8, 4)  鐢ㄦ椂 0.65s (score=5 depth=4)
[  4] 榛?a3a4 (3, 8)->(4, 8) 缈诲紑=鐐?鐢ㄦ椂 1.51s (score=78 depth=4)
[  5] 绾?b2b9 (7, 1)->(0, 1) 缈诲紑=棣?鍚?b鍗?鐢ㄦ椂 1.52s (score=149 depth=4)
[  6] 榛?a4a9 (4, 8)->(9, 8) 鍚?r鐐?鐢ㄦ椂 1.53s (score=163.69230769230768 depth=5)
[  7] 绾?g0e2 (9, 6)->(7, 4) 缈诲紑=鍏?鐢ㄦ椂 0.89s (score=37 depth=5)
[  8] 榛?i3i4 (3, 0)->(4, 0) 缈诲紑=璞?鐢ㄦ椂 0.57s (score=78 depth=4)
[  9] 绾?e1e6 (8, 4)->(3, 4) 鍚?b澹?鐢ㄦ椂 0.77s (score=75 depth=5)
[ 10] 榛?d0e1 (0, 5)->(1, 4) 缈诲紑=鍗?鐢ㄦ椂 1.37s (score=32 depth=6)
[ 11] 绾?c3c4 (6, 2)->(5, 2) 缈诲紑=杌?鐢ㄦ椂 1.05s (score=76 depth=5)
[ 12] 榛?c3c4 (3, 6)->(4, 6) 缈诲紑=鍗?鐢ㄦ椂 0.84s (score=77 depth=5)
[ 13] 绾?c4c6 (5, 2)->(3, 2) 鍚?b棣?鐢ㄦ椂 1.27s (score=89 depth=5)
[ 14] 榛?g0i2 (0, 2)->(2, 0) 缈诲紑=鍗?鐢ㄦ椂 0.67s (score=41 depth=4)
[ 15] 绾?e6e3 (3, 4)->(6, 4)  鐢ㄦ椂 1.08s (score=10 depth=5)
[ 16] 榛?b0c2 (0, 7)->(2, 6) 缈诲紑=澹?鐢ㄦ椂 1.49s (score=46 depth=5)
[ 17] 绾?a3a4 (6, 0)->(5, 0) 缈诲紑=鍏?鐢ㄦ椂 0.97s (score=63 depth=4)
[ 18] 榛?a0a6 (0, 8)->(6, 8) 缈诲紑=鍗?鍚?r鍏?鐢ㄦ椂 0.84s (score=89.5 depth=5)
[ 19] 绾?c6c9 (3, 2)->(0, 2)  鐢ㄦ椂 0.67s (score=36 depth=4)
[ 20] 榛?a6b6 (6, 8)->(6, 7)  鐢ㄦ椂 1.53s (score=10 depth=4)
[ 21] 绾?h2f2 (7, 7)->(7, 5) 缈诲紑=杌?鐢ㄦ椂 1.52s (score=41 depth=4)
[ 22] 榛?b6c6 (6, 7)->(6, 6) 鍚?r鐩?鐢ㄦ椂 0.90s (score=45 depth=4)
[ 23] 绾?c9d9 (0, 2)->(0, 3) 鍚?b璞?鐢ㄦ椂 0.72s (score=105 depth=12)
[ 24] 榛?e0f0 (0, 4)->(0, 3) 鍚?r杌?鐢ㄦ椂 0.52s (score=336 depth=12)
[ 25] 绾?f2f9 (7, 5)->(0, 5)  鐢ㄦ椂 0.05s (score=37 depth=12)
[ 26] 榛?a9d9 (9, 8)->(9, 5) 鍚?r鐩?鐢ㄦ椂 0.02s (score=48 depth=12)
[ 27] 绾?f9d9 (0, 5)->(0, 3) 鍚?b灏?鐢ㄦ椂 0.03s (score=3696 depth=12)

========================================================
瀵瑰眬缁撴灉
========================================================
鑳滆€? pypy (绾㈡柟)
鍘熷洜: 绗?27 鐫€鍚冩帀 灏? 鑾疯儨
鎬绘鏁? 27 鐫€, 鍏ㄥ眬澧欓挓 25.8s

鍙屾柟鐢ㄦ椂:
  pypy  (绾㈡柟):  14 鐫€  鎬荤敤鏃?   12.7s  骞冲潎  0.91s  鏈€闀?  1.54s
  pypy57 (榛戞柟):  13 鐫€  鎬荤敤鏃?   13.0s  骞冲潎  1.00s  鏈€闀?  1.53s

[*] 妫嬭氨宸蹭繚瀛? C:\Users\yimingwang218185\Desktop\jieqi_ai\tools\games\game_20260820_191249.json / .txt

缁堝眬妫嬬洏 (绾㈡柟鍦ㄤ笅):
    0 1 2 3 4 5 6 7 8
 0 | b? r棣?路 r杌?路 路 b? 路 路
 1 | 路 路 路 路 b鍗?路 路 路 路
 2 | b鍗?b? 路 路 b棣?路 b澹?路 路
 3 | 路 路 路 路 路 路 路 路 路
 4 | b璞?路 路 路 路 路 b鍗?路 路
 5 | r鍏?路 路 路 路 路 路 路 路
 6 | 路 路 路 路 r鐐?路 b鍗?路 路
 7 | 路 路 路 路 r鍏?路 路 路 路
 8 | 路 路 路 路 路 路 路 路 路
 9 | r? r? r? r? r甯?b鐐?路 r? 路
