[*] 瑁佸垽鍚姩: pypy57 鎵х孩鍏堣(姣忕潃 1.5s) vs pypy 鎵ч粦(姣忕潃 1.5s), 闅忔満绉嶅瓙 20260942
[engine_server] 灏辩华 (PyPy 3.11.13, engine=jieqi_engine_v57)
[engine_server] 棰勭儹瀹屾垚
[engine_server] 灏辩华 (PyPy 3.11.13, engine=jieqi_engine)
[engine_server] 棰勭儹瀹屾垚
[+] 寮曟搸瀛愯繘绋嬪氨缁?(PyPy: pypy3.EXE)
[+] 寮曟搸瀛愯繘绋嬪氨缁?(PyPy: pypy3.EXE)
[*] 绾㈡柟寮曟搸: pypy57 (v5.7 鍩虹嚎, 鏃犻噸澶嶆劅鐭?
[*] 榛戞柟寮曟搸: pypy (miaosiSari 鍘熺増, alpha-beta)
[  1] 绾?e3e4 (6, 4)->(5, 4) 缈诲紑=鍏?鐢ㄦ椂 1.54s (score=84 depth=4)
[  2] 榛?b2b9 (2, 7)->(9, 7) 缈诲紑=璞?鍚?r鐩?鐢ㄦ椂 1.53s (score=157 depth=4)
[  3] 绾?a3a4 (6, 0)->(5, 0) 缈诲紑=鍏?鐢ㄦ椂 0.97s (score=80 depth=5)
[  4] 榛?a3a4 (3, 8)->(4, 8) 缈诲紑=杌?鐢ㄦ椂 0.72s (score=77 depth=5)
[  5] 绾?b2b9 (7, 1)->(0, 1) 缈诲紑=鍏?鍚?b澹?鐢ㄦ椂 1.13s (score=149 depth=5)
[  6] 榛?i0h0 (0, 0)->(0, 1) 缈诲紑=棣?鍚?r鍏?鐢ㄦ椂 0.95s (score=85.5 depth=5)
[  7] 绾?c3c4 (6, 2)->(5, 2) 缈诲紑=棣?鐢ㄦ椂 1.02s (score=81 depth=5)
[  8] 榛?a4g4 (4, 8)->(4, 2)  鐢ㄦ椂 0.75s (score=4 depth=4)
[  9] 绾?c4d2 (5, 2)->(7, 3)  鐢ㄦ椂 1.52s (score=-6 depth=5)
[ 10] 榛?g4c4 (4, 2)->(4, 6)  鐢ㄦ椂 1.03s (score=0 depth=5)
[ 11] 绾?g0e2 (9, 6)->(7, 4) 缈诲紑=杌?鐢ㄦ椂 1.10s (score=46 depth=5)
[ 12] 榛?h2h5 (2, 1)->(5, 1) 缈诲紑=鍗?鐢ㄦ椂 0.89s (score=56 depth=5)
[ 13] 绾?h2h8 (7, 7)->(1, 7) 缈诲紑=浠?鐢ㄦ椂 0.90s (score=70 depth=5)
[ 14] 榛?a0a6 (0, 8)->(6, 8) 缈诲紑=鍗?鍚?r鐐?鐢ㄦ椂 0.89s (score=84.0 depth=6)
[ 15] 绾?h8g9 (1, 7)->(0, 6) 鍚?b棣?鐢ㄦ椂 1.42s (score=71 depth=6)
[ 16] 榛?g3g4 (3, 2)->(4, 2) 缈诲紑=杌?鐢ㄦ椂 1.28s (score=65 depth=6)
[ 17] 绾?e4e5 (5, 4)->(4, 4)  鐢ㄦ椂 1.51s (score=10 depth=5)
[ 18] 榛?g4e4 (4, 2)->(4, 4) 鍚?r鍏?鐢ㄦ椂 0.86s (score=42 depth=5)
[ 19] 绾?d2e4 (7, 3)->(5, 4)  鐢ㄦ椂 0.70s (score=7 depth=6)
[ 20] 榛?c4d4 (4, 6)->(4, 5)  鐢ㄦ椂 1.10s (score=5 depth=6)
[ 21] 绾?g3g4 (6, 6)->(5, 6) 缈诲紑=杌?鐢ㄦ椂 1.52s (score=72 depth=5)
[ 22] 榛?h5i5 (5, 1)->(5, 0) 鍚?r鍏?鐢ㄦ椂 1.53s (score=33 depth=4)
[ 23] 绾?g4g6 (5, 6)->(3, 6) 鍚?b鍗?鐢ㄦ椂 1.25s (score=62 depth=5)
[ 24] 榛?i3i4 (3, 0)->(4, 0) 缈诲紑=鐐?鐢ㄦ椂 1.54s (score=59 depth=4)
[ 25] 绾?a0a4 (9, 0)->(5, 0) 缈诲紑=鍏?鍚?b鍗?鐢ㄦ椂 1.05s (score=11.0 depth=5)
[ 26] 榛?i4i3 (4, 0)->(3, 0)  鐢ㄦ椂 1.54s (score=1 depth=5)
[ 27] 绾?g6g4 (3, 6)->(5, 6)  鐢ㄦ椂 1.53s (score=0 depth=4)
[ 28] 榛?i3i1 (3, 0)->(1, 0)  鐢ㄦ椂 1.49s (score=0 depth=6)
[ 29] 绾?e2b2 (7, 4)->(7, 1)  鐢ㄦ椂 0.93s (score=2 depth=5)
[ 30] 榛?h0i2 (0, 1)->(2, 0)  鐢ㄦ椂 0.86s (score=28 depth=5)
[ 31] 绾?b2b8 (7, 1)->(1, 1)  鐢ㄦ椂 1.10s (score=8 depth=5)
[ 32] 榛?i1i5 (1, 0)->(5, 0) 鍚?r鍏?鐢ㄦ椂 1.07s (score=24 depth=6)
[ 33] 绾?b8b4 (1, 1)->(5, 1)  鐢ㄦ椂 1.36s (score=-10 depth=6)
[ 34] 榛?i5i9 (5, 0)->(9, 0)  鐢ㄦ椂 0.80s (score=69 depth=5)
[ 35] 绾?b0a2 (9, 1)->(7, 0) 缈诲紑=鍏?鐢ㄦ椂 1.36s (score=24 depth=6)
[ 36] 榛?i9f9 (9, 0)->(9, 3) 鍚?r棣?鐢ㄦ椂 1.54s (score=33 depth=5)
[ 37] 绾?e0d0 (9, 4)->(9, 3) 鍚?b鐐?鐢ㄦ椂 1.52s (score=172 depth=5)
[ 38] 榛?d4d9 (4, 5)->(9, 5) 鍚?r浠?鐢ㄦ椂 1.28s (score=85 depth=7)
[ 39] 绾?d0d1 (9, 3)->(8, 3)  鐢ㄦ椂 1.50s (score=-20 depth=8)
[ 40] 榛?e4f4 (4, 4)->(4, 3)  鐢ㄦ椂 0.74s (score=32 depth=6)
[ 41] 绾?d1e1 (8, 3)->(8, 4)  鐢ㄦ椂 0.65s (score=10 depth=6)
[ 42] 榛?e3e4 (3, 4)->(4, 4) 缈诲紑=澹?鐢ㄦ椂 0.86s (score=72 depth=5)
[ 43] 绾?b4c4 (5, 1)->(5, 2)  鐢ㄦ椂 1.17s (score=10 depth=5)
[ 44] 榛?f4f9 (4, 3)->(9, 3)  鐢ㄦ椂 1.41s (score=39 depth=6)
[ 45] 绾?e4c3 (5, 4)->(6, 2)  鐢ㄦ椂 0.87s (score=-4 depth=5)
[ 46] 榛?f9g9 (9, 3)->(9, 2) 鍚?r鐩?鐢ㄦ椂 1.50s (score=8 depth=6)
[ 47] 绾?c3a4 (6, 2)->(5, 0)  鐢ㄦ椂 1.01s (score=-8 depth=5)
[ 48] 榛?g9e9 (9, 2)->(9, 4)  鐢ㄦ椂 1.18s (score=6 depth=7)
[ 49] 绾?e1d1 (8, 4)->(8, 3)  鐢ㄦ椂 1.22s (score=-10 depth=12)
[ 50] 榛?e9f9 (9, 4)->(9, 3)  鐢ㄦ椂 0.83s (score=32 depth=12)
[ 51] 绾?d1e1 (8, 3)->(8, 4)  鐢ㄦ椂 0.96s (score=10 depth=12)
[ 52] 榛?d9e9 (9, 5)->(9, 4)  鐢ㄦ椂 0.35s (score=-2 depth=12)
[ 53] 绾?e1f1 (8, 4)->(8, 5)  鐢ㄦ椂 0.74s (score=-10 depth=12)
[ 54] 榛?f9f8 (9, 3)->(8, 3)  鐢ㄦ椂 0.04s (score=-7 depth=12)
[ 55] 绾?c4c9 (5, 2)->(0, 2) 鍚?b鍗?鐢ㄦ椂 0.03s (score=85 depth=12)
[ 56] 榛?f8d8 (8, 3)->(8, 5) 鍚?r甯?鐢ㄦ椂 0.03s (score=3696 depth=12)

========================================================
瀵瑰眬缁撴灉
========================================================
鑳滆€? pypy (榛戞柟)
鍘熷洜: 绗?56 鐫€鍚冩帀 甯? 鑾疯儨
鎬绘鏁? 56 鐫€, 鍏ㄥ眬澧欓挓 60.3s

鍙屾柟鐢ㄦ椂:
  pypy57 (绾㈡柟):  28 鐫€  鎬荤敤鏃?   31.6s  骞冲潎  1.13s  鏈€闀?  1.54s
  pypy  (榛戞柟):  28 鐫€  鎬荤敤鏃?   28.6s  骞冲潎  1.02s  鏈€闀?  1.54s

[*] 妫嬭氨宸蹭繚瀛? C:\Users\yimingwang218185\Desktop\jieqi_ai\tools\games\game_20260820_191943.json / .txt

缁堝眬妫嬬洏 (绾㈡柟鍦ㄤ笅):
    0 1 2 3 4 5 6 7 8
 0 | 路 路 r杌?b? b灏?b? r浠?b? 路
 1 | 路 路 路 路 路 路 路 路 路
 2 | b棣?路 路 路 路 路 路 路 路
 3 | 路 路 路 路 路 路 路 路 路
 4 | 路 路 路 路 b澹?路 路 路 路
 5 | r棣?路 路 路 路 路 r杌?路 路
 6 | 路 路 路 路 路 路 路 路 b鍗?
 7 | r鍏?路 路 路 路 路 路 路 路
 8 | 路 路 路 路 路 b杌?路 路 路
 9 | 路 路 路 路 b杌?路 路 b璞?r?
