[*] 瑁佸垽鍚姩: pypy57 鎵х孩鍏堣(姣忕潃 1.5s) vs pypy 鎵ч粦(姣忕潃 1.5s), 闅忔満绉嶅瓙 20260940
[engine_server] 灏辩华 (PyPy 3.11.13, engine=jieqi_engine_v57)
[engine_server] 棰勭儹瀹屾垚
[engine_server] 灏辩华 (PyPy 3.11.13, engine=jieqi_engine)
[engine_server] 棰勭儹瀹屾垚
[+] 寮曟搸瀛愯繘绋嬪氨缁?(PyPy: pypy3.EXE)
[+] 寮曟搸瀛愯繘绋嬪氨缁?(PyPy: pypy3.EXE)
[*] 绾㈡柟寮曟搸: pypy57 (v5.7 鍩虹嚎, 鏃犻噸澶嶆劅鐭?
[*] 榛戞柟寮曟搸: pypy (miaosiSari 鍘熺増, alpha-beta)
[  1] 绾?e3e4 (6, 4)->(5, 4) 缈诲紑=鍏?鐢ㄦ椂 1.49s (score=84 depth=5)
[  2] 榛?b2b9 (2, 7)->(9, 7) 缈诲紑=鍗?鍚?r鐩?鐢ㄦ椂 0.85s (score=157 depth=4)
[  3] 绾?i0h0 (9, 8)->(9, 7) 缈诲紑=鐩?鍚?b鍗?鐢ㄦ椂 0.68s (score=90.0 depth=5)
[  4] 榛?a3a4 (3, 8)->(4, 8) 缈诲紑=鍗?鐢ㄦ椂 0.97s (score=78 depth=5)
[  5] 绾?a3a4 (6, 0)->(5, 0) 缈诲紑=鍏?鐢ㄦ椂 0.73s (score=80 depth=5)
[  6] 榛?h2h6 (2, 1)->(6, 1) 缈诲紑=鍗?鐢ㄦ椂 0.92s (score=62 depth=5)
[  7] 绾?c3c4 (6, 2)->(5, 2) 缈诲紑=浠?鐢ㄦ椂 1.52s (score=83 depth=5)
[  8] 榛?h6h7 (6, 1)->(7, 1) 鍚?r浠?鐢ㄦ椂 1.02s (score=98 depth=6)
[  9] 绾?g3g4 (6, 6)->(5, 6) 缈诲紑=鍏?鐢ㄦ椂 1.20s (score=84 depth=6)
[ 10] 榛?a4a5 (4, 8)->(5, 8)  鐢ㄦ椂 1.51s (score=10 depth=5)
[ 11] 绾?g0e2 (9, 6)->(7, 4) 缈诲紑=杌?鐢ㄦ椂 1.54s (score=56 depth=5)
[ 12] 榛?a5a6 (5, 8)->(6, 8) 鍚?r鐐?鐢ㄦ椂 1.47s (score=97 depth=6)
[ 13] 绾?h2b2 (7, 7)->(7, 1) 缈诲紑=棣?鍚?b鍗?鐢ㄦ椂 1.10s (score=120 depth=6)
[ 14] 榛?c0e2 (0, 6)->(2, 4) 缈诲紑=鍗?鐢ㄦ椂 1.26s (score=44 depth=6)
[ 15] 绾?c4b5 (5, 2)->(4, 1)  鐢ㄦ椂 1.15s (score=7 depth=6)
[ 16] 榛?d0e1 (0, 5)->(1, 4) 缈诲紑=鐐?鐢ㄦ椂 1.14s (score=43 depth=6)
[ 17] 绾?e2c2 (7, 4)->(7, 2)  鐢ㄦ椂 1.13s (score=2 depth=6)
[ 18] 榛?g3g4 (3, 2)->(4, 2) 缈诲紑=棣?鐢ㄦ椂 1.53s (score=70 depth=5)
[ 19] 绾?c2c5 (7, 2)->(4, 2) 鍚?b棣?鐢ㄦ椂 0.94s (score=128 depth=6)
[ 20] 榛?g0i2 (0, 2)->(2, 0) 缈诲紑=棣?鐢ㄦ椂 1.54s (score=42 depth=5)
[ 21] 绾?b0a2 (9, 1)->(7, 0) 缈诲紑=棣?鐢ㄦ椂 0.90s (score=42 depth=5)
[ 22] 榛?b0c2 (0, 7)->(2, 6) 缈诲紑=璞?鐢ㄦ椂 1.53s (score=41 depth=5)
[ 23] 绾?c0e2 (9, 2)->(7, 4) 缈诲紑=鍏?鐢ㄦ椂 1.14s (score=45 depth=5)
[ 24] 榛?a6b6 (6, 8)->(6, 7)  鐢ㄦ椂 0.92s (score=10 depth=5)
[ 25] 绾?b5a6 (4, 1)->(3, 0) 鍚?b鍗?鐢ㄦ椂 0.88s (score=90 depth=5)
[ 26] 榛?h0f1 (0, 1)->(1, 3) 缈诲紑=澹?鐢ㄦ椂 1.51s (score=40 depth=5)
[ 27] 绾?d0e1 (9, 3)->(8, 4) 缈诲紑=鐐?鐢ㄦ椂 1.51s (score=51 depth=5)
[ 28] 榛?e3e4 (3, 4)->(4, 4) 缈诲紑=杌?鐢ㄦ椂 0.85s (score=20 depth=5)
[ 29] 绾?e4e5 (5, 4)->(4, 4) 鍚?b杌?鐢ㄦ椂 0.89s (score=315 depth=6)
[ 30] 榛?c2e4 (2, 6)->(4, 4) 鍚?r鍏?鐢ㄦ椂 1.55s (score=55 depth=5)
[ 31] 绾?e1e5 (8, 4)->(4, 4) 鍚?b璞?鐢ㄦ椂 1.46s (score=60 depth=6)
[ 32] 榛?e2e3 (2, 4)->(3, 4)  鐢ㄦ椂 1.07s (score=10 depth=6)
[ 33] 绾?e5e8 (4, 4)->(1, 4) 鍚?b鐐?鐢ㄦ椂 1.16s (score=134 depth=6)
[ 34] 榛?f0e1 (0, 3)->(1, 4) 缈诲紑=杌?鍚?r鐐?鐢ㄦ椂 1.53s (score=169 depth=6)
[ 35] 绾?f0e1 (9, 5)->(8, 4) 缈诲紑=鍏?鐢ㄦ椂 1.51s (score=42 depth=5)
[ 36] 榛?e1d1 (1, 4)->(1, 5)  鐢ㄦ椂 0.94s (score=59 depth=6)
[ 37] 绾?a0d0 (9, 0)->(9, 3) 缈诲紑=杌?鐢ㄦ椂 1.53s (score=16.5 depth=5)
[ 38] 榛?b6b7 (6, 7)->(7, 7)  鐢ㄦ椂 1.53s (score=17 depth=5)
[ 39] 绾?d0d6 (9, 3)->(3, 3)  鐢ㄦ椂 0.77s (score=7 depth=5)
[ 40] 榛?e0d0 (0, 4)->(0, 5)  鐢ㄦ椂 1.40s (score=-10 depth=6)
[ 41] 绾?e0d0 (9, 4)->(9, 3)  鐢ㄦ椂 1.17s (score=-10 depth=6)
[ 42] 榛?d1d9 (1, 5)->(9, 5)  鐢ㄦ椂 1.51s (score=-3 depth=5)
[ 43] 绾?d0d1 (9, 3)->(8, 3)  鐢ㄦ椂 0.77s (score=-20 depth=7)
[ 44] 榛?f1e2 (1, 3)->(2, 4)  鐢ㄦ椂 1.55s (score=-8 depth=5)
[ 45] 绾?d6e6 (3, 3)->(3, 4) 鍚?b鍗?鐢ㄦ椂 1.33s (score=12 depth=6)
[ 46] 榛?d9d1 (9, 5)->(1, 5)  鐢ㄦ椂 0.72s (score=3 depth=5)
[ 47] 绾?a2b4 (7, 0)->(5, 1)  鐢ㄦ椂 1.55s (score=5 depth=5)
[ 48] 榛?d1f1 (1, 5)->(1, 3)  鐢ㄦ椂 1.53s (score=0 depth=5)
[ 49] 绾?b2d3 (7, 1)->(6, 3)  鐢ㄦ椂 0.83s (score=2 depth=6)
[ 50] 榛?e2d1 (2, 4)->(1, 5)  鐢ㄦ椂 1.55s (score=8 depth=5)
[ 51] 绾?d1d0 (8, 3)->(9, 3)  鐢ㄦ椂 1.57s (score=20 depth=5)
[ 52] 榛?b7b8 (7, 7)->(8, 7)  鐢ㄦ椂 0.76s (score=10 depth=5)
[ 53] 绾?b4d5 (5, 1)->(4, 3)  鐢ㄦ椂 1.53s (score=15 depth=5)
[ 54] 榛?f1h1 (1, 3)->(1, 1)  鐢ㄦ椂 0.96s (score=-41 depth=5)
[ 55] 绾?e6g6 (3, 4)->(3, 6) 鍚?b鐐?鐢ㄦ椂 1.53s (score=66 depth=5)
[ 56] 榛?h1h6 (1, 1)->(6, 1)  鐢ㄦ椂 1.47s (score=4 depth=6)
[ 57] 绾?d3f2 (6, 3)->(7, 5)  鐢ㄦ椂 1.52s (score=0 depth=5)
[ 58] 榛?b8b9 (8, 7)->(9, 7) 鍚?r鐩?鐢ㄦ椂 1.25s (score=16 depth=6)
[ 59] 绾?g6f6 (3, 6)->(3, 5)  鐢ㄦ椂 0.79s (score=7 depth=5)
[ 60] 榛?h6h9 (6, 1)->(9, 1)  鐢ㄦ椂 0.77s (score=-4 depth=5)
[ 61] 绾?d0d1 (9, 3)->(8, 3)  鐢ㄦ椂 1.50s (score=-20 depth=7)
[ 62] 榛?h9h8 (9, 1)->(8, 1)  鐢ㄦ椂 1.54s (score=4 depth=5)
[ 63] 绾?d1d2 (8, 3)->(7, 3)  鐢ㄦ椂 1.54s (score=-10 depth=6)
[ 64] 榛?h8h1 (8, 1)->(1, 1)  鐢ㄦ椂 1.51s (score=-4 depth=5)
[ 65] 绾?a4a5 (5, 0)->(4, 0)  鐢ㄦ椂 0.99s (score=10 depth=5)
[ 66] 榛?h1f1 (1, 1)->(1, 3)  鐢ㄦ椂 1.51s (score=41 depth=5)
[ 67] 绾?a6b7 (3, 0)->(2, 1)  鐢ㄦ椂 1.11s (score=26 depth=6)
[ 68] 榛?f1f2 (1, 3)->(2, 3)  鐢ㄦ椂 0.64s (score=0 depth=5)
[ 69] 绾?a5a6 (4, 0)->(3, 0)  鐢ㄦ椂 1.51s (score=13 depth=5)
[ 70] 榛?f2h2 (2, 3)->(2, 1) 鍚?r浠?鐢ㄦ椂 1.40s (score=64 depth=7)
[ 71] 绾?a6a7 (3, 0)->(2, 0) 鍚?b棣?鐢ㄦ椂 1.03s (score=126 depth=6)
[ 72] 榛?h2i2 (2, 1)->(2, 0) 鍚?r鍏?鐢ㄦ椂 1.03s (score=54 depth=6)
[ 73] 绾?c5c8 (4, 2)->(1, 2)  鐢ㄦ椂 0.82s (score=1 depth=6)
[ 74] 榛?i2i7 (2, 0)->(7, 0)  鐢ㄦ椂 0.95s (score=12 depth=7)
[ 75] 绾?d2d1 (7, 3)->(8, 3)  鐢ㄦ椂 1.35s (score=10 depth=9)
[ 76] 榛?i7i8 (7, 0)->(8, 0)  鐢ㄦ椂 1.04s (score=0 depth=7)
[ 77] 绾?d1d0 (8, 3)->(9, 3)  鐢ㄦ椂 1.31s (score=20 depth=8)
[ 78] 榛?i8i9 (8, 0)->(9, 0)  鐢ㄦ椂 0.88s (score=-4 depth=7)
[ 79] 绾?d0d1 (9, 3)->(8, 3)  鐢ㄦ椂 1.61s (score=-20 depth=8)
[ 80] 榛?i9f9 (9, 0)->(9, 3)  鐢ㄦ椂 0.81s (score=40 depth=-2)
[ 81] 绾?d1d0 (8, 3)->(9, 3) 鍚?b杌?鐢ㄦ椂 1.06s (score=366 depth=8)
[ 82] 榛?d0e0 (0, 5)->(0, 4)  鐢ㄦ椂 1.16s (score=10 depth=7)
[ 83] 绾?f6f8 (3, 5)->(1, 5) 鍚?b澹?鐢ㄦ椂 1.51s (score=69 depth=5)
[ 84] 榛?b9a9 (9, 7)->(9, 8)  鐢ㄦ椂 1.54s (score=-9 depth=5)
[ 85] 绾?c8e8 (1, 2)->(1, 4)  鐢ㄦ椂 1.42s (score=21 depth=12)
[ 86] 榛?e0f0 (0, 4)->(0, 3)  鐢ㄦ椂 0.91s (score=-10 depth=8)
[ 87] 绾?e8d8 (1, 4)->(1, 3)  鐢ㄦ椂 1.53s (score=-14 depth=5)
[ 88] 榛?f0e0 (0, 3)->(0, 4)  鐢ㄦ椂 0.83s (score=10 depth=8)
[ 89] 绾?d8e8 (1, 3)->(1, 4)  鐢ㄦ椂 1.53s (score=14 depth=11)

========================================================
瀵瑰眬缁撴灉
========================================================
鑳滆€? pypy (榛戞柟)
鍘熷洜: 绗?89 鐫€鍚庡眬闈㈢ 2 娆″嚭鐜? 绾㈡柟闀垮皢 (闂幆鍐呯孩鏂规瘡鐫€鍧囧皢鍐?, 鍒よ礋
鎬绘鏁? 89 鐫€, 鍏ㄥ眬澧欓挓 108.6s

鍙屾柟鐢ㄦ椂:
  pypy57 (绾㈡柟):  45 鐫€  鎬荤敤鏃?   55.6s  骞冲潎  1.24s  鏈€闀?  1.61s
  pypy  (榛戞柟):  44 鐫€  鎬荤敤鏃?   52.9s  骞冲潎  1.20s  鏈€闀?  1.55s

[*] 妫嬭氨宸蹭繚瀛? C:\Users\yimingwang218185\Desktop\jieqi_ai\tools\games\game_20260820_171412.json / .txt

缁堝眬妫嬬洏 (绾㈡柟鍦ㄤ笅):
    0 1 2 3 4 5 6 7 8
 0 | b? 路 路 路 b灏?路 路 路 b?
 1 | 路 路 路 路 r杌?r杌?路 路 路
 2 | 路 路 路 路 路 路 路 路 路
 3 | 路 路 路 路 路 路 路 路 路
 4 | 路 路 路 r棣?路 路 路 路 路
 5 | 路 路 路 路 路 路 r鍏?路 路
 6 | 路 路 路 路 路 路 路 路 路
 7 | 路 路 路 路 r鍏?r棣?路 路 路
 8 | 路 路 路 路 r鍏?路 路 路 路
 9 | 路 路 路 r甯?路 路 路 路 b鍗?
