[*] 瑁佸垽鍚姩: pypy57 鎵х孩鍏堣(姣忕潃 1.5s) vs pypy 鎵ч粦(姣忕潃 1.5s), 闅忔満绉嶅瓙 20260936
[engine_server] 灏辩华 (PyPy 3.11.13, engine=jieqi_engine_v57)
[engine_server] 棰勭儹瀹屾垚
[engine_server] 灏辩华 (PyPy 3.11.13, engine=jieqi_engine)
[engine_server] 棰勭儹瀹屾垚
[+] 寮曟搸瀛愯繘绋嬪氨缁?(PyPy: pypy3.EXE)
[+] 寮曟搸瀛愯繘绋嬪氨缁?(PyPy: pypy3.EXE)
[*] 绾㈡柟寮曟搸: pypy57 (v5.7 鍩虹嚎, 鏃犻噸澶嶆劅鐭?
[*] 榛戞柟寮曟搸: pypy (miaosiSari 鍘熺増, alpha-beta)
[  1] 绾?e3e4 (6, 4)->(5, 4) 缈诲紑=鍏?鐢ㄦ椂 1.40s (score=84 depth=5)
[  2] 榛?b2b9 (2, 7)->(9, 7) 缈诲紑=璞?鍚?r鐩?鐢ㄦ椂 1.53s (score=157 depth=4)
[  3] 绾?a3a4 (6, 0)->(5, 0) 缈诲紑=鐩?鐢ㄦ椂 0.88s (score=80 depth=5)
[  4] 榛?g3g4 (3, 2)->(4, 2) 缈诲紑=鍗?鐢ㄦ椂 1.43s (score=77 depth=6)
[  5] 绾?b2b9 (7, 1)->(0, 1) 缈诲紑=杌?鍚?b杌?鐢ㄦ椂 1.53s (score=165 depth=5)
[  6] 榛?i0h0 (0, 0)->(0, 1) 缈诲紑=棣?鍚?r杌?鐢ㄦ椂 0.88s (score=312.25 depth=6)
[  7] 绾?i3i4 (6, 8)->(5, 8) 缈诲紑=鍏?鐢ㄦ椂 1.07s (score=80 depth=6)
[  8] 榛?c3c4 (3, 6)->(4, 6) 缈诲紑=璞?鐢ㄦ椂 1.03s (score=79 depth=6)
[  9] 绾?h2h8 (7, 7)->(1, 7) 缈诲紑=鍏?鐢ㄦ椂 1.56s (score=76 depth=5)
[ 10] 榛?h2h8 (2, 1)->(8, 1) 缈诲紑=棣?鐢ㄦ椂 1.54s (score=78 depth=5)
[ 11] 绾?c0e2 (9, 2)->(7, 4) 缈诲紑=鐐?鐢ㄦ椂 1.05s (score=53 depth=6)
[ 12] 榛?h8g6 (8, 1)->(6, 2) 鍚?r棣?鐢ㄦ椂 1.54s (score=90 depth=4)
[ 13] 绾?e2e6 (7, 4)->(3, 4) 鍚?b鐐?鐢ㄦ椂 1.15s (score=80 depth=6)
[ 14] 榛?g6e5 (6, 2)->(5, 4) 鍚?r鍏?鐢ㄦ椂 0.99s (score=41 depth=6)
[ 15] 绾?a4c6 (5, 0)->(3, 2)  鐢ㄦ椂 1.50s (score=10 depth=5)
[ 16] 榛?e5c6 (5, 4)->(6, 6) 鍚?r棣?鐢ㄦ椂 1.53s (score=76 depth=6)
[ 17] 绾?a0a6 (9, 0)->(3, 0) 缈诲紑=浠?鍚?b鐐?鐢ㄦ椂 1.53s (score=125.0 depth=5)
[ 18] 榛?h0g2 (0, 1)->(2, 2)  鐢ㄦ椂 0.98s (score=29 depth=6)
[ 19] 绾?e6e1 (3, 4)->(8, 4)  鐢ㄦ椂 0.77s (score=5 depth=6)
[ 20] 榛?g2i3 (2, 2)->(3, 0) 鍚?r浠?鐢ㄦ椂 1.53s (score=81 depth=5)
[ 21] 绾?b0d1 (9, 1)->(8, 3) 缈诲紑=鐐?鐢ㄦ椂 0.92s (score=41 depth=6)
[ 22] 榛?i3h5 (3, 0)->(5, 1)  鐢ㄦ椂 1.04s (score=8 depth=6)
[ 23] 绾?g0i2 (9, 6)->(7, 8) 缈诲紑=鍏?鐢ㄦ椂 0.93s (score=42 depth=5)
[ 24] 榛?h5f6 (5, 1)->(6, 3)  鐢ㄦ椂 1.53s (score=15 depth=6)
[ 25] 绾?e1e6 (8, 4)->(3, 4)  鐢ㄦ椂 1.53s (score=-5 depth=6)
[ 26] 榛?f6d7 (6, 3)->(7, 5)  鐢ㄦ椂 1.40s (score=0 depth=7)
[ 27] 绾?e0e1 (9, 4)->(8, 4)  鐢ㄦ椂 1.31s (score=-20 depth=8)
[ 28] 榛?c6a5 (6, 6)->(5, 8) 鍚?r鍏?鐢ㄦ椂 0.90s (score=42 depth=6)
[ 29] 绾?d1d2 (8, 3)->(7, 3)  鐢ㄦ椂 1.52s (score=1 depth=5)
[ 30] 榛?a5c6 (5, 8)->(6, 6)  鐢ㄦ椂 1.53s (score=12 depth=6)
[ 31] 绾?d2d5 (7, 3)->(4, 3)  鐢ㄦ椂 1.29s (score=-3 depth=6)
[ 32] 榛?d7f6 (7, 5)->(6, 3)  鐢ㄦ椂 0.95s (score=0 depth=7)
[ 33] 绾?e1d1 (8, 4)->(8, 3)  鐢ㄦ椂 1.52s (score=-10 depth=6)
[ 34] 榛?g0i2 (0, 2)->(2, 0) 缈诲紑=澹?鐢ㄦ椂 1.19s (score=39 depth=6)
[ 35] 绾?f0e1 (9, 5)->(8, 4) 缈诲紑=浠?鐢ㄦ椂 1.32s (score=40 depth=6)
[ 36] 榛?c6e5 (6, 6)->(5, 4)  鐢ㄦ椂 0.77s (score=12 depth=5)
[ 37] 绾?d5e5 (4, 3)->(4, 4)  鐢ㄦ椂 0.98s (score=4 depth=7)
[ 38] 榛?f6e4 (6, 3)->(4, 4) 鍚?r鐐?鐢ㄦ椂 1.53s (score=117 depth=8)
[ 39] 绾?c6e4 (3, 2)->(5, 4) 鍚?b棣?鐢ㄦ椂 0.96s (score=129 depth=7)
[ 40] 榛?a3a4 (3, 8)->(4, 8) 缈诲紑=澹?鐢ㄦ椂 1.15s (score=70 depth=7)
[ 41] 绾?i0h0 (9, 8)->(9, 7) 缈诲紑=鍏?鍚?b璞?鐢ㄦ椂 0.96s (score=61.33333333333333 depth=6)
[ 42] 榛?g4g5 (4, 2)->(5, 2)  鐢ㄦ椂 0.96s (score=17 depth=7)
[ 43] 绾?i2i3 (7, 8)->(6, 8)  鐢ㄦ椂 1.11s (score=8 depth=6)
[ 44] 榛?g5f5 (5, 2)->(5, 3)  鐢ㄦ椂 1.43s (score=0 depth=7)
[ 45] 绾?e1f0 (8, 4)->(9, 5)  鐢ㄦ椂 0.94s (score=-1 depth=6)
[ 46] 榛?f5e5 (5, 3)->(5, 4) 鍚?r鐩?鐢ㄦ椂 0.77s (score=67 depth=6)
[ 47] 绾?i3i4 (6, 8)->(5, 8)  鐢ㄦ椂 0.89s (score=11 depth=7)
[ 48] 榛?a4b5 (4, 8)->(5, 7)  鐢ㄦ椂 1.28s (score=9 depth=7)
[ 49] 绾?h0h1 (9, 7)->(8, 7)  鐢ㄦ椂 0.96s (score=2 depth=6)
[ 50] 榛?e4c3 (4, 4)->(3, 6)  鐢ㄦ椂 1.36s (score=-4 depth=8)
[ 51] 绾?h8h9 (1, 7)->(0, 7) 鍚?b鍗?鐢ㄦ椂 0.77s (score=79 depth=7)
[ 52] 榛?a0b0 (0, 8)->(0, 7) 缈诲紑=鍗?鍚?r鍏?鐢ㄦ椂 0.75s (score=117.0 depth=7)
[ 53] 绾?d0e1 (9, 3)->(8, 4) 缈诲紑=杌?鐢ㄦ椂 0.70s (score=37 depth=7)
[ 54] 榛?c3d1 (3, 6)->(1, 5)  鐢ㄦ椂 1.14s (score=-19 depth=7)
[ 55] 绾?e6c6 (3, 4)->(3, 2)  鐢ㄦ椂 0.59s (score=-1 depth=6)
[ 56] 榛?f0e1 (0, 3)->(1, 4) 缈诲紑=鍗?鐢ㄦ椂 0.91s (score=38 depth=7)
[ 57] 绾?e1e4 (8, 4)->(5, 4) 鍚?b鍗?鐢ㄦ椂 1.52s (score=64 depth=6)
[ 58] 榛?c0a2 (0, 6)->(2, 8) 缈诲紑=杌?鐢ㄦ椂 1.51s (score=45 depth=6)
[ 59] 绾?e4d4 (5, 4)->(5, 3)  鐢ㄦ椂 1.23s (score=32 depth=6)
[ 60] 榛?e1e2 (1, 4)->(2, 4)  鐢ㄦ椂 0.83s (score=15 depth=7)
[ 61] 绾?c6c9 (3, 2)->(0, 2)  鐢ㄦ椂 1.30s (score=33 depth=7)
[ 62] 榛?a2d2 (2, 8)->(2, 5)  鐢ㄦ椂 1.54s (score=21 depth=6)
[ 63] 绾?d4d9 (5, 3)->(0, 3)  鐢ㄦ椂 0.72s (score=9 depth=6)
[ 64] 榛?e0e1 (0, 4)->(1, 4)  鐢ㄦ椂 0.81s (score=-20 depth=8)
[ 65] 绾?d9d8 (0, 3)->(1, 3)  鐢ㄦ椂 1.53s (score=-7 depth=6)
[ 66] 榛?e1e0 (1, 4)->(0, 4)  鐢ㄦ椂 1.51s (score=20 depth=8)
[ 67] 绾?d8d9 (1, 3)->(0, 3)  鐢ㄦ椂 0.96s (score=7 depth=7)

========================================================
瀵瑰眬缁撴灉
========================================================
鑳滆€? pypy (榛戞柟)
鍘熷洜: 绗?67 鐫€鍚庡眬闈㈢ 2 娆″嚭鐜? 绾㈡柟闀垮皢 (闂幆鍐呯孩鏂规瘡鐫€鍧囧皢鍐?, 鍒よ礋
鎬绘鏁? 67 鐫€, 鍏ㄥ眬澧欓挓 78.8s

鍙屾柟鐢ㄦ椂:
  pypy57 (绾㈡柟):  34 鐫€  鎬荤敤鏃?   38.9s  骞冲潎  1.14s  鏈€闀?  1.56s
  pypy  (榛戞柟):  33 鐫€  鎬荤敤鏃?   39.8s  骞冲潎  1.20s  鏈€闀?  1.54s

[*] 妫嬭氨宸蹭繚瀛? C:\Users\yimingwang218185\Desktop\jieqi_ai\tools\games\game_20260820_170819.json / .txt

缁堝眬妫嬬洏 (绾㈡柟鍦ㄤ笅):
    0 1 2 3 4 5 6 7 8
 0 | 路 路 r鐐?r杌?b灏?b? 路 b鍗?路
 1 | 路 路 路 路 路 b棣?路 路 路
 2 | b澹?路 路 路 b鍗?b杌?路 路 路
 3 | 路 路 路 路 路 路 路 路 路
 4 | 路 路 路 路 路 路 b璞?路 路
 5 | 路 路 路 路 路 路 路 b澹?r鍏?
 6 | 路 路 路 路 路 路 路 路 路
 7 | 路 路 路 路 路 路 路 路 路
 8 | 路 路 路 r甯?路 路 路 r鍏?路
 9 | 路 路 路 路 路 r浠?路 路 路
