[*] 瑁佸垽鍚姩: pypy57 鎵х孩鍏堣(姣忕潃 1.5s) vs pypy 鎵ч粦(姣忕潃 1.5s), 闅忔満绉嶅瓙 20260938
[engine_server] 灏辩华 (PyPy 3.11.13, engine=jieqi_engine_v57)
[engine_server] 棰勭儹瀹屾垚
[engine_server] 灏辩华 (PyPy 3.11.13, engine=jieqi_engine)
[engine_server] 棰勭儹瀹屾垚
[+] 寮曟搸瀛愯繘绋嬪氨缁?(PyPy: pypy3.EXE)
[+] 寮曟搸瀛愯繘绋嬪氨缁?(PyPy: pypy3.EXE)
[*] 绾㈡柟寮曟搸: pypy57 (v5.7 鍩虹嚎, 鏃犻噸澶嶆劅鐭?
[*] 榛戞柟寮曟搸: pypy (miaosiSari 鍘熺増, alpha-beta)
[  1] 绾?e3e4 (6, 4)->(5, 4) 缈诲紑=杌?鐢ㄦ椂 1.37s (score=84 depth=5)
[  2] 榛?b2b9 (2, 7)->(9, 7) 缈诲紑=棣?鍚?r鐐?鐢ㄦ椂 1.53s (score=144 depth=4)
[  3] 绾?b2b9 (7, 1)->(0, 1) 缈诲紑=鍏?鍚?b鐐?鐢ㄦ椂 1.53s (score=148 depth=5)
[  4] 榛?i0h0 (0, 0)->(0, 1) 缈诲紑=鍗?鍚?r鍏?鐢ㄦ椂 0.76s (score=53.153846153846146 depth=5)
[  5] 绾?e4e6 (5, 4)->(3, 4) 鍚?b澹?鐢ㄦ椂 1.53s (score=82 depth=5)
[  6] 榛?h2e2 (2, 1)->(2, 4) 缈诲紑=鍗?鐢ㄦ椂 1.02s (score=43 depth=6)
[  7] 绾?e6g6 (3, 4)->(3, 6) 鍚?b鍗?鐢ㄦ椂 1.11s (score=81 depth=6)
[  8] 榛?g3g4 (3, 2)->(4, 2) 缈诲紑=鍗?鐢ㄦ椂 1.16s (score=80 depth=6)
[  9] 绾?g6g9 (3, 6)->(0, 6) 鍚?b棣?鐢ㄦ椂 1.51s (score=115 depth=5)
[ 10] 榛?a3a4 (3, 8)->(4, 8) 缈诲紑=璞?鐢ㄦ椂 0.72s (score=86 depth=5)
[ 11] 绾?g3g4 (6, 6)->(5, 6) 缈诲紑=浠?鐢ㄦ椂 1.54s (score=61 depth=5)
[ 12] 榛?i3i4 (3, 0)->(4, 0) 缈诲紑=璞?鐢ㄦ椂 1.52s (score=86 depth=6)
[ 13] 绾?i0h0 (9, 8)->(9, 7) 缈诲紑=鐩?鍚?b棣?鐢ㄦ椂 1.51s (score=130.33333333333334 depth=5)
[ 14] 榛?f0e1 (0, 3)->(1, 4) 缈诲紑=鍗?鐢ㄦ椂 1.01s (score=52 depth=6)
[ 15] 绾?g4h5 (5, 6)->(4, 7)  鐢ㄦ椂 1.51s (score=7 depth=5)
[ 16] 榛?b0c2 (0, 7)->(2, 6) 缈诲紑=杌?鐢ㄦ椂 1.28s (score=51 depth=7)
[ 17] 绾?g9i9 (0, 6)->(0, 8) 鍚?b杌?鐢ㄦ椂 0.92s (score=124.5 depth=6)
[ 18] 榛?c2c9 (2, 6)->(9, 6) 鍚?r棣?鐢ㄦ椂 0.70s (score=106 depth=6)
[ 19] 绾?a3a4 (6, 0)->(5, 0) 缈诲紑=浠?鐢ㄦ椂 1.51s (score=63 depth=5)
[ 20] 榛?c9b9 (9, 6)->(9, 7) 鍚?r鐩?鐢ㄦ椂 1.08s (score=16 depth=6)
[ 21] 绾?i9i5 (0, 8)->(4, 8) 鍚?b璞?鐢ㄦ椂 1.53s (score=22 depth=5)
[ 22] 榛?b9b7 (9, 7)->(7, 7) 鍚?r鐩?鐢ㄦ椂 1.18s (score=23 depth=7)
[ 23] 绾?h5g4 (4, 7)->(5, 6)  鐢ㄦ椂 1.00s (score=-7 depth=6)
[ 24] 榛?i4g6 (4, 0)->(6, 2) 鍚?r鐐?鐢ㄦ椂 0.77s (score=79 depth=6)
[ 25] 绾?i5c5 (4, 8)->(4, 2) 鍚?b鍗?鐢ㄦ椂 1.47s (score=23 depth=8)
[ 26] 榛?b7f7 (7, 7)->(7, 3)  鐢ㄦ椂 0.99s (score=7 depth=8)
[ 27] 绾?c5c9 (4, 2)->(0, 2) 鍚?b鐐?鐢ㄦ椂 1.24s (score=109 depth=8)
[ 28] 榛?f7f0 (7, 3)->(0, 3)  鐢ㄦ椂 0.80s (score=-7 depth=9)
[ 29] 绾?c9d9 (0, 2)->(0, 3) 鍚?b杌?鐢ㄦ椂 1.00s (score=340 depth=8)
[ 30] 榛?e0f0 (0, 4)->(0, 3) 鍚?r杌?鐢ㄦ椂 0.98s (score=336 depth=9)
[ 31] 绾?a4b5 (5, 0)->(4, 1)  鐢ㄦ椂 1.35s (score=9 depth=8)
[ 32] 榛?e2e3 (2, 4)->(3, 4)  鐢ㄦ椂 0.79s (score=10 depth=8)
[ 33] 绾?b0c2 (9, 1)->(7, 2) 缈诲紑=鍏?鐢ㄦ椂 1.25s (score=38 depth=7)
[ 34] 榛?g6e4 (6, 2)->(4, 4)  鐢ㄦ椂 1.14s (score=-5 depth=8)
[ 35] 绾?c0e2 (9, 2)->(7, 4) 缈诲紑=棣?鐢ㄦ椂 1.21s (score=48 depth=7)
[ 36] 榛?e4g2 (4, 4)->(2, 2)  鐢ㄦ椂 1.05s (score=-16 depth=7)
[ 37] 绾?i3i4 (6, 8)->(5, 8) 缈诲紑=鍏?鐢ㄦ椂 1.58s (score=73 depth=6)
[ 38] 榛?e1e2 (1, 4)->(2, 4)  鐢ㄦ椂 1.21s (score=15 depth=7)
[ 39] 绾?d0e1 (9, 3)->(8, 4) 缈诲紑=杌?鐢ㄦ椂 0.69s (score=37 depth=6)
[ 40] 榛?d0e1 (0, 5)->(1, 4) 缈诲紑=澹?鐢ㄦ椂 0.83s (score=49 depth=7)
[ 41] 绾?a0a8 (9, 0)->(1, 0) 缈诲紑=鍏?鐢ㄦ椂 1.36s (score=70.0 depth=6)
[ 42] 榛?f0e0 (0, 3)->(0, 4)  鐢ㄦ椂 1.51s (score=10 depth=7)
[ 43] 绾?e1h1 (8, 4)->(8, 7)  鐢ㄦ椂 1.42s (score=18 depth=6)
[ 44] 榛?e3e4 (3, 4)->(4, 4)  鐢ㄦ椂 1.15s (score=14 depth=7)
[ 45] 绾?h1h9 (8, 7)->(0, 7)  鐢ㄦ椂 1.30s (score=10 depth=6)
[ 46] 榛?e1d0 (1, 4)->(0, 5)  鐢ㄦ椂 1.22s (score=-1 depth=8)
[ 47] 绾?f0e1 (9, 5)->(8, 4) 缈诲紑=鍏?鐢ㄦ椂 1.18s (score=36 depth=6)
[ 48] 榛?e4e5 (4, 4)->(5, 4)  鐢ㄦ椂 1.46s (score=10 depth=8)
[ 49] 绾?e0f0 (9, 4)->(9, 5)  鐢ㄦ椂 0.82s (score=-10 depth=6)
[ 50] 榛?e5e6 (5, 4)->(6, 4)  鐢ㄦ椂 1.52s (score=21 depth=7)
[ 51] 绾?h9f9 (0, 7)->(0, 5) 鍚?b澹?鐢ㄦ椂 0.65s (score=112 depth=6)
[ 52] 榛?e0e1 (0, 4)->(1, 4)  鐢ㄦ椂 1.38s (score=-20 depth=8)
[ 53] 绾?e2g1 (7, 4)->(8, 6)  鐢ㄦ椂 1.08s (score=-26 depth=6)
[ 54] 榛?e2e3 (2, 4)->(3, 4)  鐢ㄦ椂 1.52s (score=10 depth=6)
[ 55] 绾?e1e2 (8, 4)->(7, 4)  鐢ㄦ椂 1.39s (score=15 depth=6)
[ 56] 榛?e6f6 (6, 4)->(6, 3)  鐢ㄦ椂 0.76s (score=-11 depth=7)
[ 57] 绾?g1f3 (8, 6)->(6, 5)  鐢ㄦ椂 1.17s (score=16 depth=6)
[ 58] 榛?g2e4 (2, 2)->(4, 4)  鐢ㄦ椂 1.52s (score=16 depth=6)
[ 59] 绾?g4f5 (5, 6)->(4, 5)  鐢ㄦ椂 1.31s (score=7 depth=6)
[ 60] 榛?e4c6 (4, 4)->(6, 6)  鐢ㄦ椂 1.53s (score=5 depth=7)
[ 61] 绾?f5e6 (4, 5)->(3, 4) 鍚?b鍗?鐢ㄦ椂 1.00s (score=21 depth=6)
[ 62] 榛?e1f1 (1, 4)->(1, 3)  鐢ㄦ椂 1.30s (score=-10 depth=7)
[ 63] 绾?e6f7 (3, 4)->(2, 5)  鐢ㄦ椂 1.40s (score=3 depth=6)
[ 64] 榛?f1f2 (1, 3)->(2, 3)  鐢ㄦ椂 0.95s (score=-10 depth=7)
[ 65] 绾?f3d4 (6, 5)->(5, 3)  鐢ㄦ椂 0.99s (score=7 depth=6)
[ 66] 榛?f6f7 (6, 3)->(7, 3)  鐢ㄦ椂 0.87s (score=30 depth=9)
[ 67] 绾?f9d9 (0, 5)->(0, 3)  鐢ㄦ椂 0.20s (score=0 depth=12)
[ 68] 榛?f2e2 (2, 3)->(2, 4)  鐢ㄦ椂 0.16s (score=10 depth=12)
[ 69] 绾?d4c6 (5, 3)->(3, 2)  鐢ㄦ椂 0.01s (score=0 depth=12)
[ 70] 榛?e2d2 (2, 4)->(2, 5) 鍚?r浠?鐢ㄦ椂 0.01s (score=81 depth=12)
[ 71] 绾?f0f7 (9, 5)->(2, 5) 鍚?b灏?鐢ㄦ椂 0.01s (score=3696 depth=12)

========================================================
瀵瑰眬缁撴灉
========================================================
鑳滆€? pypy57 (绾㈡柟)
鍘熷洜: 绗?71 鐫€鍚冩帀 灏? 鑾疯儨
鎬绘鏁? 71 鐫€, 鍏ㄥ眬澧欓挓 79.1s

鍙屾柟鐢ㄦ椂:
  pypy57 (绾㈡柟):  36 鐫€  鎬荤敤鏃?   41.6s  骞冲潎  1.16s  鏈€闀?  1.58s
  pypy  (榛戞柟):  35 鐫€  鎬荤敤鏃?   37.4s  骞冲潎  1.07s  鏈€闀?  1.53s

[*] 妫嬭氨宸蹭繚瀛? C:\Users\yimingwang218185\Desktop\jieqi_ai\tools\games\game_20260820_171052.json / .txt

缁堝眬妫嬬洏 (绾㈡柟鍦ㄤ笅):
    0 1 2 3 4 5 6 7 8
 0 | 路 b鍗?路 r杌?路 路 路 路 路
 1 | r鍏?路 路 路 路 路 路 路 路
 2 | 路 路 路 路 路 r甯?路 路 路
 3 | 路 路 r棣?路 路 路 路 路 路
 4 | 路 r浠?路 路 路 路 路 路 路
 5 | 路 路 路 路 路 路 路 路 r鍏?
 6 | 路 路 路 路 路 路 b璞?路 路
 7 | 路 路 r鍏?b鍗?r鍏?路 路 路 路
 8 | 路 路 路 路 路 路 路 路 路
 9 | 路 路 路 路 路 路 路 路 路
