[*] 瑁佸垽鍚姩: pypy 鎵х孩鍏堣(姣忕潃 1.5s) vs pypy57 鎵ч粦(姣忕潃 1.5s), 闅忔満绉嶅瓙 20260935
[engine_server] 灏辩华 (PyPy 3.11.13, engine=jieqi_engine)
[engine_server] 棰勭儹瀹屾垚
[engine_server] 灏辩华 (PyPy 3.11.13, engine=jieqi_engine_v57)
[engine_server] 棰勭儹瀹屾垚
[+] 寮曟搸瀛愯繘绋嬪氨缁?(PyPy: pypy3.EXE)
[+] 寮曟搸瀛愯繘绋嬪氨缁?(PyPy: pypy3.EXE)
[*] 绾㈡柟寮曟搸: pypy (miaosiSari 鍘熺増, alpha-beta)
[*] 榛戞柟寮曟搸: pypy57 (v5.7 鍩虹嚎, 鏃犻噸澶嶆劅鐭?
[  1] 绾?e3e4 (6, 4)->(5, 4) 缈诲紑=棣?鐢ㄦ椂 1.30s (score=84 depth=5)
[  2] 榛?e3e4 (3, 4)->(4, 4) 缈诲紑=杌?鐢ㄦ椂 0.75s (score=84 depth=4)
[  3] 绾?h2h9 (7, 7)->(0, 7) 缈诲紑=鐐?鍚?b鐐?鐢ㄦ椂 0.98s (score=146 depth=5)
[  4] 榛?h2h9 (2, 1)->(9, 1) 缈诲紑=鍗?鍚?r杌?鐢ㄦ椂 0.99s (score=146 depth=5)
[  5] 绾?a0b0 (9, 0)->(9, 1) 缈诲紑=鍏?鍚?b鍗?鐢ㄦ椂 0.89s (score=73.15384615384615 depth=5)
[  6] 榛?a0b0 (0, 8)->(0, 7) 缈诲紑=鍗?鍚?r鐐?鐢ㄦ椂 1.52s (score=195.5 depth=5)
[  7] 绾?b2e2 (7, 1)->(7, 4) 缈诲紑=棣?鐢ㄦ椂 0.82s (score=43 depth=5)
[  8] 榛?i3i4 (3, 0)->(4, 0) 缈诲紑=杌?鐢ㄦ椂 1.52s (score=76 depth=5)
[  9] 绾?e4d2 (5, 4)->(7, 3)  鐢ㄦ椂 1.01s (score=-7 depth=6)
[ 10] 榛?e4b4 (4, 4)->(4, 7)  鐢ㄦ椂 1.05s (score=-13 depth=5)
[ 11] 绾?h0g2 (9, 7)->(7, 6) 缈诲紑=鍏?鐢ㄦ椂 1.39s (score=36 depth=6)
[ 12] 榛?g3g4 (3, 2)->(4, 2) 缈诲紑=鍗?鐢ㄦ椂 1.54s (score=66 depth=5)
[ 13] 绾?i3i4 (6, 8)->(5, 8) 缈诲紑=浠?鐢ㄦ椂 0.75s (score=83 depth=6)
[ 14] 榛?b4f4 (4, 7)->(4, 3)  鐢ㄦ椂 1.54s (score=15 depth=5)
[ 15] 绾?d2b1 (7, 3)->(8, 1)  鐢ㄦ椂 0.64s (score=-10 depth=5)
[ 16] 榛?c3c4 (3, 6)->(4, 6) 缈诲紑=璞?鐢ㄦ椂 0.71s (score=68 depth=5)
[ 17] 绾?g0i2 (9, 6)->(7, 8) 缈诲紑=鍏?鐢ㄦ椂 1.05s (score=42 depth=5)
[ 18] 榛?b2b8 (2, 7)->(8, 7) 缈诲紑=澹?鐢ㄦ椂 1.04s (score=66 depth=5)
[ 19] 绾?i0i1 (9, 8)->(8, 8) 缈诲紑=浠?鐢ㄦ椂 0.89s (score=-39.0 depth=6)
[ 20] 榛?a3a4 (3, 8)->(4, 8) 缈诲紑=璞?鐢ㄦ椂 0.78s (score=61 depth=5)
[ 21] 绾?g3g4 (6, 6)->(5, 6) 缈诲紑=杌?鐢ㄦ椂 0.71s (score=75 depth=6)
[ 22] 榛?c0a2 (0, 6)->(2, 8) 缈诲紑=鐐?鐢ㄦ椂 1.18s (score=32 depth=5)
[ 23] 绾?d0e1 (9, 3)->(8, 4) 缈诲紑=鐐?鐢ㄦ椂 0.93s (score=35 depth=5)
[ 24] 榛?a2e2 (2, 8)->(2, 4)  鐢ㄦ椂 1.51s (score=13 depth=5)
[ 25] 绾?g4f4 (5, 6)->(5, 5)  鐢ㄦ椂 1.53s (score=35 depth=5)
[ 26] 榛?h0i2 (0, 1)->(2, 0) 缈诲紑=棣?鐢ㄦ椂 0.82s (score=28 depth=5)
[ 27] 绾?e1e7 (8, 4)->(2, 4) 鍚?b鐐?鐢ㄦ椂 0.81s (score=127 depth=5)
[ 28] 榛?g0e2 (0, 2)->(2, 4) 缈诲紑=鍗?鍚?r鐐?鐢ㄦ椂 1.14s (score=156 depth=6)
[ 29] 绾?f4a4 (5, 5)->(5, 0)  鐢ㄦ椂 1.51s (score=-39 depth=5)
[ 30] 榛?i4i5 (4, 0)->(5, 0) 鍚?r杌?鐢ㄦ椂 1.05s (score=298 depth=6)
[ 31] 绾?a3a4 (6, 0)->(5, 0) 缈诲紑=鐩?鍚?b杌?鐢ㄦ椂 1.01s (score=380 depth=7)
[ 32] 榛?i2h4 (2, 0)->(4, 1)  鐢ㄦ椂 0.91s (score=5 depth=6)
[ 33] 绾?a4c2 (5, 0)->(7, 2)  鐢ㄦ椂 1.29s (score=-11 depth=6)
[ 34] 榛?i0i9 (0, 0)->(9, 0) 缈诲紑=鍗?鐢ㄦ椂 0.73s (score=83.14285714285714 depth=5)
[ 35] 绾?e2f4 (7, 4)->(5, 5)  鐢ㄦ椂 1.44s (score=-3 depth=6)
[ 36] 榛?f4f8 (4, 3)->(8, 3)  鐢ㄦ椂 1.10s (score=2 depth=6)
[ 37] 绾?f4h3 (5, 5)->(6, 7)  鐢ㄦ椂 1.53s (score=-8 depth=5)
[ 38] 榛?b8c7 (8, 7)->(7, 6) 鍚?r鍏?鐢ㄦ椂 0.73s (score=6 depth=6)
[ 39] 绾?f0e1 (9, 5)->(8, 4) 缈诲紑=鍏?鐢ㄦ椂 0.91s (score=39 depth=7)
[ 40] 榛?c7b6 (7, 6)->(6, 7) 鍚?r棣?鐢ㄦ椂 0.90s (score=111 depth=7)
[ 41] 绾?i4h3 (5, 8)->(6, 7) 鍚?b澹?鐢ㄦ椂 1.53s (score=81 depth=6)
[ 42] 榛?i9h9 (9, 0)->(9, 1) 鍚?r鍏?鐢ㄦ椂 0.80s (score=11 depth=7)
[ 43] 绾?i2i3 (7, 8)->(6, 8)  鐢ㄦ椂 1.52s (score=8 depth=5)
[ 44] 榛?h9g9 (9, 1)->(9, 2) 鍚?r鐩?鐢ㄦ椂 1.52s (score=86 depth=7)
[ 45] 绾?i3i4 (6, 8)->(5, 8)  鐢ㄦ椂 1.53s (score=11 depth=7)
[ 46] 榛?f8h8 (8, 3)->(8, 1) 鍚?r棣?鐢ㄦ椂 0.79s (score=68 depth=7)
[ 47] 绾?i4i5 (5, 8)->(4, 8) 鍚?b璞?鐢ㄦ椂 1.25s (score=70 depth=7)
[ 48] 榛?h8f8 (8, 1)->(8, 3)  鐢ㄦ椂 0.75s (score=37 depth=7)
[ 49] 绾?e0f0 (9, 4)->(9, 5)  鐢ㄦ椂 1.14s (score=-10 depth=7)
[ 50] 榛?f8f9 (8, 3)->(9, 3)  鐢ㄦ椂 1.14s (score=7 depth=7)
[ 51] 绾?f0f1 (9, 5)->(8, 5)  鐢ㄦ椂 1.38s (score=-20 depth=8)
[ 52] 榛?d0e1 (0, 5)->(1, 4) 缈诲紑=澹?鐢ㄦ椂 0.82s (score=52 depth=6)
[ 53] 绾?i5h5 (4, 8)->(4, 7)  鐢ㄦ椂 1.43s (score=21 depth=7)
[ 54] 榛?h4g6 (4, 1)->(6, 2) 鍚?r鍏?鐢ㄦ椂 0.82s (score=98 depth=6)
[ 55] 绾?i1h2 (8, 8)->(7, 7)  鐢ㄦ椂 1.52s (score=25 depth=6)
[ 56] 榛?f9b9 (9, 3)->(9, 7)  鐢ㄦ椂 0.82s (score=-38 depth=6)
[ 57] 绾?h2g1 (7, 7)->(8, 6)  鐢ㄦ椂 1.00s (score=5 depth=7)
[ 58] 榛?b9b6 (9, 7)->(6, 7) 鍚?r浠?鐢ㄦ椂 0.97s (score=63 depth=7)
[ 59] 绾?f1f0 (8, 5)->(9, 5)  鐢ㄦ椂 1.54s (score=20 depth=7)
[ 60] 榛?g9f9 (9, 2)->(9, 3)  鐢ㄦ椂 0.92s (score=2 depth=6)
[ 61] 绾?g1f2 (8, 6)->(7, 5)  鐢ㄦ椂 1.54s (score=5 depth=7)
[ 62] 榛?e0d0 (0, 4)->(0, 5)  鐢ㄦ椂 0.76s (score=-10 depth=6)
[ 63] 绾?f0f1 (9, 5)->(8, 5)  鐢ㄦ椂 1.06s (score=-20 depth=8)
[ 64] 榛?b6b8 (6, 7)->(8, 7)  鐢ㄦ椂 0.97s (score=0 depth=10)
[ 65] 绾?f1f0 (8, 5)->(9, 5)  鐢ㄦ椂 1.51s (score=20 depth=11)
[ 66] 榛?b8d8 (8, 7)->(8, 5)  鐢ㄦ椂 0.69s (score=37 depth=7)
[ 67] 绾?f0f1 (9, 5)->(8, 5) 鍚?b杌?鐢ㄦ椂 1.14s (score=289 depth=9)
[ 68] 榛?e1f2 (1, 4)->(2, 3)  鐢ㄦ椂 1.53s (score=-5 depth=7)
[ 69] 绾?h5g5 (4, 7)->(4, 6) 鍚?b璞?鐢ㄦ椂 1.52s (score=13 depth=7)
[ 70] 榛?f0e1 (0, 3)->(1, 4) 缈诲紑=棣?鐢ㄦ椂 1.52s (score=52 depth=7)
[ 71] 绾?f1f0 (8, 5)->(9, 5)  鐢ㄦ椂 1.51s (score=20 depth=7)
[ 72] 榛?g6i7 (6, 2)->(7, 0)  鐢ㄦ椂 0.95s (score=-5 depth=7)
[ 73] 绾?g5g6 (4, 6)->(3, 6)  鐢ㄦ椂 1.51s (score=10 depth=7)
[ 74] 榛?e2e3 (2, 4)->(3, 4)  鐢ㄦ椂 0.82s (score=10 depth=7)
[ 75] 绾?g6h6 (3, 6)->(3, 7)  鐢ㄦ椂 1.37s (score=10 depth=8)
[ 76] 榛?i7g8 (7, 0)->(8, 2)  鐢ㄦ椂 1.12s (score=48 depth=7)
[ 77] 绾?e1e2 (8, 4)->(7, 4)  鐢ㄦ椂 1.16s (score=15 depth=8)
[ 78] 榛?g4g5 (4, 2)->(5, 2)  鐢ㄦ椂 0.81s (score=17 depth=7)
[ 79] 绾?f0f1 (9, 5)->(8, 5)  鐢ㄦ椂 0.95s (score=-20 depth=7)
[ 80] 榛?e1f3 (1, 4)->(3, 3)  鐢ㄦ椂 1.51s (score=16 depth=7)
[ 81] 绾?e2e3 (7, 4)->(6, 4)  鐢ㄦ椂 1.52s (score=10 depth=7)
[ 82] 榛?b0b1 (0, 7)->(1, 7)  鐢ㄦ椂 1.14s (score=2 depth=7)
[ 83] 绾?h6g6 (3, 7)->(3, 6)  鐢ㄦ椂 1.08s (score=-10 depth=8)
[ 84] 榛?g5g6 (5, 2)->(6, 2)  鐢ㄦ椂 1.51s (score=10 depth=7)
[ 85] 绾?c2a4 (7, 2)->(5, 0)  鐢ㄦ椂 1.08s (score=11 depth=8)
[ 86] 榛?g6f6 (6, 2)->(6, 3)  鐢ㄦ椂 1.03s (score=2 depth=7)
[ 87] 绾?g6f6 (3, 6)->(3, 5)  鐢ㄦ椂 0.95s (score=2 depth=8)
[ 88] 榛?f6f7 (6, 3)->(7, 3)  鐢ㄦ椂 1.17s (score=30 depth=7)
[ 89] 绾?f2e1 (7, 5)->(8, 4)  鐢ㄦ椂 1.40s (score=5 depth=8)
[ 90] 榛?f7f8 (7, 3)->(8, 3)  鐢ㄦ椂 0.80s (score=22 depth=7)
[ 91] 绾?f6f7 (3, 5)->(2, 5)  鐢ㄦ椂 0.99s (score=30 depth=9)
[ 92] 榛?f3g5 (3, 3)->(5, 2)  鐢ㄦ椂 0.96s (score=4 depth=8)
[ 93] 绾?f7f8 (2, 5)->(1, 5)  鐢ㄦ椂 1.52s (score=22 depth=9)
[ 94] 榛?d0e0 (0, 5)->(0, 4)  鐢ㄦ椂 0.87s (score=10 depth=10)
[ 95] 绾?f8f9 (1, 5)->(0, 5)  鐢ㄦ椂 1.21s (score=-14 depth=9)
[ 96] 榛?e0f0 (0, 4)->(0, 3)  鐢ㄦ椂 1.14s (score=-10 depth=9)
[ 97] 绾?e1d0 (8, 4)->(9, 3) 鍚?b鍗?鐢ㄦ椂 1.37s (score=86 depth=9)
[ 98] 榛?g5e6 (5, 2)->(6, 4) 鍚?r鍏?鐢ㄦ椂 1.19s (score=16 depth=8)
[ 99] 绾?f1f2 (8, 5)->(7, 5)  鐢ㄦ椂 1.52s (score=-10 depth=9)
[100] 榛?f8f9 (8, 3)->(9, 3) 鍚?r浠?鐢ㄦ椂 1.19s (score=90 depth=8)
[101] 绾?f9g9 (0, 5)->(0, 6)  鐢ㄦ椂 1.00s (score=-2 depth=9)
[102] 榛?b1b2 (1, 7)->(2, 7)  鐢ㄦ椂 0.78s (score=1 depth=7)
[103] 绾?g9f9 (0, 6)->(0, 5)  鐢ㄦ椂 0.80s (score=2 depth=8)
[104] 榛?b2b3 (2, 7)->(3, 7)  鐢ㄦ椂 1.51s (score=8 depth=7)
[105] 绾?f9g9 (0, 5)->(0, 6)  鐢ㄦ椂 0.78s (score=-2 depth=8)
[106] 榛?b3b4 (3, 7)->(4, 7)  鐢ㄦ椂 0.71s (score=22 depth=7)
[107] 绾?g9f9 (0, 6)->(0, 5)  鐢ㄦ椂 1.13s (score=2 depth=9)
[108] 榛?b4b5 (4, 7)->(5, 7)  鐢ㄦ椂 1.54s (score=20 depth=7)
[109] 绾?a4c6 (5, 0)->(3, 2)  鐢ㄦ椂 1.31s (score=10 depth=8)
[110] 榛?b5b6 (5, 7)->(6, 7)  鐢ㄦ椂 0.88s (score=2 depth=7)
[111] 绾?c6e4 (3, 2)->(5, 4)  鐢ㄦ椂 0.78s (score=-5 depth=8)
[112] 榛?e6f8 (6, 4)->(8, 3)  鐢ㄦ椂 0.71s (score=-3 depth=7)
[113] 绾?f2f1 (7, 5)->(8, 5)  鐢ㄦ椂 0.97s (score=10 depth=9)
[114] 榛?f8g6 (8, 3)->(6, 2)  鐢ㄦ椂 1.44s (score=5 depth=8)
[115] 绾?e4g6 (5, 4)->(3, 6)  鐢ㄦ椂 0.80s (score=5 depth=8)
[116] 榛?e3e4 (3, 4)->(4, 4)  鐢ㄦ椂 1.22s (score=14 depth=7)
[117] 绾?f1e1 (8, 5)->(8, 4)  鐢ㄦ椂 0.71s (score=10 depth=7)
[118] 榛?e4e5 (4, 4)->(5, 4)  鐢ㄦ椂 0.95s (score=10 depth=7)
[119] 绾?g6e4 (3, 6)->(5, 4) 鍚?b鍗?鐢ㄦ椂 1.44s (score=34 depth=8)
[120] 榛?g6e5 (6, 2)->(5, 4) 鍚?r鐩?鐢ㄦ椂 0.79s (score=77 depth=7)
[121] 绾?e1d1 (8, 4)->(8, 3)  鐢ㄦ椂 1.53s (score=-10 depth=8)
[122] 榛?f9e9 (9, 3)->(9, 4)  鐢ㄦ椂 1.02s (score=0 depth=8)
[123] 绾?d1e1 (8, 3)->(8, 4)  鐢ㄦ椂 1.30s (score=10 depth=9)
[124] 榛?f2e1 (2, 3)->(1, 4)  鐢ㄦ椂 0.91s (score=5 depth=7)
[125] 绾?f9g9 (0, 5)->(0, 6)  鐢ㄦ椂 1.39s (score=-2 depth=9)
[126] 榛?e1d2 (1, 4)->(2, 5)  鐢ㄦ椂 0.91s (score=-5 depth=7)
[127] 绾?g9f9 (0, 6)->(0, 5)  鐢ㄦ椂 0.98s (score=2 depth=10)
[128] 榛?d2c1 (2, 5)->(1, 6)  鐢ㄦ椂 0.79s (score=-5 depth=7)
[129] 绾?f9g9 (0, 5)->(0, 6)  鐢ㄦ椂 0.71s (score=-2 depth=8)
[130] 榛?b6b7 (6, 7)->(7, 7)  鐢ㄦ椂 1.04s (score=17 depth=7)
[131] 绾?g9h9 (0, 6)->(0, 7)  鐢ㄦ椂 1.04s (score=-1 depth=12)
[132] 榛?c1b0 (1, 6)->(0, 7) 鍚?r鍏?鐢ㄦ椂 0.75s (score=81 depth=7)
[133] 绾?e1f1 (8, 4)->(8, 5)  鐢ㄦ椂 0.34s (score=-10 depth=12)
[134] 榛?e5f7 (5, 4)->(7, 3)  鐢ㄦ椂 0.94s (score=1 depth=12)
[135] 绾?f1e1 (8, 5)->(8, 4)  鐢ㄦ椂 0.11s (score=10 depth=12)
[136] 榛?f7d6 (7, 3)->(6, 5)  鐢ㄦ椂 0.44s (score=0 depth=12)
[137] 绾?e1f1 (8, 4)->(8, 5)  鐢ㄦ椂 0.30s (score=-10 depth=12)
[138] 榛?d6f7 (6, 5)->(7, 3)  鐢ㄦ椂 0.42s (score=0 depth=12)

========================================================
瀵瑰眬缁撴灉
========================================================
鑳滆€? pypy (绾㈡柟)
鍘熷洜: 绗?138 鐫€鍚庡眬闈㈢ 2 娆″嚭鐜? 榛戞柟闀垮皢 (闂幆鍐呴粦鏂规瘡鐫€鍧囧皢鍐?, 鍒よ礋
鎬绘鏁? 138 鐫€, 鍏ㄥ眬澧欓挓 149.0s

鍙屾柟鐢ㄦ椂:
  pypy  (绾㈡柟):  69 鐫€  鎬荤敤鏃?   78.5s  骞冲潎  1.14s  鏈€闀?  1.54s
  pypy57 (榛戞柟):  69 鐫€  鎬荤敤鏃?   70.3s  骞冲潎  1.02s  鏈€闀?  1.54s

[*] 妫嬭氨宸蹭繚瀛? C:\Users\yimingwang218185\Desktop\jieqi_ai\tools\games\game_20260820_170659.json / .txt

缁堝眬妫嬬洏 (绾㈡柟鍦ㄤ笅):
    0 1 2 3 4 5 6 7 8
 0 | 路 路 路 b灏?路 路 路 b澹?路
 1 | 路 路 路 路 路 路 路 路 路
 2 | 路 路 路 路 路 路 路 路 路
 3 | 路 路 路 路 路 路 路 路 路
 4 | 路 路 路 路 路 路 路 路 路
 5 | 路 路 路 路 路 路 路 路 路
 6 | 路 路 路 路 路 路 路 路 路
 7 | 路 路 路 b棣?路 路 路 b鍗?路
 8 | 路 路 b棣?路 路 r甯?路 路 路
 9 | 路 路 路 路 b鍗?路 路 路 路
