[*] 瑁佸垽鍚姩: pypy 鎵х孩鍏堣(姣忕潃 1.5s) vs pypy57 鎵ч粦(姣忕潃 1.5s), 闅忔満绉嶅瓙 20260939
[engine_server] 灏辩华 (PyPy 3.11.13, engine=jieqi_engine)
[engine_server] 棰勭儹瀹屾垚
[engine_server] 灏辩华 (PyPy 3.11.13, engine=jieqi_engine_v57)
[engine_server] 棰勭儹瀹屾垚
[+] 寮曟搸瀛愯繘绋嬪氨缁?(PyPy: pypy3.EXE)
[+] 寮曟搸瀛愯繘绋嬪氨缁?(PyPy: pypy3.EXE)
[*] 绾㈡柟寮曟搸: pypy (miaosiSari 鍘熺増, alpha-beta)
[*] 榛戞柟寮曟搸: pypy57 (v5.7 鍩虹嚎, 鏃犻噸澶嶆劅鐭?
[  1] 绾?e3e4 (6, 4)->(5, 4) 缈诲紑=浠?鐢ㄦ椂 1.35s (score=84 depth=5)
[  2] 榛?b2b9 (2, 7)->(9, 7) 缈诲紑=杌?鍚?r鍏?鐢ㄦ椂 1.53s (score=154 depth=4)
[  3] 绾?i0h0 (9, 8)->(9, 7) 缈诲紑=鍏?鍚?b杌?鐢ㄦ椂 1.51s (score=304.0 depth=5)
[  4] 榛?a3a4 (3, 8)->(4, 8) 缈诲紑=璞?鐢ㄦ椂 1.25s (score=78 depth=5)
[  5] 绾?g3g4 (6, 6)->(5, 6) 缈诲紑=鍏?鐢ㄦ椂 0.73s (score=79 depth=5)
[  6] 榛?i3i4 (3, 0)->(4, 0) 缈诲紑=澹?鐢ㄦ椂 1.35s (score=77 depth=5)
[  7] 绾?h2h8 (7, 7)->(1, 7) 缈诲紑=杌?鐢ㄦ椂 1.04s (score=75 depth=5)
[  8] 榛?h0i2 (0, 1)->(2, 0) 缈诲紑=鍗?鐢ㄦ椂 1.05s (score=38 depth=5)
[  9] 绾?h8c8 (1, 7)->(1, 2)  鐢ㄦ椂 1.53s (score=0 depth=4)
[ 10] 榛?g3g4 (3, 2)->(4, 2) 缈诲紑=璞?鐢ㄦ椂 0.73s (score=81 depth=5)
[ 11] 绾?a3a4 (6, 0)->(5, 0) 缈诲紑=杌?鐢ㄦ椂 0.78s (score=69 depth=5)
[ 12] 榛?e3e4 (3, 4)->(4, 4) 缈诲紑=鐐?鐢ㄦ椂 1.06s (score=77 depth=5)
[ 13] 绾?c0e2 (9, 2)->(7, 4) 缈诲紑=棣?鐢ㄦ椂 1.53s (score=38 depth=5)
[ 14] 榛?e4e1 (4, 4)->(1, 4)  鐢ㄦ椂 1.53s (score=5 depth=4)
[ 15] 绾?i3i4 (6, 8)->(5, 8) 缈诲紑=鐐?鐢ㄦ椂 1.49s (score=60 depth=5)
[ 16] 榛?a4c6 (4, 8)->(6, 6)  鐢ㄦ椂 1.13s (score=10 depth=5)
[ 17] 绾?a4a5 (5, 0)->(4, 0) 鍚?b澹?鐢ㄦ椂 0.84s (score=73 depth=4)
[ 18] 榛?h2h6 (2, 1)->(6, 1) 缈诲紑=鐐?鐢ㄦ椂 0.74s (score=69 depth=4)
[ 19] 绾?i4h4 (5, 8)->(5, 7)  鐢ㄦ椂 0.81s (score=1 depth=4)
[ 20] 榛?b0c2 (0, 7)->(2, 6) 缈诲紑=棣?鐢ㄦ椂 1.28s (score=39 depth=4)
[ 21] 绾?a5b5 (4, 0)->(4, 1)  鐢ㄦ椂 1.42s (score=3 depth=4)
[ 22] 榛?c2a3 (2, 6)->(3, 8)  鐢ㄦ椂 1.08s (score=-2 depth=5)
[ 23] 绾?h4h6 (5, 7)->(3, 7)  鐢ㄦ椂 1.53s (score=3 depth=5)
[ 24] 榛?c6e4 (6, 6)->(4, 4)  鐢ㄦ椂 0.79s (score=-5 depth=5)
[ 25] 绾?b5b3 (4, 1)->(6, 1) 鍚?b鐐?鐢ㄦ椂 1.52s (score=122 depth=5)
[ 26] 榛?e1e5 (1, 4)->(5, 4) 鍚?r浠?鐢ㄦ椂 1.52s (score=70 depth=5)
[ 27] 绾?d0e1 (9, 3)->(8, 4) 缈诲紑=鐐?鐢ㄦ椂 1.19s (score=28 depth=6)
[ 28] 榛?e5e8 (5, 4)->(8, 4) 鍚?r鐐?鐢ㄦ椂 1.14s (score=134 depth=6)
[ 29] 绾?f0e1 (9, 5)->(8, 4) 缈诲紑=鐩?鍚?b鐐?鐢ㄦ椂 0.96s (score=157 depth=5)
[ 30] 榛?d0e1 (0, 5)->(1, 4) 缈诲紑=澹?鐢ㄦ椂 0.93s (score=40 depth=5)
[ 31] 绾?c3c4 (6, 2)->(5, 2) 缈诲紑=鍏?鐢ㄦ椂 1.56s (score=53 depth=5)
[ 32] 榛?g4e2 (4, 2)->(2, 4)  鐢ㄦ椂 1.43s (score=12 depth=5)
[ 33] 绾?b3e3 (6, 1)->(6, 4)  鐢ㄦ椂 0.81s (score=10 depth=4)
[ 34] 榛?c0a2 (0, 6)->(2, 8) 缈诲紑=鍗?鐢ㄦ椂 1.55s (score=41 depth=4)
[ 35] 绾?b2b8 (7, 1)->(1, 1) 缈诲紑=鐩?鐢ㄦ椂 1.19s (score=64 depth=4)
[ 36] 榛?e2c0 (2, 4)->(0, 6)  鐢ㄦ椂 1.53s (score=-3 depth=5)
[ 37] 绾?c8d8 (1, 2)->(1, 3)  鐢ㄦ椂 1.01s (score=7 depth=5)
[ 38] 榛?e1d0 (1, 4)->(0, 5)  鐢ㄦ椂 1.54s (score=-1 depth=5)
[ 39] 绾?e0d0 (9, 4)->(9, 3)  鐢ㄦ椂 1.53s (score=-10 depth=5)
[ 40] 榛?d0e1 (0, 5)->(1, 4)  鐢ㄦ椂 0.67s (score=1 depth=6)
[ 41] 绾?e1g3 (8, 4)->(6, 6)  鐢ㄦ椂 1.51s (score=35 depth=5)
[ 42] 榛?a3b5 (3, 8)->(5, 7)  鐢ㄦ椂 0.74s (score=8 depth=6)
[ 43] 绾?e3e5 (6, 4)->(4, 4) 鍚?b璞?鐢ㄦ椂 1.52s (score=66 depth=5)
[ 44] 榛?e0d0 (0, 4)->(0, 5)  鐢ㄦ椂 1.12s (score=-10 depth=6)
[ 45] 绾?e2f4 (7, 4)->(5, 5)  鐢ㄦ椂 0.94s (score=-3 depth=4)
[ 46] 榛?a2a3 (2, 8)->(3, 8)  鐢ㄦ椂 1.52s (score=8 depth=5)
[ 47] 绾?e5h5 (4, 4)->(4, 7)  鐢ㄦ椂 0.72s (score=-4 depth=4)
[ 48] 榛?b5c7 (5, 7)->(7, 6)  鐢ㄦ椂 1.00s (score=-6 depth=6)
[ 49] 绾?f4g2 (5, 5)->(7, 6) 鍚?b棣?鐢ㄦ椂 1.51s (score=106 depth=5)
[ 50] 榛?c0e2 (0, 6)->(2, 4)  鐢ㄦ椂 1.52s (score=3 depth=5)
[ 51] 绾?g0e2 (9, 6)->(7, 4) 缈诲紑=棣?鐢ㄦ椂 0.67s (score=31 depth=4)
[ 52] 榛?a3a4 (3, 8)->(4, 8)  鐢ㄦ椂 0.63s (score=11 depth=5)
[ 53] 绾?g3i5 (6, 6)->(4, 8) 鍚?b鍗?鐢ㄦ椂 0.67s (score=24 depth=4)
[ 54] 榛?i2i3 (2, 0)->(3, 0)  鐢ㄦ椂 0.72s (score=8 depth=5)
[ 55] 绾?g2f4 (7, 6)->(5, 5)  鐢ㄦ椂 0.74s (score=8 depth=4)
[ 56] 榛?d0e0 (0, 5)->(0, 4)  鐢ㄦ椂 0.61s (score=10 depth=5)
[ 57] 绾?h6h9 (3, 7)->(0, 7)  鐢ㄦ椂 0.65s (score=66 depth=4)
[ 58] 榛?a0b0 (0, 8)->(0, 7) 缈诲紑=鍗?鍚?r鐐?鐢ㄦ椂 0.86s (score=142.0 depth=6)
[ 59] 绾?d8d9 (1, 3)->(0, 3) 鍚?b棣?鐢ㄦ椂 1.54s (score=118 depth=6)
[ 60] 榛?e1f0 (1, 4)->(0, 3) 鍚?r杌?鐢ㄦ椂 1.22s (score=345 depth=8)
[ 61] 绾?h5h9 (4, 7)->(0, 7) 鍚?b鍗?鐢ㄦ椂 0.73s (score=39 depth=6)
[ 62] 榛?e0e1 (0, 4)->(1, 4)  鐢ㄦ椂 1.53s (score=-20 depth=7)
[ 63] 绾?h9d9 (0, 7)->(0, 3) 鍚?b澹?鐢ㄦ椂 0.74s (score=112 depth=6)
[ 64] 榛?i3i4 (3, 0)->(4, 0)  鐢ㄦ椂 0.82s (score=11 depth=7)
[ 65] 绾?b0d1 (9, 1)->(8, 3) 缈诲紑=浠?鐢ㄦ椂 0.95s (score=41 depth=6)
[ 66] 榛?i4i5 (4, 0)->(5, 0)  鐢ㄦ椂 1.52s (score=10 depth=7)
[ 67] 绾?d9f9 (0, 3)->(0, 5)  鐢ㄦ椂 0.80s (score=30 depth=6)
[ 68] 榛?i5i6 (5, 0)->(6, 0)  鐢ㄦ椂 1.12s (score=13 depth=7)
[ 69] 绾?f4g6 (5, 5)->(3, 6) 鍚?b鍗?鐢ㄦ椂 1.03s (score=85 depth=7)
[ 70] 榛?i6i7 (6, 0)->(7, 0)  鐢ㄦ椂 1.37s (score=13 depth=7)
[ 71] 绾?a0a2 (9, 0)->(7, 0) 缈诲紑=鍏?鍚?b鍗?鐢ㄦ椂 1.53s (score=98.38461538461539 depth=5)
[ 72] 榛?e2c0 (2, 4)->(0, 6)  鐢ㄦ椂 1.02s (score=-3 depth=7)
[ 73] 绾?f9g9 (0, 5)->(0, 6) 鍚?b璞?鐢ㄦ椂 1.50s (score=2 depth=6)
[ 74] 榛?g0e2 (0, 2)->(2, 4) 缈诲紑=杌?鐢ㄦ椂 1.44s (score=41 depth=8)
[ 75] 绾?g9g8 (0, 6)->(1, 6)  鐢ㄦ椂 0.69s (score=-6 depth=12)
[ 76] 榛?e1e0 (1, 4)->(0, 4)  鐢ㄦ椂 0.88s (score=20 depth=12)
[ 77] 绾?g8g9 (1, 6)->(0, 6)  鐢ㄦ椂 0.77s (score=6 depth=12)
[ 78] 榛?e0e1 (0, 4)->(1, 4)  鐢ㄦ椂 0.61s (score=-20 depth=12)

========================================================
瀵瑰眬缁撴灉
========================================================
鑳滆€? pypy57 (榛戞柟)
鍘熷洜: 绗?78 鐫€鍚庡眬闈㈢ 2 娆″嚭鐜? 绾㈡柟闀垮皢 (闂幆鍐呯孩鏂规瘡鐫€鍧囧皢鍐?, 鍒よ礋
鎬绘鏁? 78 鐫€, 鍏ㄥ眬澧欓挓 87.7s

鍙屾柟鐢ㄦ椂:
  pypy  (绾㈡柟):  39 鐫€  鎬荤敤鏃?   43.5s  骞冲潎  1.12s  鏈€闀?  1.56s
  pypy57 (榛戞柟):  39 鐫€  鎬荤敤鏃?   44.0s  骞冲潎  1.13s  鏈€闀?  1.55s

[*] 妫嬭氨宸蹭繚瀛? C:\Users\yimingwang218185\Desktop\jieqi_ai\tools\games\game_20260820_171221.json / .txt

缁堝眬妫嬬洏 (绾㈡柟鍦ㄤ笅):
    0 1 2 3 4 5 6 7 8
 0 | b? 路 路 路 路 路 r杌?路 路
 1 | 路 r鐩?路 路 b灏?路 路 路 路
 2 | 路 路 路 路 b杌?路 路 路 路
 3 | 路 路 路 路 路 路 r棣?路 路
 4 | 路 路 路 路 路 路 路 路 r鐩?
 5 | 路 路 r鍏?路 路 路 r鍏?路 路
 6 | 路 路 路 路 路 路 路 路 路
 7 | r鍏?路 路 路 r棣?路 路 路 路
 8 | 路 路 路 r浠?路 路 路 路 路
 9 | 路 路 路 r甯?路 路 路 r鍏?路
