[*] 瑁佸垽鍚姩: pypy 鎵х孩鍏堣(姣忕潃 1.5s) vs pypy57 鎵ч粦(姣忕潃 1.5s), 闅忔満绉嶅瓙 20260943
[engine_server] 灏辩华 (PyPy 3.11.13, engine=jieqi_engine)
[engine_server] 棰勭儹瀹屾垚
[engine_server] 灏辩华 (PyPy 3.11.13, engine=jieqi_engine_v57)
[engine_server] 棰勭儹瀹屾垚
[+] 寮曟搸瀛愯繘绋嬪氨缁?(PyPy: pypy3.EXE)
[+] 寮曟搸瀛愯繘绋嬪氨缁?(PyPy: pypy3.EXE)
[*] 绾㈡柟寮曟搸: pypy (miaosiSari 鍘熺増, alpha-beta)
[*] 榛戞柟寮曟搸: pypy57 (v5.7 鍩虹嚎, 鏃犻噸澶嶆劅鐭?
[  1] 绾?e3e4 (6, 4)->(5, 4) 缈诲紑=鍏?鐢ㄦ椂 1.47s (score=84 depth=5)
[  2] 榛?b2b9 (2, 7)->(9, 7) 缈诲紑=鍗?鍚?r鍏?鐢ㄦ椂 1.52s (score=157 depth=4)
[  3] 绾?i0h0 (9, 8)->(9, 7) 缈诲紑=鍏?鍚?b鍗?鐢ㄦ椂 0.74s (score=90.0 depth=5)
[  4] 榛?a3a4 (3, 8)->(4, 8) 缈诲紑=鐐?鐢ㄦ椂 0.99s (score=78 depth=5)
[  5] 绾?h2h5 (7, 7)->(4, 7) 缈诲紑=浠?鐢ㄦ椂 1.47s (score=60 depth=5)
[  6] 榛?c3c4 (3, 6)->(4, 6) 缈诲紑=鍗?鐢ㄦ椂 0.87s (score=75 depth=5)
[  7] 绾?a3a4 (6, 0)->(5, 0) 缈诲紑=杌?鐢ㄦ椂 1.52s (score=84 depth=5)
[  8] 榛?h0g2 (0, 1)->(2, 2) 缈诲紑=棣?鐢ㄦ椂 0.93s (score=40 depth=5)
[  9] 绾?b2b6 (7, 1)->(3, 1) 缈诲紑=棣?鐢ㄦ椂 1.13s (score=60 depth=5)
[ 10] 榛?a4a1 (4, 8)->(1, 8)  鐢ㄦ椂 0.80s (score=1 depth=5)
[ 11] 绾?a4c4 (5, 0)->(5, 2)  鐢ㄦ椂 1.07s (score=4 depth=5)
[ 12] 榛?a1e1 (1, 8)->(1, 4)  鐢ㄦ椂 0.86s (score=9 depth=5)
[ 13] 绾?i3i4 (6, 8)->(5, 8) 缈诲紑=鐩?鐢ㄦ椂 1.44s (score=68 depth=6)
[ 14] 榛?i3i4 (3, 0)->(4, 0) 缈诲紑=杌?鐢ㄦ椂 1.10s (score=69 depth=5)
[ 15] 绾?a0a5 (9, 0)->(4, 0) 缈诲紑=鍏?鍚?b杌?鐢ㄦ椂 0.80s (score=307.3636363636364 depth=6)
[ 16] 榛?c0a2 (0, 6)->(2, 8) 缈诲紑=鐐?鐢ㄦ椂 1.00s (score=37 depth=5)
[ 17] 绾?b0a2 (9, 1)->(7, 0) 缈诲紑=鐩?鐢ㄦ椂 1.55s (score=42 depth=5)
[ 18] 榛?e1e5 (1, 4)->(5, 4) 鍚?r鍏?鐢ㄦ椂 1.53s (score=54 depth=5)
[ 19] 绾?g0i2 (9, 6)->(7, 8) 缈诲紑=鍏?鐢ㄦ椂 1.53s (score=38 depth=5)
[ 20] 榛?e3e4 (3, 4)->(4, 4) 缈诲紑=鍗?鐢ㄦ椂 1.17s (score=75 depth=6)
[ 21] 绾?c4c6 (5, 2)->(3, 2) 鍚?b杌?鐢ㄦ椂 0.83s (score=82 depth=6)
[ 22] 榛?b0c2 (0, 7)->(2, 6) 缈诲紑=璞?鐢ㄦ椂 1.53s (score=43 depth=5)
[ 23] 绾?i4g2 (5, 8)->(7, 6)  鐢ㄦ椂 0.76s (score=-11 depth=6)
[ 24] 榛?e5e6 (5, 4)->(6, 4)  鐢ㄦ椂 1.54s (score=0 depth=5)
[ 25] 绾?b6c4 (3, 1)->(5, 2)  鐢ㄦ椂 0.72s (score=-17 depth=5)
[ 26] 榛?c2a4 (2, 6)->(4, 8)  鐢ㄦ椂 1.54s (score=11 depth=5)
[ 27] 绾?c4e3 (5, 2)->(6, 4) 鍚?b鐐?鐢ㄦ椂 1.39s (score=127 depth=6)
[ 28] 榛?a2e2 (2, 8)->(2, 4)  鐢ㄦ椂 1.54s (score=13 depth=5)
[ 29] 绾?c0e2 (9, 2)->(7, 4) 缈诲紑=浠?鐢ㄦ椂 1.53s (score=49 depth=5)
[ 30] 榛?e4e5 (4, 4)->(5, 4)  鐢ㄦ椂 1.05s (score=10 depth=5)
[ 31] 绾?g2e4 (7, 6)->(5, 4) 鍚?b鍗?鐢ㄦ椂 1.51s (score=55 depth=6)
[ 32] 榛?a4c6 (4, 8)->(6, 6) 鍚?r杌?鐢ㄦ椂 1.54s (score=105 depth=5)
[ 33] 绾?c3c4 (6, 2)->(5, 2) 缈诲紑=鐐?鐢ㄦ椂 1.45s (score=75 depth=6)
[ 34] 榛?h2h9 (2, 1)->(9, 1) 缈诲紑=澹?鐢ㄦ椂 0.78s (score=89 depth=5)
[ 35] 绾?c6c7 (3, 2)->(2, 2) 鍚?b棣?鐢ㄦ椂 1.52s (score=114 depth=5)
[ 36] 榛?e2e6 (2, 4)->(6, 4) 鍚?r棣?鐢ㄦ椂 1.06s (score=108 depth=7)
[ 37] 绾?d0e1 (9, 3)->(8, 4) 缈诲紑=棣?鐢ㄦ椂 0.86s (score=36 depth=6)
[ 38] 榛?g0e2 (0, 2)->(2, 4) 缈诲紑=棣?鐢ㄦ椂 1.52s (score=44 depth=5)
[ 39] 绾?e4g6 (5, 4)->(3, 6)  鐢ㄦ椂 0.92s (score=5 depth=5)
[ 40] 榛?e2f4 (2, 4)->(4, 3)  鐢ㄦ椂 0.74s (score=-3 depth=5)
[ 41] 绾?c7d7 (2, 2)->(2, 3)  鐢ㄦ椂 1.51s (score=7 depth=5)
[ 42] 榛?c6e8 (6, 6)->(8, 4) 鍚?r棣?鐢ㄦ椂 0.83s (score=97 depth=5)
[ 43] 绾?f0e1 (9, 5)->(8, 4) 缈诲紑=鐐?鍚?b璞?鐢ㄦ椂 1.02s (score=104 depth=5)
[ 44] 榛?e6e8 (6, 4)->(8, 4) 鍚?r鐐?鐢ㄦ椂 1.41s (score=134 depth=6)
[ 45] 绾?d7d5 (2, 3)->(4, 3) 鍚?b棣?鐢ㄦ椂 1.11s (score=120 depth=6)
[ 46] 榛?e8i8 (8, 4)->(8, 0)  鐢ㄦ椂 1.14s (score=-1 depth=6)
[ 47] 绾?c4e4 (5, 2)->(5, 4)  鐢ㄦ椂 1.53s (score=1 depth=5)
[ 48] 榛?i8i9 (8, 0)->(9, 0)  鐢ㄦ椂 0.93s (score=12 depth=6)
[ 49] 绾?e0e1 (9, 4)->(8, 4)  鐢ㄦ椂 0.78s (score=-20 depth=6)
[ 50] 榛?i9i4 (9, 0)->(4, 0) 鍚?r鍏?鐢ㄦ椂 0.84s (score=19 depth=6)
[ 51] 绾?d5e5 (4, 3)->(4, 4)  鐢ㄦ椂 1.16s (score=-2 depth=6)
[ 52] 榛?d0e1 (0, 5)->(1, 4) 缈诲紑=澹?鐢ㄦ椂 0.91s (score=34 depth=11)
[ 53] 绾?e5e8 (4, 4)->(1, 4) 鍚?b澹?鐢ㄦ椂 1.51s (score=123 depth=5)
[ 54] 榛?e0d0 (0, 4)->(0, 5)  鐢ㄦ椂 1.46s (score=-10 depth=8)
[ 55] 绾?e8e5 (1, 4)->(4, 4)  鐢ㄦ椂 0.76s (score=-18 depth=6)
[ 56] 榛?c4c5 (4, 6)->(5, 6)  鐢ㄦ椂 1.09s (score=17 depth=6)
[ 57] 绾?h5g4 (4, 7)->(5, 6) 鍚?b鍗?鐢ㄦ椂 1.03s (score=30 depth=6)
[ 58] 榛?i4i6 (4, 0)->(6, 0)  鐢ㄦ椂 1.51s (score=1 depth=5)
[ 59] 绾?e4e3 (5, 4)->(6, 4)  鐢ㄦ椂 1.42s (score=10 depth=6)
[ 60] 榛?i6i4 (6, 0)->(4, 0)  鐢ㄦ椂 0.83s (score=-1 depth=5)
[ 61] 绾?g6e4 (3, 6)->(5, 4)  鐢ㄦ椂 1.28s (score=-5 depth=6)
[ 62] 榛?i4i1 (4, 0)->(1, 0)  鐢ㄦ椂 0.65s (score=1 depth=5)
[ 63] 绾?e5e9 (4, 4)->(0, 4)  鐢ㄦ椂 1.24s (score=39 depth=6)
[ 64] 榛?d0d1 (0, 5)->(1, 5)  鐢ㄦ椂 1.35s (score=-20 depth=8)
[ 65] 绾?e9i9 (0, 4)->(0, 8) 鍚?b璞?鐢ㄦ椂 0.74s (score=105.0 depth=6)
[ 66] 榛?h9g8 (9, 1)->(8, 2)  鐢ㄦ椂 0.73s (score=-4 depth=6)
[ 67] 绾?e4c6 (5, 4)->(3, 2)  鐢ㄦ椂 0.93s (score=5 depth=6)
[ 68] 榛?g8f7 (8, 2)->(7, 3)  鐢ㄦ椂 0.67s (score=-8 depth=6)
[ 69] 绾?e1e0 (8, 4)->(9, 4)  鐢ㄦ椂 1.11s (score=20 depth=8)
[ 70] 榛?f7e6 (7, 3)->(6, 4) 鍚?r鐐?鐢ㄦ椂 0.92s (score=137 depth=7)
[ 71] 绾?c6a8 (3, 2)->(1, 0) 鍚?b鐐?鐢ㄦ椂 0.68s (score=121 depth=6)
[ 72] 榛?d1e1 (1, 5)->(1, 4)  鐢ㄦ椂 1.27s (score=10 depth=7)
[ 73] 绾?i9i8 (0, 8)->(1, 8)  鐢ㄦ椂 0.79s (score=-36 depth=6)
[ 74] 榛?e1e0 (1, 4)->(0, 4)  鐢ㄦ椂 1.08s (score=20 depth=7)
[ 75] 绾?i8i3 (1, 8)->(6, 8)  鐢ㄦ椂 1.15s (score=-6 depth=6)
[ 76] 榛?e6f7 (6, 4)->(7, 3)  鐢ㄦ椂 0.76s (score=3 depth=7)
[ 77] 绾?g4h5 (5, 6)->(4, 7)  鐢ㄦ椂 0.66s (score=7 depth=6)
[ 78] 榛?f7g8 (7, 3)->(8, 2)  鐢ㄦ椂 1.52s (score=8 depth=7)
[ 79] 绾?h5g6 (4, 7)->(3, 6)  鐢ㄦ椂 0.66s (score=6 depth=6)
[ 80] 榛?g8h7 (8, 2)->(7, 1)  鐢ㄦ椂 1.15s (score=10 depth=7)
[ 81] 绾?a8c6 (1, 0)->(3, 2)  鐢ㄦ椂 1.48s (score=5 depth=7)
[ 82] 榛?e0d0 (0, 4)->(0, 5)  鐢ㄦ椂 1.12s (score=-10 depth=8)
[ 83] 绾?i3f3 (6, 8)->(6, 5)  鐢ㄦ椂 0.79s (score=43 depth=6)
[ 84] 榛?d0e0 (0, 5)->(0, 4)  鐢ㄦ椂 1.35s (score=10 depth=8)
[ 85] 绾?f3f9 (6, 5)->(0, 5)  鐢ㄦ椂 1.55s (score=39 depth=5)
[ 86] 榛?e0d0 (0, 4)->(0, 5) 鍚?r杌?鐢ㄦ椂 1.52s (score=336 depth=8)
[ 87] 绾?e2f3 (7, 4)->(6, 5)  鐢ㄦ椂 1.00s (score=8 depth=7)
[ 88] 榛?i0i7 (0, 0)->(7, 0) 缈诲紑=鍗?鍚?r鐩?鐢ㄦ椂 1.47s (score=93.0 depth=8)
[ 89] 绾?g6h7 (3, 6)->(2, 7)  鐢ㄦ椂 1.42s (score=21 depth=8)
[ 90] 榛?i7i8 (7, 0)->(8, 0)  鐢ㄦ椂 0.96s (score=15 depth=9)
[ 91] 绾?i2i3 (7, 8)->(6, 8)  鐢ㄦ椂 0.98s (score=8 depth=8)
[ 92] 榛?i8h8 (8, 0)->(8, 1)  鐢ㄦ椂 0.95s (score=9 depth=9)
[ 93] 绾?i3i4 (6, 8)->(5, 8)  鐢ㄦ椂 0.66s (score=11 depth=7)
[ 94] 榛?h8g8 (8, 1)->(8, 2)  鐢ㄦ椂 1.31s (score=5 depth=9)
[ 95] 绾?i4i5 (5, 8)->(4, 8)  鐢ㄦ椂 1.04s (score=10 depth=8)
[ 96] 榛?g8f8 (8, 2)->(8, 3)  鐢ㄦ椂 1.51s (score=12 depth=8)
[ 97] 绾?i5h5 (4, 8)->(4, 7)  鐢ㄦ椂 0.75s (score=21 depth=7)
[ 98] 榛?h7g8 (7, 1)->(8, 2)  鐢ㄦ椂 1.54s (score=-10 depth=9)
[ 99] 绾?h7g8 (2, 7)->(1, 6)  鐢ㄦ椂 0.81s (score=-10 depth=8)
[100] 榛?d0d1 (0, 5)->(1, 5)  鐢ㄦ椂 0.83s (score=-20 depth=8)
[101] 绾?f3g4 (6, 5)->(5, 6)  鐢ㄦ椂 1.56s (score=6 depth=7)
[102] 榛?g8f7 (8, 2)->(7, 3)  鐢ㄦ椂 0.85s (score=-8 depth=10)
[103] 绾?g4f5 (5, 6)->(4, 5)  鐢ㄦ椂 1.55s (score=7 depth=9)
[104] 榛?f8e8 (8, 3)->(8, 4)  鐢ㄦ椂 0.88s (score=12 depth=9)
[105] 绾?e0f0 (9, 4)->(9, 5)  鐢ㄦ椂 1.53s (score=-10 depth=10)
[106] 榛?f7g8 (7, 3)->(8, 2)  鐢ㄦ椂 1.51s (score=8 depth=8)
[107] 绾?h5h6 (4, 7)->(3, 7)  鐢ㄦ椂 1.36s (score=2 depth=9)
[108] 榛?g8f9 (8, 2)->(9, 3)  鐢ㄦ椂 0.81s (score=16 depth=8)
[109] 绾?h6h7 (3, 7)->(2, 7)  鐢ㄦ椂 0.95s (score=17 depth=12)
[110] 榛?e8f8 (8, 4)->(8, 3)  鐢ㄦ椂 0.76s (score=-12 depth=8)
[111] 绾?h7g7 (2, 7)->(2, 6)  鐢ㄦ椂 0.34s (score=0 depth=12)
[112] 榛?f9e8 (9, 3)->(8, 4)  鐢ㄦ椂 0.12s (score=-9 depth=12)
[113] 绾?f0f1 (9, 5)->(8, 5)  鐢ㄦ椂 0.10s (score=-20 depth=12)
[114] 榛?f0e1 (0, 3)->(1, 4) 缈诲紑=鍗?鐢ㄦ椂 0.06s (score=36 depth=12)
[115] 绾?g7f7 (2, 6)->(2, 5)  鐢ㄦ椂 0.04s (score=5 depth=12)
[116] 榛?d1d2 (1, 5)->(2, 5) 鍚?r鍏?鐢ㄦ椂 0.03s (score=69 depth=12)
[117] 绾?g8f7 (1, 6)->(2, 5) 鍚?b灏?鐢ㄦ椂 0.00s (score=3696 depth=12)

========================================================
瀵瑰眬缁撴灉
========================================================
鑳滆€? pypy (绾㈡柟)
鍘熷洜: 绗?117 鐫€鍚冩帀 灏? 鑾疯儨
鎬绘鏁? 117 鐫€, 鍏ㄥ眬澧欓挓 125.6s

鍙屾柟鐢ㄦ椂:
  pypy  (绾㈡柟):  59 鐫€  鎬荤敤鏃?   63.1s  骞冲潎  1.07s  鏈€闀?  1.56s
  pypy57 (榛戞柟):  58 鐫€  鎬荤敤鏃?   62.2s  骞冲潎  1.07s  鏈€闀?  1.54s

[*] 妫嬭氨宸蹭繚瀛? C:\Users\yimingwang218185\Desktop\jieqi_ai\tools\games\game_20260820_171816.json / .txt

缁堝眬妫嬬洏 (绾㈡柟鍦ㄤ笅):
    0 1 2 3 4 5 6 7 8
 0 | 路 路 路 路 路 路 路 路 路
 1 | 路 路 路 路 b鍗?路 路 路 路
 2 | 路 路 路 路 路 r浠?路 路 路
 3 | 路 路 r鐩?路 路 路 路 路 路
 4 | 路 路 路 路 路 r浠?路 路 路
 5 | 路 路 路 路 路 路 路 路 路
 6 | 路 路 路 路 路 路 路 路 路
 7 | 路 路 路 路 路 路 路 路 路
 8 | 路 路 路 b鍗?b澹?r甯?路 路 路
 9 | 路 路 路 路 路 路 路 r鍏?路
