[*] 瑁佸垽鍚姩: pypy57 鎵х孩鍏堣(姣忕潃 1.5s) vs pypy 鎵ч粦(姣忕潃 1.5s), 闅忔満绉嶅瓙 20260944
[engine_server] 灏辩华 (PyPy 3.11.13, engine=jieqi_engine_v57)
[engine_server] 棰勭儹瀹屾垚
[engine_server] 灏辩华 (PyPy 3.11.13, engine=jieqi_engine)
[engine_server] 棰勭儹瀹屾垚
[+] 寮曟搸瀛愯繘绋嬪氨缁?(PyPy: pypy3.EXE)
[+] 寮曟搸瀛愯繘绋嬪氨缁?(PyPy: pypy3.EXE)
[*] 绾㈡柟寮曟搸: pypy57 (v5.7 鍩虹嚎, 鏃犻噸澶嶆劅鐭?
[*] 榛戞柟寮曟搸: pypy (miaosiSari 鍘熺増, alpha-beta)
[  1] 绾?e3e4 (6, 4)->(5, 4) 缈诲紑=棣?鐢ㄦ椂 1.53s (score=84 depth=4)
[  2] 榛?e3e4 (3, 4)->(4, 4) 缈诲紑=鍗?鐢ㄦ椂 0.91s (score=84 depth=4)
[  3] 绾?i3i4 (6, 8)->(5, 8) 缈诲紑=鍏?鐢ㄦ椂 1.06s (score=78 depth=5)
[  4] 榛?b2b9 (2, 7)->(9, 7) 缈诲紑=棣?鍚?r杌?鐢ㄦ椂 1.20s (score=157 depth=5)
[  5] 绾?i0h0 (9, 8)->(9, 7) 缈诲紑=杌?鍚?b棣?鐢ㄦ椂 1.53s (score=128.0 depth=4)
[  6] 榛?i3i4 (3, 0)->(4, 0) 缈诲紑=鍗?鐢ㄦ椂 1.55s (score=80 depth=4)
[  7] 绾?b2b9 (7, 1)->(0, 1) 缈诲紑=鐩?鍚?b杌?鐢ㄦ椂 1.53s (score=157 depth=5)
[  8] 榛?e4e5 (4, 4)->(5, 4) 鍚?r棣?鐢ㄦ椂 0.82s (score=132 depth=5)
[  9] 绾?h2h8 (7, 7)->(1, 7) 缈诲紑=鍏?鐢ㄦ椂 0.74s (score=71 depth=5)
[ 10] 榛?c3c4 (3, 6)->(4, 6) 缈诲紑=鍗?鐢ㄦ椂 1.41s (score=81 depth=6)
[ 11] 绾?c3c4 (6, 2)->(5, 2) 缈诲紑=棣?鐢ㄦ椂 1.15s (score=77 depth=6)
[ 12] 榛?c0e2 (0, 6)->(2, 4) 缈诲紑=鍗?鐢ㄦ椂 0.74s (score=52 depth=5)
[ 13] 绾?c4d6 (5, 2)->(3, 3)  鐢ㄦ椂 1.55s (score=14 depth=5)
[ 14] 榛?b0d1 (0, 7)->(1, 5) 缈诲紑=鐐?鐢ㄦ椂 0.88s (score=50 depth=5)
[ 15] 绾?d6c8 (3, 3)->(1, 2)  鐢ㄦ椂 1.43s (score=30 depth=6)
[ 16] 榛?d1f1 (1, 5)->(1, 3)  鐢ㄦ椂 1.12s (score=0 depth=7)
[ 17] 绾?c8a9 (1, 2)->(0, 0) 鍚?b棣?鐢ㄦ椂 1.20s (score=120.0 depth=6)
[ 18] 榛?h2h8 (2, 1)->(8, 1) 缈诲紑=鍗?鐢ㄦ椂 0.79s (score=72 depth=5)
[ 19] 绾?h8h9 (1, 7)->(0, 7)  鐢ㄦ椂 0.80s (score=0 depth=5)
[ 20] 榛?g3g4 (3, 2)->(4, 2) 缈诲紑=澹?鐢ㄦ椂 1.40s (score=82 depth=6)
[ 21] 绾?h9i9 (0, 7)->(0, 8) 鍚?b杌?鐢ㄦ椂 1.15s (score=148.0 depth=6)
[ 22] 榛?f1c1 (1, 3)->(1, 6)  鐢ㄦ椂 1.51s (score=0 depth=5)
[ 23] 绾?h0h6 (9, 7)->(3, 7)  鐢ㄦ椂 1.55s (score=6 depth=5)
[ 24] 榛?c1c6 (1, 6)->(6, 6) 鍚?r鐐?鐢ㄦ椂 1.44s (score=78 depth=6)
[ 25] 绾?d0e1 (9, 3)->(8, 4) 缈诲紑=浠?鐢ㄦ椂 0.71s (score=39 depth=5)
[ 26] 榛?f0e1 (0, 3)->(1, 4) 缈诲紑=璞?鐢ㄦ椂 0.62s (score=58 depth=5)
[ 27] 绾?h6i6 (3, 7)->(3, 8) 鍚?b澹?鐢ㄦ椂 1.04s (score=112 depth=6)
[ 28] 榛?c6a6 (6, 6)->(6, 8)  鐢ㄦ椂 0.98s (score=-3 depth=5)
[ 29] 绾?i6a6 (3, 8)->(3, 0)  鐢ㄦ椂 1.11s (score=0 depth=6)
[ 30] 榛?a6a9 (6, 8)->(9, 8)  鐢ㄦ椂 1.54s (score=69 depth=5)
[ 31] 绾?a9b7 (0, 0)->(2, 1)  鐢ㄦ椂 1.16s (score=-25 depth=6)
[ 32] 榛?h8h9 (8, 1)->(9, 1) 鍚?r浠?鐢ㄦ椂 1.43s (score=68 depth=6)
[ 33] 绾?a0b0 (9, 0)->(9, 1) 缈诲紑=鍏?鍚?b鍗?鐢ㄦ椂 1.45s (score=110.42857142857143 depth=7)
[ 34] 榛?g4h5 (4, 2)->(5, 1)  鐢ㄦ椂 0.88s (score=7 depth=6)
[ 35] 绾?b7c9 (2, 1)->(0, 2) 鍚?b鐐?鐢ㄦ椂 1.31s (score=101 depth=7)
[ 36] 榛?e2e3 (2, 4)->(3, 4)  鐢ㄦ椂 0.85s (score=10 depth=6)
[ 37] 绾?c9d7 (0, 2)->(2, 3)  鐢ㄦ椂 0.84s (score=15 depth=7)
[ 38] 榛?e0f0 (0, 4)->(0, 3)  鐢ㄦ椂 1.42s (score=-10 depth=8)
[ 39] 绾?a6e6 (3, 0)->(3, 4) 鍚?b鍗?鐢ㄦ椂 0.73s (score=21 depth=6)
[ 40] 榛?h5i6 (5, 1)->(6, 0) 鍚?r鐐?鐢ㄦ椂 1.08s (score=85 depth=6)
[ 41] 绾?e6f6 (3, 4)->(3, 5)  鐢ㄦ椂 0.77s (score=33 depth=6)
[ 42] 榛?e5e6 (5, 4)->(6, 4)  鐢ㄦ椂 0.93s (score=21 depth=6)
[ 43] 绾?f6f9 (3, 5)->(0, 5) 鍚?b璞?鐢ㄦ椂 0.87s (score=94 depth=6)
[ 44] 榛?f0f1 (0, 3)->(1, 3)  鐢ㄦ椂 1.25s (score=-20 depth=7)
[ 45] 绾?e1f2 (8, 4)->(7, 5)  鐢ㄦ椂 1.03s (score=-5 depth=6)
[ 46] 榛?e1c3 (1, 4)->(3, 6)  鐢ㄦ椂 1.08s (score=35 depth=7)
[ 47] 绾?i4i5 (5, 8)->(4, 8)  鐢ㄦ椂 1.04s (score=10 depth=6)
[ 48] 榛?c3e5 (3, 6)->(5, 4)  鐢ㄦ椂 0.93s (score=5 depth=6)
[ 49] 绾?f2e3 (7, 5)->(6, 4) 鍚?b鍗?鐢ㄦ椂 1.48s (score=53 depth=7)
[ 50] 榛?e5c7 (5, 4)->(7, 6)  鐢ㄦ椂 1.52s (score=5 depth=6)
[ 51] 绾?e0e1 (9, 4)->(8, 4)  鐢ㄦ椂 1.33s (score=-20 depth=7)
[ 52] 榛?i6h7 (6, 0)->(7, 1)  鐢ㄦ椂 1.02s (score=26 depth=6)
[ 53] 绾?c0e2 (9, 2)->(7, 4) 缈诲紑=鍏?鐢ㄦ椂 0.82s (score=47 depth=6)
[ 54] 榛?h7g8 (7, 1)->(8, 2)  鐢ㄦ椂 0.92s (score=-10 depth=6)
[ 55] 绾?g0i2 (9, 6)->(7, 8) 缈诲紑=鍏?鐢ㄦ椂 1.52s (score=48 depth=6)
[ 56] 榛?a9a4 (9, 8)->(4, 8) 鍚?r鍏?鐢ㄦ椂 0.93s (score=-6 depth=6)
[ 57] 绾?i2i3 (7, 8)->(6, 8)  鐢ㄦ椂 1.09s (score=8 depth=6)
[ 58] 榛?c4c5 (4, 6)->(5, 6)  鐢ㄦ椂 1.55s (score=17 depth=6)
[ 59] 绾?i3i4 (6, 8)->(5, 8)  鐢ㄦ椂 1.29s (score=11 depth=6)
[ 60] 榛?c7a5 (7, 6)->(5, 8) 鍚?r鍏?鐢ㄦ椂 1.51s (score=14 depth=6)
[ 61] 绾?f9f8 (0, 5)->(1, 5)  鐢ㄦ椂 1.50s (score=-7 depth=6)
[ 62] 榛?f1f0 (1, 3)->(0, 3)  鐢ㄦ椂 1.48s (score=20 depth=8)
[ 63] 绾?f8e8 (1, 5)->(1, 4)  鐢ㄦ椂 1.09s (score=-16 depth=6)
[ 64] 榛?g8f9 (8, 2)->(9, 3)  鐢ㄦ椂 0.96s (score=16 depth=7)
[ 65] 绾?e1f1 (8, 4)->(8, 5)  鐢ㄦ椂 0.96s (score=-10 depth=8)
[ 66] 榛?a4a1 (4, 8)->(1, 8)  鐢ㄦ椂 0.91s (score=1 depth=7)
[ 67] 绾?e8i8 (1, 4)->(1, 8) 鍚?b鐐?鐢ㄦ椂 0.92s (score=103 depth=7)
[ 68] 榛?a5c3 (5, 8)->(3, 6)  鐢ㄦ椂 0.75s (score=0 depth=6)
[ 69] 绾?i8c8 (1, 8)->(1, 2)  鐢ㄦ椂 0.70s (score=2 depth=6)
[ 70] 榛?c5c6 (5, 6)->(6, 6)  鐢ㄦ椂 0.85s (score=10 depth=7)
[ 71] 绾?d7b8 (2, 3)->(1, 1)  鐢ㄦ椂 0.91s (score=-9 depth=6)
[ 72] 榛?f0e0 (0, 3)->(0, 4)  鐢ㄦ椂 1.05s (score=10 depth=8)
[ 73] 绾?c8c0 (1, 2)->(9, 2)  鐢ㄦ椂 1.53s (score=-8 depth=7)
[ 74] 榛?c6c7 (6, 6)->(7, 6)  鐢ㄦ椂 1.51s (score=27 depth=7)
[ 75] 绾?c0d0 (9, 2)->(9, 3) 鍚?b澹?鐢ㄦ椂 1.08s (score=153 depth=7)
[ 76] 榛?c7c8 (7, 6)->(8, 6)  鐢ㄦ椂 1.19s (score=15 depth=9)
[ 77] 绾?f1e1 (8, 5)->(8, 4)  鐢ㄦ椂 1.30s (score=10 depth=8)
[ 78] 榛?c8c9 (8, 6)->(9, 6)  鐢ㄦ椂 0.86s (score=-4 depth=7)
[ 79] 绾?e1f1 (8, 4)->(8, 5)  鐢ㄦ椂 1.16s (score=-10 depth=7)
[ 80] 榛?c9d9 (9, 6)->(9, 5) 鍚?r鐩?鐢ㄦ椂 1.14s (score=76 depth=8)
[ 81] 绾?f1f0 (8, 5)->(9, 5) 鍚?b鍗?鐢ㄦ椂 0.65s (score=107 depth=6)
[ 82] 榛?e0e1 (0, 4)->(1, 4)  鐢ㄦ椂 0.74s (score=-20 depth=7)
[ 83] 绾?b8d7 (1, 1)->(2, 3)  鐢ㄦ椂 0.64s (score=9 depth=6)
[ 84] 榛?i4i5 (4, 0)->(5, 0)  鐢ㄦ椂 0.97s (score=10 depth=8)
[ 85] 绾?d7f6 (2, 3)->(3, 5)  鐢ㄦ椂 0.76s (score=0 depth=6)
[ 86] 榛?e1d1 (1, 4)->(1, 5)  鐢ㄦ椂 0.94s (score=-10 depth=8)
[ 87] 绾?e3f2 (6, 4)->(7, 5)  鐢ㄦ椂 1.32s (score=7 depth=7)
[ 88] 榛?i5i6 (5, 0)->(6, 0)  鐢ㄦ椂 1.53s (score=13 depth=7)
[ 89] 绾?f6g8 (3, 5)->(1, 6)  鐢ㄦ椂 0.75s (score=30 depth=6)
[ 90] 榛?d1e1 (1, 5)->(1, 4)  鐢ㄦ椂 1.51s (score=10 depth=7)
[ 91] 绾?d0d3 (9, 3)->(6, 3)  鐢ㄦ椂 1.34s (score=5 depth=6)
[ 92] 榛?i6i7 (6, 0)->(7, 0)  鐢ㄦ椂 0.78s (score=13 depth=7)
[ 93] 绾?d3a3 (6, 3)->(6, 0)  鐢ㄦ椂 1.11s (score=-43 depth=6)
[ 94] 榛?e1d1 (1, 4)->(1, 5)  鐢ㄦ椂 1.52s (score=-10 depth=7)
[ 95] 绾?a3a8 (6, 0)->(1, 0)  鐢ㄦ椂 1.53s (score=6 depth=6)
[ 96] 榛?c3e1 (3, 6)->(1, 4)  鐢ㄦ椂 1.01s (score=-35 depth=8)
[ 97] 绾?a8a2 (1, 0)->(7, 0) 鍚?b鍗?鐢ㄦ椂 1.36s (score=48 depth=7)
[ 98] 榛?e1c3 (1, 4)->(3, 6)  鐢ㄦ椂 1.08s (score=35 depth=8)
[ 99] 绾?a2a8 (7, 0)->(1, 0)  鐢ㄦ椂 0.62s (score=12 depth=6)
[100] 榛?d1d2 (1, 5)->(2, 5)  鐢ㄦ椂 0.90s (score=-10 depth=8)
[101] 绾?g8e9 (1, 6)->(0, 4)  鐢ㄦ椂 1.01s (score=-45 depth=7)
[102] 榛?d2e2 (2, 5)->(2, 4)  鐢ㄦ椂 0.81s (score=10 depth=12)
[103] 绾?f2g3 (7, 5)->(6, 6)  鐢ㄦ椂 0.64s (score=-11 depth=6)
[104] 榛?c3e5 (3, 6)->(5, 4)  鐢ㄦ椂 0.04s (score=5 depth=12)
[105] 绾?e9g8 (0, 4)->(1, 6)  鐢ㄦ椂 0.01s (score=45 depth=12)
[106] 榛?e5g7 (5, 4)->(7, 2)  鐢ㄦ椂 0.01s (score=5 depth=12)
[107] 绾?g8e7 (1, 6)->(2, 4) 鍚?b灏?鐢ㄦ椂 0.00s (score=3696 depth=12)

========================================================
瀵瑰眬缁撴灉
========================================================
鑳滆€? pypy57 (绾㈡柟)
鍘熷洜: 绗?107 鐫€鍚冩帀 灏? 鑾疯儨
鎬绘鏁? 107 鐫€, 鍏ㄥ眬澧欓挓 114.6s

鍙屾柟鐢ㄦ椂:
  pypy57 (绾㈡柟):  54 鐫€  鎬荤敤鏃?   57.7s  骞冲潎  1.07s  鏈€闀?  1.55s
  pypy  (榛戞柟):  53 鐫€  鎬荤敤鏃?   56.7s  骞冲潎  1.07s  鏈€闀?  1.55s

[*] 妫嬭氨宸蹭繚瀛? C:\Users\yimingwang218185\Desktop\jieqi_ai\tools\games\game_20260820_172011.json / .txt

缁堝眬妫嬬洏 (绾㈡柟鍦ㄤ笅):
    0 1 2 3 4 5 6 7 8
 0 | 路 r鐩?路 路 路 路 路 路 r鍏?
 1 | r杌?路 路 路 路 路 路 路 路
 2 | 路 路 路 路 r棣?路 路 路 路
 3 | 路 路 路 路 路 路 路 路 路
 4 | 路 路 路 路 路 路 路 路 路
 5 | 路 路 路 路 路 路 路 路 路
 6 | 路 路 路 路 路 路 r浠?路 路
 7 | 路 路 b璞?路 r鍏?路 路 路 路
 8 | 路 路 路 路 路 路 路 路 路
 9 | 路 r鍏?路 路 路 r甯?路 路 路
