[*] 瑁佸垽鍚姩: pypy 鎵х孩鍏堣(姣忕潃 1.5s) vs pypy57 鎵ч粦(姣忕潃 1.5s), 闅忔満绉嶅瓙 20260941
[engine_server] 灏辩华 (PyPy 3.11.13, engine=jieqi_engine)
[engine_server] 棰勭儹瀹屾垚
[engine_server] 灏辩华 (PyPy 3.11.13, engine=jieqi_engine_v57)
[engine_server] 棰勭儹瀹屾垚
[+] 寮曟搸瀛愯繘绋嬪氨缁?(PyPy: pypy3.EXE)
[+] 寮曟搸瀛愯繘绋嬪氨缁?(PyPy: pypy3.EXE)
[*] 绾㈡柟寮曟搸: pypy (miaosiSari 鍘熺増, alpha-beta)
[*] 榛戞柟寮曟搸: pypy57 (v5.7 鍩虹嚎, 鏃犻噸澶嶆劅鐭?
[  1] 绾?e3e4 (6, 4)->(5, 4) 缈诲紑=浠?鐢ㄦ椂 1.53s (score=84 depth=4)
[  2] 榛?a3a4 (3, 8)->(4, 8) 缈诲紑=棣?鐢ㄦ椂 0.82s (score=78 depth=3)
[  3] 绾?a3a4 (6, 0)->(5, 0) 缈诲紑=鍏?鐢ㄦ椂 1.53s (score=79 depth=4)
[  4] 榛?b2b9 (2, 7)->(9, 7) 缈诲紑=璞?鍚?r杌?鐢ㄦ椂 0.70s (score=160 depth=4)
[  5] 绾?c3c4 (6, 2)->(5, 2) 缈诲紑=棣?鐢ㄦ椂 0.76s (score=79 depth=5)
[  6] 榛?c3c4 (3, 6)->(4, 6) 缈诲紑=鍗?鐢ㄦ椂 0.92s (score=76 depth=5)
[  7] 绾?b2b9 (7, 1)->(0, 1) 缈诲紑=鍏?鍚?b鍗?鐢ㄦ椂 0.92s (score=165 depth=5)
[  8] 榛?i0h0 (0, 0)->(0, 1) 缈诲紑=鐐?鍚?r鍏?鐢ㄦ椂 1.45s (score=96.72727272727272 depth=6)
[  9] 绾?i3i4 (6, 8)->(5, 8) 缈诲紑=鐐?鐢ㄦ椂 1.52s (score=82 depth=4)
[ 10] 榛?a4c3 (4, 8)->(3, 6)  鐢ㄦ椂 1.52s (score=8 depth=4)
[ 11] 绾?e4f5 (5, 4)->(4, 5)  鐢ㄦ椂 0.93s (score=7 depth=4)
[ 12] 榛?a0a5 (0, 8)->(5, 8) 缈诲紑=鍗?鍚?r鐐?鐢ㄦ椂 0.74s (score=155.45454545454544 depth=4)
[ 13] 绾?f5g6 (4, 5)->(3, 6) 鍚?b棣?鐢ㄦ椂 1.39s (score=124 depth=5)
[ 14] 榛?g3g4 (3, 2)->(4, 2) 缈诲紑=澹?鐢ㄦ椂 0.80s (score=83 depth=5)
[ 15] 绾?h2h8 (7, 7)->(1, 7) 缈诲紑=鍏?鐢ㄦ椂 1.40s (score=76 depth=5)
[ 16] 榛?h2h8 (2, 1)->(8, 1) 缈诲紑=鍗?鐢ㄦ椂 1.52s (score=78 depth=5)
[ 17] 绾?h8h9 (1, 7)->(0, 7) 鍚?b棣?鐢ㄦ椂 1.49s (score=87 depth=6)
[ 18] 榛?c0e2 (0, 6)->(2, 4) 缈诲紑=杌?鐢ㄦ椂 1.52s (score=54 depth=5)
[ 19] 绾?c0e2 (9, 2)->(7, 4) 缈诲紑=鐩?鐢ㄦ椂 1.53s (score=48 depth=5)
[ 20] 榛?h8h9 (8, 1)->(9, 1) 鍚?r鍏?鐢ㄦ椂 1.48s (score=82 depth=7)
[ 21] 绾?a0b0 (9, 0)->(9, 1) 缈诲紑=杌?鍚?b鍗?鐢ㄦ椂 1.30s (score=67.625 depth=6)
[ 22] 榛?h0h5 (0, 1)->(5, 1)  鐢ㄦ椂 1.40s (score=0 depth=6)
[ 23] 绾?d0e1 (9, 3)->(8, 4) 缈诲紑=棣?鐢ㄦ椂 1.32s (score=36 depth=6)
[ 24] 榛?g0i2 (0, 2)->(2, 0) 缈诲紑=杌?鐢ㄦ椂 1.17s (score=37 depth=6)
[ 25] 绾?g0i2 (9, 6)->(7, 8) 缈诲紑=鐩?鐢ㄦ椂 0.77s (score=36 depth=5)
[ 26] 榛?h5h3 (5, 1)->(3, 1)  鐢ㄦ椂 1.53s (score=0 depth=5)
[ 27] 绾?g6h5 (3, 6)->(4, 7)  鐢ㄦ椂 0.81s (score=-6 depth=5)
[ 28] 榛?e2b2 (2, 4)->(2, 7)  鐢ㄦ椂 0.93s (score=2 depth=5)
[ 29] 绾?h5i4 (4, 7)->(5, 8) 鍚?b鍗?鐢ㄦ椂 1.55s (score=25 depth=5)
[ 30] 榛?b2b0 (2, 7)->(0, 7) 鍚?r鍏?鐢ㄦ椂 0.85s (score=86 depth=5)
[ 31] 绾?b0d0 (9, 1)->(9, 3)  鐢ㄦ椂 1.04s (score=36 depth=5)
[ 32] 榛?h3h4 (3, 1)->(4, 1)  鐢ㄦ椂 0.67s (score=0 depth=4)
[ 33] 绾?d0d8 (9, 3)->(1, 3)  鐢ㄦ椂 1.53s (score=7 depth=4)
[ 34] 榛?i2a2 (2, 0)->(2, 8)  鐢ㄦ椂 0.73s (score=0 depth=4)
[ 35] 绾?e0d0 (9, 4)->(9, 3)  鐢ㄦ椂 1.07s (score=-10 depth=5)
[ 36] 榛?a2a5 (2, 8)->(5, 8) 鍚?r浠?鐢ㄦ椂 1.49s (score=83 depth=6)
[ 37] 绾?d8d9 (1, 3)->(0, 3) 鍚?b鐐?鐢ㄦ椂 1.03s (score=44 depth=6)
[ 38] 榛?e0e1 (0, 4)->(1, 4)  鐢ㄦ椂 0.75s (score=-20 depth=7)
[ 39] 绾?d9d8 (0, 3)->(1, 3)  鐢ㄦ椂 1.53s (score=3 depth=5)
[ 40] 榛?e1e2 (1, 4)->(2, 4)  鐢ㄦ椂 1.22s (score=-10 depth=6)
[ 41] 绾?d8d7 (1, 3)->(2, 3)  鐢ㄦ椂 1.52s (score=0 depth=5)
[ 42] 榛?e2e1 (2, 4)->(1, 4)  鐢ㄦ椂 0.77s (score=10 depth=7)
[ 43] 绾?e1g2 (8, 4)->(7, 6)  鐢ㄦ椂 1.53s (score=15 depth=-2)
[ 44] 榛?e3e4 (3, 4)->(4, 4) 缈诲紑=鍗?鐢ㄦ椂 1.54s (score=63 depth=5)
[ 45] 绾?d7d8 (2, 3)->(1, 3)  鐢ㄦ椂 1.55s (score=0 depth=5)
[ 46] 榛?e1e2 (1, 4)->(2, 4)  鐢ㄦ椂 1.44s (score=-10 depth=6)
[ 47] 绾?d8d7 (1, 3)->(2, 3)  鐢ㄦ椂 1.56s (score=0 depth=5)
[ 48] 榛?e2e1 (2, 4)->(1, 4)  鐢ㄦ椂 1.22s (score=10 depth=7)

========================================================
瀵瑰眬缁撴灉
========================================================
鑳滆€? pypy57 (榛戞柟)
鍘熷洜: 绗?48 鐫€鍚庡眬闈㈢ 2 娆″嚭鐜? 绾㈡柟闀垮皢 (闂幆鍐呯孩鏂规瘡鐫€鍧囧皢鍐?, 鍒よ礋
鎬绘鏁? 48 鐫€, 鍏ㄥ眬澧欓挓 58.4s

鍙屾柟鐢ㄦ椂:
  pypy  (绾㈡柟):  24 鐫€  鎬荤敤鏃?   31.1s  骞冲潎  1.30s  鏈€闀?  1.56s
  pypy57 (榛戞柟):  24 鐫€  鎬荤敤鏃?   27.2s  骞冲潎  1.13s  鏈€闀?  1.54s

[*] 妫嬭氨宸蹭繚瀛? C:\Users\yimingwang218185\Desktop\jieqi_ai\tools\games\game_20260820_171511.json / .txt

缁堝眬妫嬬洏 (绾㈡柟鍦ㄤ笅):
    0 1 2 3 4 5 6 7 8
 0 | 路 路 路 路 路 b? 路 b杌?路
 1 | 路 路 路 路 b灏?路 路 路 路
 2 | 路 路 路 r杌?路 路 路 路 路
 3 | b? 路 路 路 路 路 路 路 路
 4 | 路 b鐐?b澹?路 b鍗?路 b鍗?路 路
 5 | r鍏?路 r棣?路 路 路 路 路 b杌?
 6 | 路 路 路 路 路 路 r? 路 路
 7 | 路 路 路 路 r鐩?路 r棣?路 r鐩?
 8 | 路 路 路 路 路 路 路 路 路
 9 | 路 路 路 r甯?路 r? 路 b璞?r?
