[*] 瑁佸垽鍚姩: pypy 鎵х孩鍏堣(姣忕潃 1.5s) vs pypy57 鎵ч粦(姣忕潃 1.5s), 闅忔満绉嶅瓙 20260937
[engine_server] 灏辩华 (PyPy 3.11.13, engine=jieqi_engine)
[engine_server] 棰勭儹瀹屾垚
[engine_server] 灏辩华 (PyPy 3.11.13, engine=jieqi_engine_v57)
[engine_server] 棰勭儹瀹屾垚
[+] 寮曟搸瀛愯繘绋嬪氨缁?(PyPy: pypy3.EXE)
[+] 寮曟搸瀛愯繘绋嬪氨缁?(PyPy: pypy3.EXE)
[*] 绾㈡柟寮曟搸: pypy (miaosiSari 鍘熺増, alpha-beta)
[*] 榛戞柟寮曟搸: pypy57 (v5.7 鍩虹嚎, 鏃犻噸澶嶆劅鐭?
[  1] 绾?e3e4 (6, 4)->(5, 4) 缈诲紑=鐐?鐢ㄦ椂 1.33s (score=84 depth=5)
[  2] 榛?b2e2 (2, 7)->(2, 4) 缈诲紑=棣?鐢ㄦ椂 1.16s (score=41 depth=5)
[  3] 绾?e4e1 (5, 4)->(8, 4)  鐢ㄦ椂 1.37s (score=5 depth=5)
[  4] 榛?a3a4 (3, 8)->(4, 8) 缈诲紑=鐐?鐢ㄦ椂 1.51s (score=78 depth=4)
[  5] 绾?b2b9 (7, 1)->(0, 1) 缈诲紑=棣?鍚?b鍗?鐢ㄦ椂 1.55s (score=149 depth=4)
[  6] 榛?a4a9 (4, 8)->(9, 8) 鍚?r鐐?鐢ㄦ椂 1.51s (score=163.69230769230768 depth=5)
[  7] 绾?g0e2 (9, 6)->(7, 4) 缈诲紑=鍏?鐢ㄦ椂 0.84s (score=37 depth=5)
[  8] 榛?i3i4 (3, 0)->(4, 0) 缈诲紑=璞?鐢ㄦ椂 0.57s (score=78 depth=4)
[  9] 绾?e1e6 (8, 4)->(3, 4) 鍚?b澹?鐢ㄦ椂 0.73s (score=75 depth=5)
[ 10] 榛?d0e1 (0, 5)->(1, 4) 缈诲紑=鍗?鐢ㄦ椂 1.28s (score=32 depth=6)
[ 11] 绾?c3c4 (6, 2)->(5, 2) 缈诲紑=杌?鐢ㄦ椂 0.99s (score=76 depth=5)
[ 12] 榛?c3c4 (3, 6)->(4, 6) 缈诲紑=鍗?鐢ㄦ椂 0.79s (score=77 depth=5)
[ 13] 绾?c4c6 (5, 2)->(3, 2) 鍚?b棣?鐢ㄦ椂 1.19s (score=89 depth=5)
[ 14] 榛?g0i2 (0, 2)->(2, 0) 缈诲紑=鍗?鐢ㄦ椂 0.60s (score=41 depth=4)
[ 15] 绾?e6e3 (3, 4)->(6, 4)  鐢ㄦ椂 0.98s (score=10 depth=5)
[ 16] 榛?b0c2 (0, 7)->(2, 6) 缈诲紑=澹?鐢ㄦ椂 1.29s (score=46 depth=5)
[ 17] 绾?a3a4 (6, 0)->(5, 0) 缈诲紑=鍏?鐢ㄦ椂 0.81s (score=63 depth=4)
[ 18] 榛?a0a6 (0, 8)->(6, 8) 缈诲紑=鍗?鍚?r鍏?鐢ㄦ椂 0.76s (score=89.5 depth=5)
[ 19] 绾?c6c9 (3, 2)->(0, 2)  鐢ㄦ椂 1.53s (score=36 depth=4)
[ 20] 榛?a6b6 (6, 8)->(6, 7)  鐢ㄦ椂 1.53s (score=10 depth=4)
[ 21] 绾?a4a5 (5, 0)->(4, 0) 鍚?b璞?鐢ㄦ椂 1.43s (score=70 depth=5)
[ 22] 榛?h2h8 (2, 1)->(8, 1) 缈诲紑=鐐?鐢ㄦ椂 0.72s (score=76 depth=4)
[ 23] 绾?c9c1 (0, 2)->(8, 2)  鐢ㄦ椂 1.44s (score=-42 depth=5)
[ 24] 榛?h8h6 (8, 1)->(6, 1)  鐢ㄦ椂 1.52s (score=-9 depth=5)
[ 25] 绾?c1i1 (8, 2)->(8, 8)  鐢ㄦ椂 1.26s (score=-6 depth=5)
[ 26] 榛?h6c6 (6, 1)->(6, 6) 鍚?r鐩?鐢ㄦ椂 1.53s (score=71 depth=5)
[ 27] 绾?h2g2 (7, 7)->(7, 6) 缈诲紑=杌?鐢ㄦ椂 1.49s (score=34 depth=7)
[ 28] 榛?c6c5 (6, 6)->(5, 6)  鐢ㄦ椂 0.84s (score=-3 depth=5)
[ 29] 绾?i1i0 (8, 8)->(9, 8) 鍚?b鐐?鐢ㄦ椂 1.22s (score=199 depth=5)
[ 30] 榛?b6b7 (6, 7)->(7, 7)  鐢ㄦ椂 0.70s (score=17 depth=5)
[ 31] 绾?g2g1 (7, 6)->(8, 6)  鐢ㄦ椂 0.72s (score=2 depth=5)
[ 32] 榛?b7b8 (7, 7)->(8, 7)  鐢ㄦ椂 0.76s (score=10 depth=5)
[ 33] 绾?g1g2 (8, 6)->(7, 6)  鐢ㄦ椂 0.75s (score=-2 depth=5)
[ 34] 榛?i0h0 (0, 0)->(0, 1) 缈诲紑=杌?鍚?r棣?鐢ㄦ椂 0.99s (score=78.0 depth=5)
[ 35] 绾?i0i4 (9, 8)->(5, 8)  鐢ㄦ椂 0.99s (score=4 depth=5)
[ 36] 榛?h0h5 (0, 1)->(5, 1)  鐢ㄦ椂 1.39s (score=5 depth=5)
[ 37] 绾?i4h4 (5, 8)->(5, 7)  鐢ㄦ椂 1.14s (score=-6 depth=5)
[ 38] 榛?b8b9 (8, 7)->(9, 7) 鍚?r鍏?鐢ㄦ椂 1.53s (score=48 depth=5)
[ 39] 绾?h4h0 (5, 7)->(9, 7) 鍚?b鍗?鐢ㄦ椂 1.52s (score=88 depth=5)
[ 40] 榛?h5e5 (5, 1)->(5, 4)  鐢ㄦ椂 1.54s (score=4 depth=5)
[ 41] 绾?h0h9 (9, 7)->(0, 7)  鐢ㄦ椂 1.52s (score=42 depth=5)
[ 42] 榛?c2d1 (2, 6)->(1, 5)  鐢ㄦ椂 0.98s (score=4 depth=5)
[ 43] 绾?f0e1 (9, 5)->(8, 4) 缈诲紑=鐩?鐢ㄦ椂 0.67s (score=29 depth=4)
[ 44] 榛?e2f4 (2, 4)->(4, 3)  鐢ㄦ椂 1.53s (score=-3 depth=5)
[ 45] 绾?b0c2 (9, 1)->(7, 2) 缈诲紑=鍏?鐢ㄦ椂 0.87s (score=27 depth=5)
[ 46] 榛?f4e6 (4, 3)->(6, 4) 鍚?r鐐?鐢ㄦ椂 1.51s (score=138 depth=5)
[ 47] 绾?e2e3 (7, 4)->(6, 4) 鍚?b棣?鐢ㄦ椂 1.50s (score=130 depth=6)
[ 48] 榛?e5e6 (5, 4)->(6, 4) 鍚?r鍏?鐢ㄦ椂 1.08s (score=16 depth=6)
[ 49] 绾?g2f2 (7, 6)->(7, 5)  鐢ㄦ椂 0.65s (score=45 depth=5)
[ 50] 榛?c5e5 (5, 6)->(5, 4)  鐢ㄦ椂 1.04s (score=4 depth=6)
[ 51] 绾?c0e2 (9, 2)->(7, 4) 缈诲紑=浠?鐢ㄦ椂 1.52s (score=36 depth=5)
[ 52] 榛?e5e7 (5, 4)->(7, 4) 鍚?r浠?鐢ㄦ椂 0.94s (score=53 depth=6)
[ 53] 绾?e0f0 (9, 4)->(9, 5)  鐢ㄦ椂 1.01s (score=-10 depth=6)
[ 54] 榛?e1e2 (1, 4)->(2, 4)  鐢ㄦ椂 0.67s (score=15 depth=5)
[ 55] 绾?f2f8 (7, 5)->(1, 5) 鍚?b澹?鐢ㄦ椂 1.52s (score=69 depth=7)
[ 56] 榛?e6d6 (6, 4)->(6, 5)  鐢ㄦ椂 0.69s (score=33 depth=7)
[ 57] 绾?f8f3 (1, 5)->(6, 5) 鍚?b杌?鐢ㄦ椂 1.51s (score=307 depth=9)
[ 58] 榛?e2e3 (2, 4)->(3, 4)  鐢ㄦ椂 1.50s (score=10 depth=9)
[ 59] 绾?h9g9 (0, 7)->(0, 6) 鍚?b杌?鐢ㄦ椂 0.60s (score=78 depth=12)
[ 60] 榛?e0e1 (0, 4)->(1, 4)  鐢ㄦ椂 1.53s (score=-20 depth=11)
[ 61] 绾?f3f8 (6, 5)->(1, 5)  鐢ㄦ椂 0.45s (score=2 depth=12)
[ 62] 榛?e1e2 (1, 4)->(2, 4)  鐢ㄦ椂 1.54s (score=-10 depth=11)
[ 63] 绾?g9g7 (0, 6)->(2, 6)  鐢ㄦ椂 0.01s (score=-6 depth=12)
[ 64] 榛?e7f7 (7, 4)->(7, 3)  鐢ㄦ椂 0.01s (score=-1 depth=12)
[ 65] 绾?g7e7 (2, 6)->(2, 4) 鍚?b灏?鐢ㄦ椂 0.01s (score=3696 depth=12)

========================================================
瀵瑰眬缁撴灉
========================================================
鑳滆€? pypy (绾㈡柟)
鍘熷洜: 绗?65 鐫€鍚冩帀 灏? 鑾疯儨
鎬绘鏁? 65 鐫€, 鍏ㄥ眬澧欓挓 70.8s

鍙屾柟鐢ㄦ椂:
  pypy  (绾㈡柟):  33 鐫€  鎬荤敤鏃?   35.1s  骞冲潎  1.06s  鏈€闀?  1.55s
  pypy57 (榛戞柟):  32 鐫€  鎬荤敤鏃?   35.5s  骞冲潎  1.11s  鏈€闀?  1.54s

[*] 妫嬭氨宸蹭繚瀛? C:\Users\yimingwang218185\Desktop\jieqi_ai\tools\games\game_20260820_170932.json / .txt

缁堝眬妫嬬洏 (绾㈡柟鍦ㄤ笅):
    0 1 2 3 4 5 6 7 8
 0 | 路 路 路 b? 路 路 路 路 路
 1 | 路 路 路 路 路 r杌?路 路 路
 2 | b鍗?路 路 路 r杌?路 路 路 路
 3 | 路 路 路 路 b鍗?路 路 路 路
 4 | r鍏?路 路 路 路 路 b鍗?路 路
 5 | 路 路 路 路 路 路 路 路 路
 6 | 路 路 路 路 路 路 路 路 路
 7 | 路 路 r鍏?b鐐?路 路 路 路 路
 8 | 路 路 路 路 r鐩?路 路 路 路
 9 | r? 路 路 r? 路 r甯?路 路 路
