[*] 瑁佸垽鍚姩: pypy57 鎵х孩鍏堣(姣忕潃 1.5s) vs pypy 鎵ч粦(姣忕潃 1.5s), 闅忔満绉嶅瓙 20260966
[engine_server] 灏辩华 (PyPy 3.11.13, engine=jieqi_engine_v57)
[engine_server] 棰勭儹瀹屾垚
[engine_server] 灏辩华 (PyPy 3.11.13, engine=jieqi_engine)
[engine_server] 棰勭儹瀹屾垚
[+] 寮曟搸瀛愯繘绋嬪氨缁?(PyPy: pypy3.EXE)
[+] 寮曟搸瀛愯繘绋嬪氨缁?(PyPy: pypy3.EXE)
[*] 绾㈡柟寮曟搸: pypy57 (v5.7 鍩虹嚎, 鏃犻噸澶嶆劅鐭?
[*] 榛戞柟寮曟搸: pypy (miaosiSari 鍘熺増, alpha-beta)
[  1] 绾?e3e4 (6, 4)->(5, 4) 缈诲紑=鍏?鐢ㄦ椂 0.81s (score=84 depth=3)
[  2] 榛?a3a4 (3, 8)->(4, 8) 缈诲紑=杌?鐢ㄦ椂 0.98s (score=78 depth=3)
[  3] 绾?h2h9 (7, 7)->(0, 7) 缈诲紑=鐐?鍚?b鍗?鐢ㄦ椂 0.63s (score=145 depth=3)
[  4] 榛?h2h9 (2, 1)->(9, 1) 缈诲紑=澹?鍚?r浠?鐢ㄦ椂 1.17s (score=150 depth=4)
[  5] 绾?a3a4 (6, 0)->(5, 0) 缈诲紑=鐐?鐢ㄦ椂 0.82s (score=80 depth=4)
[  6] 榛?b2i2 (2, 7)->(2, 0) 缈诲紑=杌?鐢ㄦ椂 1.10s (score=33 depth=4)
[  7] 绾?a4a7 (5, 0)->(2, 0) 鍚?b杌?鐢ㄦ椂 1.45s (score=290 depth=4)
[  8] 榛?g0i2 (0, 2)->(2, 0) 缈诲紑=鍗?鍚?r鐐?鐢ㄦ椂 1.29s (score=160 depth=5)
[  9] 绾?c3c4 (6, 2)->(5, 2) 缈诲紑=棣?鐢ㄦ椂 0.80s (score=77 depth=4)
[ 10] 榛?a0b0 (0, 8)->(0, 7) 缈诲紑=澹?鍚?r鐐?鐢ㄦ椂 1.04s (score=199.0 depth=5)
[ 11] 绾?g3g4 (6, 6)->(5, 6) 缈诲紑=鍏?鐢ㄦ椂 1.11s (score=77 depth=4)
[ 12] 榛?a4g4 (4, 8)->(4, 2)  鐢ㄦ椂 0.96s (score=4 depth=5)
[ 13] 绾?c4d2 (5, 2)->(7, 3)  鐢ㄦ椂 1.15s (score=-6 depth=5)
[ 14] 榛?h9g8 (9, 1)->(8, 2)  鐢ㄦ椂 0.72s (score=-4 depth=4)
[ 15] 绾?d2b3 (7, 3)->(6, 1)  鐢ㄦ椂 0.84s (score=-1 depth=4)
[ 16] 榛?g4g6 (4, 2)->(6, 2)  鐢ㄦ椂 0.83s (score=0 depth=5)
[ 17] 绾?b2e2 (7, 1)->(7, 4) 缈诲紑=鍏?鐢ㄦ椂 1.41s (score=46 depth=5)
[ 18] 榛?g6h6 (6, 2)->(6, 1) 鍚?r棣?鐢ㄦ椂 1.52s (score=114 depth=5)
[ 19] 绾?i3i4 (6, 8)->(5, 8) 缈诲紑=杌?鐢ㄦ椂 0.72s (score=76 depth=5)
[ 20] 榛?g3g4 (3, 2)->(4, 2) 缈诲紑=鍗?鐢ㄦ椂 1.56s (score=64 depth=4)
[ 21] 绾?i4i6 (5, 8)->(3, 8)  鐢ㄦ椂 0.72s (score=2 depth=4)
[ 22] 榛?g8f9 (8, 2)->(9, 3) 鍚?r鐩?鐢ㄦ椂 1.54s (score=84 depth=4)
[ 23] 绾?i6g6 (3, 8)->(3, 6) 鍚?b鍗?鐢ㄦ椂 0.95s (score=78 depth=5)
[ 24] 榛?f0e1 (0, 3)->(1, 4) 缈诲紑=棣?鐢ㄦ椂 1.35s (score=32 depth=5)
[ 25] 绾?e0d0 (9, 4)->(9, 3) 鍚?b澹?鐢ㄦ椂 0.87s (score=105 depth=4)
[ 26] 榛?i3i4 (3, 0)->(4, 0) 缈诲紑=棣?鐢ㄦ椂 0.83s (score=68 depth=5)
[ 27] 绾?g0i2 (9, 6)->(7, 8) 缈诲紑=杌?鐢ㄦ椂 1.10s (score=42 depth=5)
[ 28] 榛?h6f6 (6, 1)->(6, 3)  鐢ㄦ椂 0.95s (score=7 depth=4)
[ 29] 绾?d0e0 (9, 3)->(9, 4)  鐢ㄦ椂 0.82s (score=10 depth=6)
[ 30] 榛?i4h6 (4, 0)->(6, 1)  鐢ㄦ椂 0.74s (score=28 depth=4)
[ 31] 绾?i2i9 (7, 8)->(0, 8)  鐢ㄦ椂 1.19s (score=48 depth=5)
[ 32] 榛?h6g8 (6, 1)->(8, 2)  鐢ㄦ椂 1.22s (score=27 depth=5)
[ 33] 绾?e0e1 (9, 4)->(8, 4)  鐢ㄦ椂 0.66s (score=-20 depth=5)
[ 34] 榛?f6f9 (6, 3)->(9, 3)  鐢ㄦ椂 0.86s (score=37 depth=4)
[ 35] 绾?g6e6 (3, 6)->(3, 4) 鍚?b璞?鐢ㄦ椂 0.69s (score=76 depth=4)
[ 36] 榛?b0c1 (0, 7)->(1, 6)  鐢ㄦ椂 1.13s (score=3 depth=5)
[ 37] 绾?h0i2 (9, 7)->(7, 8) 缈诲紑=鍏?鐢ㄦ椂 0.93s (score=35 depth=4)
[ 38] 榛?c1d2 (1, 6)->(2, 5)  鐢ㄦ椂 1.14s (score=5 depth=5)
[ 39] 绾?c0a2 (9, 2)->(7, 0) 缈诲紑=鐩?鐢ㄦ椂 1.56s (score=39 depth=4)
[ 40] 榛?g8f6 (8, 2)->(6, 3)  鐢ㄦ椂 1.17s (score=-30 depth=6)
[ 41] 绾?e1f1 (8, 4)->(8, 5)  鐢ㄦ椂 0.75s (score=-10 depth=7)
[ 42] 榛?f9f8 (9, 3)->(8, 3)  鐢ㄦ椂 1.46s (score=-37 depth=7)
[ 43] 绾?f0e1 (9, 5)->(8, 4) 缈诲紑=浠?鐢ㄦ椂 1.26s (score=45 depth=7)
[ 44] 榛?d2e3 (2, 5)->(3, 4) 鍚?r杌?鐢ㄦ椂 0.96s (score=299 depth=6)
[ 45] 绾?f1f0 (8, 5)->(9, 5)  鐢ㄦ椂 1.57s (score=20 depth=5)
[ 46] 榛?f8e8 (8, 3)->(8, 4) 鍚?r浠?鐢ㄦ椂 0.79s (score=119 depth=5)
[ 47] 绾?e4e5 (5, 4)->(4, 4)  鐢ㄦ椂 1.53s (score=10 depth=5)
[ 48] 榛?f6d5 (6, 3)->(5, 5)  鐢ㄦ椂 0.61s (score=-2 depth=4)
[ 49] 绾?e5e6 (4, 4)->(3, 4) 鍚?b澹?鐢ㄦ椂 1.33s (score=114 depth=7)
[ 50] 榛?d5c7 (5, 5)->(7, 6)  鐢ㄦ椂 0.07s (score=-19 depth=12)
[ 51] 绾?i9g9 (0, 8)->(0, 6) 鍚?b鐐?鐢ㄦ椂 0.07s (score=64 depth=12)
[ 52] 榛?c7d9 (7, 6)->(9, 5) 鍚?r甯?鐢ㄦ椂 0.01s (score=3696 depth=12)

========================================================
瀵瑰眬缁撴灉
========================================================
鑳滆€? pypy (榛戞柟)
鍘熷洜: 绗?52 鐫€鍚冩帀 甯? 鑾疯儨
鎬绘鏁? 52 鐫€, 鍏ㄥ眬澧欓挓 52.0s

鍙屾柟鐢ㄦ椂:
  pypy57 (绾㈡柟):  26 鐫€  鎬荤敤鏃?   25.7s  骞冲潎  0.99s  鏈€闀?  1.57s
  pypy  (榛戞柟):  26 鐫€  鎬荤敤鏃?   26.0s  骞冲潎  1.00s  鏈€闀?  1.56s

[*] 妫嬭氨宸蹭繚瀛? C:\Users\yimingwang218185\Desktop\jieqi_ai\tools\games\game_20260823_153408.json / .txt

缁堝眬妫嬬洏 (绾㈡柟鍦ㄤ笅):
    0 1 2 3 4 5 6 7 8
 0 | b? b? 路 路 b灏?b? r杌?路 路
 1 | 路 路 路 路 b棣?路 路 路 路
 2 | b鍗?路 路 路 路 路 路 路 路
 3 | 路 路 路 路 r鍏?路 路 路 路
 4 | 路 路 b鍗?路 路 路 路 路 路
 5 | 路 路 路 路 路 路 r鍏?路 路
 6 | 路 路 路 路 路 路 路 路 路
 7 | r鐩?路 路 路 r鍏?路 路 路 r鍏?
 8 | 路 路 路 路 b杌?路 路 路 路
 9 | r? 路 路 路 路 b棣?路 路 r?
