[*] 瑁佸垽鍚姩: pypy 鎵х孩鍏堣(姣忕潃 1.5s) vs pypy57 鎵ч粦(姣忕潃 1.5s), 闅忔満绉嶅瓙 20260967
[engine_server] 灏辩华 (PyPy 3.11.13, engine=jieqi_engine)
[engine_server] 棰勭儹瀹屾垚
[engine_server] 灏辩华 (PyPy 3.11.13, engine=jieqi_engine_v57)
[engine_server] 棰勭儹瀹屾垚
[+] 寮曟搸瀛愯繘绋嬪氨缁?(PyPy: pypy3.EXE)
[+] 寮曟搸瀛愯繘绋嬪氨缁?(PyPy: pypy3.EXE)
[*] 绾㈡柟寮曟搸: pypy (miaosiSari 鍘熺増, alpha-beta)
[*] 榛戞柟寮曟搸: pypy57 (v5.7 鍩虹嚎, 鏃犻噸澶嶆劅鐭?
[  1] 绾?e3e4 (6, 4)->(5, 4) 缈诲紑=杌?鐢ㄦ椂 1.37s (score=84 depth=4)
[  2] 榛?b2b9 (2, 7)->(9, 7) 缈诲紑=鍗?鍚?r鍏?鐢ㄦ椂 0.83s (score=144 depth=3)
[  3] 绾?b2b9 (7, 1)->(0, 1) 缈诲紑=棣?鍚?b鍗?鐢ㄦ椂 1.41s (score=152 depth=4)
[  4] 榛?i0h0 (0, 0)->(0, 1) 缈诲紑=鍗?鍚?r棣?鐢ㄦ椂 1.71s (score=91.15384615384615 depth=2)
[  5] 绾?e4e6 (5, 4)->(3, 4) 鍚?b鐐?鐢ㄦ椂 0.59s (score=86 depth=3)
[  6] 榛?h2e2 (2, 1)->(2, 4) 缈诲紑=澹?鐢ㄦ椂 1.03s (score=48 depth=3)
[  7] 绾?e6g6 (3, 4)->(3, 6) 鍚?b璞?鐢ㄦ椂 1.56s (score=83 depth=4)
[  8] 榛?a3a4 (3, 8)->(4, 8) 缈诲紑=鍗?鐢ㄦ椂 1.08s (score=84 depth=4)
[  9] 绾?g6g9 (3, 6)->(0, 6) 鍚?b澹?鐢ㄦ椂 1.66s (score=117 depth=3)
[ 10] 榛?b9a9 (9, 7)->(9, 8) 鍚?r鍏?鐢ㄦ椂 0.84s (score=69.0909090909091 depth=4)
[ 11] 绾?a3a4 (6, 0)->(5, 0) 缈诲紑=鍏?鐢ㄦ椂 1.53s (score=73 depth=4)
[ 12] 榛?f0e1 (0, 3)->(1, 4) 缈诲紑=杌?鐢ㄦ椂 1.20s (score=46 depth=4)
[ 13] 绾?h2e2 (7, 7)->(7, 4) 缈诲紑=鍏?鐢ㄦ椂 1.14s (score=40 depth=3)
[ 14] 榛?g3g4 (3, 2)->(4, 2) 缈诲紑=棣?鐢ㄦ椂 0.67s (score=79 depth=3)
[ 15] 绾?c3c4 (6, 2)->(5, 2) 缈诲紑=棣?鐢ㄦ椂 1.24s (score=76 depth=4)
[ 16] 榛?e2d1 (2, 4)->(1, 5)  鐢ㄦ椂 1.80s (score=8 depth=3)
[ 17] 绾?g9g4 (0, 6)->(5, 6)  鐢ㄦ椂 0.96s (score=-36 depth=4)
[ 18] 榛?g0e2 (0, 2)->(2, 4) 缈诲紑=鐐?鐢ㄦ椂 1.80s (score=47 depth=3)
[ 19] 绾?d0e1 (9, 3)->(8, 4) 缈诲紑=鐩?鐢ㄦ椂 0.87s (score=38 depth=4)
[ 20] 榛?b0c2 (0, 7)->(2, 6) 缈诲紑=杌?鐢ㄦ椂 0.98s (score=39 depth=3)
[ 21] 绾?g4g7 (5, 6)->(2, 6) 鍚?b杌?鐢ㄦ椂 1.51s (score=294 depth=3)
[ 22] 榛?d1c2 (1, 5)->(2, 6) 鍚?r杌?鐢ㄦ椂 1.14s (score=298 depth=4)
[ 23] 绾?g3g4 (6, 6)->(5, 6) 缈诲紑=鐐?鐢ㄦ椂 0.90s (score=72 depth=4)
[ 24] 榛?a4a5 (4, 8)->(5, 8)  鐢ㄦ椂 0.70s (score=10 depth=3)
[ 25] 绾?g4g3 (5, 6)->(6, 6)  鐢ㄦ椂 0.81s (score=-3 depth=3)
[ 26] 榛?a5a6 (5, 8)->(6, 8) 鍚?r浠?鐢ㄦ椂 0.86s (score=102 depth=3)
[ 27] 绾?g3e3 (6, 6)->(6, 4)  鐢ㄦ椂 1.38s (score=14 depth=4)
[ 28] 榛?a0a5 (0, 8)->(5, 8) 缈诲紑=棣?鐢ㄦ椂 0.79s (score=41.0 depth=3)
[ 29] 绾?b0c2 (9, 1)->(7, 2) 缈诲紑=鐩?鐢ㄦ椂 1.58s (score=41 depth=4)
[ 30] 榛?a9b9 (9, 8)->(9, 7)  鐢ㄦ椂 1.42s (score=9 depth=4)
[ 31] 绾?e1c3 (8, 4)->(6, 2)  鐢ㄦ椂 0.59s (score=35 depth=3)
[ 32] 榛?b9c9 (9, 7)->(9, 6) 鍚?r鍏?鐢ㄦ椂 1.37s (score=86 depth=4)
[ 33] 绾?f0e1 (9, 5)->(8, 4) 缈诲紑=浠?鐢ㄦ椂 1.36s (score=43 depth=4)
[ 34] 榛?a6a7 (6, 8)->(7, 8)  鐢ㄦ椂 1.32s (score=13 depth=3)
[ 35] 绾?a4a5 (5, 0)->(4, 0)  鐢ㄦ椂 1.61s (score=10 depth=3)
[ 36] 榛?g4e5 (4, 2)->(5, 4)  鐢ㄦ椂 1.30s (score=13 depth=4)
[ 37] 绾?c2e4 (7, 2)->(5, 4) 鍚?b棣?鐢ㄦ椂 1.11s (score=150 depth=4)
[ 38] 榛?i3i4 (3, 0)->(4, 0) 缈诲紑=璞?鍚?r鍏?鐢ㄦ椂 1.08s (score=105 depth=4)
[ 39] 绾?e4g6 (5, 4)->(3, 6)  鐢ㄦ椂 1.08s (score=5 depth=4)
[ 40] 榛?i4g6 (4, 0)->(6, 2) 鍚?r鐩?鐢ㄦ椂 0.78s (score=75 depth=4)
[ 41] 绾?g6e8 (3, 6)->(1, 4) 鍚?b杌?鐢ㄦ椂 1.71s (score=278 depth=3)
[ 42] 榛?d0e1 (0, 5)->(1, 4) 缈诲紑=鍗?鍚?r鐩?鐢ㄦ椂 0.82s (score=114 depth=4)
[ 43] 绾?e1d0 (8, 4)->(9, 3)  鐢ㄦ椂 1.66s (score=-1 depth=3)
[ 44] 榛?e0d0 (0, 4)->(0, 5)  鐢ㄦ椂 1.65s (score=-10 depth=4)
[ 45] 绾?d0e1 (9, 3)->(8, 4)  鐢ㄦ椂 1.76s (score=1 depth=4)
[ 46] 榛?g6e8 (6, 2)->(8, 4) 鍚?r浠?鐢ㄦ椂 1.60s (score=103 depth=3)
[ 47] 绾?e0e1 (9, 4)->(8, 4) 鍚?b璞?鐢ㄦ椂 0.93s (score=48 depth=4)
[ 48] 榛?a5c6 (5, 8)->(6, 6)  鐢ㄦ椂 0.89s (score=12 depth=4)
[ 49] 绾?a0a9 (9, 0)->(0, 0) 缈诲紑=杌?鐢ㄦ椂 1.17s (score=85.0 depth=4)
[ 50] 榛?c6e5 (6, 6)->(5, 4)  鐢ㄦ椂 0.85s (score=12 depth=4)
[ 51] 绾?a9b9 (0, 0)->(0, 1) 鍚?b鍗?鐢ㄦ椂 1.03s (score=4 depth=4)
[ 52] 榛?d0d1 (0, 5)->(1, 5)  鐢ㄦ椂 0.95s (score=-20 depth=5)
[ 53] 绾?b9g9 (0, 1)->(0, 6)  鐢ㄦ椂 1.32s (score=0 depth=4)
[ 54] 榛?c9d9 (9, 6)->(9, 5)  鐢ㄦ椂 1.65s (score=2 depth=4)
[ 55] 绾?g9g7 (0, 6)->(2, 6) 鍚?b澹?鐢ㄦ椂 0.96s (score=59 depth=4)
[ 56] 榛?a7a8 (7, 8)->(8, 8)  鐢ㄦ椂 1.68s (score=15 depth=4)
[ 57] 绾?g7g1 (2, 6)->(8, 6)  鐢ㄦ椂 0.89s (score=-6 depth=4)
[ 58] 榛?d1d0 (1, 5)->(0, 5)  鐢ㄦ椂 1.18s (score=20 depth=5)
[ 59] 绾?c4b6 (5, 2)->(3, 1)  鐢ㄦ椂 0.86s (score=17 depth=4)
[ 60] 榛?d9c9 (9, 5)->(9, 6)  鐢ㄦ椂 1.58s (score=-2 depth=5)
[ 61] 绾?g1f1 (8, 6)->(8, 5)  鐢ㄦ椂 0.76s (score=43 depth=4)
[ 62] 榛?d0e0 (0, 5)->(0, 4)  鐢ㄦ椂 0.83s (score=10 depth=6)
[ 63] 绾?b6c8 (3, 1)->(1, 2)  鐢ㄦ椂 1.72s (score=27 depth=5)
[ 64] 榛?e0f0 (0, 4)->(0, 3)  鐢ㄦ椂 0.74s (score=-10 depth=6)
[ 65] 绾?c8e7 (1, 2)->(2, 4) 鍚?b鐐?鐢ㄦ椂 1.63s (score=104 depth=5)
[ 66] 榛?e1e2 (1, 4)->(2, 4) 鍚?r棣?鐢ㄦ椂 0.72s (score=144 depth=5)
[ 67] 绾?f1f4 (8, 5)->(5, 5)  鐢ㄦ椂 1.71s (score=-2 depth=5)
[ 68] 榛?e2e3 (2, 4)->(3, 4)  鐢ㄦ椂 0.88s (score=10 depth=5)
[ 69] 绾?f4f9 (5, 5)->(0, 5)  鐢ㄦ椂 1.59s (score=9 depth=6)
[ 70] 榛?f0f1 (0, 3)->(1, 3)  鐢ㄦ椂 1.00s (score=-20 depth=6)
[ 71] 绾?c0a2 (9, 2)->(7, 0) 缈诲紑=鐐?鐢ㄦ椂 0.65s (score=33 depth=4)
[ 72] 榛?f1e1 (1, 3)->(1, 4)  鐢ㄦ椂 1.15s (score=10 depth=5)
[ 73] 绾?f9f4 (0, 5)->(5, 5)  鐢ㄦ椂 1.25s (score=-9 depth=4)
[ 74] 榛?e1e0 (1, 4)->(0, 4)  鐢ㄦ椂 1.61s (score=20 depth=4)
[ 75] 绾?f4e4 (5, 5)->(5, 4) 鍚?b棣?鐢ㄦ椂 0.82s (score=102 depth=4)
[ 76] 榛?e3e4 (3, 4)->(4, 4)  鐢ㄦ椂 0.99s (score=14 depth=8)
[ 77] 绾?e4g4 (5, 4)->(5, 6)  鐢ㄦ椂 0.82s (score=-3 depth=10)
[ 78] 榛?e0f0 (0, 4)->(0, 3)  鐢ㄦ椂 1.56s (score=-10 depth=9)
[ 79] 绾?g4d4 (5, 6)->(5, 3)  鐢ㄦ椂 0.09s (score=35 depth=12)
[ 80] 榛?c9b9 (9, 6)->(9, 7)  鐢ㄦ椂 0.03s (score=-1 depth=12)
[ 81] 绾?d4d9 (5, 3)->(0, 3) 鍚?b灏?鐢ㄦ椂 0.01s (score=3696 depth=12)

========================================================
瀵瑰眬缁撴灉
========================================================
鑳滆€? pypy (绾㈡柟)
鍘熷洜: 绗?81 鐫€鍚冩帀 灏? 鑾疯儨
鎬绘鏁? 81 鐫€, 鍏ㄥ眬澧欓挓 93.4s

鍙屾柟鐢ㄦ椂:
  pypy  (绾㈡柟):  41 鐫€  鎬荤敤鏃?   47.6s  骞冲潎  1.16s  鏈€闀?  1.76s
  pypy57 (榛戞柟):  40 鐫€  鎬荤敤鏃?   45.0s  骞冲潎  1.13s  鏈€闀?  1.80s

[*] 妫嬭氨宸蹭繚瀛? C:\Users\yimingwang218185\Desktop\jieqi_ai\tools\games\game_20260823_153543.json / .txt

缁堝眬妫嬬洏 (绾㈡柟鍦ㄤ笅):
    0 1 2 3 4 5 6 7 8
 0 | 路 路 路 r杌?路 路 路 路 路
 1 | 路 路 路 路 路 路 路 路 路
 2 | 路 路 路 路 路 路 路 路 路
 3 | 路 路 路 路 路 路 路 路 路
 4 | 路 路 路 路 b鍗?路 路 路 路
 5 | 路 路 路 路 路 路 路 路 路
 6 | 路 路 路 路 r鐐?路 路 路 路
 7 | r鐐?路 路 路 r鍏?路 路 路 路
 8 | 路 路 路 路 r甯?路 路 路 b鍗?
 9 | 路 路 路 路 路 路 路 b鍗?路
