[*] 瑁佸垽鍚姩: pypy57 鎵х孩鍏堣(姣忕潃 1.5s) vs pypy 鎵ч粦(姣忕潃 1.5s), 闅忔満绉嶅瓙 20260970
[engine_server] 灏辩华 (PyPy 3.11.13, engine=jieqi_engine_v57)
[engine_server] 棰勭儹瀹屾垚
[engine_server] 灏辩华 (PyPy 3.11.13, engine=jieqi_engine)
[engine_server] 棰勭儹瀹屾垚
[+] 寮曟搸瀛愯繘绋嬪氨缁?(PyPy: pypy3.EXE)
[+] 寮曟搸瀛愯繘绋嬪氨缁?(PyPy: pypy3.EXE)
[*] 绾㈡柟寮曟搸: pypy57 (v5.7 鍩虹嚎, 鏃犻噸澶嶆劅鐭?
[*] 榛戞柟寮曟搸: pypy (miaosiSari 鍘熺増, alpha-beta)
[  1] 绾?e3e4 (6, 4)->(5, 4) 缈诲紑=鍏?鐢ㄦ椂 1.61s (score=84 depth=3)
[  2] 榛?a3a4 (3, 8)->(4, 8) 缈诲紑=杌?鐢ㄦ椂 0.99s (score=78 depth=3)
[  3] 绾?h2h9 (7, 7)->(0, 7) 缈诲紑=鍏?鍚?b璞?鐢ㄦ椂 1.05s (score=145 depth=4)
[  4] 榛?h2h9 (2, 1)->(9, 1) 缈诲紑=鐐?鍚?r鐐?鐢ㄦ椂 1.59s (score=155 depth=3)
[  5] 绾?h9i9 (0, 7)->(0, 8) 鍚?b棣?鐢ㄦ椂 0.99s (score=75.6923076923077 depth=4)
[  6] 榛?i3i4 (3, 0)->(4, 0) 缈诲紑=璞?鐢ㄦ椂 0.75s (score=72 depth=4)
[  7] 绾?c3c4 (6, 2)->(5, 2) 缈诲紑=杌?鐢ㄦ椂 1.39s (score=81 depth=4)
[  8] 榛?b2b8 (2, 7)->(8, 7) 缈诲紑=杌?鐢ㄦ椂 1.42s (score=73 depth=3)
[  9] 绾?a3a4 (6, 0)->(5, 0) 缈诲紑=杌?鐢ㄦ椂 0.91s (score=68 depth=2)
[ 10] 榛?i4g2 (4, 0)->(2, 2)  鐢ㄦ椂 0.87s (score=-11 depth=3)
[ 11] 绾?a0b0 (9, 0)->(9, 1) 缈诲紑=浠?鍚?b鐐?鐢ㄦ椂 0.91s (score=162.0 depth=3)
[ 12] 榛?i0i5 (0, 0)->(5, 0) 缈诲紑=鍗?鍚?r杌?鐢ㄦ椂 0.89s (score=280.0 depth=3)
[ 13] 绾?c4c6 (5, 2)->(3, 2) 鍚?b澹?鐢ㄦ椂 1.58s (score=62 depth=3)
[ 14] 榛?c3c4 (3, 6)->(4, 6) 缈诲紑=鍗?鐢ㄦ椂 1.32s (score=67 depth=3)
[ 15] 绾?c6b6 (3, 2)->(3, 1)  鐢ㄦ椂 1.57s (score=0 depth=2)
[ 16] 榛?h0i2 (0, 1)->(2, 0) 缈诲紑=澹?鐢ㄦ椂 0.65s (score=32 depth=3)
[ 17] 绾?b6e6 (3, 1)->(3, 4) 鍚?b鍗?鐢ㄦ椂 0.56s (score=68 depth=3)
[ 18] 榛?c0e2 (0, 6)->(2, 4) 缈诲紑=鍗?鐢ㄦ椂 1.03s (score=38 depth=4)
[ 19] 绾?e6f6 (3, 4)->(3, 5)  鐢ㄦ椂 1.28s (score=33 depth=3)
[ 20] 榛?i5h5 (5, 0)->(5, 1)  鐢ㄦ椂 0.58s (score=21 depth=2)
[ 21] 绾?b2e2 (7, 1)->(7, 4) 缈诲紑=浠?鐢ㄦ椂 1.72s (score=44 depth=2)
[ 22] 榛?b8h8 (8, 7)->(8, 1)  鐢ㄦ椂 1.85s (score=0 depth=3)
[ 23] 绾?i9h9 (0, 8)->(0, 7)  鐢ㄦ椂 0.81s (score=9 depth=4)
[ 24] 榛?d0e1 (0, 5)->(1, 4) 缈诲紑=鐐?鐢ㄦ椂 1.58s (score=35 depth=4)
[ 25] 绾?h9g9 (0, 7)->(0, 6)  鐢ㄦ椂 1.05s (score=1 depth=5)
[ 26] 榛?e1e5 (1, 4)->(5, 4) 鍚?r鍏?鐢ㄦ椂 1.07s (score=24 depth=5)
[ 27] 绾?e2f3 (7, 4)->(6, 5)  鐢ㄦ椂 1.63s (score=8 depth=5)
[ 28] 榛?e5e3 (5, 4)->(3, 4)  鐢ㄦ椂 1.53s (score=10 depth=5)
[ 29] 绾?f6f9 (3, 5)->(0, 5)  鐢ㄦ椂 1.49s (score=-3 depth=6)
[ 30] 榛?e0e1 (0, 4)->(1, 4)  鐢ㄦ椂 0.81s (score=-20 depth=6)
[ 31] 绾?f9f4 (0, 5)->(5, 5)  鐢ㄦ椂 1.28s (score=1 depth=5)
[ 32] 榛?h8h9 (8, 1)->(9, 1) 鍚?r浠?鐢ㄦ椂 0.68s (score=128 depth=4)
[ 33] 绾?c0a2 (9, 2)->(7, 0) 缈诲紑=鐩?鐢ㄦ椂 0.90s (score=35 depth=5)
[ 34] 榛?g2e4 (2, 2)->(4, 4)  鐢ㄦ椂 1.06s (score=16 depth=4)
[ 35] 绾?f3e4 (6, 5)->(5, 4)  鐢ㄦ椂 1.78s (score=6 depth=5)
[ 36] 榛?e4g6 (4, 4)->(6, 2)  鐢ㄦ椂 1.64s (score=5 depth=3)
[ 37] 绾?e4d5 (5, 4)->(4, 3)  鐢ㄦ椂 0.63s (score=7 depth=4)
[ 38] 榛?c4c5 (4, 6)->(5, 6)  鐢ㄦ椂 1.57s (score=17 depth=4)
[ 39] 绾?g3g4 (6, 6)->(5, 6) 缈诲紑=鍏?鍚?b鍗?鐢ㄦ椂 0.83s (score=102 depth=4)
[ 40] 榛?a4f4 (4, 8)->(4, 3) 鍚?r浠?鐢ㄦ椂 1.45s (score=121 depth=4)
[ 41] 绾?a2c0 (7, 0)->(9, 2)  鐢ㄦ椂 1.60s (score=5 depth=4)
[ 42] 榛?h9g9 (9, 1)->(9, 2) 鍚?r鐩?鐢ㄦ椂 1.04s (score=40 depth=4)
[ 43] 绾?f4f8 (5, 5)->(1, 5)  鐢ㄦ椂 0.86s (score=2 depth=7)
[ 44] 榛?e1d1 (1, 4)->(1, 5) 鍚?r杌?鐢ㄦ椂 0.64s (score=299 depth=12)
[ 45] 绾?i3i4 (6, 8)->(5, 8) 缈诲紑=鍏?鐢ㄦ椂 0.84s (score=73 depth=12)
[ 46] 榛?g9f9 (9, 2)->(9, 3) 鍚?r棣?鐢ㄦ椂 0.01s (score=117 depth=12)
[ 47] 绾?e0d0 (9, 4)->(9, 3) 鍚?b杌?鐢ㄦ椂 0.03s (score=336 depth=12)
[ 48] 榛?f4f9 (4, 3)->(9, 3) 鍚?r甯?鐢ㄦ椂 0.01s (score=3696 depth=12)

========================================================
瀵瑰眬缁撴灉
========================================================
鑳滆€? pypy (榛戞柟)
鍘熷洜: 绗?48 鐫€鍚冩帀 甯? 鑾疯儨
鎬绘鏁? 48 鐫€, 鍏ㄥ眬澧欓挓 52.8s

鍙屾柟鐢ㄦ椂:
  pypy57 (绾㈡柟):  24 鐫€  鎬荤敤鏃?   27.3s  骞冲潎  1.14s  鏈€闀?  1.78s
  pypy  (榛戞柟):  24 鐫€  鎬荤敤鏃?   25.0s  骞冲潎  1.04s  鏈€闀?  1.85s

[*] 妫嬭氨宸蹭繚瀛? C:\Users\yimingwang218185\Desktop\jieqi_ai\tools\games\game_20260823_153848.json / .txt

缁堝眬妫嬬洏 (绾㈡柟鍦ㄤ笅):
    0 1 2 3 4 5 6 7 8
 0 | 路 路 b? b? 路 路 r鍏?路 路
 1 | 路 路 路 路 路 b灏?路 路 路
 2 | b澹?路 路 路 b鍗?路 路 路 路
 3 | 路 路 路 路 b鐐?路 路 路 路
 4 | 路 路 路 路 路 路 路 路 路
 5 | 路 b鍗?路 路 路 路 r鍏?路 r鍏?
 6 | 路 路 b璞?路 路 路 路 路 路
 7 | 路 路 路 路 路 路 路 路 路
 8 | 路 路 路 路 路 路 路 路 路
 9 | 路 路 路 b杌?路 r? r? r? r?
