[*] 瑁佸垽鍚姩: pypy57 鎵х孩鍏堣(姣忕潃 1.5s) vs pypy 鎵ч粦(姣忕潃 1.5s), 闅忔満绉嶅瓙 20260974
[engine_server] 灏辩华 (PyPy 3.11.13, engine=jieqi_engine_v57)
[engine_server] 棰勭儹瀹屾垚
[engine_server] 灏辩华 (PyPy 3.11.13, engine=jieqi_engine)
[engine_server] 棰勭儹瀹屾垚
[+] 寮曟搸瀛愯繘绋嬪氨缁?(PyPy: pypy3.EXE)
[+] 寮曟搸瀛愯繘绋嬪氨缁?(PyPy: pypy3.EXE)
[*] 绾㈡柟寮曟搸: pypy57 (v5.7 鍩虹嚎, 鏃犻噸澶嶆劅鐭?
[*] 榛戞柟寮曟搸: pypy (miaosiSari 鍘熺増, alpha-beta)
[  1] 绾?e3e4 (6, 4)->(5, 4) 缈诲紑=浠?鐢ㄦ椂 0.94s (score=84 depth=3)
[  2] 榛?a3a4 (3, 8)->(4, 8) 缈诲紑=澹?鐢ㄦ椂 1.16s (score=78 depth=3)
[  3] 绾?a3a4 (6, 0)->(5, 0) 缈诲紑=鐩?鐢ㄦ椂 1.41s (score=79 depth=4)
[  4] 榛?g3g4 (3, 2)->(4, 2) 缈诲紑=鍗?鐢ㄦ椂 1.05s (score=77 depth=4)
[  5] 绾?b2b9 (7, 1)->(0, 1) 缈诲紑=鍏?鍚?b鍗?鐢ㄦ椂 1.12s (score=164 depth=4)
[  6] 榛?i0h0 (0, 0)->(0, 1) 缈诲紑=鐐?鍚?r鍏?鐢ㄦ椂 1.61s (score=89.0 depth=4)
[  7] 绾?g3g4 (6, 6)->(5, 6) 缈诲紑=鍏?鐢ㄦ椂 0.78s (score=78 depth=4)
[  8] 榛?e3e4 (3, 4)->(4, 4) 缈诲紑=鍗?鐢ㄦ椂 0.89s (score=78 depth=4)
[  9] 绾?h2h9 (7, 7)->(0, 7) 缈诲紑=鐩?鍚?b棣?鐢ㄦ椂 0.75s (score=168 depth=4)
[ 10] 榛?e4e5 (4, 4)->(5, 4) 鍚?r浠?鐢ㄦ椂 1.35s (score=85 depth=4)
[ 11] 绾?b0c2 (9, 1)->(7, 2) 缈诲紑=杌?鐢ㄦ椂 0.97s (score=39 depth=4)
[ 12] 榛?h2h4 (2, 1)->(4, 1) 缈诲紑=澹?鐢ㄦ椂 0.71s (score=53 depth=3)
[ 13] 绾?c2d2 (7, 2)->(7, 3)  鐢ㄦ椂 0.87s (score=45 depth=4)
[ 14] 榛?b2b6 (2, 7)->(6, 7) 缈诲紑=杌?鐢ㄦ椂 1.16s (score=66 depth=4)
[ 15] 绾?i3i4 (6, 8)->(5, 8) 缈诲紑=杌?鐢ㄦ椂 0.71s (score=64 depth=3)
[ 16] 榛?b6g6 (6, 7)->(6, 2) 鍚?r鍏?鐢ㄦ椂 1.57s (score=65 depth=3)
[ 17] 绾?a4c2 (5, 0)->(7, 2)  鐢ㄦ椂 1.60s (score=-11 depth=3)
[ 18] 榛?g0i2 (0, 2)->(2, 0) 缈诲紑=鍗?鐢ㄦ椂 0.61s (score=37 depth=3)
[ 19] 绾?c0e2 (9, 2)->(7, 4) 缈诲紑=鐐?鐢ㄦ椂 0.63s (score=32 depth=3)
[ 20] 榛?g6e6 (6, 2)->(6, 4)  鐢ㄦ椂 1.51s (score=4 depth=4)
[ 21] 绾?c2e4 (7, 2)->(5, 4) 鍚?b鍗?鐢ㄦ椂 1.52s (score=55 depth=3)
[ 22] 榛?c0e2 (0, 6)->(2, 4) 缈诲紑=璞?鐢ㄦ椂 0.60s (score=43 depth=3)
[ 23] 绾?e4g6 (5, 4)->(3, 6) 鍚?b鍗?鐢ㄦ椂 1.25s (score=83 depth=4)
[ 24] 榛?d0e1 (0, 5)->(1, 4) 缈诲紑=杌?鐢ㄦ椂 0.69s (score=29 depth=3)
[ 25] 绾?g6e8 (3, 6)->(1, 4) 鍚?b杌?鐢ㄦ椂 0.73s (score=278 depth=4)
[ 26] 榛?f0e1 (0, 3)->(1, 4) 缈诲紑=璞?鍚?r鐩?鐢ㄦ椂 0.75s (score=97 depth=4)
[ 27] 绾?i4i3 (5, 8)->(6, 8)  鐢ㄦ椂 0.95s (score=-4 depth=5)
[ 28] 榛?e6a6 (6, 4)->(6, 8) 鍚?r杌?鐢ㄦ椂 0.84s (score=288 depth=5)
[ 29] 绾?i0i3 (9, 8)->(6, 8) 缈诲紑=棣?鍚?b杌?鐢ㄦ椂 0.93s (score=285.7142857142857 depth=5)
[ 30] 榛?a4b5 (4, 8)->(5, 7)  鐢ㄦ椂 0.63s (score=9 depth=4)
[ 31] 绾?i3g2 (6, 8)->(7, 6)  鐢ㄦ椂 0.98s (score=2 depth=4)
[ 32] 榛?b5c6 (5, 7)->(6, 6)  鐢ㄦ椂 1.19s (score=6 depth=5)
[ 33] 绾?g0i2 (9, 6)->(7, 8) 缈诲紑=浠?鐢ㄦ椂 0.78s (score=31 depth=4)
[ 34] 榛?h0b0 (0, 1)->(0, 7) 鍚?r鐩?鐢ㄦ椂 0.62s (score=39 depth=4)
[ 35] 绾?d2d3 (7, 3)->(6, 3)  鐢ㄦ椂 0.95s (score=-2 depth=4)
[ 36] 榛?b0b3 (0, 7)->(3, 7)  鐢ㄦ椂 0.82s (score=0 depth=4)
[ 37] 绾?d3d6 (6, 3)->(3, 3)  鐢ㄦ椂 1.00s (score=2 depth=4)
[ 38] 榛?b3b4 (3, 7)->(4, 7)  鐢ㄦ椂 0.98s (score=0 depth=4)
[ 39] 绾?g4g5 (5, 6)->(4, 6)  鐢ㄦ椂 1.09s (score=17 depth=4)
[ 40] 榛?b4b5 (4, 7)->(5, 7)  鐢ㄦ椂 1.42s (score=0 depth=5)
[ 41] 绾?e2e4 (7, 4)->(5, 4)  鐢ㄦ椂 1.08s (score=-10 depth=4)
[ 42] 榛?i3i4 (3, 0)->(4, 0) 缈诲紑=棣?鐢ㄦ椂 1.56s (score=76 depth=4)
[ 43] 绾?d6b6 (3, 3)->(3, 1)  鐢ㄦ椂 1.40s (score=-37 depth=4)
[ 44] 榛?b5b0 (5, 7)->(0, 7)  鐢ㄦ椂 0.70s (score=0 depth=3)
[ 45] 绾?a0a5 (9, 0)->(4, 0) 缈诲紑=鍏?鍚?b棣?鐢ㄦ椂 0.72s (score=155.71428571428572 depth=4)
[ 46] 榛?h4g5 (4, 1)->(5, 2)  鐢ㄦ椂 1.54s (score=0 depth=4)
[ 47] 绾?b6b8 (3, 1)->(1, 1)  鐢ㄦ椂 1.14s (score=0 depth=4)
[ 48] 榛?g5f6 (5, 2)->(6, 3)  鐢ㄦ椂 0.81s (score=1 depth=5)
[ 49] 绾?e4e5 (5, 4)->(4, 4)  鐢ㄦ椂 0.62s (score=0 depth=4)
[ 50] 榛?c6b7 (6, 6)->(7, 7)  鐢ㄦ椂 1.03s (score=21 depth=5)
[ 51] 绾?b8e8 (1, 1)->(1, 4) 鍚?b璞?鐢ㄦ椂 0.79s (score=51 depth=4)
[ 52] 榛?e0d0 (0, 4)->(0, 5)  鐢ㄦ椂 0.92s (score=-10 depth=6)
[ 53] 绾?e8e7 (1, 4)->(2, 4) 鍚?b璞?鐢ㄦ椂 0.99s (score=36 depth=5)
[ 54] 榛?g4g5 (4, 2)->(5, 2)  鐢ㄦ椂 0.85s (score=17 depth=5)
[ 55] 绾?e7d7 (2, 4)->(2, 3)  鐢ㄦ椂 1.07s (score=23 depth=5)
[ 56] 榛?f6g7 (6, 3)->(7, 2)  鐢ㄦ椂 1.44s (score=2 depth=5)
[ 57] 绾?d0e1 (9, 3)->(8, 4) 缈诲紑=鍏?鐢ㄦ椂 1.37s (score=31 depth=5)
[ 58] 榛?g5h5 (5, 2)->(5, 1)  鐢ㄦ椂 1.51s (score=18 depth=4)
[ 59] 绾?e1e2 (8, 4)->(7, 4)  鐢ㄦ椂 1.04s (score=15 depth=5)
[ 60] 榛?i2i3 (2, 0)->(3, 0)  鐢ㄦ椂 0.82s (score=8 depth=5)
[ 61] 绾?a5a6 (4, 0)->(3, 0) 鍚?b鍗?鐢ㄦ椂 0.94s (score=26 depth=5)
[ 62] 榛?h5h6 (5, 1)->(6, 1)  鐢ㄦ椂 1.55s (score=2 depth=5)
[ 63] 绾?f0e1 (9, 5)->(8, 4) 缈诲紑=棣?鐢ㄦ椂 1.14s (score=36 depth=5)
[ 64] 榛?h6h7 (6, 1)->(7, 1)  鐢ㄦ椂 1.23s (score=17 depth=5)
[ 65] 绾?e2e3 (7, 4)->(6, 4)  鐢ㄦ椂 1.26s (score=10 depth=4)
[ 66] 榛?d0e0 (0, 5)->(0, 4)  鐢ㄦ椂 1.05s (score=10 depth=5)
[ 67] 绾?e3e4 (6, 4)->(5, 4)  鐢ㄦ椂 1.37s (score=14 depth=4)
[ 68] 榛?b7c8 (7, 7)->(8, 6)  鐢ㄦ椂 0.92s (score=-10 depth=5)
[ 69] 绾?h0f1 (9, 7)->(8, 5) 缈诲紑=鐐?鐢ㄦ椂 0.68s (score=34 depth=4)
[ 70] 榛?b0d0 (0, 7)->(0, 5)  鐢ㄦ椂 1.11s (score=3 depth=5)
[ 71] 绾?g5h5 (4, 6)->(4, 7)  鐢ㄦ椂 1.38s (score=18 depth=4)
[ 72] 榛?d0d3 (0, 5)->(3, 5)  鐢ㄦ椂 1.52s (score=-3 depth=4)
[ 73] 绾?d7b7 (2, 3)->(2, 1)  鐢ㄦ椂 0.90s (score=-37 depth=4)
[ 74] 榛?d3d0 (3, 5)->(0, 5)  鐢ㄦ椂 1.30s (score=3 depth=5)
[ 75] 绾?b7b2 (2, 1)->(7, 1) 鍚?b鍗?鐢ㄦ椂 0.79s (score=66 depth=4)
[ 76] 榛?a0a7 (0, 8)->(7, 8) 缈诲紑=鐐?鍚?r浠?鐢ㄦ椂 0.93s (score=82.0 depth=5)
[ 77] 绾?e1c2 (8, 4)->(7, 2) 鍚?b澹?鐢ㄦ椂 0.62s (score=103 depth=4)
[ 78] 榛?e0f0 (0, 4)->(0, 3)  鐢ㄦ椂 1.54s (score=-10 depth=5)
[ 79] 绾?b2b6 (7, 1)->(3, 1)  鐢ㄦ椂 0.79s (score=8 depth=4)
[ 80] 榛?a7g7 (7, 8)->(7, 2) 鍚?r棣?鐢ㄦ椂 1.52s (score=113 depth=5)
[ 81] 绾?b6f6 (3, 1)->(3, 5)  鐢ㄦ椂 0.80s (score=37 depth=4)
[ 82] 榛?d0d8 (0, 5)->(8, 5) 鍚?r鐐?鐢ㄦ椂 1.25s (score=121 depth=6)
[ 83] 绾?f6f1 (3, 5)->(8, 5) 鍚?b鐐?鐢ㄦ椂 1.52s (score=122 depth=5)
[ 84] 榛?c8b7 (8, 6)->(7, 7)  鐢ㄦ椂 0.76s (score=10 depth=6)
[ 85] 绾?f1f9 (8, 5)->(0, 5)  鐢ㄦ椂 1.53s (score=7 depth=5)
[ 86] 榛?f0f1 (0, 3)->(1, 3)  鐢ㄦ椂 1.19s (score=-20 depth=7)
[ 87] 绾?a6a7 (3, 0)->(2, 0)  鐢ㄦ椂 0.87s (score=13 depth=5)
[ 88] 榛?g7g9 (7, 2)->(9, 2)  鐢ㄦ椂 1.41s (score=11 depth=6)
[ 89] 绾?a7a8 (2, 0)->(1, 0)  鐢ㄦ椂 1.50s (score=15 depth=5)
[ 90] 榛?f1e1 (1, 3)->(1, 4)  鐢ㄦ椂 0.59s (score=10 depth=5)
[ 91] 绾?g2h4 (7, 6)->(5, 7)  鐢ㄦ椂 1.57s (score=4 depth=5)
[ 92] 榛?g9g4 (9, 2)->(4, 2)  鐢ㄦ椂 0.87s (score=-8 depth=5)
[ 93] 绾?h5h6 (4, 7)->(3, 7)  鐢ㄦ椂 1.30s (score=2 depth=6)
[ 94] 榛?g4g9 (4, 2)->(9, 2)  鐢ㄦ椂 0.81s (score=8 depth=5)
[ 95] 绾?h6h7 (3, 7)->(2, 7)  鐢ㄦ椂 1.51s (score=17 depth=6)
[ 96] 榛?g9h9 (9, 2)->(9, 1)  鐢ㄦ椂 0.72s (score=3 depth=5)
[ 97] 绾?a8b8 (1, 0)->(1, 1)  鐢ㄦ椂 0.85s (score=9 depth=5)
[ 98] 榛?b7c8 (7, 7)->(8, 6)  鐢ㄦ椂 1.55s (score=-10 depth=5)
[ 99] 绾?h4f5 (5, 7)->(4, 5)  鐢ㄦ椂 1.13s (score=15 depth=6)
[100] 榛?c8b7 (8, 6)->(7, 7)  鐢ㄦ椂 0.89s (score=10 depth=6)
[101] 绾?e5a5 (4, 4)->(4, 0)  鐢ㄦ椂 1.41s (score=-4 depth=6)
[102] 榛?e1f1 (1, 4)->(1, 3)  鐢ㄦ椂 1.56s (score=-10 depth=8)
[103] 绾?a5a8 (4, 0)->(1, 0)  鐢ㄦ椂 0.60s (score=2 depth=12)
[104] 榛?f1f2 (1, 3)->(2, 3)  鐢ㄦ椂 0.41s (score=-10 depth=12)
[105] 绾?f9f7 (0, 5)->(2, 5)  鐢ㄦ椂 0.03s (score=-7 depth=12)
[106] 榛?h9i9 (9, 1)->(9, 0)  鐢ㄦ椂 0.03s (score=0 depth=12)
[107] 绾?f7d7 (2, 5)->(2, 3) 鍚?b灏?鐢ㄦ椂 0.01s (score=3696 depth=12)

========================================================
瀵瑰眬缁撴灉
========================================================
鑳滆€? pypy57 (绾㈡柟)
鍘熷洜: 绗?107 鐫€鍚冩帀 灏? 鑾疯儨
鎬绘鏁? 107 鐫€, 鍏ㄥ眬澧欓挓 111.2s

鍙屾柟鐢ㄦ椂:
  pypy57 (绾㈡柟):  54 鐫€  鎬荤敤鏃?   54.7s  骞冲潎  1.01s  鏈€闀?  1.60s
  pypy  (榛戞柟):  53 鐫€  鎬荤敤鏃?   56.0s  骞冲潎  1.06s  鏈€闀?  1.61s

[*] 妫嬭氨宸蹭繚瀛? C:\Users\yimingwang218185\Desktop\jieqi_ai\tools\games\game_20260823_154419.json / .txt

缁堝眬妫嬬洏 (绾㈡柟鍦ㄤ笅):
    0 1 2 3 4 5 6 7 8
 0 | 路 路 路 路 路 路 路 路 路
 1 | r鐐?r鍏?路 路 路 路 路 路 路
 2 | 路 路 路 r杌?路 路 路 r鍏?路
 3 | 路 路 路 路 路 路 路 路 路
 4 | 路 路 路 路 路 r棣?路 路 路
 5 | 路 路 路 路 r鍏?路 路 路 路
 6 | 路 路 路 路 路 路 路 路 路
 7 | 路 路 路 路 路 路 路 b澹?路
 8 | 路 路 路 路 路 路 路 路 路
 9 | b鐐?路 路 路 r甯?路 路 路 路
