[*] 瑁佸垽鍚姩: pypy57 鎵х孩鍏堣(姣忕潃 1.5s) vs pypy 鎵ч粦(姣忕潃 1.5s), 闅忔満绉嶅瓙 20260972
[engine_server] 灏辩华 (PyPy 3.11.13, engine=jieqi_engine_v57)
[engine_server] 棰勭儹瀹屾垚
[engine_server] 灏辩华 (PyPy 3.11.13, engine=jieqi_engine)
[engine_server] 棰勭儹瀹屾垚
[+] 寮曟搸瀛愯繘绋嬪氨缁?(PyPy: pypy3.EXE)
[+] 寮曟搸瀛愯繘绋嬪氨缁?(PyPy: pypy3.EXE)
[*] 绾㈡柟寮曟搸: pypy57 (v5.7 鍩虹嚎, 鏃犻噸澶嶆劅鐭?
[*] 榛戞柟寮曟搸: pypy (miaosiSari 鍘熺増, alpha-beta)
[  1] 绾?e3e4 (6, 4)->(5, 4) 缈诲紑=鍏?鐢ㄦ椂 0.76s (score=84 depth=3)
[  2] 榛?a3a4 (3, 8)->(4, 8) 缈诲紑=鍗?鐢ㄦ椂 1.35s (score=78 depth=3)
[  3] 绾?g3g4 (6, 6)->(5, 6) 缈诲紑=鍏?鐢ㄦ椂 1.57s (score=78 depth=4)
[  4] 榛?i3i4 (3, 0)->(4, 0) 缈诲紑=鐐?鐢ㄦ椂 0.61s (score=80 depth=3)
[  5] 绾?b0a2 (9, 1)->(7, 0) 缈诲紑=浠?鐢ㄦ椂 0.64s (score=43 depth=3)
[  6] 榛?g3g4 (3, 2)->(4, 2) 缈诲紑=鐐?鐢ㄦ椂 0.79s (score=77 depth=3)
[  7] 绾?h0i2 (9, 7)->(7, 8) 缈诲紑=鍏?鐢ㄦ椂 1.14s (score=44 depth=3)
[  8] 榛?b2b6 (2, 7)->(6, 7) 缈诲紑=澹?鐢ㄦ椂 1.04s (score=63 depth=3)
[  9] 绾?a3a4 (6, 0)->(5, 0) 缈诲紑=鍏?鐢ㄦ椂 0.99s (score=88 depth=4)
[ 10] 榛?i4i1 (4, 0)->(1, 0)  鐢ㄦ椂 0.77s (score=1 depth=3)
[ 11] 绾?b2b9 (7, 1)->(0, 1) 缈诲紑=鍏?鍚?b杌?鐢ㄦ椂 1.57s (score=160 depth=3)
[ 12] 榛?i0h0 (0, 0)->(0, 1) 缈诲紑=澹?鍚?r鍏?鐢ㄦ椂 1.39s (score=85.0 depth=4)
[ 13] 绾?c3c4 (6, 2)->(5, 2) 缈诲紑=杌?鐢ㄦ椂 1.65s (score=89 depth=5)
[ 14] 榛?g4g1 (4, 2)->(1, 2)  鐢ㄦ椂 1.30s (score=-1 depth=4)
[ 15] 绾?h2h9 (7, 7)->(0, 7) 缈诲紑=鐐?鍚?b棣?鐢ㄦ椂 1.52s (score=154 depth=3)
[ 16] 榛?a0b0 (0, 8)->(0, 7) 缈诲紑=璞?鍚?r鐐?鐢ㄦ椂 1.17s (score=159.875 depth=4)
[ 17] 绾?c4b4 (5, 2)->(5, 1)  鐢ㄦ椂 1.19s (score=-10 depth=4)
[ 18] 榛?g1e1 (1, 2)->(1, 4)  鐢ㄦ椂 1.53s (score=7 depth=4)
[ 19] 绾?b4b7 (5, 1)->(2, 1) 鍚?b鍗?鐢ㄦ椂 1.12s (score=86 depth=5)
[ 20] 榛?g0i2 (0, 2)->(2, 0) 缈诲紑=棣?鐢ㄦ椂 1.00s (score=39 depth=5)
[ 21] 绾?c0e2 (9, 2)->(7, 4) 缈诲紑=鐩?鐢ㄦ椂 1.16s (score=54 depth=5)
[ 22] 榛?i1i5 (1, 0)->(5, 0) 鍚?r鍏?鐢ㄦ椂 0.97s (score=24 depth=5)
[ 23] 绾?a2b3 (7, 0)->(6, 1)  鐢ㄦ椂 1.56s (score=0 depth=5)
[ 24] 榛?h0g1 (0, 1)->(1, 2)  鐢ㄦ椂 1.24s (score=3 depth=5)
[ 25] 绾?b7a7 (2, 1)->(2, 0) 鍚?b棣?鐢ㄦ椂 1.52s (score=111 depth=5)
[ 26] 榛?e1e5 (1, 4)->(5, 4) 鍚?r鍏?鐢ㄦ椂 1.36s (score=54 depth=6)
[ 27] 绾?d0e1 (9, 3)->(8, 4) 缈诲紑=杌?鐢ㄦ椂 1.53s (score=36 depth=5)
[ 28] 榛?i5c5 (5, 0)->(5, 6) 鍚?r鍏?鐢ㄦ椂 0.78s (score=50 depth=5)
[ 29] 绾?a7a8 (2, 0)->(1, 0)  鐢ㄦ椂 1.21s (score=0 depth=5)
[ 30] 榛?e5e8 (5, 4)->(8, 4) 鍚?r杌?鐢ㄦ椂 0.83s (score=279 depth=5)
[ 31] 绾?f0e1 (9, 5)->(8, 4) 缈诲紑=鐐?鍚?b鐐?鐢ㄦ椂 1.55s (score=161 depth=5)
[ 32] 榛?c5c7 (5, 6)->(7, 6)  鐢ㄦ椂 1.34s (score=0 depth=5)
[ 33] 绾?a8c8 (1, 0)->(1, 2) 鍚?b澹?鐢ㄦ椂 0.71s (score=97 depth=4)
[ 34] 榛?c0e2 (0, 6)->(2, 4) 缈诲紑=鍗?鐢ㄦ椂 0.86s (score=44 depth=5)
[ 35] 绾?c8c5 (1, 2)->(4, 2)  鐢ㄦ椂 0.86s (score=-1 depth=4)
[ 36] 榛?a4a5 (4, 8)->(5, 8)  鐢ㄦ椂 1.57s (score=10 depth=4)
[ 37] 绾?e2c4 (7, 4)->(5, 2)  鐢ㄦ椂 0.75s (score=-12 depth=4)
[ 38] 榛?c7c5 (7, 6)->(5, 6)  鐢ㄦ椂 1.06s (score=0 depth=5)
[ 39] 绾?e1e7 (8, 4)->(2, 4) 鍚?b鍗?鐢ㄦ椂 0.81s (score=-8 depth=4)
[ 40] 榛?e0e1 (0, 4)->(1, 4)  鐢ㄦ椂 1.03s (score=-20 depth=6)
[ 41] 绾?c5c7 (4, 2)->(2, 2)  鐢ㄦ椂 1.09s (score=1 depth=5)
[ 42] 榛?e3e4 (3, 4)->(4, 4) 缈诲紑=璞?鐢ㄦ椂 1.13s (score=77 depth=6)
[ 43] 绾?c7d7 (2, 2)->(2, 3)  鐢ㄦ椂 1.07s (score=37 depth=5)
[ 44] 榛?a5a6 (5, 8)->(6, 8) 鍚?r棣?鐢ㄦ椂 1.03s (score=86 depth=5)
[ 45] 绾?c4e2 (5, 2)->(7, 4)  鐢ㄦ椂 0.90s (score=12 depth=4)
[ 46] 榛?c5a5 (5, 6)->(5, 8)  鐢ㄦ椂 1.20s (score=0 depth=5)
[ 47] 绾?e7e6 (2, 4)->(3, 4)  鐢ㄦ椂 0.72s (score=8 depth=4)
[ 48] 榛?e1e0 (1, 4)->(0, 4)  鐢ㄦ椂 1.59s (score=20 depth=4)
[ 49] 绾?d7e7 (2, 3)->(2, 4)  鐢ㄦ椂 0.94s (score=-23 depth=12)
[ 50] 榛?d0e1 (0, 5)->(1, 4) 缈诲紑=杌?鐢ㄦ椂 0.44s (score=35 depth=12)
[ 51] 绾?a0a9 (9, 0)->(0, 0) 缈诲紑=鐩?鐢ㄦ椂 1.52s (score=49.666666666666664 depth=4)
[ 52] 榛?e0d0 (0, 4)->(0, 5)  鐢ㄦ椂 1.39s (score=-10 depth=6)
[ 53] 绾?e6e8 (3, 4)->(1, 4) 鍚?b杌?鐢ㄦ椂 0.79s (score=279 depth=5)
[ 54] 榛?a5e5 (5, 8)->(5, 4)  鐢ㄦ椂 0.91s (score=4 depth=7)
[ 55] 绾?e0d0 (9, 4)->(9, 3)  鐢ㄦ椂 0.72s (score=-10 depth=7)
[ 56] 榛?e5e2 (5, 4)->(2, 4) 鍚?r杌?鐢ㄦ椂 0.89s (score=326 depth=7)
[ 57] 绾?e8e5 (1, 4)->(4, 4) 鍚?b璞?鐢ㄦ椂 0.81s (score=66 depth=6)
[ 58] 榛?c3c4 (3, 6)->(4, 6) 缈诲紑=鍗?鐢ㄦ椂 1.09s (score=70 depth=6)
[ 59] 绾?i2i3 (7, 8)->(6, 8) 鍚?b鍗?鐢ㄦ椂 0.77s (score=55 depth=5)
[ 60] 榛?f0e1 (0, 3)->(1, 4) 缈诲紑=鍗?鐢ㄦ椂 0.95s (score=34 depth=6)
[ 61] 绾?i3i4 (6, 8)->(5, 8)  鐢ㄦ椂 1.57s (score=11 depth=5)
[ 62] 榛?b0d2 (0, 7)->(2, 5)  鐢ㄦ椂 1.11s (score=14 depth=6)
[ 63] 绾?i0i3 (9, 8)->(6, 8) 缈诲紑=浠?鐢ㄦ椂 0.95s (score=46.0 depth=6)
[ 64] 榛?c4c5 (4, 6)->(5, 6)  鐢ㄦ椂 0.85s (score=17 depth=6)
[ 65] 绾?e2g4 (7, 4)->(5, 6) 鍚?b鍗?鐢ㄦ椂 1.52s (score=25 depth=5)
[ 66] 榛?b6a5 (6, 7)->(5, 8) 鍚?r鍏?鐢ㄦ椂 0.71s (score=20 depth=6)
[ 67] 绾?e5e2 (4, 4)->(7, 4)  鐢ㄦ椂 1.33s (score=10 depth=6)
[ 68] 榛?a5b6 (5, 8)->(6, 7)  鐢ㄦ椂 0.85s (score=4 depth=6)
[ 69] 绾?a9c7 (0, 0)->(2, 2)  鐢ㄦ椂 0.67s (score=5 depth=5)
[ 70] 榛?b6c5 (6, 7)->(5, 6) 鍚?r鐩?鐢ㄦ椂 1.22s (score=31 depth=6)
[ 71] 绾?b3c4 (6, 1)->(5, 2)  鐢ㄦ椂 1.54s (score=6 depth=5)
[ 72] 榛?c5d6 (5, 6)->(6, 5)  鐢ㄦ椂 0.87s (score=1 depth=6)
[ 73] 绾?e2e3 (7, 4)->(6, 4)  鐢ㄦ椂 1.11s (score=0 depth=6)
[ 74] 榛?d6e5 (6, 5)->(5, 4)  鐢ㄦ椂 1.55s (score=-1 depth=6)
[ 75] 绾?e3e0 (6, 4)->(9, 4)  鐢ㄦ椂 1.60s (score=-11 depth=6)
[ 76] 榛?e5d6 (5, 4)->(6, 5)  鐢ㄦ椂 1.24s (score=1 depth=6)
[ 77] 绾?c7e5 (2, 2)->(4, 4)  鐢ㄦ椂 1.53s (score=-5 depth=5)
[ 78] 榛?d6c7 (6, 5)->(7, 6)  鐢ㄦ椂 0.86s (score=2 depth=7)
[ 79] 绾?g0i2 (9, 6)->(7, 8) 缈诲紑=棣?鐢ㄦ椂 0.78s (score=37 depth=6)
[ 80] 榛?c7d8 (7, 6)->(8, 5)  鐢ㄦ椂 0.92s (score=21 depth=7)
[ 81] 绾?e0f0 (9, 4)->(9, 5)  鐢ㄦ椂 1.51s (score=0 depth=7)
[ 82] 榛?d0e0 (0, 5)->(0, 4)  鐢ㄦ椂 1.50s (score=10 depth=5)
[ 83] 绾?i2g3 (7, 8)->(6, 6)  鐢ㄦ椂 1.26s (score=5 depth=7)
[ 84] 榛?d2f4 (2, 5)->(4, 3)  鐢ㄦ椂 1.49s (score=0 depth=7)
[ 85] 绾?c4d5 (5, 2)->(4, 3) 鍚?b璞?鐢ㄦ椂 1.06s (score=37 depth=6)
[ 86] 榛?d8e9 (8, 5)->(9, 4)  鐢ㄦ椂 1.53s (score=-9 depth=6)
[ 87] 绾?e5g7 (4, 4)->(2, 6)  鐢ㄦ椂 1.10s (score=5 depth=7)
[ 88] 榛?e0f0 (0, 4)->(0, 3)  鐢ㄦ椂 1.28s (score=-10 depth=8)
[ 89] 绾?d0e0 (9, 3)->(9, 4) 鍚?b澹?鐢ㄦ椂 1.51s (score=110 depth=5)
[ 90] 榛?e2e6 (2, 4)->(6, 4)  鐢ㄦ椂 1.57s (score=-10 depth=5)
[ 91] 绾?f0f4 (9, 5)->(5, 5)  鐢ㄦ椂 1.44s (score=-3 depth=7)
[ 92] 榛?e6e2 (6, 4)->(2, 4)  鐢ㄦ椂 1.29s (score=10 depth=7)
[ 93] 绾?f4d4 (5, 5)->(5, 3)  鐢ㄦ椂 1.32s (score=0 depth=12)
[ 94] 榛?e2f2 (2, 4)->(2, 3)  鐢ㄦ椂 1.24s (score=-11 depth=12)
[ 95] 绾?d5e6 (4, 3)->(3, 4)  鐢ㄦ椂 1.40s (score=6 depth=11)
[ 96] 榛?f2e2 (2, 3)->(2, 4)  鐢ㄦ椂 1.31s (score=11 depth=10)
[ 97] 绾?e6d7 (3, 4)->(2, 3)  鐢ㄦ椂 0.02s (score=3 depth=12)
[ 98] 榛?e2e3 (2, 4)->(3, 4)  鐢ㄦ椂 0.02s (score=0 depth=12)
[ 99] 绾?d4d9 (5, 3)->(0, 3) 鍚?b灏?鐢ㄦ椂 0.01s (score=3696 depth=12)

========================================================
瀵瑰眬缁撴灉
========================================================
鑳滆€? pypy57 (绾㈡柟)
鍘熷洜: 绗?99 鐫€鍚冩帀 灏? 鑾疯儨
鎬绘鏁? 99 鐫€, 鍏ㄥ眬澧欓挓 110.8s

鍙屾柟鐢ㄦ椂:
  pypy57 (绾㈡柟):  50 鐫€  鎬荤敤鏃?   56.4s  骞冲潎  1.13s  鏈€闀?  1.65s
  pypy  (榛戞柟):  49 鐫€  鎬荤敤鏃?   54.0s  骞冲潎  1.10s  鏈€闀?  1.59s

[*] 妫嬭氨宸蹭繚瀛? C:\Users\yimingwang218185\Desktop\jieqi_ai\tools\games\game_20260823_154122.json / .txt

缁堝眬妫嬬洏 (绾㈡柟鍦ㄤ笅):
    0 1 2 3 4 5 6 7 8
 0 | 路 路 路 r鐐?路 路 路 路 路
 1 | 路 路 路 路 b鍗?路 路 路 路
 2 | 路 路 路 r浠?路 路 r鐩?路 路
 3 | 路 路 路 路 b鐐?路 路 路 路
 4 | 路 路 路 路 路 路 路 路 路
 5 | 路 路 路 路 路 路 路 路 路
 6 | 路 路 路 路 路 路 r棣?路 r浠?
 7 | 路 路 路 路 路 路 路 路 路
 8 | 路 路 路 路 路 路 路 路 路
 9 | 路 路 路 路 r甯?路 路 路 路
