[*] 瑁佸垽鍚姩: pypy 鎵х孩鍏堣(姣忕潃 1.5s) vs pypy57 鎵ч粦(姣忕潃 1.5s), 闅忔満绉嶅瓙 20260969
[engine_server] 灏辩华 (PyPy 3.11.13, engine=jieqi_engine)
[engine_server] 棰勭儹瀹屾垚
[engine_server] 灏辩华 (PyPy 3.11.13, engine=jieqi_engine_v57)
[engine_server] 棰勭儹瀹屾垚
[+] 寮曟搸瀛愯繘绋嬪氨缁?(PyPy: pypy3.EXE)
[+] 寮曟搸瀛愯繘绋嬪氨缁?(PyPy: pypy3.EXE)
[*] 绾㈡柟寮曟搸: pypy (miaosiSari 鍘熺増, alpha-beta)
[*] 榛戞柟寮曟搸: pypy57 (v5.7 鍩虹嚎, 鏃犻噸澶嶆劅鐭?
[  1] 绾?e3e4 (6, 4)->(5, 4) 缈诲紑=杌?鐢ㄦ椂 1.47s (score=84 depth=4)
[  2] 榛?b2b9 (2, 7)->(9, 7) 缈诲紑=澹?鍚?r鍏?鐢ㄦ椂 1.06s (score=144 depth=3)
[  3] 绾?b2b9 (7, 1)->(0, 1) 缈诲紑=鐐?鍚?b璞?鐢ㄦ椂 1.09s (score=149 depth=4)
[  4] 榛?a3a4 (3, 8)->(4, 8) 缈诲紑=鍗?鐢ㄦ椂 0.58s (score=79 depth=3)
[  5] 绾?e4e6 (5, 4)->(3, 4) 鍚?b鍗?鐢ㄦ椂 0.74s (score=84 depth=4)
[  6] 榛?h2e2 (2, 1)->(2, 4) 缈诲紑=杌?鐢ㄦ椂 1.54s (score=46 depth=5)
[  7] 绾?e6e7 (3, 4)->(2, 4) 鍚?b杌?鐢ㄦ椂 0.63s (score=302 depth=3)
[  8] 榛?c0e2 (0, 6)->(2, 4) 缈诲紑=鍗?鍚?r杌?鐢ㄦ椂 1.68s (score=362 depth=5)
[  9] 绾?b9d9 (0, 1)->(0, 3) 鍚?b澹?鐢ㄦ椂 1.57s (score=64 depth=3)
[ 10] 榛?e0f0 (0, 4)->(0, 3) 鍚?r鐐?鐢ㄦ椂 1.51s (score=172 depth=4)
[ 11] 绾?a3a4 (6, 0)->(5, 0) 缈诲紑=浠?鐢ㄦ椂 0.94s (score=78 depth=4)
[ 12] 榛?c3c4 (3, 6)->(4, 6) 缈诲紑=棣?鐢ㄦ椂 0.80s (score=81 depth=4)
[ 13] 绾?c3c4 (6, 2)->(5, 2) 缈诲紑=浠?鐢ㄦ椂 1.35s (score=77 depth=4)
[ 14] 榛?c4d6 (4, 6)->(6, 5)  鐢ㄦ椂 1.63s (score=14 depth=4)
[ 15] 绾?i0h0 (9, 8)->(9, 7) 缈诲紑=鍏?鍚?b澹?鐢ㄦ椂 0.58s (score=114.9090909090909 depth=3)
[ 16] 榛?d6c8 (6, 5)->(8, 6)  鐢ㄦ椂 1.89s (score=30 depth=3)
[ 17] 绾?e0e1 (9, 4)->(8, 4)  鐢ㄦ椂 1.12s (score=-20 depth=5)
[ 18] 榛?g3g4 (3, 2)->(4, 2) 缈诲紑=鐐?鐢ㄦ椂 0.77s (score=70 depth=4)
[ 19] 绾?b0a2 (9, 1)->(7, 0) 缈诲紑=鍏?鐢ㄦ椂 0.86s (score=42 depth=3)
[ 20] 榛?g4e4 (4, 2)->(4, 4)  鐢ㄦ椂 1.56s (score=1 depth=4)
[ 21] 绾?h2h8 (7, 7)->(1, 7) 缈诲紑=鍏?鐢ㄦ椂 1.29s (score=77 depth=4)
[ 22] 榛?c8d6 (8, 6)->(6, 5)  鐢ㄦ椂 1.18s (score=-30 depth=4)
[ 23] 绾?e1e0 (8, 4)->(9, 4)  鐢ㄦ椂 1.14s (score=20 depth=5)
[ 24] 榛?i3i4 (3, 0)->(4, 0) 缈诲紑=杌?鐢ㄦ椂 1.23s (score=72 depth=4)
[ 25] 绾?g3g4 (6, 6)->(5, 6) 缈诲紑=棣?鐢ㄦ椂 0.74s (score=77 depth=4)
[ 26] 榛?d6c8 (6, 5)->(8, 6)  鐢ㄦ椂 1.64s (score=30 depth=3)
[ 27] 绾?e0e1 (9, 4)->(8, 4)  鐢ㄦ椂 0.87s (score=-20 depth=5)
[ 28] 榛?e4e3 (4, 4)->(3, 4)  鐢ㄦ椂 1.66s (score=10 depth=4)
[ 29] 绾?a4b5 (5, 0)->(4, 1)  鐢ㄦ椂 1.15s (score=9 depth=4)
[ 30] 榛?d0e1 (0, 5)->(1, 4) 缈诲紑=璞?鐢ㄦ椂 1.08s (score=34 depth=3)
[ 31] 绾?c4d5 (5, 2)->(4, 3)  鐢ㄦ椂 1.62s (score=7 depth=3)
[ 32] 榛?c8d6 (8, 6)->(6, 5)  鐢ㄦ椂 0.62s (score=-30 depth=3)
[ 33] 绾?e1f1 (8, 4)->(8, 5)  鐢ㄦ椂 0.59s (score=-10 depth=3)
[ 34] 榛?e3e9 (3, 4)->(9, 4)  鐢ㄦ椂 1.15s (score=30 depth=3)
[ 35] 绾?g0i2 (9, 6)->(7, 8) 缈诲紑=棣?鐢ㄦ椂 1.68s (score=50 depth=3)
[ 36] 榛?i4h4 (4, 0)->(4, 1) 鍚?r浠?鐢ㄦ椂 0.78s (score=76 depth=3)
[ 37] 绾?d5e4 (4, 3)->(5, 4)  鐢ㄦ椂 1.78s (score=-7 depth=2)
[ 38] 榛?d6f7 (6, 5)->(7, 3)  鐢ㄦ椂 0.67s (score=0 depth=3)
[ 39] 绾?f1f2 (8, 5)->(7, 5)  鐢ㄦ椂 1.53s (score=-10 depth=4)
[ 40] 榛?f7e5 (7, 3)->(5, 4) 鍚?r浠?鐢ㄦ椂 1.61s (score=74 depth=3)
[ 41] 绾?f2e2 (7, 5)->(7, 4)  鐢ㄦ椂 0.86s (score=10 depth=3)
[ 42] 榛?h4d4 (4, 1)->(4, 5)  鐢ㄦ椂 0.86s (score=45 depth=2)
[ 43] 绾?i2g1 (7, 8)->(8, 6)  鐢ㄦ椂 0.76s (score=-14 depth=3)
[ 44] 榛?d4d8 (4, 5)->(8, 5)  鐢ㄦ椂 1.18s (score=2 depth=3)
[ 45] 绾?g4e5 (5, 6)->(4, 4)  鐢ㄦ椂 1.21s (score=13 depth=3)
[ 46] 榛?d8c8 (8, 5)->(8, 6) 鍚?r棣?鐢ㄦ椂 0.78s (score=62 depth=3)
[ 47] 绾?e5d7 (4, 4)->(2, 3)  鐢ㄦ椂 1.53s (score=1 depth=4)
[ 48] 榛?e5g6 (5, 4)->(6, 2)  鐢ㄦ椂 0.84s (score=-12 depth=3)
[ 49] 绾?e2f2 (7, 4)->(7, 5)  鐢ㄦ椂 1.63s (score=-10 depth=4)
[ 50] 榛?g6e5 (6, 2)->(5, 4)  鐢ㄦ椂 0.56s (score=12 depth=2)
[ 51] 绾?f2e2 (7, 5)->(7, 4)  鐢ㄦ椂 1.05s (score=10 depth=5)
[ 52] 榛?e5g6 (5, 4)->(6, 2)  鐢ㄦ椂 0.88s (score=-12 depth=3)
[ 53] 绾?e2f2 (7, 4)->(7, 5)  鐢ㄦ椂 1.60s (score=-10 depth=5)
[ 54] 榛?c8c7 (8, 6)->(7, 6)  鐢ㄦ椂 1.15s (score=0 depth=3)
[ 55] 绾?f2f1 (7, 5)->(8, 5)  鐢ㄦ椂 1.65s (score=10 depth=4)
[ 56] 榛?c7c8 (7, 6)->(8, 6)  鐢ㄦ椂 0.75s (score=0 depth=3)
[ 57] 绾?f1f2 (8, 5)->(7, 5)  鐢ㄦ椂 1.33s (score=-10 depth=5)

========================================================
瀵瑰眬缁撴灉
========================================================
鍜屾
鍘熷洜: 绗?57 鐫€鍚庡眬闈㈢ 3 娆″嚭鐜? 鍒ゅ拰
鎬绘鏁? 57 鐫€, 鍏ㄥ眬澧欓挓 66.6s

鍙屾柟鐢ㄦ椂:
  pypy  (绾㈡柟):  29 鐫€  鎬荤敤鏃?   34.3s  骞冲潎  1.18s  鏈€闀?  1.78s
  pypy57 (榛戞柟):  28 鐫€  鎬荤敤鏃?   31.7s  骞冲潎  1.13s  鏈€闀?  1.89s

[*] 妫嬭氨宸蹭繚瀛? C:\Users\yimingwang218185\Desktop\jieqi_ai\tools\games\game_20260823_153753.json / .txt

缁堝眬妫嬬洏 (绾㈡柟鍦ㄤ笅):
    0 1 2 3 4 5 6 7 8
 0 | b? 路 b? b灏?路 路 路 b? b?
 1 | 路 路 路 路 b璞?路 路 r鍏?路
 2 | 路 路 路 r棣?b鍗?路 路 路 路
 3 | 路 路 路 路 路 路 路 路 路
 4 | 路 路 路 路 路 路 路 路 b鍗?
 5 | 路 路 路 路 路 路 路 路 路
 6 | 路 路 b棣?路 路 路 路 路 r?
 7 | r鍏?路 路 路 路 r甯?路 路 路
 8 | 路 路 路 路 路 路 b杌?路 路
 9 | r? 路 r? r? b鐐?r? 路 r鍏?路
