[*] 瑁佸垽鍚姩: pypy57 鎵х孩鍏堣(姣忕潃 1.5s) vs pypy 鎵ч粦(姣忕潃 1.5s), 闅忔満绉嶅瓙 20260968
[engine_server] 灏辩华 (PyPy 3.11.13, engine=jieqi_engine_v57)
[engine_server] 棰勭儹瀹屾垚
[engine_server] 灏辩华 (PyPy 3.11.13, engine=jieqi_engine)
[engine_server] 棰勭儹瀹屾垚
[+] 寮曟搸瀛愯繘绋嬪氨缁?(PyPy: pypy3.EXE)
[+] 寮曟搸瀛愯繘绋嬪氨缁?(PyPy: pypy3.EXE)
[*] 绾㈡柟寮曟搸: pypy57 (v5.7 鍩虹嚎, 鏃犻噸澶嶆劅鐭?
[*] 榛戞柟寮曟搸: pypy (miaosiSari 鍘熺増, alpha-beta)
[  1] 绾?e3e4 (6, 4)->(5, 4) 缈诲紑=鐐?鐢ㄦ椂 1.39s (score=84 depth=4)
[  2] 榛?b2e2 (2, 7)->(2, 4) 缈诲紑=鍗?鐢ㄦ椂 0.95s (score=41 depth=4)
[  3] 绾?e4e1 (5, 4)->(8, 4)  鐢ㄦ椂 1.38s (score=5 depth=4)
[  4] 榛?i3i4 (3, 0)->(4, 0) 缈诲紑=鍗?鐢ㄦ椂 1.03s (score=80 depth=4)
[  5] 绾?i3i4 (6, 8)->(5, 8) 缈诲紑=鍏?鐢ㄦ椂 0.79s (score=78 depth=4)
[  6] 榛?e3e4 (3, 4)->(4, 4) 缈诲紑=澹?鐢ㄦ椂 1.51s (score=79 depth=4)
[  7] 绾?c3c4 (6, 2)->(5, 2) 缈诲紑=鍏?鐢ㄦ椂 0.82s (score=77 depth=3)
[  8] 榛?c3c4 (3, 6)->(4, 6) 缈诲紑=璞?鐢ㄦ椂 1.21s (score=81 depth=4)
[  9] 绾?h2h8 (7, 7)->(1, 7) 缈诲紑=鍏?鐢ㄦ椂 1.30s (score=74 depth=3)
[ 10] 榛?h2h6 (2, 1)->(6, 1) 缈诲紑=鐐?鐢ㄦ椂 1.63s (score=69 depth=3)
[ 11] 绾?b2b9 (7, 1)->(0, 1) 缈诲紑=杌?鍚?b杌?鐢ㄦ椂 0.61s (score=165 depth=3)
[ 12] 榛?i0h0 (0, 0)->(0, 1) 缈诲紑=澹?鍚?r杌?鐢ㄦ椂 1.32s (score=310.0 depth=4)
[ 13] 绾?g3g4 (6, 6)->(5, 6) 缈诲紑=浠?鐢ㄦ椂 0.79s (score=74 depth=3)
[ 14] 榛?h6e6 (6, 1)->(6, 4)  鐢ㄦ椂 1.78s (score=1 depth=4)
[ 15] 绾?c0e2 (9, 2)->(7, 4) 缈诲紑=鐩?鐢ㄦ椂 1.86s (score=52 depth=3)
[ 16] 榛?e6e8 (6, 4)->(8, 4) 鍚?r鐐?鐢ㄦ椂 0.97s (score=134 depth=3)
[ 17] 绾?d0e1 (9, 3)->(8, 4) 缈诲紑=浠?鍚?b鐐?鐢ㄦ椂 0.95s (score=176 depth=4)
[ 18] 榛?g0i2 (0, 2)->(2, 0) 缈诲紑=杌?鐢ㄦ椂 1.56s (score=47 depth=4)
[ 19] 绾?g4h5 (5, 6)->(4, 7)  鐢ㄦ椂 1.46s (score=7 depth=4)
[ 20] 榛?i2i1 (2, 0)->(1, 0)  鐢ㄦ椂 1.24s (score=2 depth=5)
[ 21] 绾?h8h9 (1, 7)->(0, 7) 鍚?b鍗?鐢ㄦ椂 1.48s (score=71 depth=6)
[ 22] 榛?a0b0 (0, 8)->(0, 7) 缈诲紑=鐐?鍚?r鍏?鐢ㄦ椂 1.58s (score=91.66666666666667 depth=5)
[ 23] 绾?h0i2 (9, 7)->(7, 8) 缈诲紑=鐩?鐢ㄦ椂 0.98s (score=47 depth=5)
[ 24] 榛?i1a1 (1, 0)->(1, 8)  鐢ㄦ椂 1.76s (score=0 depth=4)
[ 25] 绾?i2g4 (7, 8)->(5, 6)  鐢ㄦ椂 1.17s (score=-4 depth=4)
[ 26] 榛?a1b1 (1, 8)->(1, 7)  鐢ㄦ椂 0.93s (score=8 depth=3)
[ 27] 绾?h5i6 (4, 7)->(3, 8) 鍚?b棣?鐢ㄦ椂 1.53s (score=79 depth=4)
[ 28] 榛?b1b8 (1, 7)->(8, 7)  鐢ㄦ椂 1.72s (score=4 depth=4)
[ 29] 绾?i4i5 (5, 8)->(4, 8)  鐢ㄦ椂 0.85s (score=10 depth=4)
[ 30] 榛?c0a2 (0, 6)->(2, 8) 缈诲紑=棣?鐢ㄦ椂 1.54s (score=38 depth=3)
[ 31] 绾?i5h5 (4, 8)->(4, 7)  鐢ㄦ椂 1.23s (score=21 depth=4)
[ 32] 榛?d0e1 (0, 5)->(1, 4) 缈诲紑=璞?鐢ㄦ椂 1.64s (score=26 depth=3)
[ 33] 绾?h5g5 (4, 7)->(4, 6) 鍚?b璞?鐢ㄦ椂 1.26s (score=13 depth=4)
[ 34] 榛?e1c3 (1, 4)->(3, 6)  鐢ㄦ椂 0.58s (score=35 depth=3)
[ 35] 绾?g5g6 (4, 6)->(3, 6) 鍚?b璞?鐢ㄦ椂 1.12s (score=75 depth=4)
[ 36] 榛?a2c3 (2, 8)->(3, 6) 鍚?r鍏?鐢ㄦ椂 1.37s (score=52 depth=4)
[ 37] 绾?b0d1 (9, 1)->(8, 3) 缈诲紑=棣?鐢ㄦ椂 0.63s (score=41 depth=3)
[ 38] 榛?f0e1 (0, 3)->(1, 4) 缈诲紑=鍗?鐢ㄦ椂 1.81s (score=26 depth=3)
[ 39] 绾?d1e3 (8, 3)->(6, 4)  鐢ㄦ椂 1.12s (score=19 depth=4)
[ 40] 榛?c3d5 (3, 6)->(5, 5)  鐢ㄦ椂 0.60s (score=15 depth=3)
[ 41] 绾?e3f5 (6, 4)->(4, 5)  鐢ㄦ椂 1.73s (score=15 depth=3)
[ 42] 榛?e2e3 (2, 4)->(3, 4)  鐢ㄦ椂 1.65s (score=10 depth=3)
[ 43] 绾?e2c0 (7, 4)->(9, 2)  鐢ㄦ椂 1.51s (score=-3 depth=4)
[ 44] 榛?d5f6 (5, 5)->(6, 3)  鐢ㄦ椂 1.53s (score=2 depth=3)
[ 45] 绾?e1d2 (8, 4)->(7, 3)  鐢ㄦ椂 0.95s (score=-5 depth=3)
[ 46] 榛?f6d7 (6, 3)->(7, 5)  鐢ㄦ椂 1.59s (score=0 depth=4)
[ 47] 绾?e0d0 (9, 4)->(9, 3)  鐢ㄦ椂 0.72s (score=-10 depth=9)
[ 48] 榛?b8f8 (8, 7)->(8, 3)  鐢ㄦ椂 0.20s (score=7 depth=12)
[ 49] 绾?d0d1 (9, 3)->(8, 3) 鍚?b杌?鐢ㄦ椂 0.08s (score=289 depth=12)
[ 50] 榛?d7f8 (7, 5)->(8, 3) 鍚?r甯?鐢ㄦ椂 0.01s (score=3696 depth=12)

========================================================
瀵瑰眬缁撴灉
========================================================
鑳滆€? pypy (榛戞柟)
鍘熷洜: 绗?50 鐫€鍚冩帀 甯? 鑾疯儨
鎬绘鏁? 50 鐫€, 鍏ㄥ眬澧欓挓 59.8s

鍙屾柟鐢ㄦ椂:
  pypy57 (绾㈡柟):  25 鐫€  鎬荤敤鏃?   27.7s  骞冲潎  1.11s  鏈€闀?  1.86s
  pypy  (榛戞柟):  25 鐫€  鎬荤敤鏃?   31.7s  骞冲潎  1.27s  鏈€闀?  1.81s

[*] 妫嬭氨宸蹭繚瀛? C:\Users\yimingwang218185\Desktop\jieqi_ai\tools\games\game_20260823_153645.json / .txt

缁堝眬妫嬬洏 (绾㈡柟鍦ㄤ笅):
    0 1 2 3 4 5 6 7 8
 0 | 路 b澹?路 路 b灏?路 路 b鐐?路
 1 | 路 路 路 路 b鍗?路 路 路 路
 2 | 路 路 路 路 路 路 路 路 路
 3 | 路 路 b? 路 b鍗?路 路 路 r浠?
 4 | b鍗?路 路 路 b澹?r棣?路 路 路
 5 | 路 路 r鍏?路 路 路 r鐩?路 路
 6 | r? 路 路 路 路 路 路 路 路
 7 | 路 路 路 r浠?路 路 路 路 路
 8 | 路 路 路 b棣?路 路 路 路 路
 9 | r? 路 r鐩?路 路 r? r? 路 r?
