[*] 瑁佸垽鍚姩: pypy 鎵х孩鍏堣(姣忕潃 1.5s) vs pypy57 鎵ч粦(姣忕潃 1.5s), 闅忔満绉嶅瓙 20260971
[engine_server] 灏辩华 (PyPy 3.11.13, engine=jieqi_engine)
[engine_server] 棰勭儹瀹屾垚
[engine_server] 灏辩华 (PyPy 3.11.13, engine=jieqi_engine_v57)
[engine_server] 棰勭儹瀹屾垚
[+] 寮曟搸瀛愯繘绋嬪氨缁?(PyPy: pypy3.EXE)
[+] 寮曟搸瀛愯繘绋嬪氨缁?(PyPy: pypy3.EXE)
[*] 绾㈡柟寮曟搸: pypy (miaosiSari 鍘熺増, alpha-beta)
[*] 榛戞柟寮曟搸: pypy57 (v5.7 鍩虹嚎, 鏃犻噸澶嶆劅鐭?
[  1] 绾?e3e4 (6, 4)->(5, 4) 缈诲紑=杌?鐢ㄦ椂 1.58s (score=84 depth=4)
[  2] 榛?b2b9 (2, 7)->(9, 7) 缈诲紑=鍗?鍚?r鐩?鐢ㄦ椂 0.97s (score=144 depth=3)
[  3] 绾?b2b9 (7, 1)->(0, 1) 缈诲紑=鍏?鍚?b鍗?鐢ㄦ椂 1.10s (score=152 depth=3)
[  4] 榛?a3a4 (3, 8)->(4, 8) 缈诲紑=澹?鐢ㄦ椂 1.04s (score=80 depth=3)
[  5] 绾?b9a9 (0, 1)->(0, 0) 鍚?b鐐?鐢ㄦ椂 1.05s (score=128.84615384615387 depth=4)
[  6] 榛?b9a9 (9, 7)->(9, 8) 鍚?r鍏?鐢ㄦ椂 0.83s (score=77.38461538461539 depth=4)
[  7] 绾?e4e6 (5, 4)->(3, 4) 鍚?b鍗?鐢ㄦ椂 0.76s (score=84 depth=4)
[  8] 榛?c0e2 (0, 6)->(2, 4) 缈诲紑=鍗?鐢ㄦ椂 1.08s (score=46 depth=5)
[  9] 绾?e6c6 (3, 4)->(3, 2) 鍚?b璞?鐢ㄦ椂 0.94s (score=83 depth=5)
[ 10] 榛?c3c4 (3, 6)->(4, 6) 缈诲紑=鍗?鐢ㄦ椂 1.42s (score=81 depth=5)
[ 11] 绾?a3a4 (6, 0)->(5, 0) 缈诲紑=浠?鐢ㄦ椂 1.05s (score=76 depth=5)
[ 12] 榛?i3i4 (3, 0)->(4, 0) 缈诲紑=杌?鐢ㄦ椂 0.88s (score=78 depth=5)
[ 13] 绾?c6c9 (3, 2)->(0, 2) 鍚?b棣?鐢ㄦ椂 0.76s (score=105 depth=4)
[ 14] 榛?b0c2 (0, 7)->(2, 6) 缈诲紑=鐐?鐢ㄦ椂 0.84s (score=41 depth=4)
[ 15] 绾?h2h8 (7, 7)->(1, 7) 缈诲紑=鍏?鐢ㄦ椂 1.04s (score=72 depth=4)
[ 16] 榛?c2c6 (2, 6)->(6, 6) 鍚?r鍏?鐢ㄦ椂 1.35s (score=104 depth=4)
[ 17] 绾?i3i4 (6, 8)->(5, 8) 缈诲紑=鍏?鐢ㄦ椂 0.78s (score=69 depth=4)
[ 18] 榛?c6e6 (6, 6)->(6, 4)  鐢ㄦ椂 0.73s (score=1 depth=4)
[ 19] 绾?i4i5 (5, 8)->(4, 8) 鍚?b澹?鐢ㄦ椂 1.15s (score=83 depth=5)
[ 20] 榛?h2h8 (2, 1)->(8, 1) 缈诲紑=杌?鐢ㄦ椂 1.18s (score=69 depth=4)
[ 21] 绾?c3c4 (6, 2)->(5, 2) 缈诲紑=杌?鐢ㄦ椂 1.51s (score=69 depth=4)
[ 22] 榛?i4f4 (4, 0)->(4, 3)  鐢ㄦ椂 0.62s (score=9 depth=3)
[ 23] 绾?c4e4 (5, 2)->(5, 4)  鐢ㄦ椂 1.01s (score=3 depth=4)
[ 24] 榛?f4f6 (4, 3)->(6, 3)  鐢ㄦ椂 1.09s (score=2 depth=4)
[ 25] 绾?g0i2 (9, 6)->(7, 8) 缈诲紑=棣?鐢ㄦ椂 0.86s (score=36 depth=4)
[ 26] 榛?d0e1 (0, 5)->(1, 4) 缈诲紑=澹?鐢ㄦ椂 1.36s (score=34 depth=4)
[ 27] 绾?h8h9 (1, 7)->(0, 7)  鐢ㄦ椂 0.88s (score=0 depth=3)
[ 28] 榛?h8f8 (8, 1)->(8, 3)  鐢ㄦ椂 1.45s (score=7 depth=4)
[ 29] 绾?h9i9 (0, 7)->(0, 8) 鍚?b璞?鐢ㄦ椂 0.89s (score=101.0 depth=5)
[ 30] 榛?f8f9 (8, 3)->(9, 3) 鍚?r浠?鐢ㄦ椂 1.55s (score=88 depth=5)
[ 31] 绾?e0e1 (9, 4)->(8, 4)  鐢ㄦ椂 1.01s (score=-20 depth=6)
[ 32] 榛?f9f8 (9, 3)->(8, 3)  鐢ㄦ椂 1.56s (score=-37 depth=5)
[ 33] 绾?e1e0 (8, 4)->(9, 4)  鐢ㄦ椂 1.46s (score=20 depth=6)
[ 34] 榛?f8f9 (8, 3)->(9, 3)  鐢ㄦ椂 1.05s (score=37 depth=5)
[ 35] 绾?e0e1 (9, 4)->(8, 4)  鐢ㄦ椂 1.28s (score=-20 depth=6)
[ 36] 榛?f9f8 (9, 3)->(8, 3)  鐢ㄦ椂 1.53s (score=-37 depth=5)

========================================================
瀵瑰眬缁撴灉
========================================================
鑳滆€? pypy (绾㈡柟)
鍘熷洜: 绗?36 鐫€鍚?榛戞柟杩炵画灏嗗啗 4 娆? 瓒呰繃閰嶉 (min(3脳1, 9)=3), 鍒よ礋
鎬绘鏁? 36 鐫€, 鍏ㄥ眬澧欓挓 39.9s

鍙屾柟鐢ㄦ椂:
  pypy  (绾㈡柟):  18 鐫€  鎬荤敤鏃?   19.1s  骞冲潎  1.06s  鏈€闀?  1.58s
  pypy57 (榛戞柟):  18 鐫€  鎬荤敤鏃?   20.5s  骞冲潎  1.14s  鏈€闀?  1.56s

[*] 妫嬭氨宸蹭繚瀛? C:\Users\yimingwang218185\Desktop\jieqi_ai\tools\games\game_20260823_153929.json / .txt

缁堝眬妫嬬洏 (绾㈡柟鍦ㄤ笅):
    0 1 2 3 4 5 6 7 8
 0 | r鍏?路 r杌?b? b灏?路 路 路 r鍏?
 1 | 路 路 路 路 b澹?路 路 路 路
 2 | 路 路 路 路 b鍗?路 路 路 路
 3 | 路 路 路 路 路 路 路 路 路
 4 | 路 路 路 路 路 路 b鍗?路 r鍏?
 5 | r浠?路 路 路 r杌?路 路 路 路
 6 | 路 路 路 b杌?b鐐?路 路 路 路
 7 | 路 路 路 路 路 路 路 路 r棣?
 8 | 路 路 路 b杌?r甯?路 路 路 路
 9 | r? r? r? 路 路 r? 路 路 b鍗?
