[*] 瑁佸垽鍚姩: pypy 鎵х孩鍏堣(姣忕潃 1.5s) vs pypy57 鎵ч粦(姣忕潃 1.5s), 闅忔満绉嶅瓙 20260973
[engine_server] 灏辩华 (PyPy 3.11.13, engine=jieqi_engine)
[engine_server] 棰勭儹瀹屾垚
[engine_server] 灏辩华 (PyPy 3.11.13, engine=jieqi_engine_v57)
[engine_server] 棰勭儹瀹屾垚
[+] 寮曟搸瀛愯繘绋嬪氨缁?(PyPy: pypy3.EXE)
[+] 寮曟搸瀛愯繘绋嬪氨缁?(PyPy: pypy3.EXE)
[*] 绾㈡柟寮曟搸: pypy (miaosiSari 鍘熺増, alpha-beta)
[*] 榛戞柟寮曟搸: pypy57 (v5.7 鍩虹嚎, 鏃犻噸澶嶆劅鐭?
[  1] 绾?e3e4 (6, 4)->(5, 4) 缈诲紑=浠?鐢ㄦ椂 0.80s (score=84 depth=3)
[  2] 榛?a3a4 (3, 8)->(4, 8) 缈诲紑=鐐?鐢ㄦ椂 1.07s (score=78 depth=3)
[  3] 绾?h0i2 (9, 7)->(7, 8) 缈诲紑=鍏?鐢ㄦ椂 0.60s (score=38 depth=3)
[  4] 榛?h2h9 (2, 1)->(9, 1) 缈诲紑=杌?鍚?r鐩?鐢ㄦ椂 1.53s (score=156 depth=4)
[  5] 绾?a0b0 (9, 0)->(9, 1) 缈诲紑=杌?鍚?b杌?鐢ㄦ椂 1.53s (score=306.0 depth=4)
[  6] 榛?i3i4 (3, 0)->(4, 0) 缈诲紑=棣?鐢ㄦ椂 1.22s (score=78 depth=4)
[  7] 绾?h2h9 (7, 7)->(0, 7) 缈诲紑=棣?鍚?b鍗?鐢ㄦ椂 1.22s (score=148 depth=4)
[  8] 榛?c3c4 (3, 6)->(4, 6) 缈诲紑=鍗?鐢ㄦ椂 1.11s (score=74 depth=4)
[  9] 绾?a3a4 (6, 0)->(5, 0) 缈诲紑=杌?鐢ㄦ椂 0.90s (score=76 depth=4)
[ 10] 榛?g3g4 (3, 2)->(4, 2) 缈诲紑=棣?鐢ㄦ椂 0.93s (score=76 depth=4)
[ 11] 绾?b2b5 (7, 1)->(4, 1) 缈诲紑=鍏?鐢ㄦ椂 1.49s (score=48 depth=5)
[ 12] 榛?b2b8 (2, 7)->(8, 7) 缈诲紑=鍗?鐢ㄦ椂 1.23s (score=75 depth=4)
[ 13] 绾?b5c5 (4, 1)->(4, 2) 鍚?b棣?鐢ㄦ椂 0.82s (score=103 depth=4)
[ 14] 榛?e3e4 (3, 4)->(4, 4) 缈诲紑=璞?鐢ㄦ椂 0.85s (score=78 depth=4)
[ 15] 绾?i3i4 (6, 8)->(5, 8) 缈诲紑=鐐?鐢ㄦ椂 1.05s (score=70 depth=4)
[ 16] 榛?a0b0 (0, 8)->(0, 7) 缈诲紑=璞?鍚?r棣?鐢ㄦ椂 1.57s (score=72.0 depth=5)
[ 17] 绾?c3c4 (6, 2)->(5, 2) 缈诲紑=鍏?鐢ㄦ椂 1.18s (score=56 depth=4)
[ 18] 榛?h0g2 (0, 1)->(2, 2) 缈诲紑=澹?鐢ㄦ椂 0.96s (score=41 depth=4)
[ 19] 绾?a4a1 (5, 0)->(8, 0)  鐢ㄦ椂 0.81s (score=-8 depth=4)
[ 20] 榛?a4a1 (4, 8)->(1, 8)  鐢ㄦ椂 1.01s (score=1 depth=4)
[ 21] 绾?e4d3 (5, 4)->(6, 3)  鐢ㄦ椂 0.98s (score=-6 depth=4)
[ 22] 榛?a1e1 (1, 8)->(1, 4)  鐢ㄦ椂 1.45s (score=9 depth=5)
[ 23] 绾?i4e4 (5, 8)->(5, 4)  鐢ㄦ椂 1.21s (score=5 depth=6)
[ 24] 榛?e1e5 (1, 4)->(5, 4) 鍚?r鐐?鐢ㄦ椂 1.18s (score=125 depth=5)
[ 25] 绾?d3e4 (6, 3)->(5, 4) 鍚?b鐐?鐢ㄦ椂 0.77s (score=136 depth=5)
[ 26] 榛?c0e2 (0, 6)->(2, 4) 缈诲紑=鍗?鐢ㄦ椂 1.55s (score=50 depth=4)
[ 27] 绾?c5b5 (4, 2)->(4, 1)  鐢ㄦ椂 0.79s (score=18 depth=4)
[ 28] 榛?i4h2 (4, 0)->(2, 1)  鐢ㄦ椂 0.86s (score=3 depth=5)
[ 29] 绾?a1h1 (8, 0)->(8, 7) 鍚?b鍗?鐢ㄦ椂 1.54s (score=92 depth=5)
[ 30] 榛?g0i2 (0, 2)->(2, 0) 缈诲紑=澹?鐢ㄦ椂 0.90s (score=46 depth=5)
[ 31] 绾?g0e2 (9, 6)->(7, 4) 缈诲紑=鐩?鐢ㄦ椂 1.17s (score=42 depth=5)
[ 32] 榛?e4c6 (4, 4)->(6, 6) 鍚?r鍏?鐢ㄦ椂 0.87s (score=73 depth=5)
[ 33] 绾?h1h9 (8, 7)->(0, 7) 鍚?b璞?鐢ㄦ椂 1.13s (score=56 depth=5)
[ 34] 榛?f0e1 (0, 3)->(1, 4) 缈诲紑=杌?鐢ㄦ椂 1.56s (score=38 depth=5)
[ 35] 绾?b0b3 (9, 1)->(6, 1)  鐢ㄦ椂 1.05s (score=-2 depth=5)
[ 36] 榛?e1f1 (1, 4)->(1, 3)  鐢ㄦ椂 1.51s (score=59 depth=4)
[ 37] 绾?b3g3 (6, 1)->(6, 6) 鍚?b璞?鐢ㄦ椂 0.73s (score=70 depth=4)
[ 38] 榛?f1f5 (1, 3)->(5, 3)  鐢ㄦ椂 1.22s (score=-2 depth=5)
[ 39] 绾?g3f3 (6, 6)->(6, 5)  鐢ㄦ椂 0.87s (score=43 depth=4)
[ 40] 榛?e0e1 (0, 4)->(1, 4)  鐢ㄦ椂 0.94s (score=-20 depth=5)
[ 41] 绾?e4f5 (5, 4)->(4, 5)  鐢ㄦ椂 0.92s (score=7 depth=4)
[ 42] 榛?e1f1 (1, 4)->(1, 3)  鐢ㄦ椂 0.71s (score=-10 depth=4)
[ 43] 绾?h9h8 (0, 7)->(1, 7)  鐢ㄦ椂 1.56s (score=-36 depth=4)
[ 44] 榛?d0e1 (0, 5)->(1, 4) 缈诲紑=鐐?鐢ㄦ椂 0.88s (score=30 depth=6)
[ 45] 绾?c0a2 (9, 2)->(7, 0) 缈诲紑=鍏?鐢ㄦ椂 1.08s (score=36 depth=5)
[ 46] 榛?f5f9 (5, 3)->(9, 3) 鍚?r浠?鐢ㄦ椂 1.23s (score=102 depth=6)
[ 47] 绾?e0e1 (9, 4)->(8, 4)  鐢ㄦ椂 0.88s (score=-20 depth=6)
[ 48] 榛?e2e3 (2, 4)->(3, 4)  鐢ㄦ椂 1.29s (score=10 depth=5)
[ 49] 绾?h8f8 (1, 7)->(1, 5)  鐢ㄦ椂 0.97s (score=37 depth=4)
[ 50] 榛?f9f8 (9, 3)->(8, 3)  鐢ㄦ椂 0.93s (score=-37 depth=5)
[ 51] 绾?e1e0 (8, 4)->(9, 4)  鐢ㄦ椂 0.98s (score=20 depth=6)
[ 52] 榛?f8f9 (8, 3)->(9, 3)  鐢ㄦ椂 1.41s (score=37 depth=4)
[ 53] 绾?e0e1 (9, 4)->(8, 4)  鐢ㄦ椂 1.00s (score=-20 depth=6)
[ 54] 榛?f9f8 (9, 3)->(8, 3)  鐢ㄦ椂 1.51s (score=-37 depth=5)
[ 55] 绾?e1e0 (8, 4)->(9, 4)  鐢ㄦ椂 1.56s (score=20 depth=8)
[ 56] 榛?f8f9 (8, 3)->(9, 3)  鐢ㄦ椂 0.63s (score=37 depth=4)

========================================================
瀵瑰眬缁撴灉
========================================================
鑳滆€? pypy (绾㈡柟)
鍘熷洜: 绗?56 鐫€鍚?榛戞柟杩炵画灏嗗啗 4 娆? 瓒呰繃閰嶉 (min(3脳1, 9)=3), 鍒よ礋
鎬绘鏁? 56 鐫€, 鍏ㄥ眬澧欓挓 62.0s

鍙屾柟鐢ㄦ椂:
  pypy  (绾㈡柟):  28 鐫€  鎬荤敤鏃?   29.6s  骞冲潎  1.06s  鏈€闀?  1.56s
  pypy57 (榛戞柟):  28 鐫€  鎬荤敤鏃?   32.1s  骞冲潎  1.15s  鏈€闀?  1.57s

[*] 妫嬭氨宸蹭繚瀛? C:\Users\yimingwang218185\Desktop\jieqi_ai\tools\games\game_20260823_154226.json / .txt

缁堝眬妫嬬洏 (绾㈡柟鍦ㄤ笅):
    0 1 2 3 4 5 6 7 8
 0 | b? 路 路 路 路 路 路 路 路
 1 | 路 路 路 b灏?b鐐?r杌?路 路 路
 2 | b澹?b棣?b澹?路 路 路 路 路 路
 3 | 路 路 路 路 b鍗?路 路 路 路
 4 | 路 r鍏?路 路 路 r浠?b鍗?路 路
 5 | 路 路 r鍏?路 路 路 路 路 路
 6 | 路 路 路 路 路 r杌?路 路 路
 7 | r鍏?路 路 路 r鐩?路 路 路 r鍏?
 8 | 路 路 路 路 路 路 路 路 路
 9 | 路 路 路 b杌?r甯?r? 路 路 r?
