[*] 瑁佸垽鍚姩: pypy 鎵х孩鍏堣(姣忕潃 1.5s) vs pypy57 鎵ч粦(姣忕潃 1.5s), 闅忔満绉嶅瓙 20260965
[engine_server] 灏辩华 (PyPy 3.11.13, engine=jieqi_engine)
[engine_server] 棰勭儹瀹屾垚
[engine_server] 灏辩华 (PyPy 3.11.13, engine=jieqi_engine_v57)
[engine_server] 棰勭儹瀹屾垚
[+] 寮曟搸瀛愯繘绋嬪氨缁?(PyPy: pypy3.EXE)
[+] 寮曟搸瀛愯繘绋嬪氨缁?(PyPy: pypy3.EXE)
[*] 绾㈡柟寮曟搸: pypy (miaosiSari 鍘熺増, alpha-beta)
[*] 榛戞柟寮曟搸: pypy57 (v5.7 鍩虹嚎, 鏃犻噸澶嶆劅鐭?
[  1] 绾?e3e4 (6, 4)->(5, 4) 缈诲紑=鍏?鐢ㄦ椂 1.51s (score=84 depth=4)
[  2] 榛?a3a4 (3, 8)->(4, 8) 缈诲紑=棣?鐢ㄦ椂 1.08s (score=78 depth=3)
[  3] 绾?a3a4 (6, 0)->(5, 0) 缈诲紑=鐩?鐢ㄦ椂 0.95s (score=80 depth=4)
[  4] 榛?b2b9 (2, 7)->(9, 7) 缈诲紑=璞?鍚?r杌?鐢ㄦ椂 1.49s (score=162 depth=4)
[  5] 绾?a4c6 (5, 0)->(3, 2) 鍚?b鍗?鐢ㄦ椂 0.87s (score=91 depth=4)
[  6] 榛?h2h9 (2, 1)->(9, 1) 缈诲紑=鐐?鍚?r浠?鐢ㄦ椂 1.25s (score=166 depth=5)
[  7] 绾?a0b0 (9, 0)->(9, 1) 缈诲紑=鍏?鍚?b鐐?鐢ㄦ椂 0.65s (score=193.5 depth=3)
[  8] 榛?c3c4 (3, 6)->(4, 6) 缈诲紑=杌?鐢ㄦ椂 1.62s (score=76 depth=4)
[  9] 绾?c3c4 (6, 2)->(5, 2) 缈诲紑=鐩?鐢ㄦ椂 0.73s (score=73 depth=3)
[ 10] 榛?i3i4 (3, 0)->(4, 0) 缈诲紑=鍗?鐢ㄦ椂 1.58s (score=62 depth=4)
[ 11] 绾?i3i4 (6, 8)->(5, 8) 缈诲紑=鐐?鐢ㄦ椂 0.58s (score=83 depth=3)
[ 12] 榛?a4c3 (4, 8)->(3, 6)  鐢ㄦ椂 1.40s (score=8 depth=5)
[ 13] 绾?g0e2 (9, 6)->(7, 4) 缈诲紑=鍏?鐢ㄦ椂 1.11s (score=47 depth=4)
[ 14] 榛?c4c6 (4, 6)->(6, 6) 鍚?r鍏?鐢ㄦ椂 1.03s (score=100 depth=4)
[ 15] 绾?i4g4 (5, 8)->(5, 6)  鐢ㄦ椂 1.00s (score=4 depth=4)
[ 16] 榛?c6c5 (6, 6)->(5, 6) 鍚?r鐐?鐢ㄦ椂 0.71s (score=128 depth=4)
[ 17] 绾?c4e6 (5, 2)->(3, 4) 鍚?b鍗?鐢ㄦ椂 1.08s (score=67 depth=5)
[ 18] 榛?c5c6 (5, 6)->(6, 6)  鐢ㄦ椂 1.40s (score=1 depth=5)
[ 19] 绾?i0i9 (9, 8)->(0, 8) 缈诲紑=鐐?鍚?b鐐?鐢ㄦ椂 0.92s (score=116.0909090909091 depth=5)
[ 20] 榛?c0e2 (0, 6)->(2, 4) 缈诲紑=杌?鐢ㄦ椂 0.93s (score=37 depth=4)
[ 21] 绾?h2h7 (7, 7)->(2, 7) 缈诲紑=棣?鐢ㄦ椂 0.67s (score=77 depth=3)
[ 22] 榛?e2b2 (2, 4)->(2, 7) 鍚?r棣?鐢ㄦ椂 0.76s (score=115 depth=4)
[ 23] 绾?b2b8 (7, 1)->(1, 1) 缈诲紑=棣?鐢ㄦ椂 1.48s (score=79 depth=5)
[ 24] 榛?b2d2 (2, 7)->(2, 5)  鐢ㄦ椂 1.19s (score=45 depth=4)
[ 25] 绾?e4e5 (5, 4)->(4, 4)  鐢ㄦ椂 1.58s (score=10 depth=4)
[ 26] 榛?c6a6 (6, 6)->(6, 8)  鐢ㄦ椂 1.05s (score=-2 depth=4)
[ 27] 绾?f0e1 (9, 5)->(8, 4) 缈诲紑=鍏?鐢ㄦ椂 1.28s (score=51 depth=5)
[ 28] 榛?a6a9 (6, 8)->(9, 8)  鐢ㄦ椂 1.02s (score=36 depth=4)
[ 29] 绾?b8d7 (1, 1)->(2, 3)  鐢ㄦ椂 1.31s (score=9 depth=5)
[ 30] 榛?d2f2 (2, 5)->(2, 3) 鍚?r棣?鐢ㄦ椂 1.12s (score=135 depth=8)
[ 31] 绾?e0f0 (9, 4)->(9, 5)  鐢ㄦ椂 1.00s (score=-10 depth=7)
[ 32] 榛?f2f9 (2, 3)->(9, 3) 鍚?r浠?鐢ㄦ椂 0.97s (score=135 depth=12)
[ 33] 绾?f0f1 (9, 5)->(8, 5)  鐢ㄦ椂 1.03s (score=-20 depth=11)
[ 34] 榛?a9a8 (9, 8)->(8, 8)  鐢ㄦ椂 0.04s (score=-6 depth=12)
[ 35] 绾?i9f9 (0, 8)->(0, 5) 鍚?b澹?鐢ㄦ椂 0.04s (score=36 depth=12)
[ 36] 榛?a8d8 (8, 8)->(8, 5) 鍚?r甯?鐢ㄦ椂 0.01s (score=3696 depth=12)

========================================================
瀵瑰眬缁撴灉
========================================================
鑳滆€? pypy57 (榛戞柟)
鍘熷洜: 绗?36 鐫€鍚冩帀 甯? 鑾疯儨
鎬绘鏁? 36 鐫€, 鍏ㄥ眬澧欓挓 36.7s

鍙屾柟鐢ㄦ椂:
  pypy  (绾㈡柟):  18 鐫€  鎬荤敤鏃?   17.8s  骞冲潎  0.99s  鏈€闀?  1.58s
  pypy57 (榛戞柟):  18 鐫€  鎬荤敤鏃?   18.7s  骞冲潎  1.04s  鏈€闀?  1.62s

[*] 妫嬭氨宸蹭繚瀛? C:\Users\yimingwang218185\Desktop\jieqi_ai\tools\games\game_20260823_153314.json / .txt

缁堝眬妫嬬洏 (绾㈡柟鍦ㄤ笅):
    0 1 2 3 4 5 6 7 8
 0 | b? b? b? b? b灏?r鐐?路 b? 路
 1 | 路 路 路 路 路 路 路 路 路
 2 | 路 路 路 路 路 路 路 路 路
 3 | 路 路 r鐩?路 r鐩?路 b棣?路 路
 4 | b鍗?路 路 路 r鍏?路 路 路 路
 5 | 路 路 路 路 路 路 路 路 路
 6 | 路 路 路 路 路 路 路 路 路
 7 | 路 路 路 路 r鍏?路 路 路 路
 8 | 路 路 路 路 r鍏?b杌?路 路 路
 9 | 路 r鍏?r? b杌?路 路 路 b璞?路
