[*] 瑁佸垽鍚姩: pypy57 鎵х孩鍏堣(姣忕潃 1.5s) vs pypy 鎵ч粦(姣忕潃 1.5s), 闅忔満绉嶅瓙 20260978
[engine_server] 灏辩华 (PyPy 3.11.13, engine=jieqi_engine_v57)
[engine_server] 棰勭儹瀹屾垚
[engine_server] 灏辩华 (PyPy 3.11.13, engine=jieqi_engine)
[engine_server] 棰勭儹瀹屾垚
[+] 寮曟搸瀛愯繘绋嬪氨缁?(PyPy: pypy3.EXE)
[+] 寮曟搸瀛愯繘绋嬪氨缁?(PyPy: pypy3.EXE)
[*] 绾㈡柟寮曟搸: pypy57 (v5.7 鍩虹嚎, 鏃犻噸澶嶆劅鐭?
[*] 榛戞柟寮曟搸: pypy (miaosiSari 鍘熺増, alpha-beta)
[  1] 绾?e3e4 (6, 4)->(5, 4) 缈诲紑=鐩?鐢ㄦ椂 1.45s (score=84 depth=4)
[  2] 榛?b2b9 (2, 7)->(9, 7) 缈诲紑=鍗?鍚?r鍏?鐢ㄦ椂 0.77s (score=157 depth=3)
[  3] 绾?i0h0 (9, 8)->(9, 7) 缈诲紑=浠?鍚?b鍗?鐢ㄦ椂 0.85s (score=89.0 depth=4)
[  4] 榛?h2h9 (2, 1)->(9, 1) 缈诲紑=澹?鍚?r棣?鐢ㄦ椂 1.61s (score=158 depth=4)
[  5] 绾?a3a4 (6, 0)->(5, 0) 缈诲紑=鍏?鐢ㄦ椂 1.02s (score=78 depth=4)
[  6] 榛?c3c4 (3, 6)->(4, 6) 缈诲紑=鍗?鐢ㄦ椂 1.61s (score=77 depth=4)
[  7] 绾?c3c4 (6, 2)->(5, 2) 缈诲紑=浠?鐢ㄦ椂 0.84s (score=81 depth=4)
[  8] 榛?a3a4 (3, 8)->(4, 8) 缈诲紑=杌?鐢ㄦ椂 1.02s (score=81 depth=5)
[  9] 绾?b2b8 (7, 1)->(1, 1) 缈诲紑=鍏?鐢ㄦ椂 1.39s (score=79 depth=4)
[ 10] 榛?a4a6 (4, 8)->(6, 8) 鍚?r棣?鐢ㄦ椂 1.51s (score=96 depth=3)
[ 11] 绾?g0e2 (9, 6)->(7, 4) 缈诲紑=杌?鐢ㄦ椂 0.80s (score=53 depth=3)
[ 12] 榛?g3g4 (3, 2)->(4, 2) 缈诲紑=璞?鐢ㄦ椂 1.22s (score=63 depth=5)
[ 13] 绾?b8b9 (1, 1)->(0, 1) 鍚?b杌?鐢ㄦ椂 1.10s (score=65 depth=4)
[ 14] 榛?i0h0 (0, 0)->(0, 1) 缈诲紑=璞?鍚?r鍏?鐢ㄦ椂 1.41s (score=55.0 depth=5)
[ 15] 绾?e4g6 (5, 4)->(3, 6)  鐢ㄦ椂 1.08s (score=5 depth=4)
[ 16] 榛?a6a9 (6, 8)->(9, 8)  鐢ㄦ椂 1.47s (score=36 depth=5)
[ 17] 绾?e2e6 (7, 4)->(3, 4) 鍚?b鐐?鐢ㄦ椂 0.71s (score=93 depth=4)
[ 18] 榛?c0e2 (0, 6)->(2, 4) 缈诲紑=棣?鐢ㄦ椂 1.14s (score=41 depth=5)
[ 19] 绾?h0g1 (9, 7)->(8, 6)  鐢ㄦ椂 1.47s (score=3 depth=4)
[ 20] 榛?a9c9 (9, 8)->(9, 6)  鐢ㄦ椂 0.91s (score=2 depth=4)
[ 21] 绾?a0b0 (9, 0)->(9, 1) 缈诲紑=鍏?鍚?b澹?鐢ㄦ椂 1.34s (score=91.0 depth=4)
[ 22] 榛?c4c5 (4, 6)->(5, 6)  鐢ㄦ椂 1.20s (score=17 depth=4)
[ 23] 绾?e6a6 (3, 4)->(3, 0) 鍚?b棣?鐢ㄦ椂 0.96s (score=71 depth=4)
[ 24] 榛?c5c6 (5, 6)->(6, 6) 鍚?r杌?鐢ㄦ椂 0.74s (score=91 depth=5)
[ 25] 绾?h2h8 (7, 7)->(1, 7) 缈诲紑=鍏?鐢ㄦ椂 1.35s (score=75 depth=5)
[ 26] 榛?c6c7 (6, 6)->(7, 6)  鐢ㄦ椂 0.82s (score=27 depth=5)
[ 27] 绾?c0e2 (9, 2)->(7, 4) 缈诲紑=鐐?鐢ㄦ椂 1.20s (score=53 depth=5)
[ 28] 榛?g4e6 (4, 2)->(6, 4)  鐢ㄦ椂 1.51s (score=-6 depth=5)
[ 29] 绾?e2c2 (7, 4)->(7, 2)  鐢ㄦ椂 0.86s (score=-40 depth=4)
[ 30] 榛?c7c8 (7, 6)->(8, 6) 鍚?r浠?鐢ㄦ椂 1.55s (score=110 depth=4)
[ 31] 绾?c2c9 (7, 2)->(0, 2) 鍚?b鍗?鐢ㄦ椂 0.69s (score=159 depth=4)
[ 32] 榛?f0e1 (0, 3)->(1, 4) 缈诲紑=澹?鐢ㄦ椂 1.54s (score=35 depth=5)
[ 33] 绾?h8h9 (1, 7)->(0, 7) 鍚?b鐐?鐢ㄦ椂 0.75s (score=68 depth=4)
[ 34] 榛?c9d9 (9, 6)->(9, 5) 鍚?r鐩?鐢ㄦ椂 1.37s (score=110 depth=6)
[ 35] 绾?e0f0 (9, 4)->(9, 5) 鍚?b杌?鐢ㄦ椂 1.09s (score=336 depth=7)
[ 36] 榛?a0a9 (0, 8)->(9, 8) 缈诲紑=鍗?鐢ㄦ椂 1.09s (score=50.125 depth=6)
[ 37] 绾?d0e1 (9, 3)->(8, 4) 缈诲紑=鐐?鐢ㄦ椂 0.94s (score=39 depth=5)
[ 38] 榛?c8c9 (8, 6)->(9, 6)  鐢ㄦ椂 0.87s (score=-4 depth=5)
[ 39] 绾?f0e0 (9, 5)->(9, 4)  鐢ㄦ椂 1.54s (score=10 depth=5)
[ 40] 榛?e0f0 (0, 4)->(0, 3)  鐢ㄦ椂 1.22s (score=-10 depth=5)
[ 41] 绾?e1e7 (8, 4)->(2, 4) 鍚?b棣?鐢ㄦ椂 1.54s (score=112 depth=5)
[ 42] 榛?e6c4 (6, 4)->(4, 6)  鐢ㄦ椂 0.86s (score=6 depth=5)
[ 43] 绾?a6f6 (3, 0)->(3, 5)  鐢ㄦ椂 0.87s (score=9 depth=5)
[ 44] 榛?h0f2 (0, 1)->(2, 3)  鐢ㄦ椂 1.00s (score=14 depth=6)
[ 45] 绾?e7e2 (2, 4)->(7, 4)  鐢ㄦ椂 1.07s (score=18 depth=5)
[ 46] 榛?a9b9 (9, 8)->(9, 7)  鐢ㄦ椂 1.61s (score=9 depth=5)
[ 47] 绾?f6f8 (3, 5)->(1, 5)  鐢ㄦ椂 0.95s (score=0 depth=4)
[ 48] 榛?f2d4 (2, 3)->(4, 5)  鐢ㄦ椂 1.19s (score=0 depth=5)
[ 49] 绾?h9g9 (0, 7)->(0, 6)  鐢ㄦ椂 0.58s (score=1 depth=4)
[ 50] 榛?c4e2 (4, 6)->(2, 4)  鐢ㄦ椂 1.57s (score=12 depth=6)
[ 51] 绾?c9a9 (0, 2)->(0, 0)  鐢ㄦ椂 1.12s (score=3 depth=5)
[ 52] 榛?d4f2 (4, 5)->(2, 3)  鐢ㄦ椂 0.59s (score=0 depth=5)
[ 53] 绾?g6e8 (3, 6)->(1, 4) 鍚?b澹?鐢ㄦ椂 1.34s (score=103 depth=5)
[ 54] 榛?d0e1 (0, 5)->(1, 4) 缈诲紑=鍗?鍚?r鐩?鐢ㄦ椂 1.57s (score=114 depth=6)
[ 55] 绾?f8f9 (1, 5)->(0, 5)  鐢ㄦ椂 1.58s (score=7 depth=5)
[ 56] 榛?f0f1 (0, 3)->(1, 3)  鐢ㄦ椂 1.52s (score=-20 depth=6)
[ 57] 绾?g9h9 (0, 6)->(0, 7)  鐢ㄦ椂 0.98s (score=-1 depth=5)
[ 58] 榛?e2g4 (2, 4)->(4, 2)  鐢ㄦ椂 0.63s (score=-12 depth=5)
[ 59] 绾?e2d2 (7, 4)->(7, 3)  鐢ㄦ椂 0.97s (score=-11 depth=5)
[ 60] 榛?f2d4 (2, 3)->(4, 5)  鐢ㄦ椂 1.02s (score=0 depth=6)
[ 61] 绾?c4d5 (5, 2)->(4, 3)  鐢ㄦ椂 1.16s (score=7 depth=5)
[ 62] 榛?d4f2 (4, 5)->(2, 3)  鐢ㄦ椂 0.96s (score=0 depth=6)
[ 63] 绾?d5c6 (4, 3)->(3, 2)  鐢ㄦ椂 1.02s (score=6 depth=5)
[ 64] 榛?f2d4 (2, 3)->(4, 5)  鐢ㄦ椂 1.49s (score=0 depth=7)
[ 65] 绾?f9f5 (0, 5)->(4, 5) 鍚?b璞?鐢ㄦ椂 0.85s (score=21 depth=5)
[ 66] 榛?c9d9 (9, 6)->(9, 5)  鐢ㄦ椂 1.26s (score=2 depth=7)
[ 67] 绾?f5f0 (4, 5)->(9, 5) 鍚?b鍗?鐢ㄦ椂 0.70s (score=82 depth=6)
[ 68] 榛?e1e2 (1, 4)->(2, 4)  鐢ㄦ椂 1.51s (score=15 depth=6)
[ 69] 绾?d2e2 (7, 3)->(7, 4)  鐢ㄦ椂 0.78s (score=11 depth=5)
[ 70] 榛?f1f0 (1, 3)->(0, 3)  鐢ㄦ椂 1.25s (score=20 depth=6)
[ 71] 绾?f0h0 (9, 5)->(9, 7) 鍚?b鍗?鐢ㄦ椂 1.52s (score=48 depth=5)
[ 72] 榛?g4e6 (4, 2)->(6, 4)  鐢ㄦ椂 1.52s (score=-6 depth=6)
[ 73] 绾?h0h3 (9, 7)->(6, 7)  鐢ㄦ椂 1.53s (score=-2 depth=5)
[ 74] 榛?e2e3 (2, 4)->(3, 4)  鐢ㄦ椂 1.22s (score=10 depth=8)
[ 75] 绾?h3e3 (6, 7)->(6, 4) 鍚?b璞?鐢ㄦ椂 1.01s (score=35 depth=12)
[ 76] 榛?f0e0 (0, 3)->(0, 4)  鐢ㄦ椂 0.41s (score=10 depth=12)
[ 77] 绾?e3f3 (6, 4)->(6, 5)  鐢ㄦ椂 0.12s (score=33 depth=12)
[ 78] 榛?e0f0 (0, 4)->(0, 3)  鐢ㄦ椂 0.08s (score=-10 depth=12)
[ 79] 绾?f3d3 (6, 5)->(6, 3)  鐢ㄦ椂 0.04s (score=0 depth=12)
[ 80] 榛?e3e4 (3, 4)->(4, 4)  鐢ㄦ椂 0.01s (score=14 depth=12)
[ 81] 绾?d3d9 (6, 3)->(0, 3) 鍚?b灏?鐢ㄦ椂 0.00s (score=3696 depth=12)

========================================================
瀵瑰眬缁撴灉
========================================================
鑳滆€? pypy57 (绾㈡柟)
鍘熷洜: 绗?81 鐫€鍚冩帀 灏? 鑾疯儨
鎬绘鏁? 81 鐫€, 鍏ㄥ眬澧欓挓 87.3s

鍙屾柟鐢ㄦ椂:
  pypy57 (绾㈡柟):  41 鐫€  鎬荤敤鏃?   41.1s  骞冲潎  1.00s  鏈€闀?  1.58s
  pypy  (榛戞柟):  40 鐫€  鎬荤敤鏃?   45.9s  骞冲潎  1.15s  鏈€闀?  1.61s

[*] 妫嬭氨宸蹭繚瀛? C:\Users\yimingwang218185\Desktop\jieqi_ai\tools\games\game_20260823_162145.json / .txt

缁堝眬妫嬬洏 (绾㈡柟鍦ㄤ笅):
    0 1 2 3 4 5 6 7 8
 0 | r鐐?路 路 r杌?路 路 路 r鍏?路
 1 | 路 路 路 路 路 路 路 路 路
 2 | 路 路 路 路 路 路 路 路 路
 3 | 路 路 r浠?路 路 路 路 路 路
 4 | 路 路 路 路 b鍗?路 路 路 路
 5 | r鍏?路 路 路 路 路 路 路 路
 6 | 路 路 路 路 路 路 路 路 路
 7 | 路 路 路 路 r鐐?路 路 路 路
 8 | 路 路 路 路 路 路 路 路 路
 9 | 路 r鍏?路 路 r甯?路 路 路 路
