[*] 瑁佸垽鍚姩: pypy57 鎵х孩鍏堣(姣忕潃 1.5s) vs pypy 鎵ч粦(姣忕潃 1.5s), 闅忔満绉嶅瓙 20260976
[engine_server] 灏辩华 (PyPy 3.11.13, engine=jieqi_engine_v57)
[engine_server] 棰勭儹瀹屾垚
[engine_server] 灏辩华 (PyPy 3.11.13, engine=jieqi_engine)
[engine_server] 棰勭儹瀹屾垚
[+] 寮曟搸瀛愯繘绋嬪氨缁?(PyPy: pypy3.EXE)
[+] 寮曟搸瀛愯繘绋嬪氨缁?(PyPy: pypy3.EXE)
[*] 绾㈡柟寮曟搸: pypy57 (v5.7 鍩虹嚎, 鏃犻噸澶嶆劅鐭?
[*] 榛戞柟寮曟搸: pypy (miaosiSari 鍘熺増, alpha-beta)
[  1] 绾?e3e4 (6, 4)->(5, 4) 缈诲紑=杌?鐢ㄦ椂 0.77s (score=84 depth=3)
[  2] 榛?b2b9 (2, 7)->(9, 7) 缈诲紑=鍗?鍚?r杌?鐢ㄦ椂 0.97s (score=144 depth=3)
[  3] 绾?b2b9 (7, 1)->(0, 1) 缈诲紑=鐐?鍚?b鐐?鐢ㄦ椂 1.54s (score=152 depth=3)
[  4] 榛?i0h0 (0, 0)->(0, 1) 缈诲紑=璞?鍚?r鐐?鐢ㄦ椂 1.09s (score=166.15384615384613 depth=4)
[  5] 绾?e4e6 (5, 4)->(3, 4) 鍚?b澹?鐢ㄦ椂 0.81s (score=86 depth=4)
[  6] 榛?h2e2 (2, 1)->(2, 4) 缈诲紑=鍗?鐢ㄦ椂 1.65s (score=45 depth=4)
[  7] 绾?e6g6 (3, 4)->(3, 6) 鍚?b杌?鐢ㄦ椂 1.16s (score=85 depth=5)
[  8] 榛?b9a9 (9, 7)->(9, 8) 鍚?r鐩?鐢ㄦ椂 0.92s (score=72.5 depth=5)
[  9] 绾?a3a4 (6, 0)->(5, 0) 缈诲紑=浠?鐢ㄦ椂 0.92s (score=73 depth=4)
[ 10] 榛?g3g4 (3, 2)->(4, 2) 缈诲紑=鍗?鐢ㄦ椂 1.12s (score=83 depth=5)
[ 11] 绾?i3i4 (6, 8)->(5, 8) 缈诲紑=鍏?鐢ㄦ椂 0.95s (score=74 depth=4)
[ 12] 榛?i3i4 (3, 0)->(4, 0) 缈诲紑=鍗?鐢ㄦ椂 0.87s (score=76 depth=4)
[ 13] 绾?h2h8 (7, 7)->(1, 7) 缈诲紑=鍏?鐢ㄦ椂 0.65s (score=72 depth=3)
[ 14] 榛?i4i5 (4, 0)->(5, 0) 鍚?r浠?鐢ㄦ椂 1.65s (score=83 depth=4)
[ 15] 绾?g6g9 (3, 6)->(0, 6) 鍚?b棣?鐢ㄦ椂 1.58s (score=126 depth=3)
[ 16] 榛?f0e1 (0, 3)->(1, 4) 缈诲紑=璞?鐢ㄦ椂 1.38s (score=56 depth=5)
[ 17] 绾?h8h9 (1, 7)->(0, 7) 鍚?b杌?鐢ㄦ椂 0.92s (score=97 depth=4)
[ 18] 榛?a0b0 (0, 8)->(0, 7) 缈诲紑=澹?鍚?r鍏?鐢ㄦ椂 1.60s (score=80.0 depth=4)
[ 19] 绾?g9h9 (0, 6)->(0, 7) 鍚?b澹?鐢ㄦ椂 0.92s (score=92 depth=4)
[ 20] 榛?e1g3 (1, 4)->(3, 2)  鐢ㄦ椂 1.65s (score=35 depth=4)
[ 21] 绾?g3g4 (6, 6)->(5, 6) 缈诲紑=浠?鐢ㄦ椂 1.17s (score=63 depth=4)
[ 22] 榛?g3e5 (3, 2)->(5, 4)  鐢ㄦ椂 1.91s (score=5 depth=4)
[ 23] 绾?f0e1 (9, 5)->(8, 4) 缈诲紑=鍏?鐢ㄦ椂 1.49s (score=31 depth=4)
[ 24] 榛?g0i2 (0, 2)->(2, 0) 缈诲紑=鍗?鐢ㄦ椂 1.58s (score=56 depth=4)
[ 25] 绾?g4h5 (5, 6)->(4, 7)  鐢ㄦ椂 0.93s (score=7 depth=4)
[ 26] 榛?a9b9 (9, 8)->(9, 7)  鐢ㄦ椂 0.68s (score=9 depth=4)
[ 27] 绾?h9g9 (0, 7)->(0, 6)  鐢ㄦ椂 1.46s (score=0 depth=5)
[ 28] 榛?i5h5 (5, 0)->(5, 1)  鐢ㄦ椂 1.64s (score=21 depth=4)
[ 29] 绾?h5i6 (4, 7)->(3, 8) 鍚?b鐐?鐢ㄦ椂 1.12s (score=117 depth=4)
[ 30] 榛?h5h6 (5, 1)->(6, 1)  鐢ㄦ椂 0.85s (score=2 depth=4)
[ 31] 绾?g0i2 (9, 6)->(7, 8) 缈诲紑=鍏?鐢ㄦ椂 1.41s (score=39 depth=4)
[ 32] 榛?h6g6 (6, 1)->(6, 2) 鍚?r鍏?鐢ㄦ椂 0.78s (score=69 depth=5)
[ 33] 绾?c0e2 (9, 2)->(7, 4) 缈诲紑=棣?鐢ㄦ椂 0.66s (score=49 depth=4)
[ 34] 榛?g6g7 (6, 2)->(7, 2)  鐢ㄦ椂 1.52s (score=27 depth=5)
[ 35] 绾?a0a7 (9, 0)->(2, 0) 缈诲紑=鐐?鍚?b鍗?鐢ㄦ椂 1.10s (score=53.25 depth=5)
[ 36] 榛?g7f7 (7, 2)->(7, 3)  鐢ㄦ椂 1.08s (score=5 depth=6)
[ 37] 绾?e2f4 (7, 4)->(5, 5)  鐢ㄦ椂 1.27s (score=-3 depth=5)
[ 38] 榛?g4g5 (4, 2)->(5, 2)  鐢ㄦ椂 1.56s (score=17 depth=6)
[ 39] 绾?i6h7 (3, 8)->(2, 7)  鐢ㄦ椂 1.06s (score=26 depth=5)
[ 40] 榛?g5h5 (5, 2)->(5, 1)  鐢ㄦ椂 0.85s (score=18 depth=5)
[ 41] 绾?h7g8 (2, 7)->(1, 6)  鐢ㄦ椂 0.66s (score=-10 depth=4)
[ 42] 榛?h0f2 (0, 1)->(2, 3)  鐢ㄦ椂 1.25s (score=14 depth=6)
[ 43] 绾?a7e7 (2, 0)->(2, 4) 鍚?b鍗?鐢ㄦ椂 0.61s (score=0 depth=4)
[ 44] 榛?h5h6 (5, 1)->(6, 1)  鐢ㄦ椂 1.18s (score=2 depth=6)
[ 45] 绾?g9h9 (0, 6)->(0, 7)  鐢ㄦ椂 0.95s (score=0 depth=5)
[ 46] 榛?b9c9 (9, 7)->(9, 6)  鐢ㄦ椂 1.55s (score=1 depth=5)
[ 47] 绾?h9h2 (0, 7)->(7, 7)  鐢ㄦ椂 0.87s (score=-14 depth=4)
[ 48] 榛?f7g7 (7, 3)->(7, 2)  鐢ㄦ椂 0.74s (score=-5 depth=5)
[ 49] 绾?h2e2 (7, 7)->(7, 4)  鐢ㄦ椂 1.44s (score=-2 depth=5)
[ 50] 榛?h6h7 (6, 1)->(7, 1)  鐢ㄦ椂 1.40s (score=17 depth=6)
[ 51] 绾?e2e4 (7, 4)->(5, 4) 鍚?b璞?鐢ㄦ椂 0.77s (score=83 depth=5)
[ 52] 榛?g7g8 (7, 2)->(8, 2)  鐢ㄦ椂 0.70s (score=15 depth=6)
[ 53] 绾?e4d4 (5, 4)->(5, 3)  鐢ㄦ椂 1.56s (score=32 depth=5)
[ 54] 榛?g8g9 (8, 2)->(9, 2)  鐢ㄦ椂 1.54s (score=-4 depth=6)
[ 55] 绾?e1e2 (8, 4)->(7, 4)  鐢ㄦ椂 1.15s (score=15 depth=5)
[ 56] 榛?g9h9 (9, 2)->(9, 1) 鍚?r鐩?鐢ㄦ椂 1.14s (score=65 depth=6)
[ 57] 绾?d4d7 (5, 3)->(2, 3) 鍚?b璞?鐢ㄦ椂 0.86s (score=32 depth=5)
[ 58] 榛?h7g7 (7, 1)->(7, 2)  鐢ㄦ椂 1.52s (score=0 depth=6)
[ 59] 绾?i4i5 (5, 8)->(4, 8)  鐢ㄦ椂 0.93s (score=10 depth=5)
[ 60] 榛?g7g8 (7, 2)->(8, 2)  鐢ㄦ椂 1.31s (score=15 depth=6)
[ 61] 绾?d0e1 (9, 3)->(8, 4) 缈诲紑=棣?鐢ㄦ椂 0.90s (score=36 depth=5)
[ 62] 榛?c9b9 (9, 6)->(9, 7)  鐢ㄦ椂 1.08s (score=-1 depth=6)
[ 63] 绾?e7e3 (2, 4)->(6, 4)  鐢ㄦ椂 1.14s (score=18 depth=5)
[ 64] 榛?h9g9 (9, 1)->(9, 2)  鐢ㄦ椂 0.63s (score=1 depth=5)
[ 65] 绾?f4e6 (5, 5)->(3, 4)  鐢ㄦ椂 0.96s (score=-2 depth=12)
[ 66] 榛?d0e1 (0, 5)->(1, 4) 缈诲紑=棣?鐢ㄦ椂 0.63s (score=47 depth=12)
[ 67] 绾?g8f7 (1, 6)->(2, 5)  鐢ㄦ椂 0.80s (score=-8 depth=4)
[ 68] 榛?b9a9 (9, 7)->(9, 8)  鐢ㄦ椂 0.80s (score=-9 depth=5)
[ 69] 绾?d7d9 (2, 3)->(0, 3)  鐢ㄦ椂 0.80s (score=7 depth=12)
[ 70] 榛?e0f0 (0, 4)->(0, 3) 鍚?r杌?鐢ㄦ椂 0.63s (score=336 depth=12)
[ 71] 绾?f7e8 (2, 5)->(1, 4) 鍚?b棣?鐢ㄦ椂 0.30s (score=114 depth=12)
[ 72] 榛?f0e0 (0, 3)->(0, 4)  鐢ㄦ椂 0.54s (score=10 depth=12)
[ 73] 绾?e6g7 (3, 4)->(2, 6)  鐢ㄦ椂 0.03s (score=-6 depth=12)
[ 74] 榛?e0e1 (0, 4)->(1, 4) 鍚?r浠?鐢ㄦ椂 0.06s (score=86 depth=12)
[ 75] 绾?g7e8 (2, 6)->(1, 4) 鍚?b灏?鐢ㄦ椂 0.01s (score=3696 depth=12)

========================================================
瀵瑰眬缁撴灉
========================================================
鑳滆€? pypy57 (绾㈡柟)
鍘熷洜: 绗?75 鐫€鍚冩帀 灏? 鑾疯儨
鎬绘鏁? 75 鐫€, 鍏ㄥ眬澧欓挓 79.2s

鍙屾柟鐢ㄦ椂:
  pypy57 (绾㈡柟):  38 鐫€  鎬荤敤鏃?   36.6s  骞冲潎  0.96s  鏈€闀?  1.58s
  pypy  (榛戞柟):  37 鐫€  鎬荤敤鏃?   42.0s  骞冲潎  1.14s  鏈€闀?  1.91s

[*] 妫嬭氨宸蹭繚瀛? C:\Users\yimingwang218185\Desktop\jieqi_ai\tools\games\game_20260823_161912.json / .txt

缁堝眬妫嬬洏 (绾㈡柟鍦ㄤ笅):
    0 1 2 3 4 5 6 7 8
 0 | 路 路 路 路 路 路 路 路 路
 1 | 路 路 路 路 r棣?路 路 路 路
 2 | 路 路 路 路 路 路 路 路 路
 3 | 路 路 路 路 路 路 路 路 路
 4 | 路 路 路 路 路 路 路 路 r鍏?
 5 | 路 路 路 路 路 路 路 路 路
 6 | 路 路 路 路 r鐐?路 路 路 路
 7 | 路 路 路 路 r鍏?路 路 路 r鍏?
 8 | 路 路 b鍗?路 r棣?路 路 路 路
 9 | 路 路 b鍗?路 r甯?路 路 路 b鍗?
