[*] 瑁佸垽鍚姩: pypy 鎵х孩鍏堣(姣忕潃 1.5s) vs pypy57 鎵ч粦(姣忕潃 1.5s), 闅忔満绉嶅瓙 20260977
[engine_server] 灏辩华 (PyPy 3.11.13, engine=jieqi_engine)
[engine_server] 棰勭儹瀹屾垚
[engine_server] 灏辩华 (PyPy 3.11.13, engine=jieqi_engine_v57)
[engine_server] 棰勭儹瀹屾垚
[+] 寮曟搸瀛愯繘绋嬪氨缁?(PyPy: pypy3.EXE)
[+] 寮曟搸瀛愯繘绋嬪氨缁?(PyPy: pypy3.EXE)
[*] 绾㈡柟寮曟搸: pypy (miaosiSari 鍘熺増, alpha-beta)
[*] 榛戞柟寮曟搸: pypy57 (v5.7 鍩虹嚎, 鏃犻噸澶嶆劅鐭?
[  1] 绾?e3e4 (6, 4)->(5, 4) 缈诲紑=鍏?鐢ㄦ椂 0.77s (score=84 depth=3)
[  2] 榛?a3a4 (3, 8)->(4, 8) 缈诲紑=澹?鐢ㄦ椂 1.25s (score=78 depth=3)
[  3] 绾?a3a4 (6, 0)->(5, 0) 缈诲紑=鍏?鐢ㄦ椂 1.61s (score=80 depth=3)
[  4] 榛?c3c4 (3, 6)->(4, 6) 缈诲紑=澹?鐢ㄦ椂 0.78s (score=77 depth=3)
[  5] 绾?c3c4 (6, 2)->(5, 2) 缈诲紑=鐐?鐢ㄦ椂 0.97s (score=81 depth=4)
[  6] 榛?g0e2 (0, 2)->(2, 4) 缈诲紑=杌?鐢ㄦ椂 0.81s (score=44 depth=3)
[  7] 绾?b2b9 (7, 1)->(0, 1) 缈诲紑=鍏?鍚?b璞?鐢ㄦ椂 1.16s (score=142 depth=4)
[  8] 榛?b2b9 (2, 7)->(9, 7) 缈诲紑=鐐?鍚?r杌?鐢ㄦ椂 0.84s (score=161 depth=4)
[  9] 绾?b9a9 (0, 1)->(0, 0) 鍚?b棣?鐢ㄦ椂 0.84s (score=75.27272727272728 depth=4)
[ 10] 榛?a4b5 (4, 8)->(5, 7)  鐢ㄦ椂 1.01s (score=9 depth=4)
[ 11] 绾?g3g4 (6, 6)->(5, 6) 缈诲紑=鐐?鐢ㄦ椂 0.82s (score=74 depth=4)
[ 12] 榛?b0c2 (0, 7)->(2, 6) 缈诲紑=棣?鐢ㄦ椂 1.15s (score=31 depth=4)
[ 13] 绾?i3i4 (6, 8)->(5, 8) 缈诲紑=杌?鐢ㄦ椂 0.96s (score=76 depth=4)
[ 14] 榛?a0a5 (0, 8)->(5, 8) 缈诲紑=鍗?鍚?r杌?鐢ㄦ椂 1.26s (score=302.6666666666667 depth=5)
[ 15] 绾?h2h1 (7, 7)->(8, 7) 缈诲紑=鐩?鐢ㄦ椂 1.08s (score=41 depth=4)
[ 16] 榛?b9d9 (9, 7)->(9, 5) 鍚?r鍏?鐢ㄦ椂 1.44s (score=70 depth=5)
[ 17] 绾?e0f0 (9, 4)->(9, 5) 鍚?b鐐?鐢ㄦ椂 0.76s (score=172 depth=5)
[ 18] 榛?h2h8 (2, 1)->(8, 1) 缈诲紑=鍗?鐢ㄦ椂 1.30s (score=74 depth=5)
[ 19] 绾?d0e1 (9, 3)->(8, 4) 缈诲紑=鐩?鐢ㄦ椂 1.54s (score=46 depth=4)
[ 20] 榛?e2d2 (2, 4)->(2, 5)  鐢ㄦ椂 0.92s (score=17 depth=5)
[ 21] 绾?f0e0 (9, 5)->(9, 4)  鐢ㄦ椂 0.89s (score=10 depth=6)
[ 22] 榛?g3g4 (3, 2)->(4, 2) 缈诲紑=鍗?鐢ㄦ椂 1.10s (score=74 depth=5)
[ 23] 绾?c4b4 (5, 2)->(5, 1)  鐢ㄦ椂 0.72s (score=-3 depth=4)
[ 24] 榛?f0e1 (0, 3)->(1, 4) 缈诲紑=鍗?鐢ㄦ椂 0.89s (score=36 depth=4)
[ 25] 绾?c0e2 (9, 2)->(7, 4) 缈诲紑=棣?鐢ㄦ椂 1.12s (score=50 depth=5)
[ 26] 榛?h8h9 (8, 1)->(9, 1) 鍚?r棣?鐢ㄦ椂 1.06s (score=92 depth=4)
[ 27] 绾?a0b0 (9, 0)->(9, 1) 缈诲紑=浠?鍚?b鍗?鐢ㄦ椂 0.64s (score=97.42857142857143 depth=4)
[ 28] 榛?a5a6 (5, 8)->(6, 8)  鐢ㄦ椂 1.46s (score=13 depth=5)
[ 29] 绾?e1c3 (8, 4)->(6, 2)  鐢ㄦ椂 1.07s (score=35 depth=4)
[ 30] 榛?d2h2 (2, 5)->(2, 1)  鐢ㄦ椂 0.83s (score=-15 depth=4)
[ 31] 绾?i0h0 (9, 8)->(9, 7) 缈诲紑=浠?鐢ㄦ椂 0.82s (score=13.5 depth=4)
[ 32] 榛?g4g5 (4, 2)->(5, 2)  鐢ㄦ椂 1.34s (score=17 depth=6)
[ 33] 绾?g4g7 (5, 6)->(2, 6) 鍚?b棣?鐢ㄦ椂 0.86s (score=111 depth=5)
[ 34] 榛?h2h5 (2, 1)->(5, 1) 鍚?r鐐?鐢ㄦ椂 1.52s (score=133 depth=5)
[ 35] 绾?b0c1 (9, 1)->(8, 2)  鐢ㄦ椂 1.56s (score=3 depth=5)
[ 36] 榛?g5g6 (5, 2)->(6, 2) 鍚?r鐩?鐢ㄦ椂 1.53s (score=75 depth=5)
[ 37] 绾?e2c3 (7, 4)->(6, 2) 鍚?b鍗?鐢ㄦ椂 1.17s (score=40 depth=6)
[ 38] 榛?h5g5 (5, 1)->(5, 2)  鐢ㄦ椂 1.53s (score=0 depth=5)
[ 39] 绾?c1b2 (8, 2)->(7, 1)  鐢ㄦ椂 1.52s (score=-5 depth=5)
[ 40] 榛?g5g0 (5, 2)->(0, 2)  鐢ㄦ椂 0.89s (score=-7 depth=5)
[ 41] 绾?g7h7 (2, 6)->(2, 7)  鐢ㄦ椂 1.52s (score=1 depth=5)
[ 42] 榛?g0i0 (0, 2)->(0, 0) 鍚?r鍏?鐢ㄦ椂 1.41s (score=75 depth=6)
[ 43] 绾?g0e2 (9, 6)->(7, 4) 缈诲紑=鍏?鐢ㄦ椂 1.16s (score=49 depth=6)
[ 44] 榛?i0h0 (0, 0)->(0, 1)  鐢ㄦ椂 1.41s (score=2 depth=7)
[ 45] 绾?b2c1 (7, 1)->(8, 2)  鐢ㄦ椂 1.56s (score=5 depth=6)
[ 46] 榛?h0g0 (0, 1)->(0, 2)  鐢ㄦ椂 1.51s (score=-2 depth=6)
[ 47] 绾?c1b2 (8, 2)->(7, 1)  鐢ㄦ椂 1.52s (score=-5 depth=5)
[ 48] 榛?g0h0 (0, 2)->(0, 1)  鐢ㄦ椂 1.49s (score=2 depth=7)
[ 49] 绾?b2c1 (7, 1)->(8, 2)  鐢ㄦ椂 1.62s (score=5 depth=5)
[ 50] 榛?h0g0 (0, 1)->(0, 2)  鐢ㄦ椂 1.45s (score=-2 depth=6)
[ 51] 绾?c1b2 (8, 2)->(7, 1)  鐢ㄦ椂 1.51s (score=-5 depth=5)
[ 52] 榛?g0h0 (0, 2)->(0, 1)  鐢ㄦ椂 1.39s (score=2 depth=7)

========================================================
瀵瑰眬缁撴灉
========================================================
鍜屾
鍘熷洜: 绗?52 鐫€鍚庡眬闈㈢ 3 娆″嚭鐜? 鍒ゅ拰
鎬绘鏁? 52 鐫€, 鍏ㄥ眬澧欓挓 61.6s

鍙屾柟鐢ㄦ椂:
  pypy  (绾㈡柟):  26 鐫€  鎬荤敤鏃?   29.8s  骞冲潎  1.14s  鏈€闀?  1.62s
  pypy57 (榛戞柟):  26 鐫€  鎬荤敤鏃?   31.6s  骞冲潎  1.21s  鏈€闀?  1.53s

[*] 妫嬭氨宸蹭繚瀛? C:\Users\yimingwang218185\Desktop\jieqi_ai\tools\games\game_20260823_162016.json / .txt

缁堝眬妫嬬洏 (绾㈡柟鍦ㄤ笅):
    0 1 2 3 4 5 6 7 8
 0 | 路 b杌?路 路 b灏?b? b? 路 路
 1 | 路 路 路 路 b鍗?路 路 路 路
 2 | 路 路 路 路 路 路 路 r鐐?路
 3 | b? 路 路 路 b? 路 路 路 路
 4 | 路 路 路 路 路 路 b澹?路 路
 5 | r鍏?路 路 路 r鍏?路 路 b澹?路
 6 | 路 路 r棣?路 路 路 路 路 b鍗?
 7 | 路 r浠?路 路 r鍏?路 路 路 路
 8 | 路 路 路 路 路 路 路 r鐩?路
 9 | 路 路 路 路 r甯?路 路 r浠?路
