[*] 瑁佸垽鍚姩: pypy 鎵х孩鍏堣(姣忕潃 1.5s) vs pypy57 鎵ч粦(姣忕潃 1.5s), 闅忔満绉嶅瓙 20260979
[engine_server] 灏辩华 (PyPy 3.11.13, engine=jieqi_engine)
[engine_server] 棰勭儹瀹屾垚
[engine_server] 灏辩华 (PyPy 3.11.13, engine=jieqi_engine_v57)
[engine_server] 棰勭儹瀹屾垚
[+] 寮曟搸瀛愯繘绋嬪氨缁?(PyPy: pypy3.EXE)
[+] 寮曟搸瀛愯繘绋嬪氨缁?(PyPy: pypy3.EXE)
[*] 绾㈡柟寮曟搸: pypy (miaosiSari 鍘熺増, alpha-beta)
[*] 榛戞柟寮曟搸: pypy57 (v5.7 鍩虹嚎, 鏃犻噸澶嶆劅鐭?
[  1] 绾?e3e4 (6, 4)->(5, 4) 缈诲紑=鐐?鐢ㄦ椂 1.06s (score=84 depth=4)
[  2] 榛?b2e2 (2, 7)->(2, 4) 缈诲紑=澹?鐢ㄦ椂 0.90s (score=41 depth=4)
[  3] 绾?e4e1 (5, 4)->(8, 4)  鐢ㄦ椂 1.08s (score=5 depth=4)
[  4] 榛?a3a4 (3, 8)->(4, 8) 缈诲紑=棣?鐢ㄦ椂 0.76s (score=79 depth=4)
[  5] 绾?a3a4 (6, 0)->(5, 0) 缈诲紑=鍏?鐢ㄦ椂 0.84s (score=78 depth=4)
[  6] 榛?e3e4 (3, 4)->(4, 4) 缈诲紑=璞?鐢ㄦ椂 0.86s (score=74 depth=4)
[  7] 绾?c3c4 (6, 2)->(5, 2) 缈诲紑=杌?鐢ㄦ椂 0.86s (score=77 depth=4)
[  8] 榛?h2h9 (2, 1)->(9, 1) 缈诲紑=鍗?鍚?r浠?鐢ㄦ椂 0.85s (score=153 depth=4)
[  9] 绾?a0b0 (9, 0)->(9, 1) 缈诲紑=鍏?鍚?b鍗?鐢ㄦ椂 1.08s (score=83.0 depth=4)
[ 10] 榛?c3c4 (3, 6)->(4, 6) 缈诲紑=鍗?鐢ㄦ椂 0.75s (score=77 depth=4)
[ 11] 绾?b2f2 (7, 1)->(7, 5) 缈诲紑=鐐?鐢ㄦ椂 1.51s (score=43 depth=4)
[ 12] 榛?d0e1 (0, 5)->(1, 4) 缈诲紑=鍗?鐢ㄦ椂 0.89s (score=36 depth=4)
[ 13] 绾?i3i4 (6, 8)->(5, 8) 缈诲紑=鍏?鐢ㄦ椂 1.24s (score=76 depth=4)
[ 14] 榛?e4c6 (4, 4)->(6, 6) 鍚?r鍏?鐢ㄦ椂 0.81s (score=78 depth=4)
[ 15] 绾?i4i5 (5, 8)->(4, 8) 鍚?b棣?鐢ㄦ椂 1.24s (score=120 depth=4)
[ 16] 榛?g0i2 (0, 2)->(2, 0) 缈诲紑=鐐?鐢ㄦ椂 1.56s (score=46 depth=4)
[ 17] 绾?c4c6 (5, 2)->(3, 2) 鍚?b杌?鐢ㄦ椂 1.52s (score=91 depth=3)
[ 18] 榛?i2i5 (2, 0)->(5, 0) 鍚?r鍏?鐢ㄦ椂 1.12s (score=53 depth=5)
[ 19] 绾?c6c4 (3, 2)->(5, 2)  鐢ㄦ椂 1.55s (score=0 depth=3)
[ 20] 榛?i5i9 (5, 0)->(9, 0)  鐢ㄦ椂 1.07s (score=69 depth=5)
[ 21] 绾?c4c9 (5, 2)->(0, 2)  鐢ㄦ椂 1.29s (score=36 depth=4)
[ 22] 榛?h0i2 (0, 1)->(2, 0) 缈诲紑=鐐?鐢ㄦ椂 0.82s (score=44 depth=4)
[ 23] 绾?c9c5 (0, 2)->(4, 2)  鐢ㄦ椂 0.91s (score=-37 depth=4)
[ 24] 榛?i2f2 (2, 0)->(2, 3)  鐢ㄦ椂 0.82s (score=2 depth=4)
[ 25] 绾?h2h8 (7, 7)->(1, 7) 缈诲紑=浠?鐢ㄦ椂 1.54s (score=69 depth=3)
[ 26] 榛?f2f5 (2, 3)->(5, 3)  鐢ㄦ椂 1.56s (score=-3 depth=4)
[ 27] 绾?h8i9 (1, 7)->(0, 8) 鍚?b璞?鐢ㄦ椂 0.88s (score=140.0 depth=4)
[ 28] 榛?f5c5 (5, 3)->(5, 6)  鐢ㄦ椂 0.84s (score=0 depth=4)
[ 29] 绾?h0g2 (9, 7)->(7, 6) 缈诲紑=鐩?鐢ㄦ椂 0.77s (score=38 depth=4)
[ 30] 榛?b0c2 (0, 7)->(2, 6) 缈诲紑=鍗?鐢ㄦ椂 1.55s (score=45 depth=4)
[ 31] 绾?i9h8 (0, 8)->(1, 7)  鐢ㄦ椂 1.08s (score=0 depth=4)
[ 32] 榛?i3i4 (3, 0)->(4, 0) 缈诲紑=鍗?鐢ㄦ椂 1.52s (score=78 depth=4)
[ 33] 绾?h8g9 (1, 7)->(0, 6) 鍚?b杌?鐢ㄦ椂 1.11s (score=99 depth=4)
[ 34] 榛?c6e4 (6, 6)->(4, 4)  鐢ㄦ椂 1.55s (score=-5 depth=4)
[ 35] 绾?c0a2 (9, 2)->(7, 0) 缈诲紑=棣?鐢ㄦ椂 1.06s (score=35 depth=4)
[ 36] 榛?i4i5 (4, 0)->(5, 0)  鐢ㄦ椂 0.95s (score=10 depth=5)
[ 37] 绾?c5e5 (4, 2)->(4, 4) 鍚?b璞?鐢ㄦ椂 1.76s (score=69 depth=3)
[ 38] 榛?i5i6 (5, 0)->(6, 0)  鐢ㄦ椂 1.23s (score=13 depth=4)
[ 39] 绾?a2c3 (7, 0)->(6, 2)  鐢ㄦ椂 0.70s (score=5 depth=3)
[ 40] 榛?i6h6 (6, 0)->(6, 1)  鐢ㄦ椂 1.40s (score=10 depth=4)
[ 41] 绾?c3d5 (6, 2)->(4, 3)  鐢ㄦ椂 1.54s (score=15 depth=4)
[ 42] 榛?c5g5 (5, 6)->(5, 2)  鐢ㄦ椂 0.92s (score=0 depth=3)
[ 43] 绾?g9f8 (0, 6)->(1, 5)  鐢ㄦ椂 1.17s (score=17 depth=4)
[ 44] 榛?e2d1 (2, 4)->(1, 5) 鍚?r浠?鐢ㄦ椂 1.36s (score=117 depth=6)
[ 45] 绾?e5f5 (4, 4)->(4, 5)  鐢ㄦ椂 1.22s (score=32 depth=4)
[ 46] 榛?d1e2 (1, 5)->(2, 4)  鐢ㄦ椂 1.49s (score=-8 depth=6)
[ 47] 绾?f2c2 (7, 5)->(7, 2)  鐢ㄦ椂 1.44s (score=-29 depth=5)
[ 48] 榛?g5g4 (5, 2)->(4, 2)  鐢ㄦ椂 1.66s (score=3 depth=4)
[ 49] 绾?d5e7 (4, 3)->(2, 4) 鍚?b澹?鐢ㄦ椂 0.86s (score=57 depth=4)
[ 50] 榛?g4e4 (4, 2)->(4, 4)  鐢ㄦ椂 1.63s (score=1 depth=5)
[ 51] 绾?c2e2 (7, 2)->(7, 4)  鐢ㄦ椂 1.66s (score=40 depth=5)
[ 52] 榛?e1e2 (1, 4)->(2, 4) 鍚?r棣?鐢ㄦ椂 0.84s (score=144 depth=4)
[ 53] 绾?e1e5 (8, 4)->(4, 4) 鍚?b鐐?鐢ㄦ椂 1.50s (score=125 depth=4)
[ 54] 榛?f0e1 (0, 3)->(1, 4) 缈诲紑=棣?鐢ㄦ椂 1.15s (score=51 depth=5)
[ 55] 绾?e5e8 (4, 4)->(1, 4) 鍚?b棣?鐢ㄦ椂 0.72s (score=98 depth=3)
[ 56] 榛?c4c5 (4, 6)->(5, 6)  鐢ㄦ椂 0.84s (score=17 depth=3)
[ 57] 绾?e8h8 (1, 4)->(1, 7)  鐢ㄦ椂 0.72s (score=9 depth=3)
[ 58] 榛?e0f0 (0, 4)->(0, 3)  鐢ㄦ椂 1.01s (score=-10 depth=9)
[ 59] 绾?f5d5 (4, 5)->(4, 3)  鐢ㄦ椂 0.21s (score=-30 depth=12)
[ 60] 榛?i9f9 (9, 0)->(9, 3) 鍚?r棣?鐢ㄦ椂 0.12s (score=51 depth=12)
[ 61] 绾?d5d9 (4, 3)->(0, 3) 鍚?b灏?鐢ㄦ椂 0.01s (score=3696 depth=12)

========================================================
瀵瑰眬缁撴灉
========================================================
鑳滆€? pypy (绾㈡柟)
鍘熷洜: 绗?61 鐫€鍚冩帀 灏? 鑾疯儨
鎬绘鏁? 61 鐫€, 鍏ㄥ眬澧欓挓 67.3s

鍙屾柟鐢ㄦ椂:
  pypy  (绾㈡柟):  31 鐫€  鎬荤敤鏃?   34.1s  骞冲潎  1.10s  鏈€闀?  1.76s
  pypy57 (榛戞柟):  30 鐫€  鎬荤敤鏃?   32.8s  骞冲潎  1.09s  鏈€闀?  1.66s

[*] 妫嬭氨宸蹭繚瀛? C:\Users\yimingwang218185\Desktop\jieqi_ai\tools\games\game_20260823_162254.json / .txt

缁堝眬妫嬬洏 (绾㈡柟鍦ㄤ笅):
    0 1 2 3 4 5 6 7 8
 0 | b? 路 路 r杌?路 路 路 路 路
 1 | 路 路 路 路 路 路 路 r鐐?路
 2 | 路 路 路 路 b鍗?路 b鍗?路 路
 3 | 路 路 路 路 路 路 路 路 路
 4 | 路 路 路 路 路 路 路 路 r鍏?
 5 | 路 路 路 路 路 路 b鍗?路 路
 6 | 路 b鍗?路 路 路 路 路 路 路
 7 | 路 路 路 路 r鐐?路 r鐩?路 路
 8 | 路 路 路 路 路 路 路 路 路
 9 | 路 r鍏?路 b鐐?r甯?r? r? 路 r?
