[*] 瑁佸垽鍚姩: pypy 鎵х孩鍏堣(姣忕潃 1.5s) vs pypy57 鎵ч粦(姣忕潃 1.5s), 闅忔満绉嶅瓙 20260975
[engine_server] 灏辩华 (PyPy 3.11.13, engine=jieqi_engine)
[engine_server] 棰勭儹瀹屾垚
[engine_server] 灏辩华 (PyPy 3.11.13, engine=jieqi_engine_v57)
[engine_server] 棰勭儹瀹屾垚
[+] 寮曟搸瀛愯繘绋嬪氨缁?(PyPy: pypy3.EXE)
[+] 寮曟搸瀛愯繘绋嬪氨缁?(PyPy: pypy3.EXE)
[*] 绾㈡柟寮曟搸: pypy (miaosiSari 鍘熺増, alpha-beta)
[*] 榛戞柟寮曟搸: pypy57 (v5.7 鍩虹嚎, 鏃犻噸澶嶆劅鐭?
[  1] 绾?e3e4 (6, 4)->(5, 4) 缈诲紑=鍏?鐢ㄦ椂 0.98s (score=84 depth=3)
[  2] 榛?a3a4 (3, 8)->(4, 8) 缈诲紑=鍗?鐢ㄦ椂 1.08s (score=78 depth=3)
[  3] 绾?g3g4 (6, 6)->(5, 6) 缈诲紑=浠?鐢ㄦ椂 1.32s (score=78 depth=4)
[  4] 榛?i3i4 (3, 0)->(4, 0) 缈诲紑=杌?鐢ㄦ椂 0.94s (score=80 depth=3)
[  5] 绾?b2b9 (7, 1)->(0, 1) 缈诲紑=鐐?鍚?b鐐?鐢ㄦ椂 0.84s (score=148 depth=3)
[  6] 榛?b2b9 (2, 7)->(9, 7) 缈诲紑=棣?鍚?r鍏?鐢ㄦ椂 0.92s (score=152 depth=3)
[  7] 绾?i0h0 (9, 8)->(9, 7) 缈诲紑=棣?鍚?b棣?鐢ㄦ椂 1.03s (score=110.25 depth=3)
[  8] 榛?i0h0 (0, 0)->(0, 1) 缈诲紑=杌?鍚?r鐐?鐢ㄦ椂 1.02s (score=198.72727272727272 depth=3)
[  9] 绾?c3c4 (6, 2)->(5, 2) 缈诲紑=鍏?鐢ㄦ椂 1.21s (score=78 depth=3)
[ 10] 榛?c3c4 (3, 6)->(4, 6) 缈诲紑=鍗?鐢ㄦ椂 1.16s (score=56 depth=3)
[ 11] 绾?h2h6 (7, 7)->(3, 7) 缈诲紑=杌?鐢ㄦ椂 0.91s (score=63 depth=3)
[ 12] 榛?c4c5 (4, 6)->(5, 6) 鍚?r浠?鐢ㄦ椂 1.55s (score=92 depth=2)
[ 13] 绾?h6e6 (3, 7)->(3, 4) 鍚?b鍗?鐢ㄦ椂 1.62s (score=66 depth=3)
[ 14] 榛?c0e2 (0, 6)->(2, 4) 缈诲紑=璞?鐢ㄦ椂 1.13s (score=36 depth=3)
[ 15] 绾?c0e2 (9, 2)->(7, 4) 缈诲紑=浠?鐢ㄦ椂 1.66s (score=41 depth=3)
[ 16] 榛?h2h8 (2, 1)->(8, 1) 缈诲紑=鍗?鐢ㄦ椂 1.29s (score=66 depth=3)
[ 17] 绾?b0d1 (9, 1)->(8, 3) 缈诲紑=鐐?鐢ㄦ椂 0.68s (score=33 depth=3)
[ 18] 榛?d0e1 (0, 5)->(1, 4) 缈诲紑=鍗?鐢ㄦ椂 1.41s (score=38 depth=3)
[ 19] 绾?e6c6 (3, 4)->(3, 2) 鍚?b棣?鐢ㄦ椂 1.08s (score=68 depth=3)
[ 20] 榛?g0i2 (0, 2)->(2, 0) 缈诲紑=鐐?鐢ㄦ椂 1.36s (score=40 depth=4)
[ 21] 绾?g0i2 (9, 6)->(7, 8) 缈诲紑=棣?鐢ㄦ椂 0.89s (score=35 depth=3)
[ 22] 榛?h8i8 (8, 1)->(8, 0)  鐢ㄦ椂 1.20s (score=-9 depth=4)
[ 23] 绾?a0a1 (9, 0)->(8, 0) 缈诲紑=鍏?鍚?b鍗?鐢ㄦ椂 1.55s (score=21.0 depth=4)
[ 24] 榛?e2c4 (2, 4)->(4, 6)  鐢ㄦ椂 1.20s (score=-12 depth=4)
[ 25] 绾?h0g2 (9, 7)->(7, 6)  鐢ㄦ椂 0.67s (score=29 depth=3)
[ 26] 榛?i4i6 (4, 0)->(6, 0) 鍚?r鐩?鐢ㄦ椂 1.32s (score=76 depth=4)
[ 27] 绾?d1d4 (8, 3)->(5, 3)  鐢ㄦ椂 0.58s (score=-2 depth=3)
[ 28] 榛?c5c6 (5, 6)->(6, 6)  鐢ㄦ椂 1.35s (score=10 depth=4)
[ 29] 绾?c6g6 (3, 2)->(3, 6)  鐢ㄦ椂 0.76s (score=0 depth=4)
[ 30] 榛?b0a2 (0, 7)->(2, 8) 缈诲紑=璞?鐢ㄦ椂 0.59s (score=33 depth=3)
[ 31] 绾?a1a2 (8, 0)->(7, 0)  鐢ㄦ椂 1.52s (score=1 depth=4)
[ 32] 榛?i2i7 (2, 0)->(7, 0) 鍚?r鍏?鐢ㄦ椂 0.70s (score=5 depth=4)
[ 33] 绾?d4d5 (5, 3)->(4, 3)  鐢ㄦ椂 1.56s (score=0 depth=4)
[ 34] 榛?i7i9 (7, 0)->(9, 0)  鐢ㄦ椂 1.54s (score=38 depth=3)
[ 35] 绾?e0e1 (9, 4)->(8, 4)  鐢ㄦ椂 1.18s (score=-20 depth=5)
[ 36] 榛?h0h8 (0, 1)->(8, 1)  鐢ㄦ椂 1.59s (score=6 depth=3)
[ 37] 绾?e2d1 (7, 4)->(8, 3)  鐢ㄦ椂 1.02s (score=8 depth=5)
[ 38] 榛?c6c7 (6, 6)->(7, 6) 鍚?r棣?鐢ㄦ椂 0.67s (score=141 depth=3)
[ 39] 绾?d5e5 (4, 3)->(4, 4)  鐢ㄦ椂 1.63s (score=4 depth=3)
[ 40] 榛?c4e2 (4, 6)->(2, 4)  鐢ㄦ椂 0.75s (score=12 depth=4)
[ 41] 绾?g6g3 (3, 6)->(6, 6)  鐢ㄦ椂 0.87s (score=-8 depth=3)
[ 42] 榛?i6c6 (6, 0)->(6, 6) 鍚?r杌?鐢ㄦ椂 1.62s (score=296 depth=3)
[ 43] 绾?i2g3 (7, 8)->(6, 6) 鍚?b杌?鐢ㄦ椂 1.29s (score=307 depth=5)
[ 44] 榛?h8h9 (8, 1)->(9, 1)  鐢ㄦ椂 1.77s (score=36 depth=3)
[ 45] 绾?e1e0 (8, 4)->(9, 4)  鐢ㄦ椂 0.80s (score=20 depth=4)
[ 46] 榛?i9f9 (9, 0)->(9, 3) 鍚?r鍏?鐢ㄦ椂 1.72s (score=62 depth=3)
[ 47] 绾?f0e1 (9, 5)->(8, 4) 缈诲紑=杌?鐢ㄦ椂 0.91s (score=38 depth=6)
[ 48] 榛?f9g9 (9, 3)->(9, 2)  鐢ㄦ椂 0.98s (score=10 depth=6)
[ 49] 绾?e0f0 (9, 4)->(9, 5)  鐢ㄦ椂 0.95s (score=-10 depth=6)
[ 50] 榛?g9g6 (9, 2)->(6, 2)  鐢ㄦ椂 1.56s (score=-8 depth=5)
[ 51] 绾?e1e0 (8, 4)->(9, 4)  鐢ㄦ椂 1.44s (score=-10 depth=6)
[ 52] 榛?h9e9 (9, 1)->(9, 4) 鍚?r杌?鐢ㄦ椂 1.57s (score=276 depth=5)
[ 53] 绾?e5e0 (4, 4)->(9, 4) 鍚?b杌?鐢ㄦ椂 0.67s (score=343 depth=6)
[ 54] 榛?g6a6 (6, 2)->(6, 8) 鍚?r鐩?鐢ㄦ椂 1.50s (score=82 depth=6)
[ 55] 绾?e0e1 (9, 4)->(8, 4)  鐢ㄦ椂 0.94s (score=6 depth=5)
[ 56] 榛?c7c8 (7, 6)->(8, 6)  鐢ㄦ椂 0.87s (score=15 depth=6)
[ 57] 绾?e4e5 (5, 4)->(4, 4)  鐢ㄦ椂 1.46s (score=10 depth=7)
[ 58] 榛?c8c9 (8, 6)->(9, 6)  鐢ㄦ椂 1.61s (score=-4 depth=6)
[ 59] 绾?f0f1 (9, 5)->(8, 5)  鐢ㄦ椂 0.95s (score=-20 depth=6)
[ 60] 榛?a0d0 (0, 8)->(0, 5) 缈诲紑=澹?鐢ㄦ椂 1.30s (score=56.0 depth=5)
[ 61] 绾?e5e6 (4, 4)->(3, 4)  鐢ㄦ椂 1.09s (score=21 depth=5)
[ 62] 榛?a2c4 (2, 8)->(4, 6)  鐢ㄦ椂 0.92s (score=-4 depth=5)
[ 63] 绾?e6e7 (3, 4)->(2, 4) 鍚?b璞?鐢ㄦ椂 1.32s (score=80 depth=5)
[ 64] 榛?c4e2 (4, 6)->(2, 4) 鍚?r鍏?鐢ㄦ椂 1.52s (score=109 depth=6)
[ 65] 绾?c4c5 (5, 2)->(4, 2)  鐢ㄦ椂 1.12s (score=17 depth=5)
[ 66] 榛?a6a8 (6, 8)->(8, 8)  鐢ㄦ椂 0.68s (score=2 depth=5)
[ 67] 绾?e1i1 (8, 4)->(8, 8) 鍚?b鐐?鐢ㄦ椂 1.18s (score=119 depth=6)
[ 68] 榛?e2g4 (2, 4)->(4, 2) 鍚?r鍏?鐢ㄦ椂 0.94s (score=25 depth=6)
[ 69] 绾?i1i2 (8, 8)->(7, 8)  鐢ㄦ椂 0.80s (score=1 depth=5)
[ 70] 榛?e1e2 (1, 4)->(2, 4)  鐢ㄦ椂 1.67s (score=15 depth=7)
[ 71] 绾?i2e2 (7, 8)->(7, 4)  鐢ㄦ椂 0.88s (score=13 depth=5)
[ 72] 榛?f0e1 (0, 3)->(1, 4) 缈诲紑=澹?鐢ㄦ椂 0.70s (score=47 depth=6)
[ 73] 绾?e2e1 (7, 4)->(8, 4)  鐢ㄦ椂 1.18s (score=-5 depth=5)
[ 74] 榛?e2e3 (2, 4)->(3, 4)  鐢ㄦ椂 1.06s (score=10 depth=6)
[ 75] 绾?g3e2 (6, 6)->(7, 4)  鐢ㄦ椂 1.19s (score=7 depth=5)
[ 76] 榛?a4a5 (4, 8)->(5, 8)  鐢ㄦ椂 0.87s (score=10 depth=5)
[ 77] 绾?e1e6 (8, 4)->(3, 4) 鍚?b鍗?鐢ㄦ椂 1.31s (score=10 depth=6)
[ 78] 榛?g4e2 (4, 2)->(2, 4)  鐢ㄦ椂 1.15s (score=12 depth=6)
[ 79] 绾?e6e3 (3, 4)->(6, 4)  鐢ㄦ椂 1.27s (score=10 depth=5)
[ 80] 榛?a5b5 (5, 8)->(5, 7)  鐢ㄦ椂 1.74s (score=21 depth=5)
[ 81] 绾?e2c3 (7, 4)->(6, 2)  鐢ㄦ椂 0.97s (score=-7 depth=5)
[ 82] 榛?e0f0 (0, 4)->(0, 3)  鐢ㄦ椂 1.61s (score=-10 depth=6)
[ 83] 绾?c3d5 (6, 2)->(4, 3)  鐢ㄦ椂 1.14s (score=15 depth=5)
[ 84] 榛?e2g4 (2, 4)->(4, 2)  鐢ㄦ椂 1.47s (score=-12 depth=6)
[ 85] 绾?e3e2 (6, 4)->(7, 4)  鐢ㄦ椂 1.28s (score=0 depth=5)
[ 86] 榛?e1d2 (1, 4)->(2, 5)  鐢ㄦ椂 1.62s (score=-5 depth=5)
[ 87] 绾?f1e1 (8, 5)->(8, 4)  鐢ㄦ椂 1.58s (score=10 depth=5)
[ 88] 榛?f0e0 (0, 3)->(0, 4)  鐢ㄦ椂 0.65s (score=10 depth=4)
[ 89] 绾?d5f6 (4, 3)->(3, 5)  鐢ㄦ椂 1.04s (score=2 depth=5)
[ 90] 榛?e0f0 (0, 4)->(0, 3)  鐢ㄦ椂 0.84s (score=-10 depth=5)
[ 91] 绾?f6d7 (3, 5)->(2, 3)  鐢ㄦ椂 0.62s (score=0 depth=4)
[ 92] 榛?f0f1 (0, 3)->(1, 3)  鐢ㄦ椂 1.21s (score=-20 depth=6)
[ 93] 绾?d7c5 (2, 3)->(4, 2) 鍚?b璞?鐢ㄦ椂 0.82s (score=15 depth=5)
[ 94] 榛?c9d9 (9, 6)->(9, 5)  鐢ㄦ椂 1.11s (score=2 depth=5)
[ 95] 绾?c5b7 (4, 2)->(2, 1)  鐢ㄦ椂 1.47s (score=-6 depth=5)
[ 96] 榛?f1f0 (1, 3)->(0, 3)  鐢ㄦ椂 0.68s (score=20 depth=6)
[ 97] 绾?b7d6 (2, 1)->(3, 3)  鐢ㄦ椂 1.66s (score=22 depth=4)
[ 98] 榛?d2e1 (2, 5)->(1, 4)  鐢ㄦ椂 0.68s (score=5 depth=5)
[ 99] 绾?d6c8 (3, 3)->(1, 2)  鐢ㄦ椂 1.11s (score=30 depth=5)
[100] 榛?b5b6 (5, 7)->(6, 7)  鐢ㄦ椂 1.66s (score=2 depth=6)
[101] 绾?e1f1 (8, 4)->(8, 5)  鐢ㄦ椂 1.11s (score=-10 depth=5)
[102] 榛?d9c9 (9, 5)->(9, 6)  鐢ㄦ椂 1.10s (score=-2 depth=7)
[103] 绾?f1e1 (8, 5)->(8, 4)  鐢ㄦ椂 0.95s (score=10 depth=6)
[104] 榛?c9d9 (9, 6)->(9, 5)  鐢ㄦ椂 0.85s (score=2 depth=7)
[105] 绾?e1f1 (8, 4)->(8, 5)  鐢ㄦ椂 1.08s (score=-10 depth=6)
[106] 榛?d9c9 (9, 5)->(9, 6)  鐢ㄦ椂 1.55s (score=-2 depth=7)
[107] 绾?f1e1 (8, 5)->(8, 4)  鐢ㄦ椂 0.98s (score=10 depth=6)
[108] 榛?c9d9 (9, 6)->(9, 5)  鐢ㄦ椂 0.86s (score=2 depth=7)

========================================================
瀵瑰眬缁撴灉
========================================================
鍜屾
鍘熷洜: 绗?108 鐫€鍚庡眬闈㈢ 3 娆″嚭鐜? 鍒ゅ拰
鎬绘鏁? 108 鐫€, 鍏ㄥ眬澧欓挓 125.3s

鍙屾柟鐢ㄦ椂:
  pypy  (绾㈡柟):  54 鐫€  鎬荤敤鏃?   60.1s  骞冲潎  1.11s  鏈€闀?  1.66s
  pypy57 (榛戞柟):  54 鐫€  鎬荤敤鏃?   64.4s  骞冲潎  1.19s  鏈€闀?  1.77s

[*] 妫嬭氨宸蹭繚瀛? C:\Users\yimingwang218185\Desktop\jieqi_ai\tools\games\game_20260823_161751.json / .txt

缁堝眬妫嬬洏 (绾㈡柟鍦ㄤ笅):
    0 1 2 3 4 5 6 7 8
 0 | 路 路 路 b灏?路 b澹?路 路 路
 1 | 路 路 r棣?路 b澹?路 路 路 路
 2 | 路 路 路 路 路 路 路 路 路
 3 | 路 路 路 路 路 路 路 路 路
 4 | 路 路 路 路 路 路 路 路 路
 5 | 路 路 路 路 路 路 路 路 路
 6 | 路 路 路 路 路 路 路 b鍗?路
 7 | 路 路 路 路 r鐐?路 路 路 路
 8 | 路 路 路 r浠?r甯?路 路 路 路
 9 | 路 路 路 路 路 b鍗?路 路 路
