[*] 瑁佸垽鍚姩: pypy 鎵х孩鍏堣(姣忕潃 1.5s) vs pypy3 鎵ч粦(姣忕潃 1.5s), 闅忔満绉嶅瓙 20260922
[engine_server] 灏辩华 (PyPy 3.11.13, engine=jieqi_engine)
[engine_server] 棰勭儹瀹屾垚
[engine_server] 灏辩华 (PyPy 3.11.13, engine=jieqi_engine_v3)
[engine_server] 棰勭儹瀹屾垚
[+] 寮曟搸瀛愯繘绋嬪氨缁?(PyPy: pypy3.EXE)
[+] 寮曟搸瀛愯繘绋嬪氨缁?(PyPy: pypy3.EXE)
[*] 绾㈡柟寮曟搸: pypy (miaosiSari 鍘熺増, alpha-beta)
[*] 榛戞柟寮曟搸: pypy3 (v5.6 鍩虹嚎+鐪熼潤鎬佹悳绱?
[  1] 绾?b2b9 (7, 1)->(0, 1) 缈诲紑=鐐?鍚?b鍗?鐢ㄦ椂 1.20s (score=154 depth=5)
[  2] 榛?e3e4 (3, 4)->(4, 4) 缈诲紑=鍗?鐢ㄦ椂 0.95s (score=84 depth=4)
[  3] 绾?h2h9 (7, 7)->(0, 7) 缈诲紑=杌?鍚?b鍗?鐢ㄦ椂 0.78s (score=155 depth=5)
[  4] 榛?a0b0 (0, 8)->(0, 7) 缈诲紑=棣?鍚?r杌?鐢ㄦ椂 1.30s (score=307.0 depth=6)
[  5] 绾?b9d9 (0, 1)->(0, 3) 鍚?b鍗?鐢ㄦ椂 0.83s (score=58 depth=5)
[  6] 榛?e0f0 (0, 4)->(0, 3) 鍚?r鐐?鐢ㄦ椂 1.53s (score=172 depth=5)
[  7] 绾?a3a4 (6, 0)->(5, 0) 缈诲紑=鐩?鐢ㄦ椂 0.82s (score=78 depth=5)
[  8] 榛?g3g4 (3, 2)->(4, 2) 缈诲紑=杌?鐢ㄦ椂 1.51s (score=77 depth=5)
[  9] 绾?i3i4 (6, 8)->(5, 8) 缈诲紑=鍏?鐢ㄦ椂 1.36s (score=77 depth=6)
[ 10] 榛?g4f4 (4, 2)->(4, 3)  鐢ㄦ椂 1.50s (score=5 depth=5)
[ 11] 绾?g3g4 (6, 6)->(5, 6) 缈诲紑=鍏?鐢ㄦ椂 0.84s (score=80 depth=6)
[ 12] 榛?f4f9 (4, 3)->(9, 3) 鍚?r鍏?鐢ㄦ椂 1.52s (score=118 depth=5)
[ 13] 绾?e0e1 (9, 4)->(8, 4)  鐢ㄦ椂 1.14s (score=-20 depth=7)
[ 14] 榛?f9g9 (9, 3)->(9, 2) 鍚?r棣?鐢ㄦ椂 1.51s (score=71 depth=5)
[ 15] 绾?c3c4 (6, 2)->(5, 2) 缈诲紑=鍏?鐢ㄦ椂 1.52s (score=73 depth=6)
[ 16] 榛?b2b8 (2, 7)->(8, 7) 缈诲紑=鐐?鐢ㄦ椂 0.78s (score=70 depth=5)
[ 17] 绾?g0e2 (9, 6)->(7, 4) 缈诲紑=浠?鐢ㄦ椂 1.48s (score=53 depth=6)
[ 18] 榛?g9d9 (9, 2)->(9, 5) 鍚?r浠?鐢ㄦ椂 1.14s (score=95 depth=6)
[ 19] 绾?i4i5 (5, 8)->(4, 8)  鐢ㄦ椂 1.58s (score=10 depth=5)
[ 20] 榛?a3a4 (3, 8)->(4, 8) 缈诲紑=鍗?鍚?r鍏?鐢ㄦ椂 1.35s (score=97 depth=6)
[ 21] 绾?e2d1 (7, 4)->(8, 3)  鐢ㄦ椂 1.17s (score=8 depth=5)
[ 22] 榛?i3i4 (3, 0)->(4, 0) 缈诲紑=鐐?鐢ㄦ椂 1.53s (score=66 depth=5)
[ 23] 绾?a4c6 (5, 0)->(3, 2)  鐢ㄦ椂 0.83s (score=10 depth=5)
[ 24] 榛?h2h7 (2, 1)->(7, 1) 缈诲紑=棣?鐢ㄦ椂 0.71s (score=66 depth=4)
[ 25] 绾?a0a5 (9, 0)->(4, 0) 缈诲紑=棣?鍚?b鐐?鐢ㄦ椂 1.15s (score=125.625 depth=6)
[ 26] 榛?h7f6 (7, 1)->(6, 3)  鐢ㄦ椂 1.11s (score=22 depth=6)
[ 27] 绾?e1e2 (8, 4)->(7, 4)  鐢ㄦ椂 1.30s (score=-10 depth=7)
[ 28] 榛?i0i4 (0, 0)->(4, 0) 缈诲紑=杌?鍚?r棣?鐢ㄦ椂 1.54s (score=144.0 depth=5)
[ 29] 绾?d1c2 (8, 3)->(7, 2)  鐢ㄦ椂 1.34s (score=-4 depth=6)
[ 30] 榛?f6h5 (6, 3)->(5, 1)  鐢ㄦ椂 1.53s (score=-15 depth=5)
[ 31] 绾?b0d1 (9, 1)->(8, 3) 缈诲紑=鐐?鐢ㄦ椂 0.97s (score=44 depth=5)
[ 32] 榛?h5g7 (5, 1)->(7, 2) 鍚?r浠?鐢ㄦ椂 1.52s (score=59 depth=5)
[ 33] 绾?c6e4 (3, 2)->(5, 4)  鐢ㄦ椂 1.29s (score=-5 depth=5)
[ 34] 榛?d9e9 (9, 5)->(9, 4)  鐢ㄦ椂 1.51s (score=-2 depth=5)
[ 35] 绾?e2f2 (7, 4)->(7, 5)  鐢ㄦ椂 1.57s (score=-10 depth=6)
[ 36] 榛?g7e6 (7, 2)->(6, 4) 鍚?r鍏?鐢ㄦ椂 1.53s (score=94 depth=5)
[ 37] 绾?d1d3 (8, 3)->(6, 3)  鐢ㄦ椂 0.87s (score=-2 depth=5)
[ 38] 榛?i4i7 (4, 0)->(7, 0)  鐢ㄦ椂 1.18s (score=2 depth=12)
[ 39] 绾?d3d2 (6, 3)->(7, 3)  鐢ㄦ椂 0.95s (score=3 depth=11)
[ 40] 榛?i7f7 (7, 0)->(7, 3) 鍚?r鐐?鐢ㄦ椂 0.01s (score=168 depth=12)
[ 41] 绾?e4g6 (5, 4)->(3, 6) 鍚?b澹?鐢ㄦ椂 0.01s (score=56 depth=12)
[ 42] 榛?f7d7 (7, 3)->(7, 5) 鍚?r甯?鐢ㄦ椂 0.01s (score=3696 depth=12)

========================================================
瀵瑰眬缁撴灉
========================================================
鑳滆€? pypy3 (榛戞柟)
鍘熷洜: 绗?42 鐫€鍚冩帀 甯? 鑾疯儨
鎬绘鏁? 42 鐫€, 鍏ㄥ眬澧欓挓 48.3s

鍙屾柟鐢ㄦ椂:
  pypy  (绾㈡柟):  21 鐫€  鎬荤敤鏃?   23.0s  骞冲潎  1.09s  鏈€闀?  1.58s
  pypy3 (榛戞柟):  21 鐫€  鎬荤敤鏃?   25.3s  骞冲潎  1.20s  鏈€闀?  1.54s

[*] 妫嬭氨宸蹭繚瀛? C:\Users\yimingwang218185\Desktop\jieqi_ai\tools\games\game_20260819_151834.json / .txt

缁堝眬妫嬬洏 (绾㈡柟鍦ㄤ笅):
    0 1 2 3 4 5 6 7 8
 0 | 路 路 b? b灏?路 b? b? b棣?路
 1 | 路 路 路 路 路 路 路 路 路
 2 | 路 路 路 路 路 路 路 路 路
 3 | 路 路 路 路 路 路 r鐩?路 路
 4 | 路 路 路 路 b鍗?路 路 路 b鍗?
 5 | 路 路 r鍏?路 路 路 r鍏?路 路
 6 | 路 路 路 路 b棣?路 路 路 路
 7 | 路 路 路 路 路 b杌?路 路 路
 8 | 路 路 路 路 路 路 路 b鐐?路
 9 | 路 路 路 路 b杌?路 路 r? r?
