[*] 瑁佸垽鍚姩: pypy 鎵х孩鍏堣(姣忕潃 1.5s) vs pypy3 鎵ч粦(姣忕潃 1.5s), 闅忔満绉嶅瓙 20260924
[engine_server] 灏辩华 (PyPy 3.11.13, engine=jieqi_engine)
[engine_server] 棰勭儹瀹屾垚
[engine_server] 灏辩华 (PyPy 3.11.13, engine=jieqi_engine_v3)
[engine_server] 棰勭儹瀹屾垚
[+] 寮曟搸瀛愯繘绋嬪氨缁?(PyPy: pypy3.EXE)
[+] 寮曟搸瀛愯繘绋嬪氨缁?(PyPy: pypy3.EXE)
[*] 绾㈡柟寮曟搸: pypy (miaosiSari 鍘熺増, alpha-beta)
[*] 榛戞柟寮曟搸: pypy3 (v5.6 鍩虹嚎+鐪熼潤鎬佹悳绱?
[  1] 绾?b2b9 (7, 1)->(0, 1) 缈诲紑=鍏?鍚?b鍗?鐢ㄦ椂 1.31s (score=154 depth=5)
[  2] 榛?e3e4 (3, 4)->(4, 4) 缈诲紑=璞?鐢ㄦ椂 0.78s (score=84 depth=4)
[  3] 绾?h2h9 (7, 7)->(0, 7) 缈诲紑=棣?鍚?b棣?鐢ㄦ椂 0.71s (score=158 depth=5)
[  4] 榛?i0h0 (0, 0)->(0, 1) 缈诲紑=璞?鍚?r鍏?鐢ㄦ椂 1.52s (score=89.0 depth=5)
[  5] 绾?a3a4 (6, 0)->(5, 0) 缈诲紑=鍏?鐢ㄦ椂 1.13s (score=78 depth=5)
[  6] 榛?b2b8 (2, 7)->(8, 7) 缈诲紑=鍗?鐢ㄦ椂 1.05s (score=78 depth=5)
[  7] 绾?e3e4 (6, 4)->(5, 4) 缈诲紑=鍏?鐢ㄦ椂 1.49s (score=76 depth=6)
[  8] 榛?e4g6 (4, 4)->(6, 2) 鍚?r鐐?鐢ㄦ椂 1.53s (score=90 depth=5)
[  9] 绾?g3g4 (6, 6)->(5, 6) 缈诲紑=鍏?鐢ㄦ椂 1.43s (score=80 depth=6)
[ 10] 榛?a3a4 (3, 8)->(4, 8) 缈诲紑=鍗?鐢ㄦ椂 1.53s (score=80 depth=6)
[ 11] 绾?h9g7 (0, 7)->(2, 6)  鐢ㄦ椂 0.79s (score=-6 depth=5)
[ 12] 榛?g0e2 (0, 2)->(2, 4) 缈诲紑=鐐?鐢ㄦ椂 0.74s (score=50 depth=5)
[ 13] 绾?g7e6 (2, 6)->(3, 4)  鐢ㄦ椂 1.61s (score=6 depth=6)
[ 14] 榛?h2h8 (2, 1)->(8, 1) 缈诲紑=棣?鐢ㄦ椂 1.52s (score=78 depth=5)
[ 15] 绾?f0e1 (9, 5)->(8, 4) 缈诲紑=鐐?鐢ㄦ椂 1.00s (score=48 depth=6)
[ 16] 榛?g6e8 (6, 2)->(8, 4) 鍚?r鐐?鐢ㄦ椂 1.40s (score=133 depth=6)
[ 17] 绾?d0e1 (9, 3)->(8, 4) 缈诲紑=鐩?鍚?b璞?鐢ㄦ椂 1.13s (score=116 depth=6)
[ 18] 榛?h8f7 (8, 1)->(7, 3)  鐢ㄦ椂 1.11s (score=9 depth=6)
[ 19] 绾?e0d0 (9, 4)->(9, 3)  鐢ㄦ椂 0.89s (score=-10 depth=6)
[ 20] 榛?e2f2 (2, 4)->(2, 3)  鐢ㄦ椂 1.52s (score=-11 depth=5)
[ 21] 绾?e6d4 (3, 4)->(5, 3)  鐢ㄦ椂 0.91s (score=2 depth=7)
[ 22] 榛?g3g4 (3, 2)->(4, 2) 缈诲紑=鍗?鐢ㄦ椂 1.50s (score=71 depth=5)
[ 23] 绾?c0e2 (9, 2)->(7, 4) 缈诲紑=鐩?鐢ㄦ椂 0.88s (score=51 depth=6)
[ 24] 榛?d0e1 (0, 5)->(1, 4) 缈诲紑=澹?鐢ㄦ椂 1.52s (score=49 depth=5)
[ 25] 绾?e1g3 (8, 4)->(6, 6)  鐢ㄦ椂 1.37s (score=35 depth=6)
[ 26] 榛?b8b9 (8, 7)->(9, 7) 鍚?r浠?鐢ㄦ椂 1.50s (score=92 depth=5)
[ 27] 绾?i0h0 (9, 8)->(9, 7) 缈诲紑=鍏?鍚?b鍗?鐢ㄦ椂 0.75s (score=108.25 depth=6)
[ 28] 榛?a4a5 (4, 8)->(5, 8)  鐢ㄦ椂 1.21s (score=10 depth=6)
[ 29] 绾?g3e5 (6, 6)->(4, 4)  鐢ㄦ椂 1.04s (score=5 depth=6)
[ 30] 榛?c0e2 (0, 6)->(2, 4) 缈诲紑=杌?鐢ㄦ椂 1.48s (score=47 depth=6)
[ 31] 绾?i3i4 (6, 8)->(5, 8) 缈诲紑=杌?鍚?b鍗?鐢ㄦ椂 0.76s (score=115 depth=6)
[ 32] 榛?a0a5 (0, 8)->(5, 8) 缈诲紑=杌?鍚?r杌?鐢ㄦ椂 0.72s (score=311.57142857142856 depth=6)
[ 33] 绾?e5c7 (4, 4)->(2, 2)  鐢ㄦ椂 0.87s (score=5 depth=6)
[ 34] 榛?f2f1 (2, 3)->(1, 3)  鐢ㄦ椂 0.65s (score=-1 depth=6)
[ 35] 绾?b0d1 (9, 1)->(8, 3) 缈诲紑=杌?鐢ㄦ椂 1.24s (score=58 depth=6)
[ 36] 榛?e2g2 (2, 4)->(2, 2) 鍚?r鐩?鐢ㄦ椂 1.51s (score=77 depth=5)
[ 37] 绾?d1h1 (8, 3)->(8, 7)  鐢ㄦ椂 1.56s (score=-11 depth=5)
[ 38] 榛?g2d2 (2, 2)->(2, 5)  鐢ㄦ椂 1.34s (score=45 depth=6)
[ 39] 绾?d0d1 (9, 3)->(8, 3)  鐢ㄦ椂 0.74s (score=-20 depth=5)
[ 40] 榛?e1d0 (1, 4)->(0, 5)  鐢ㄦ椂 0.81s (score=-1 depth=5)
[ 41] 绾?h1h8 (8, 7)->(1, 7)  鐢ㄦ椂 0.84s (score=4 depth=5)
[ 42] 榛?d2d8 (2, 5)->(8, 5)  鐢ㄦ椂 1.46s (score=0 depth=6)
[ 43] 绾?d1d0 (8, 3)->(9, 3)  鐢ㄦ椂 1.57s (score=20 depth=6)
[ 44] 榛?f7e5 (7, 3)->(5, 4) 鍚?r鍏?鐢ㄦ椂 1.53s (score=28 depth=6)
[ 45] 绾?h8d8 (1, 7)->(1, 3) 鍚?b鐐?鐢ㄦ椂 0.77s (score=165 depth=6)
[ 46] 榛?d8d9 (8, 5)->(9, 5)  鐢ㄦ椂 1.52s (score=37 depth=5)
[ 47] 绾?d0d1 (9, 3)->(8, 3)  鐢ㄦ椂 0.58s (score=-20 depth=12)
[ 48] 榛?a5a8 (5, 8)->(8, 8)  鐢ㄦ椂 0.29s (score=2 depth=12)
[ 49] 绾?h0h1 (9, 7)->(8, 7)  鐢ㄦ椂 0.27s (score=2 depth=12)
[ 50] 榛?a8b8 (8, 8)->(8, 7) 鍚?r鍏?鐢ㄦ椂 0.02s (score=6 depth=12)
[ 51] 绾?a0f0 (9, 0)->(9, 5) 缈诲紑=浠?鍚?b杌?鐢ㄦ椂 0.01s (score=295.0 depth=12)
[ 52] 榛?b8f8 (8, 7)->(8, 3) 鍚?r甯?鐢ㄦ椂 0.00s (score=3696 depth=12)

========================================================
瀵瑰眬缁撴灉
========================================================
鑳滆€? pypy3 (榛戞柟)
鍘熷洜: 绗?52 鐫€鍚冩帀 甯? 鑾疯儨
鎬绘鏁? 52 鐫€, 鍏ㄥ眬澧欓挓 55.5s

鍙屾柟鐢ㄦ椂:
  pypy  (绾㈡柟):  26 鐫€  鎬荤敤鏃?   25.7s  骞冲潎  0.99s  鏈€闀?  1.61s
  pypy3 (榛戞柟):  26 鐫€  鎬荤敤鏃?   29.8s  骞冲潎  1.14s  鏈€闀?  1.53s

[*] 妫嬭氨宸蹭繚瀛? C:\Users\yimingwang218185\Desktop\jieqi_ai\tools\games\game_20260819_152025.json / .txt

缁堝眬妫嬬洏 (绾㈡柟鍦ㄤ笅):
    0 1 2 3 4 5 6 7 8
 0 | 路 b璞?路 b? b灏?b澹?路 路 路
 1 | 路 路 路 r杌?路 路 路 路 路
 2 | 路 路 路 路 路 路 路 路 路
 3 | b? 路 路 路 路 路 b? 路 路
 4 | 路 路 b鍗?路 路 路 路 路 路
 5 | r鍏?路 路 r棣?b棣?路 r鍏?路 路
 6 | 路 路 路 路 路 路 路 路 路
 7 | 路 路 路 路 r鐩?路 路 路 路
 8 | 路 路 路 b杌?路 路 路 路 路
 9 | 路 路 路 路 路 r浠?r? 路 路
