[*] 瑁佸垽鍚姩: pypy3 鎵х孩鍏堣(姣忕潃 1.5s) vs pypy 鎵ч粦(姣忕潃 1.5s), 闅忔満绉嶅瓙 20260921
[engine_server] 灏辩华 (PyPy 3.11.13, engine=jieqi_engine_v3)
[engine_server] 棰勭儹瀹屾垚
[engine_server] 灏辩华 (PyPy 3.11.13, engine=jieqi_engine)
[engine_server] 棰勭儹瀹屾垚
[+] 寮曟搸瀛愯繘绋嬪氨缁?(PyPy: pypy3.EXE)
[+] 寮曟搸瀛愯繘绋嬪氨缁?(PyPy: pypy3.EXE)
[*] 绾㈡柟寮曟搸: pypy3 (v5.6 鍩虹嚎+鐪熼潤鎬佹悳绱?
[*] 榛戞柟寮曟搸: pypy (miaosiSari 鍘熺増, alpha-beta)
[  1] 绾?e3e4 (6, 4)->(5, 4) 缈诲紑=杌?鐢ㄦ椂 1.56s (score=84 depth=4)
[  2] 榛?b2b9 (2, 7)->(9, 7) 缈诲紑=鐐?鍚?r鐐?鐢ㄦ椂 0.88s (score=144 depth=4)
[  3] 绾?b2b9 (7, 1)->(0, 1) 缈诲紑=棣?鍚?b鐐?鐢ㄦ椂 1.52s (score=147 depth=5)
[  4] 榛?h2e2 (2, 1)->(2, 4) 缈诲紑=棣?鐢ㄦ椂 1.56s (score=39 depth=4)
[  5] 绾?a3a4 (6, 0)->(5, 0) 缈诲紑=杌?鐢ㄦ椂 1.08s (score=73 depth=5)
[  6] 榛?a3a4 (3, 8)->(4, 8) 缈诲紑=鍗?鐢ㄦ椂 0.88s (score=78 depth=5)
[  7] 绾?c3c4 (6, 2)->(5, 2) 缈诲紑=鍏?鐢ㄦ椂 1.03s (score=63 depth=5)
[  8] 榛?b9d9 (9, 7)->(9, 5) 鍚?r浠?鐢ㄦ椂 0.89s (score=34 depth=5)
[  9] 绾?e0f0 (9, 4)->(9, 5) 鍚?b鐐?鐢ㄦ椂 1.33s (score=172 depth=6)
[ 10] 榛?b0a2 (0, 7)->(2, 8) 缈诲紑=鍗?鐢ㄦ椂 1.55s (score=39 depth=5)
[ 11] 绾?g3g4 (6, 6)->(5, 6) 缈诲紑=棣?鐢ㄦ椂 1.54s (score=64 depth=5)
[ 12] 榛?d0e1 (0, 5)->(1, 4) 缈诲紑=鍗?鐢ㄦ椂 1.11s (score=42 depth=5)
[ 13] 绾?e4f4 (5, 4)->(5, 5)  鐢ㄦ椂 1.37s (score=2 depth=10)
[ 14] 榛?c3c4 (3, 6)->(4, 6) 缈诲紑=璞?鐢ㄦ椂 1.12s (score=83 depth=9)
[ 15] 绾?f4f9 (5, 5)->(0, 5)  鐢ㄦ椂 0.03s (score=39 depth=12)
[ 16] 榛?e0d0 (0, 4)->(0, 5) 鍚?r杌?鐢ㄦ椂 0.02s (score=336 depth=12)
[ 17] 绾?f0f9 (9, 5)->(0, 5) 鍚?b灏?鐢ㄦ椂 0.00s (score=3696 depth=12)

========================================================
瀵瑰眬缁撴灉
========================================================
鑳滆€? pypy3 (绾㈡柟)
鍘熷洜: 绗?17 鐫€鍚冩帀 灏? 鑾疯儨
鎬绘鏁? 17 鐫€, 鍏ㄥ眬澧欓挓 17.5s

鍙屾柟鐢ㄦ椂:
  pypy3 (绾㈡柟):   9 鐫€  鎬荤敤鏃?    9.5s  骞冲潎  1.05s  鏈€闀?  1.56s
  pypy  (榛戞柟):   8 鐫€  鎬荤敤鏃?    8.0s  骞冲潎  1.00s  鏈€闀?  1.56s

[*] 妫嬭氨宸蹭繚瀛? C:\Users\yimingwang218185\Desktop\jieqi_ai\tools\games\game_20260819_151745.json / .txt

缁堝眬妫嬬洏 (绾㈡柟鍦ㄤ笅):
    0 1 2 3 4 5 6 7 8
 0 | b? r棣?b? b? 路 r甯?b? 路 b?
 1 | 路 路 路 路 b鍗?路 路 路 路
 2 | 路 路 路 路 b棣?路 路 路 b鍗?
 3 | b? 路 b? 路 b? 路 路 路 路
 4 | 路 路 路 路 路 路 b璞?路 b鍗?
 5 | r杌?路 r鍏?路 路 路 r棣?路 路
 6 | 路 路 路 路 路 路 路 路 r?
 7 | 路 路 路 路 路 路 路 r? 路
 8 | 路 路 路 路 路 路 路 路 路
 9 | r? r? r? r? 路 路 r? 路 r?
