[*] 瑁佸垽鍚姩: pypy 鎵х孩鍏堣(姣忕潃 1.5s) vs pypy3 鎵ч粦(姣忕潃 1.5s), 闅忔満绉嶅瓙 20260920
[engine_server] 灏辩华 (PyPy 3.11.13, engine=jieqi_engine)
[engine_server] 棰勭儹瀹屾垚
[engine_server] 灏辩华 (PyPy 3.11.13, engine=jieqi_engine_v3)
[engine_server] 棰勭儹瀹屾垚
[+] 寮曟搸瀛愯繘绋嬪氨缁?(PyPy: pypy3.EXE)
[+] 寮曟搸瀛愯繘绋嬪氨缁?(PyPy: pypy3.EXE)
[*] 绾㈡柟寮曟搸: pypy (miaosiSari 鍘熺増, alpha-beta)
[*] 榛戞柟寮曟搸: pypy3 (v5.6 鍩虹嚎+鐪熼潤鎬佹悳绱?
[  1] 绾?b2b9 (7, 1)->(0, 1) 缈诲紑=浠?鍚?b杌?鐢ㄦ椂 0.95s (score=154 depth=5)
[  2] 榛?e3e4 (3, 4)->(4, 4) 缈诲紑=澹?鐢ㄦ椂 1.09s (score=84 depth=5)
[  3] 绾?h2h9 (7, 7)->(0, 7) 缈诲紑=浠?鍚?b鍗?鐢ㄦ椂 1.51s (score=156 depth=5)
[  4] 榛?a3a4 (3, 8)->(4, 8) 缈诲紑=鐐?鐢ㄦ椂 0.93s (score=79 depth=5)
[  5] 绾?g0i2 (9, 6)->(7, 8) 缈诲紑=棣?鐢ㄦ椂 0.82s (score=39 depth=5)
[  6] 榛?i3i4 (3, 0)->(4, 0) 缈诲紑=鍗?鐢ㄦ椂 0.95s (score=78 depth=5)
[  7] 绾?i3i4 (6, 8)->(5, 8) 缈诲紑=鐐?鐢ㄦ椂 1.25s (score=80 depth=5)
[  8] 榛?a0b0 (0, 8)->(0, 7) 缈诲紑=鍗?鍚?r浠?鐢ㄦ椂 1.01s (score=92.0 depth=5)
[  9] 绾?g3g4 (6, 6)->(5, 6) 缈诲紑=鍏?鐢ㄦ椂 1.14s (score=74 depth=5)
[ 10] 榛?g3g4 (3, 2)->(4, 2) 缈诲紑=杌?鐢ㄦ椂 1.50s (score=81 depth=5)
[ 11] 绾?e3e4 (6, 4)->(5, 4) 缈诲紑=鍏?鐢ㄦ椂 0.70s (score=77 depth=5)
[ 12] 榛?g4g6 (4, 2)->(6, 2) 鍚?r鐩?鐢ㄦ椂 1.02s (score=85 depth=5)
[ 13] 绾?c0e2 (9, 2)->(7, 4) 缈诲紑=鍏?鐢ㄦ椂 1.53s (score=46 depth=5)
[ 14] 榛?b2b4 (2, 7)->(4, 7) 缈诲紑=棣?鐢ㄦ椂 0.93s (score=47 depth=4)
[ 15] 绾?b0d1 (9, 1)->(8, 3) 缈诲紑=鐐?鐢ㄦ椂 0.89s (score=45 depth=5)
[ 16] 榛?i0h0 (0, 0)->(0, 1) 缈诲紑=棣?鍚?r浠?鐢ㄦ椂 1.04s (score=110.5 depth=4)
[ 17] 绾?d1d5 (8, 3)->(4, 3)  鐢ㄦ椂 1.10s (score=-2 depth=5)
[ 18] 榛?g6a6 (6, 2)->(6, 8)  鐢ㄦ椂 0.70s (score=-2 depth=4)
[ 19] 绾?i2g1 (7, 8)->(8, 6)  鐢ㄦ椂 1.61s (score=-14 depth=5)
[ 20] 榛?a6c6 (6, 8)->(6, 6)  鐢ㄦ椂 1.03s (score=2 depth=5)
[ 21] 绾?d5h5 (4, 3)->(4, 7) 鍚?b棣?鐢ㄦ椂 0.88s (score=118 depth=5)
[ 22] 榛?c6c5 (6, 6)->(5, 6) 鍚?r鍏?鐢ㄦ椂 0.59s (score=49 depth=4)
[ 23] 绾?h0i2 (9, 7)->(7, 8) 缈诲紑=杌?鐢ㄦ椂 1.24s (score=39 depth=5)
[ 24] 榛?a4a7 (4, 8)->(7, 8) 鍚?r杌?鐢ㄦ椂 1.52s (score=290 depth=4)
[ 25] 绾?i4i9 (5, 8)->(0, 8)  鐢ㄦ椂 1.60s (score=70 depth=5)
[ 26] 榛?c0a2 (0, 6)->(2, 8) 缈诲紑=鍗?鐢ㄦ椂 0.77s (score=35 depth=5)
[ 27] 绾?g1i2 (8, 6)->(7, 8) 鍚?b鐐?鐢ㄦ椂 1.56s (score=141 depth=5)
[ 28] 榛?e4d5 (4, 4)->(5, 5)  鐢ㄦ椂 0.85s (score=7 depth=5)
[ 29] 绾?h5h4 (4, 7)->(5, 7)  鐢ㄦ椂 0.71s (score=0 depth=5)
[ 30] 榛?h2h8 (2, 1)->(8, 1) 缈诲紑=璞?鐢ㄦ椂 1.51s (score=71 depth=4)
[ 31] 绾?h4h8 (5, 7)->(1, 7)  鐢ㄦ椂 1.51s (score=12 depth=6)
[ 32] 榛?c5c7 (5, 6)->(7, 6)  鐢ㄦ椂 1.24s (score=1 depth=6)
[ 33] 绾?h8g8 (1, 7)->(1, 6)  鐢ㄦ椂 0.67s (score=-12 depth=5)
[ 34] 榛?c7e7 (7, 6)->(7, 4) 鍚?r鍏?鐢ㄦ椂 0.78s (score=19 depth=7)
[ 35] 绾?d0e1 (9, 3)->(8, 4) 缈诲紑=杌?鐢ㄦ椂 1.56s (score=33 depth=7)
[ 36] 榛?e7e8 (7, 4)->(8, 4) 鍚?r杌?鐢ㄦ椂 1.19s (score=287 depth=7)
[ 37] 绾?f0e1 (9, 5)->(8, 4) 缈诲紑=鍏?鍚?b杌?鐢ㄦ椂 1.55s (score=356 depth=7)
[ 38] 榛?g0i2 (0, 2)->(2, 0) 缈诲紑=璞?鐢ㄦ椂 1.24s (score=49 depth=7)
[ 39] 绾?g8g9 (1, 6)->(0, 6)  鐢ㄦ椂 1.54s (score=66 depth=7)
[ 40] 榛?e0e1 (0, 4)->(1, 4)  鐢ㄦ椂 0.90s (score=-20 depth=8)
[ 41] 绾?g9d9 (0, 6)->(0, 3) 鍚?b鍗?鐢ㄦ椂 1.58s (score=86 depth=6)
[ 42] 榛?b0b1 (0, 7)->(1, 7)  鐢ㄦ椂 1.30s (score=2 depth=7)
[ 43] 绾?a0a1 (9, 0)->(8, 0) 缈诲紑=鍏?鐢ㄦ椂 1.52s (score=33.5 depth=6)
[ 44] 榛?h0g2 (0, 1)->(2, 2)  鐢ㄦ椂 1.28s (score=29 depth=7)
[ 45] 绾?d9e9 (0, 3)->(0, 4)  鐢ㄦ椂 1.17s (score=-12 depth=6)
[ 46] 榛?g2h4 (2, 2)->(4, 1)  鐢ㄦ椂 1.53s (score=4 depth=6)
[ 47] 绾?e4e5 (5, 4)->(4, 4)  鐢ㄦ椂 0.84s (score=10 depth=6)
[ 48] 榛?h4i6 (4, 1)->(6, 0) 鍚?r棣?鐢ㄦ椂 1.03s (score=82 depth=7)
[ 49] 绾?i2h4 (7, 8)->(5, 7)  鐢ㄦ椂 1.12s (score=5 depth=6)
[ 50] 榛?c3c4 (3, 6)->(4, 6) 缈诲紑=澹?鐢ㄦ椂 0.98s (score=81 depth=7)
[ 51] 绾?h4f5 (5, 7)->(4, 5)  鐢ㄦ椂 0.76s (score=15 depth=6)
[ 52] 榛?i6g5 (6, 0)->(5, 2)  鐢ㄦ椂 1.47s (score=6 depth=7)
[ 53] 绾?i0i7 (9, 8)->(2, 8) 缈诲紑=鐩?鍚?b鍗?鐢ㄦ椂 0.86s (score=58.714285714285715 depth=6)
[ 54] 榛?c4d3 (4, 6)->(3, 5)  鐢ㄦ椂 1.49s (score=-6 depth=7)
[ 55] 绾?e5e6 (4, 4)->(3, 4)  鐢ㄦ椂 1.30s (score=21 depth=8)
[ 56] 榛?h8f6 (8, 1)->(6, 3)  鐢ㄦ椂 0.85s (score=-25 depth=7)
[ 57] 绾?f5d6 (4, 5)->(3, 3)  鐢ㄦ椂 0.90s (score=2 depth=7)
[ 58] 榛?g5f3 (5, 2)->(3, 3) 鍚?r棣?鐢ㄦ椂 0.67s (score=131 depth=8)
[ 59] 绾?e6d6 (3, 4)->(3, 3) 鍚?b棣?鐢ㄦ椂 0.74s (score=104 depth=7)
[ 60] 榛?i2g0 (2, 0)->(0, 2)  鐢ㄦ椂 1.19s (score=5 depth=7)
[ 61] 绾?d6d7 (3, 3)->(2, 3)  鐢ㄦ椂 1.27s (score=30 depth=7)
[ 62] 榛?d5c6 (5, 5)->(6, 6)  鐢ㄦ椂 1.25s (score=6 depth=7)
[ 63] 绾?e9d9 (0, 4)->(0, 3)  鐢ㄦ椂 1.30s (score=12 depth=7)
[ 64] 榛?f6h8 (6, 3)->(8, 1)  鐢ㄦ椂 0.73s (score=25 depth=7)
[ 65] 绾?d7c7 (2, 3)->(2, 2)  鐢ㄦ椂 1.16s (score=-5 depth=7)
[ 66] 榛?c6d7 (6, 6)->(7, 5)  鐢ㄦ椂 1.52s (score=3 depth=6)
[ 67] 绾?d9d4 (0, 3)->(5, 3)  鐢ㄦ椂 0.87s (score=-26 depth=6)
[ 68] 榛?e1d1 (1, 4)->(1, 5)  鐢ㄦ椂 1.31s (score=-10 depth=7)
[ 69] 绾?i9c9 (0, 8)->(0, 2) 鍚?b璞?鐢ㄦ椂 1.29s (score=37 depth=6)
[ 70] 榛?i4i5 (4, 0)->(5, 0)  鐢ㄦ椂 1.50s (score=10 depth=6)
[ 71] 绾?d4e4 (5, 3)->(5, 4)  鐢ㄦ椂 1.24s (score=4 depth=6)
[ 72] 榛?d3e4 (3, 5)->(4, 4)  鐢ㄦ椂 1.53s (score=6 depth=6)
[ 73] 绾?e4e2 (5, 4)->(7, 4)  鐢ㄦ椂 1.27s (score=10 depth=6)
[ 74] 榛?e4f5 (4, 4)->(5, 3)  鐢ㄦ椂 1.53s (score=7 depth=6)
[ 75] 绾?c9b9 (0, 2)->(0, 1)  鐢ㄦ椂 1.28s (score=3 depth=6)
[ 76] 榛?i5i6 (5, 0)->(6, 0)  鐢ㄦ椂 1.52s (score=13 depth=6)
[ 77] 绾?c7b7 (2, 2)->(2, 1)  鐢ㄦ椂 1.35s (score=0 depth=6)
[ 78] 榛?d7e6 (7, 5)->(6, 4)  鐢ㄦ椂 1.43s (score=-3 depth=7)
[ 79] 绾?i7g5 (2, 8)->(4, 6)  鐢ㄦ椂 0.72s (score=0 depth=6)
[ 80] 榛?i6h6 (6, 0)->(6, 1)  鐢ㄦ椂 1.51s (score=10 depth=6)
[ 81] 绾?g5e3 (4, 6)->(6, 4) 鍚?b澹?鐢ㄦ椂 1.15s (score=86 depth=6)
[ 82] 榛?f5e6 (5, 3)->(6, 4) 鍚?r鐩?鐢ㄦ椂 1.51s (score=16 depth=7)
[ 83] 绾?b9b3 (0, 1)->(6, 1) 鍚?b鍗?鐢ㄦ椂 0.71s (score=18 depth=6)
[ 84] 榛?b1b2 (1, 7)->(2, 7)  鐢ㄦ椂 1.42s (score=1 depth=7)
[ 85] 绾?b3b5 (6, 1)->(4, 1)  鐢ㄦ椂 0.73s (score=0 depth=6)
[ 86] 榛?b2b3 (2, 7)->(3, 7)  鐢ㄦ椂 1.09s (score=8 depth=7)
[ 87] 绾?b5e5 (4, 1)->(4, 4)  鐢ㄦ椂 0.66s (score=4 depth=6)
[ 88] 榛?b3b4 (3, 7)->(4, 7)  鐢ㄦ椂 0.94s (score=22 depth=7)
[ 89] 绾?e2g2 (7, 4)->(7, 6)  鐢ㄦ椂 0.68s (score=-40 depth=6)
[ 90] 榛?d0e1 (0, 5)->(1, 4) 缈诲紑=鐐?鐢ㄦ椂 0.75s (score=37 depth=7)
[ 91] 绾?g2g1 (7, 6)->(8, 6)  鐢ㄦ椂 1.04s (score=28 depth=6)
[ 92] 榛?e1e0 (1, 4)->(0, 4)  鐢ㄦ椂 1.11s (score=-6 depth=7)
[ 93] 绾?g1b1 (8, 6)->(8, 1) 鍚?b璞?鐢ㄦ椂 1.19s (score=54 depth=6)
[ 94] 榛?d1e1 (1, 5)->(1, 4)  鐢ㄦ椂 1.52s (score=10 depth=6)
[ 95] 绾?e5e9 (4, 4)->(0, 4) 鍚?b鐐?鐢ㄦ椂 0.76s (score=139 depth=6)
[ 96] 榛?e1e0 (1, 4)->(0, 4) 鍚?r鐐?鐢ㄦ椂 1.53s (score=190 depth=8)
[ 97] 绾?e1e2 (8, 4)->(7, 4)  鐢ㄦ椂 0.75s (score=15 depth=7)
[ 98] 榛?e6f7 (6, 4)->(7, 3)  鐢ㄦ椂 0.92s (score=3 depth=8)
[ 99] 绾?b1b5 (8, 1)->(4, 1)  鐢ㄦ椂 0.87s (score=-1 depth=7)
[100] 榛?b4b5 (4, 7)->(5, 7)  鐢ㄦ椂 1.51s (score=20 depth=8)
[101] 绾?b5e5 (4, 1)->(4, 4)  鐢ㄦ椂 0.94s (score=4 depth=7)
[102] 榛?b5b6 (5, 7)->(6, 7)  鐢ㄦ椂 1.43s (score=2 depth=9)
[103] 绾?b7c7 (2, 1)->(2, 2)  鐢ㄦ椂 0.80s (score=0 depth=7)
[104] 榛?b6b7 (6, 7)->(7, 7)  鐢ㄦ椂 0.93s (score=17 depth=8)
[105] 绾?c7c8 (2, 2)->(1, 2)  鐢ㄦ椂 1.06s (score=15 depth=7)
[106] 榛?b7b8 (7, 7)->(8, 7)  鐢ㄦ椂 1.46s (score=10 depth=9)
[107] 绾?e2e3 (7, 4)->(6, 4)  鐢ㄦ椂 0.98s (score=10 depth=7)
[108] 榛?b8c8 (8, 7)->(8, 6)  鐢ㄦ椂 1.53s (score=5 depth=8)
[109] 绾?c8d8 (1, 2)->(1, 3)  鐢ㄦ椂 0.77s (score=12 depth=7)
[110] 榛?f7e6 (7, 3)->(6, 4) 鍚?r鍏?鐢ㄦ椂 1.53s (score=12 depth=8)
[111] 绾?e5e7 (4, 4)->(2, 4)  鐢ㄦ椂 1.10s (score=-8 depth=7)
[112] 榛?c8d8 (8, 6)->(8, 5)  鐢ㄦ椂 1.32s (score=12 depth=9)
[113] 绾?e7f7 (2, 4)->(2, 5)  鐢ㄦ椂 1.56s (score=-1 depth=7)
[114] 榛?e0d0 (0, 4)->(0, 5)  鐢ㄦ椂 1.51s (score=-10 depth=9)
[115] 绾?d8e8 (1, 3)->(1, 4)  鐢ㄦ椂 0.94s (score=12 depth=7)
[116] 榛?e6f7 (6, 4)->(7, 3)  鐢ㄦ椂 1.07s (score=3 depth=10)
[117] 绾?f7f5 (2, 5)->(4, 5)  鐢ㄦ椂 1.19s (score=5 depth=9)
[118] 榛?d8e8 (8, 5)->(8, 4)  鐢ㄦ椂 1.30s (score=12 depth=11)
[119] 绾?e0f0 (9, 4)->(9, 5)  鐢ㄦ椂 1.02s (score=-10 depth=10)
[120] 榛?f7g6 (7, 3)->(6, 2)  鐢ㄦ椂 1.40s (score=-3 depth=10)
[121] 绾?a1a2 (8, 0)->(7, 0)  鐢ㄦ椂 0.92s (score=1 depth=9)
[122] 榛?g6h7 (6, 2)->(7, 1)  鐢ㄦ椂 1.50s (score=21 depth=9)
[123] 绾?f5f2 (4, 5)->(7, 5)  鐢ㄦ椂 0.77s (score=3 depth=9)
[124] 榛?h7g8 (7, 1)->(8, 2)  鐢ㄦ椂 1.32s (score=-10 depth=10)
[125] 绾?a2a3 (7, 0)->(6, 0)  鐢ㄦ椂 0.96s (score=8 depth=9)
[126] 榛?g8f7 (8, 2)->(7, 3)  鐢ㄦ椂 0.98s (score=-8 depth=9)
[127] 绾?a3a4 (6, 0)->(5, 0)  鐢ㄦ椂 1.10s (score=11 depth=9)
[128] 榛?e8f8 (8, 4)->(8, 3)  鐢ㄦ椂 1.54s (score=-12 depth=9)
[129] 绾?f2f5 (7, 5)->(4, 5)  鐢ㄦ椂 1.03s (score=-3 depth=9)
[130] 榛?f7e8 (7, 3)->(8, 4)  鐢ㄦ椂 1.18s (score=15 depth=10)
[131] 绾?f0f1 (9, 5)->(8, 5)  鐢ㄦ椂 0.99s (score=-20 depth=10)
[132] 榛?e8f7 (8, 4)->(7, 3)  鐢ㄦ椂 1.41s (score=-15 depth=10)
[133] 绾?f1f2 (8, 5)->(7, 5)  鐢ㄦ椂 1.27s (score=-10 depth=9)
[134] 榛?f7g6 (7, 3)->(6, 2)  鐢ㄦ椂 1.55s (score=-3 depth=8)
[135] 绾?f2e2 (7, 5)->(7, 4)  鐢ㄦ椂 1.01s (score=10 depth=8)
[136] 榛?g6f5 (6, 2)->(5, 3)  鐢ㄦ椂 1.51s (score=-6 depth=7)
[137] 绾?f5f4 (4, 5)->(5, 5)  鐢ㄦ椂 1.05s (score=0 depth=7)
[138] 榛?f5e6 (5, 3)->(6, 4)  鐢ㄦ椂 1.43s (score=6 depth=8)
[139] 绾?f4e4 (5, 5)->(5, 4)  鐢ㄦ椂 1.38s (score=4 depth=8)
[140] 榛?e6d7 (6, 4)->(7, 5)  鐢ㄦ椂 1.52s (score=3 depth=8)
[141] 绾?a4a5 (5, 0)->(4, 0)  鐢ㄦ椂 1.16s (score=10 depth=8)
[142] 榛?d7e8 (7, 5)->(8, 4)  鐢ㄦ椂 1.53s (score=15 depth=7)
[143] 绾?a5a6 (4, 0)->(3, 0)  鐢ㄦ椂 1.28s (score=13 depth=8)
[144] 榛?e8f9 (8, 4)->(9, 3)  鐢ㄦ椂 0.92s (score=9 depth=8)
[145] 绾?a6a7 (3, 0)->(2, 0)  鐢ㄦ椂 1.54s (score=13 depth=7)
[146] 榛?f8e8 (8, 3)->(8, 4)  鐢ㄦ椂 1.05s (score=12 depth=8)
[147] 绾?a7a8 (2, 0)->(1, 0)  鐢ㄦ椂 1.30s (score=15 depth=8)
[148] 榛?e8d8 (8, 4)->(8, 5)  鐢ㄦ椂 1.18s (score=-12 depth=9)
[149] 绾?a8b8 (1, 0)->(1, 1)  鐢ㄦ椂 1.44s (score=9 depth=8)
[150] 榛?f9g8 (9, 3)->(8, 2)  鐢ㄦ椂 1.51s (score=-16 depth=8)
[151] 绾?e8f8 (1, 4)->(1, 5)  鐢ㄦ椂 1.47s (score=-12 depth=8)
[152] 榛?d0d1 (0, 5)->(1, 5) 鍚?r鍏?鐢ㄦ椂 1.46s (score=81 depth=9)
[153] 绾?e4e8 (5, 4)->(1, 4)  鐢ㄦ椂 1.24s (score=-1 depth=8)
[154] 榛?d1d0 (1, 5)->(0, 5)  鐢ㄦ椂 1.04s (score=20 depth=9)
[155] 绾?e8e9 (1, 4)->(0, 4)  鐢ㄦ椂 1.05s (score=-14 depth=8)
[156] 榛?g8f9 (8, 2)->(9, 3)  鐢ㄦ椂 1.52s (score=16 depth=8)
[157] 绾?b8c8 (1, 1)->(1, 2)  鐢ㄦ椂 1.03s (score=5 depth=8)
[158] 榛?f9g8 (9, 3)->(8, 2)  鐢ㄦ椂 1.54s (score=-16 depth=8)
[159] 绾?c8d8 (1, 2)->(1, 3)  鐢ㄦ椂 1.55s (score=12 depth=7)
[160] 榛?g8f9 (8, 2)->(9, 3)  鐢ㄦ椂 1.51s (score=16 depth=8)
[161] 绾?e9d9 (0, 4)->(0, 3)  鐢ㄦ椂 1.53s (score=12 depth=8)
[162] 榛?f9e8 (9, 3)->(8, 4)  鐢ㄦ椂 0.85s (score=-9 depth=9)
[163] 绾?d8e8 (1, 3)->(1, 4)  鐢ㄦ椂 1.55s (score=12 depth=7)
[164] 榛?e8f9 (8, 4)->(9, 3)  鐢ㄦ椂 1.34s (score=9 depth=8)
[165] 绾?d9d8 (0, 3)->(1, 3)  鐢ㄦ椂 1.52s (score=-5 depth=7)
[166] 榛?f9e8 (9, 3)->(8, 4)  鐢ㄦ椂 1.25s (score=-9 depth=8)
[167] 绾?d8d9 (1, 3)->(0, 3)  鐢ㄦ椂 0.86s (score=5 depth=7)
[168] 榛?e8f9 (8, 4)->(9, 3)  鐢ㄦ椂 1.36s (score=9 depth=8)
[169] 绾?d9d8 (0, 3)->(1, 3)  鐢ㄦ椂 1.55s (score=-5 depth=7)
[170] 榛?f9e8 (9, 3)->(8, 4)  鐢ㄦ椂 1.11s (score=-9 depth=8)
[171] 绾?d8d9 (1, 3)->(0, 3)  鐢ㄦ椂 0.82s (score=5 depth=7)
[172] 榛?e8f9 (8, 4)->(9, 3)  鐢ㄦ椂 1.35s (score=9 depth=8)
[173] 绾?d9d8 (0, 3)->(1, 3)  鐢ㄦ椂 1.60s (score=-5 depth=7)
[174] 榛?f9e8 (9, 3)->(8, 4)  鐢ㄦ椂 0.76s (score=-9 depth=7)
[175] 绾?d8d9 (1, 3)->(0, 3)  鐢ㄦ椂 1.02s (score=5 depth=7)
[176] 榛?e8f9 (8, 4)->(9, 3)  鐢ㄦ椂 1.46s (score=9 depth=8)
[177] 绾?d9d8 (0, 3)->(1, 3)  鐢ㄦ椂 1.56s (score=-5 depth=7)
[178] 榛?f9e8 (9, 3)->(8, 4)  鐢ㄦ椂 1.13s (score=-9 depth=8)
[179] 绾?d8d9 (1, 3)->(0, 3)  鐢ㄦ椂 0.82s (score=5 depth=7)
[180] 榛?e8f9 (8, 4)->(9, 3)  鐢ㄦ椂 1.41s (score=9 depth=8)
[181] 绾?d9d8 (0, 3)->(1, 3)  鐢ㄦ椂 1.50s (score=-5 depth=7)
[182] 榛?f9e8 (9, 3)->(8, 4)  鐢ㄦ椂 1.15s (score=-9 depth=8)
[183] 绾?d8d9 (1, 3)->(0, 3)  鐢ㄦ椂 0.79s (score=5 depth=7)
[184] 榛?e8f9 (8, 4)->(9, 3)  鐢ㄦ椂 1.34s (score=9 depth=8)
[185] 绾?d9d8 (0, 3)->(1, 3)  鐢ㄦ椂 1.57s (score=-5 depth=7)
[186] 榛?f9e8 (9, 3)->(8, 4)  鐢ㄦ椂 1.13s (score=-9 depth=8)
[187] 绾?d8d9 (1, 3)->(0, 3)  鐢ㄦ椂 0.79s (score=5 depth=7)
[188] 榛?e8f9 (8, 4)->(9, 3)  鐢ㄦ椂 1.47s (score=9 depth=8)
[189] 绾?d9d8 (0, 3)->(1, 3)  鐢ㄦ椂 1.55s (score=-5 depth=7)
[190] 榛?f9e8 (9, 3)->(8, 4)  鐢ㄦ椂 1.21s (score=-9 depth=8)
[191] 绾?d8d9 (1, 3)->(0, 3)  鐢ㄦ椂 1.08s (score=5 depth=7)
[192] 榛?e8f9 (8, 4)->(9, 3)  鐢ㄦ椂 1.50s (score=9 depth=7)
[193] 绾?d9d8 (0, 3)->(1, 3)  鐢ㄦ椂 0.80s (score=-5 depth=7)
[194] 榛?f9e8 (9, 3)->(8, 4)  鐢ㄦ椂 1.53s (score=-9 depth=7)
[195] 绾?d8d9 (1, 3)->(0, 3)  鐢ㄦ椂 1.00s (score=5 depth=7)
[196] 榛?e8f9 (8, 4)->(9, 3)  鐢ㄦ椂 1.47s (score=9 depth=8)
[197] 绾?d9d8 (0, 3)->(1, 3)  鐢ㄦ椂 1.50s (score=-5 depth=7)
[198] 榛?f9e8 (9, 3)->(8, 4)  鐢ㄦ椂 1.28s (score=-9 depth=8)
[199] 绾?d8d9 (1, 3)->(0, 3)  鐢ㄦ椂 0.85s (score=5 depth=7)
[200] 榛?e8f9 (8, 4)->(9, 3)  鐢ㄦ椂 1.45s (score=9 depth=8)
[201] 绾?d9d8 (0, 3)->(1, 3)  鐢ㄦ椂 1.56s (score=-5 depth=7)
[202] 榛?f9e8 (9, 3)->(8, 4)  鐢ㄦ椂 1.23s (score=-9 depth=8)
[203] 绾?d8d9 (1, 3)->(0, 3)  鐢ㄦ椂 0.89s (score=5 depth=7)
[204] 榛?e8f9 (8, 4)->(9, 3)  鐢ㄦ椂 1.43s (score=9 depth=8)
[205] 绾?d9d8 (0, 3)->(1, 3)  鐢ㄦ椂 1.54s (score=-5 depth=7)
[206] 榛?f9e8 (9, 3)->(8, 4)  鐢ㄦ椂 1.24s (score=-9 depth=8)
[207] 绾?d8d9 (1, 3)->(0, 3)  鐢ㄦ椂 0.89s (score=5 depth=7)
[208] 榛?e8f9 (8, 4)->(9, 3)  鐢ㄦ椂 1.48s (score=9 depth=8)
[209] 绾?d9d8 (0, 3)->(1, 3)  鐢ㄦ椂 1.55s (score=-5 depth=7)
[210] 榛?f9e8 (9, 3)->(8, 4)  鐢ㄦ椂 1.22s (score=-9 depth=8)
[211] 绾?d8d9 (1, 3)->(0, 3)  鐢ㄦ椂 0.86s (score=5 depth=7)
[212] 榛?e8f9 (8, 4)->(9, 3)  鐢ㄦ椂 1.48s (score=9 depth=8)
[213] 绾?d9d8 (0, 3)->(1, 3)  鐢ㄦ椂 1.53s (score=-5 depth=7)
[214] 榛?f9e8 (9, 3)->(8, 4)  鐢ㄦ椂 1.28s (score=-9 depth=8)
[215] 绾?d8d9 (1, 3)->(0, 3)  鐢ㄦ椂 0.94s (score=5 depth=7)
[216] 榛?e8f9 (8, 4)->(9, 3)  鐢ㄦ椂 1.49s (score=9 depth=8)
[217] 绾?d9d8 (0, 3)->(1, 3)  鐢ㄦ椂 1.55s (score=-5 depth=7)
[218] 榛?f9e8 (9, 3)->(8, 4)  鐢ㄦ椂 1.47s (score=-9 depth=8)
[219] 绾?d8d9 (1, 3)->(0, 3)  鐢ㄦ椂 0.93s (score=5 depth=7)
[220] 榛?e8f9 (8, 4)->(9, 3)  鐢ㄦ椂 0.82s (score=9 depth=7)
[221] 绾?d9d8 (0, 3)->(1, 3)  鐢ㄦ椂 1.53s (score=-5 depth=7)
[222] 榛?f9e8 (9, 3)->(8, 4)  鐢ㄦ椂 1.36s (score=-9 depth=8)
[223] 绾?d8d9 (1, 3)->(0, 3)  鐢ㄦ椂 0.85s (score=5 depth=7)
[224] 榛?e8f9 (8, 4)->(9, 3)  鐢ㄦ椂 1.37s (score=9 depth=8)
[225] 绾?d9d8 (0, 3)->(1, 3)  鐢ㄦ椂 1.56s (score=-5 depth=7)
[226] 榛?f9e8 (9, 3)->(8, 4)  鐢ㄦ椂 1.27s (score=-9 depth=8)
[227] 绾?d8d9 (1, 3)->(0, 3)  鐢ㄦ椂 0.81s (score=5 depth=7)
[228] 榛?e8f9 (8, 4)->(9, 3)  鐢ㄦ椂 1.51s (score=9 depth=8)
[229] 绾?d9d8 (0, 3)->(1, 3)  鐢ㄦ椂 1.52s (score=-5 depth=7)
[230] 榛?f9e8 (9, 3)->(8, 4)  鐢ㄦ椂 1.22s (score=-9 depth=8)
[231] 绾?d8d9 (1, 3)->(0, 3)  鐢ㄦ椂 0.86s (score=5 depth=7)
[232] 榛?e8f9 (8, 4)->(9, 3)  鐢ㄦ椂 0.66s (score=9 depth=7)
[233] 绾?d9d8 (0, 3)->(1, 3)  鐢ㄦ椂 1.55s (score=-5 depth=7)
[234] 榛?f9e8 (9, 3)->(8, 4)  鐢ㄦ椂 1.27s (score=-9 depth=8)
[235] 绾?d8d9 (1, 3)->(0, 3)  鐢ㄦ椂 0.82s (score=5 depth=7)
[236] 榛?e8f9 (8, 4)->(9, 3)  鐢ㄦ椂 1.38s (score=9 depth=8)
[237] 绾?d9d8 (0, 3)->(1, 3)  鐢ㄦ椂 1.55s (score=-5 depth=7)
[238] 榛?f9e8 (9, 3)->(8, 4)  鐢ㄦ椂 1.18s (score=-9 depth=8)
[239] 绾?d8d9 (1, 3)->(0, 3)  鐢ㄦ椂 0.90s (score=5 depth=7)
[240] 榛?e8f9 (8, 4)->(9, 3)  鐢ㄦ椂 1.43s (score=9 depth=8)
[241] 绾?d9d8 (0, 3)->(1, 3)  鐢ㄦ椂 1.52s (score=-5 depth=7)
[242] 榛?f9e8 (9, 3)->(8, 4)  鐢ㄦ椂 1.19s (score=-9 depth=8)
[243] 绾?d8d9 (1, 3)->(0, 3)  鐢ㄦ椂 0.82s (score=5 depth=7)
[244] 榛?e8f9 (8, 4)->(9, 3)  鐢ㄦ椂 1.37s (score=9 depth=8)
[245] 绾?d9d8 (0, 3)->(1, 3)  鐢ㄦ椂 1.53s (score=-5 depth=7)
[246] 榛?f9e8 (9, 3)->(8, 4)  鐢ㄦ椂 1.25s (score=-9 depth=8)
[247] 绾?d8d9 (1, 3)->(0, 3)  鐢ㄦ椂 0.91s (score=5 depth=7)
[248] 榛?e8f9 (8, 4)->(9, 3)  鐢ㄦ椂 1.44s (score=9 depth=8)
[249] 绾?d9d8 (0, 3)->(1, 3)  鐢ㄦ椂 1.51s (score=-5 depth=7)
[250] 榛?f9e8 (9, 3)->(8, 4)  鐢ㄦ椂 1.22s (score=-9 depth=8)
[251] 绾?d8d9 (1, 3)->(0, 3)  鐢ㄦ椂 0.88s (score=5 depth=7)
[252] 榛?e8f9 (8, 4)->(9, 3)  鐢ㄦ椂 0.93s (score=9 depth=7)
[253] 绾?d9d8 (0, 3)->(1, 3)  鐢ㄦ椂 1.57s (score=-5 depth=7)
[254] 榛?f9e8 (9, 3)->(8, 4)  鐢ㄦ椂 1.22s (score=-9 depth=8)
[255] 绾?d8d9 (1, 3)->(0, 3)  鐢ㄦ椂 0.80s (score=5 depth=7)
[256] 榛?e8f9 (8, 4)->(9, 3)  鐢ㄦ椂 1.40s (score=9 depth=8)
[257] 绾?d9d8 (0, 3)->(1, 3)  鐢ㄦ椂 1.55s (score=-5 depth=7)
[258] 榛?f9e8 (9, 3)->(8, 4)  鐢ㄦ椂 1.17s (score=-9 depth=8)
[259] 绾?d8d9 (1, 3)->(0, 3)  鐢ㄦ椂 0.84s (score=5 depth=7)
[260] 榛?e8f9 (8, 4)->(9, 3)  鐢ㄦ椂 1.35s (score=9 depth=8)
[261] 绾?d9d8 (0, 3)->(1, 3)  鐢ㄦ椂 1.55s (score=-5 depth=7)
[262] 榛?f9e8 (9, 3)->(8, 4)  鐢ㄦ椂 1.12s (score=-9 depth=8)
[263] 绾?d8d9 (1, 3)->(0, 3)  鐢ㄦ椂 0.84s (score=5 depth=7)
[264] 榛?e8f9 (8, 4)->(9, 3)  鐢ㄦ椂 1.38s (score=9 depth=8)
[265] 绾?d9d8 (0, 3)->(1, 3)  鐢ㄦ椂 1.51s (score=-5 depth=7)
[266] 榛?f9e8 (9, 3)->(8, 4)  鐢ㄦ椂 1.14s (score=-9 depth=8)
[267] 绾?d8d9 (1, 3)->(0, 3)  鐢ㄦ椂 0.84s (score=5 depth=7)
[268] 榛?e8f9 (8, 4)->(9, 3)  鐢ㄦ椂 1.42s (score=9 depth=8)
[269] 绾?d9d8 (0, 3)->(1, 3)  鐢ㄦ椂 1.51s (score=-5 depth=7)
[270] 榛?f9e8 (9, 3)->(8, 4)  鐢ㄦ椂 1.22s (score=-9 depth=8)
[271] 绾?d8d9 (1, 3)->(0, 3)  鐢ㄦ椂 0.88s (score=5 depth=7)
[272] 榛?e8f9 (8, 4)->(9, 3)  鐢ㄦ椂 1.40s (score=9 depth=8)

========================================================
瀵瑰眬缁撴灉
========================================================
鍜屾
鍘熷洜: 杩炵画 120 涓崐鐫€鏃犲悆瀛? 鍒ゅ拰
鎬绘鏁? 272 鐫€, 鍏ㄥ眬澧欓挓 327.9s

鍙屾柟鐢ㄦ椂:
  pypy  (绾㈡柟): 136 鐫€  鎬荤敤鏃?  156.8s  骞冲潎  1.15s  鏈€闀?  1.61s
  pypy3 (榛戞柟): 136 鐫€  鎬荤敤鏃?  170.9s  骞冲潎  1.26s  鏈€闀?  1.55s

[*] 妫嬭氨宸蹭繚瀛? C:\Users\yimingwang218185\Desktop\jieqi_ai\tools\games\game_20260819_151727.json / .txt

缁堝眬妫嬬洏 (绾㈡柟鍦ㄤ笅):
    0 1 2 3 4 5 6 7 8
 0 | 路 路 路 r鐐?路 b灏?路 路 路
 1 | 路 路 路 路 r鍏?路 路 路 路
 2 | 路 路 路 路 路 路 路 路 路
 3 | 路 路 路 路 路 路 路 路 路
 4 | 路 路 路 路 路 路 路 路 路
 5 | 路 路 路 路 路 路 路 路 路
 6 | 路 路 路 路 路 路 路 路 路
 7 | 路 路 路 路 r甯?路 路 路 路
 8 | 路 路 路 路 路 b鍗?路 路 路
 9 | 路 路 路 b澹?路 路 路 路 路
