[*] 瑁佸垽鍚姩: pypy3 鎵х孩鍏堣(姣忕潃 1.5s) vs pypy 鎵ч粦(姣忕潃 1.5s), 闅忔満绉嶅瓙 20260923
[engine_server] 灏辩华 (PyPy 3.11.13, engine=jieqi_engine_v3)
[engine_server] 棰勭儹瀹屾垚
[engine_server] 灏辩华 (PyPy 3.11.13, engine=jieqi_engine)
[engine_server] 棰勭儹瀹屾垚
[+] 寮曟搸瀛愯繘绋嬪氨缁?(PyPy: pypy3.EXE)
[+] 寮曟搸瀛愯繘绋嬪氨缁?(PyPy: pypy3.EXE)
[*] 绾㈡柟寮曟搸: pypy3 (v5.6 鍩虹嚎+鐪熼潤鎬佹悳绱?
[*] 榛戞柟寮曟搸: pypy (miaosiSari 鍘熺増, alpha-beta)
[  1] 绾?e3e4 (6, 4)->(5, 4) 缈诲紑=鐩?鐢ㄦ椂 1.54s (score=84 depth=4)
[  2] 榛?b2b9 (2, 7)->(9, 7) 缈诲紑=璞?鍚?r杌?鐢ㄦ椂 1.11s (score=157 depth=5)
[  3] 绾?b2b9 (7, 1)->(0, 1) 缈诲紑=浠?鍚?b鐐?鐢ㄦ椂 1.01s (score=161 depth=5)
[  4] 榛?i0h0 (0, 0)->(0, 1) 缈诲紑=鍗?鍚?r浠?鐢ㄦ椂 0.92s (score=110.3076923076923 depth=5)
[  5] 绾?c3c4 (6, 2)->(5, 2) 缈诲紑=鍏?鐢ㄦ椂 0.92s (score=77 depth=5)
[  6] 榛?c3c4 (3, 6)->(4, 6) 缈诲紑=鍗?鐢ㄦ椂 1.55s (score=80 depth=5)
[  7] 绾?a3a4 (6, 0)->(5, 0) 缈诲紑=鍏?鐢ㄦ椂 1.54s (score=80 depth=5)
[  8] 榛?a3a4 (3, 8)->(4, 8) 缈诲紑=澹?鐢ㄦ椂 1.46s (score=83 depth=6)
[  9] 绾?h2h8 (7, 7)->(1, 7) 缈诲紑=浠?鐢ㄦ椂 0.79s (score=76 depth=5)
[ 10] 榛?e3e4 (3, 4)->(4, 4) 缈诲紑=鍗?鐢ㄦ椂 1.58s (score=81 depth=5)
[ 11] 绾?e4c6 (5, 4)->(3, 2) 鍚?b杌?鐢ㄦ椂 0.89s (score=102 depth=6)
[ 12] 榛?h2h8 (2, 1)->(8, 1) 缈诲紑=棣?鐢ㄦ椂 0.70s (score=77 depth=5)
[ 13] 绾?c0e2 (9, 2)->(7, 4) 缈诲紑=棣?鐢ㄦ椂 1.55s (score=51 depth=6)
[ 14] 榛?c0e2 (0, 6)->(2, 4) 缈诲紑=璞?鐢ㄦ椂 1.52s (score=55 depth=5)
[ 15] 绾?h8i9 (1, 7)->(0, 8) 鍚?b鍗?鐢ㄦ椂 0.73s (score=120.0 depth=6)
[ 16] 榛?b0d1 (0, 7)->(1, 5) 缈诲紑=澹?鐢ㄦ椂 1.22s (score=53 depth=6)
[ 17] 绾?a4a5 (5, 0)->(4, 0)  鐢ㄦ椂 0.94s (score=10 depth=6)
[ 18] 榛?i3i4 (3, 0)->(4, 0) 缈诲紑=杌?鍚?r鍏?鐢ㄦ椂 1.44s (score=115 depth=7)
[ 19] 绾?a0a5 (9, 0)->(4, 0) 缈诲紑=鐐?鍚?b杌?鐢ㄦ椂 1.09s (score=298.5 depth=7)
[ 20] 榛?b9d7 (9, 7)->(7, 5)  鐢ㄦ椂 0.96s (score=2 depth=6)
[ 21] 绾?c4c5 (5, 2)->(4, 2)  鐢ㄦ椂 0.80s (score=17 depth=5)
[ 22] 榛?e4e5 (4, 4)->(5, 4)  鐢ㄦ椂 0.87s (score=10 depth=6)
[ 23] 绾?i3i4 (6, 8)->(5, 8) 缈诲紑=鐩?鐢ㄦ椂 0.78s (score=71 depth=5)
[ 24] 榛?e5e6 (5, 4)->(6, 4)  鐢ㄦ椂 1.54s (score=21 depth=5)
[ 25] 绾?a5a9 (4, 0)->(0, 0)  鐢ㄦ椂 1.52s (score=69 depth=5)
[ 26] 榛?a4b5 (4, 8)->(5, 7)  鐢ㄦ椂 0.88s (score=9 depth=6)
[ 27] 绾?d0e1 (9, 3)->(8, 4) 缈诲紑=杌?鐢ㄦ椂 1.51s (score=34 depth=5)
[ 28] 榛?e6e7 (6, 4)->(7, 4) 鍚?r棣?鐢ㄦ椂 1.51s (score=162 depth=5)
[ 29] 绾?e1b1 (8, 4)->(8, 1) 鍚?b棣?鐢ㄦ椂 0.91s (score=144 depth=6)
[ 30] 榛?e7f7 (7, 4)->(7, 3)  鐢ㄦ椂 1.47s (score=-18 depth=6)
[ 31] 绾?b1b9 (8, 1)->(0, 1) 鍚?b鍗?鐢ㄦ椂 1.52s (score=42 depth=5)
[ 32] 榛?d0e1 (0, 5)->(1, 4) 缈诲紑=棣?鐢ㄦ椂 0.87s (score=40 depth=6)
[ 33] 绾?c6e8 (3, 2)->(1, 4) 鍚?b棣?鐢ㄦ椂 1.50s (score=97 depth=5)
[ 34] 榛?b5c6 (5, 7)->(6, 6) 鍚?r棣?鐢ㄦ椂 0.96s (score=83 depth=6)
[ 35] 绾?b9b8 (0, 1)->(1, 1)  鐢ㄦ椂 1.51s (score=-36 depth=5)
[ 36] 榛?f7f8 (7, 3)->(8, 3)  鐢ㄦ椂 1.58s (score=22 depth=5)
[ 37] 绾?b0d1 (9, 1)->(8, 3) 缈诲紑=鍏?鍚?b鍗?鐢ㄦ椂 1.53s (score=130 depth=5)
[ 38] 榛?d7b9 (7, 5)->(9, 7)  鐢ㄦ椂 1.54s (score=-2 depth=5)
[ 39] 绾?b8d8 (1, 1)->(1, 3)  鐢ㄦ椂 1.52s (score=37 depth=5)
[ 40] 榛?d1c2 (1, 5)->(2, 6)  鐢ㄦ椂 1.21s (score=-4 depth=6)
[ 41] 绾?d8d9 (1, 3)->(0, 3) 鍚?b鐐?鐢ㄦ椂 1.35s (score=121 depth=12)
[ 42] 榛?e0e1 (0, 4)->(1, 4) 鍚?r鐩?鐢ㄦ椂 1.01s (score=48 depth=11)
[ 43] 绾?i4g6 (5, 8)->(3, 6)  鐢ㄦ椂 0.51s (score=10 depth=12)
[ 44] 榛?e1d1 (1, 4)->(1, 5)  鐢ㄦ椂 0.69s (score=-10 depth=11)
[ 45] 绾?d9f9 (0, 3)->(0, 5)  鐢ㄦ椂 0.01s (score=0 depth=12)
[ 46] 榛?d1d0 (1, 5)->(0, 5) 鍚?r杌?鐢ㄦ椂 0.02s (score=366 depth=12)
[ 47] 绾?a9f9 (0, 0)->(0, 5) 鍚?b灏?鐢ㄦ椂 0.01s (score=3696 depth=12)

========================================================
瀵瑰眬缁撴灉
========================================================
鑳滆€? pypy3 (绾㈡柟)
鍘熷洜: 绗?47 鐫€鍚冩帀 灏? 鑾疯儨
鎬绘鏁? 47 鐫€, 鍏ㄥ眬澧欓挓 52.6s

鍙屾柟鐢ㄦ椂:
  pypy3 (绾㈡柟):  24 鐫€  鎬荤敤鏃?   26.0s  骞冲潎  1.08s  鏈€闀?  1.55s
  pypy  (榛戞柟):  23 鐫€  鎬荤敤鏃?   26.6s  骞冲潎  1.16s  鏈€闀?  1.58s

[*] 妫嬭氨宸蹭繚瀛? C:\Users\yimingwang218185\Desktop\jieqi_ai\tools\games\game_20260819_151929.json / .txt

缁堝眬妫嬬洏 (绾㈡柟鍦ㄤ笅):
    0 1 2 3 4 5 6 7 8
 0 | 路 路 b? 路 路 r鐐?路 路 r浠?
 1 | 路 路 路 路 路 路 路 路 路
 2 | 路 路 路 路 b璞?路 b澹?路 路
 3 | 路 路 路 路 路 路 r鐩?路 路
 4 | 路 路 r鍏?路 路 路 b鍗?路 路
 5 | 路 路 路 路 路 路 路 路 路
 6 | 路 路 路 路 路 路 b澹?路 路
 7 | 路 路 路 路 路 路 路 路 路
 8 | 路 路 路 r鍏?路 路 路 路 路
 9 | 路 路 路 路 r甯?r? r? b璞?r?
