[*] 瑁佸垽鍚姩: pypy 鎵х孩鍏堣(姣忕潃 1.5s) vs pypy3 鎵ч粦(姣忕潃 1.5s), 闅忔満绉嶅瓙 20260918
[engine_server] 灏辩华 (PyPy 3.11.13, engine=jieqi_engine)
[engine_server] 棰勭儹瀹屾垚
[engine_server] 灏辩华 (PyPy 3.11.13, engine=jieqi_engine_v3)
[engine_server] 棰勭儹瀹屾垚
[+] 寮曟搸瀛愯繘绋嬪氨缁?(PyPy: pypy3.EXE)
[+] 寮曟搸瀛愯繘绋嬪氨缁?(PyPy: pypy3.EXE)
[*] 绾㈡柟寮曟搸: pypy (miaosiSari 鍘熺増, alpha-beta)
[*] 榛戞柟寮曟搸: pypy3 (v5.6 鍩虹嚎+鐪熼潤鎬佹悳绱?
[  1] 绾?b2b9 (7, 1)->(0, 1) 缈诲紑=浠?鍚?b鍗?鐢ㄦ椂 1.48s (score=154 depth=5)
[  2] 榛?e3e4 (3, 4)->(4, 4) 缈诲紑=璞?鐢ㄦ椂 0.88s (score=84 depth=4)
[  3] 绾?h2h9 (7, 7)->(0, 7) 缈诲紑=鍏?鍚?b棣?鐢ㄦ椂 1.56s (score=159 depth=5)
[  4] 榛?a0b0 (0, 8)->(0, 7) 缈诲紑=杌?鍚?r鍏?鐢ㄦ椂 0.90s (score=89.0 depth=5)
[  5] 绾?a3a4 (6, 0)->(5, 0) 缈诲紑=杌?鐢ㄦ椂 1.21s (score=79 depth=5)
[  6] 榛?a3a4 (3, 8)->(4, 8) 缈诲紑=鐐?鐢ㄦ椂 1.52s (score=72 depth=3)
[  7] 绾?g0i2 (9, 6)->(7, 8) 缈诲紑=浠?鐢ㄦ椂 1.26s (score=33 depth=5)
[  8] 榛?e4g6 (4, 4)->(6, 2) 鍚?r鐐?鐢ㄦ椂 0.62s (score=74 depth=3)
[  9] 绾?d0e1 (9, 3)->(8, 4) 缈诲紑=杌?鐢ㄦ椂 1.52s (score=24 depth=4)
[ 10] 榛?g6e8 (6, 2)->(8, 4) 鍚?r杌?鐢ㄦ椂 1.38s (score=278 depth=5)
[ 11] 绾?g3g4 (6, 6)->(5, 6) 缈诲紑=鐩?鐢ㄦ椂 1.28s (score=71 depth=5)
[ 12] 榛?b2b8 (2, 7)->(8, 7) 缈诲紑=棣?鐢ㄦ椂 1.04s (score=73 depth=4)
[ 13] 绾?f0e1 (9, 5)->(8, 4) 缈诲紑=鍏?鍚?b璞?鐢ㄦ椂 1.19s (score=91 depth=5)
[ 14] 榛?b8a6 (8, 7)->(6, 8) 鍚?r鍏?鐢ㄦ椂 0.73s (score=63 depth=4)
[ 15] 绾?a4e4 (5, 0)->(5, 4)  鐢ㄦ椂 1.12s (score=7 depth=5)
[ 16] 榛?c0e2 (0, 6)->(2, 4) 缈诲紑=鍗?鐢ㄦ椂 0.83s (score=31 depth=5)
[ 17] 绾?e4c4 (5, 4)->(5, 2)  鐢ㄦ椂 1.54s (score=-3 depth=4)
[ 18] 榛?a6c5 (6, 8)->(5, 6) 鍚?r鐩?鐢ㄦ椂 0.65s (score=37 depth=4)
[ 19] 绾?i2h3 (7, 8)->(6, 7)  鐢ㄦ椂 0.77s (score=0 depth=5)
[ 20] 榛?c5e6 (5, 6)->(6, 4) 鍚?r棣?鐢ㄦ椂 1.53s (score=73 depth=5)
[ 21] 绾?c4c6 (5, 2)->(3, 2) 鍚?b杌?鐢ㄦ椂 0.86s (score=68 depth=5)
[ 22] 榛?a4e4 (4, 8)->(4, 4)  鐢ㄦ椂 1.01s (score=5 depth=5)
[ 23] 绾?a0a6 (9, 0)->(3, 0) 缈诲紑=鍏?鍚?b鍗?鐢ㄦ椂 0.65s (score=79.45454545454545 depth=4)
[ 24] 榛?i0h0 (0, 0)->(0, 1) 缈诲紑=鍗?鍚?r浠?鐢ㄦ椂 0.89s (score=95.0 depth=5)
[ 25] 绾?i0i9 (9, 8)->(0, 8) 缈诲紑=鐩?鐢ㄦ椂 0.95s (score=49.5 depth=4)
[ 26] 榛?b0b6 (0, 7)->(6, 7) 鍚?r浠?鐢ㄦ椂 1.52s (score=75 depth=6)
[ 27] 绾?i9g7 (0, 8)->(2, 6)  鐢ㄦ椂 1.24s (score=5 depth=7)
[ 28] 榛?h2c2 (2, 1)->(2, 6) 缈诲紑=鍗?鍚?r鐩?鐢ㄦ椂 1.53s (score=109 depth=8)
[ 29] 绾?c6f6 (3, 2)->(3, 5)  鐢ㄦ椂 1.21s (score=37 depth=7)
[ 30] 榛?e6c7 (6, 4)->(7, 6)  鐢ㄦ椂 1.00s (score=-6 depth=12)
[ 31] 绾?c0e2 (9, 2)->(7, 4) 缈诲紑=棣?鐢ㄦ椂 0.80s (score=43 depth=12)
[ 32] 榛?b6b9 (6, 7)->(9, 7) 鍚?r鐐?鐢ㄦ椂 0.17s (score=99 depth=12)
[ 33] 绾?f6f0 (3, 5)->(9, 5)  鐢ㄦ椂 0.19s (score=-7 depth=12)
[ 34] 榛?b9d9 (9, 7)->(9, 5) 鍚?r杌?鐢ㄦ椂 0.01s (score=340 depth=12)
[ 35] 绾?e0f0 (9, 4)->(9, 5) 鍚?b杌?鐢ㄦ椂 0.01s (score=336 depth=12)
[ 36] 榛?c7d9 (7, 6)->(9, 5) 鍚?r甯?鐢ㄦ椂 0.00s (score=3696 depth=12)

========================================================
瀵瑰眬缁撴灉
========================================================
鑳滆€? pypy3 (榛戞柟)
鍘熷洜: 绗?36 鐫€鍚冩帀 甯? 鑾疯儨
鎬绘鏁? 36 鐫€, 鍏ㄥ眬澧欓挓 35.1s

鍙屾柟鐢ㄦ椂:
  pypy  (绾㈡柟):  18 鐫€  鎬荤敤鏃?   18.8s  骞冲潎  1.05s  鏈€闀?  1.56s
  pypy3 (榛戞柟):  18 鐫€  鎬荤敤鏃?   16.2s  骞冲潎  0.90s  鏈€闀?  1.53s

[*] 妫嬭氨宸蹭繚瀛? C:\Users\yimingwang218185\Desktop\jieqi_ai\tools\games\game_20260819_145848.json / .txt

缁堝眬妫嬬洏 (绾㈡柟鍦ㄤ笅):
    0 1 2 3 4 5 6 7 8
 0 | 路 b鍗?b? b? b灏?b? 路 路 路
 1 | 路 路 路 路 路 路 路 路 路
 2 | 路 路 路 路 b鍗?路 b鍗?路 路
 3 | r鍏?路 路 路 路 路 b? 路 路
 4 | 路 路 路 路 b鐐?路 路 路 路
 5 | 路 路 路 路 路 路 路 路 路
 6 | 路 路 路 路 路 路 路 路 路
 7 | 路 路 路 路 r棣?路 路 路 路
 8 | 路 路 路 路 r鍏?路 路 路 路
 9 | 路 r? 路 路 路 b棣?路 路 路
