[*] 瑁佸垽鍚姩: pypy3 鎵х孩鍏堣(姣忕潃 1.5s) vs pypy 鎵ч粦(姣忕潃 1.5s), 闅忔満绉嶅瓙 20260917
[engine_server] 灏辩华 (PyPy 3.11.13, engine=jieqi_engine_v3)
[engine_server] 棰勭儹瀹屾垚
[engine_server] 灏辩华 (PyPy 3.11.13, engine=jieqi_engine)
[engine_server] 棰勭儹瀹屾垚
[+] 寮曟搸瀛愯繘绋嬪氨缁?(PyPy: pypy3.EXE)
[+] 寮曟搸瀛愯繘绋嬪氨缁?(PyPy: pypy3.EXE)
[*] 绾㈡柟寮曟搸: pypy3 (v5.6 鍩虹嚎+鐪熼潤鎬佹悳绱?
[*] 榛戞柟寮曟搸: pypy (miaosiSari 鍘熺増, alpha-beta)
[  1] 绾?e3e4 (6, 4)->(5, 4) 缈诲紑=鍏?鐢ㄦ椂 1.54s (score=84 depth=4)
[  2] 榛?b2b9 (2, 7)->(9, 7) 缈诲紑=澹?鍚?r杌?鐢ㄦ椂 1.53s (score=157 depth=4)
[  3] 绾?b2b9 (7, 1)->(0, 1) 缈诲紑=棣?鍚?b璞?鐢ㄦ椂 0.86s (score=155 depth=5)
[  4] 榛?i0h0 (0, 0)->(0, 1) 缈诲紑=鍗?鍚?r棣?鐢ㄦ椂 1.54s (score=125.3076923076923 depth=5)
[  5] 绾?a3a4 (6, 0)->(5, 0) 缈诲紑=鍏?鐢ㄦ椂 0.88s (score=80 depth=5)
[  6] 榛?a3a4 (3, 8)->(4, 8) 缈诲紑=鍗?鐢ㄦ椂 1.56s (score=81 depth=5)
[  7] 绾?c3c4 (6, 2)->(5, 2) 缈诲紑=鐩?鐢ㄦ椂 0.67s (score=81 depth=5)
[  8] 榛?c3c4 (3, 6)->(4, 6) 缈诲紑=棣?鐢ㄦ椂 1.51s (score=81 depth=5)
[  9] 绾?c4e6 (5, 2)->(3, 4) 鍚?b鍗?鐢ㄦ椂 1.33s (score=81 depth=5)
[ 10] 榛?c4e5 (4, 6)->(5, 4) 鍚?r鍏?鐢ㄦ椂 1.53s (score=42 depth=5)
[ 11] 绾?g0e2 (9, 6)->(7, 4) 缈诲紑=鍏?鐢ㄦ椂 1.21s (score=45 depth=5)
[ 12] 榛?e5d7 (5, 4)->(7, 5)  鐢ㄦ椂 0.73s (score=1 depth=5)
[ 13] 绾?e0e1 (9, 4)->(8, 4)  鐢ㄦ椂 1.19s (score=-20 depth=7)
[ 14] 榛?b9c8 (9, 7)->(8, 6)  鐢ㄦ椂 0.74s (score=-4 depth=5)
[ 15] 绾?h2h8 (7, 7)->(1, 7) 缈诲紑=鐐?鐢ㄦ椂 1.32s (score=76 depth=6)
[ 16] 榛?h2h8 (2, 1)->(8, 1) 缈诲紑=杌?鐢ㄦ椂 1.18s (score=75 depth=5)
[ 17] 绾?h8i8 (1, 7)->(1, 8)  鐢ㄦ椂 0.04s (score=-10 depth=12)
[ 18] 榛?h8e8 (8, 1)->(8, 4) 鍚?r甯?鐢ㄦ椂 0.00s (score=3696 depth=12)

========================================================
瀵瑰眬缁撴灉
========================================================
鑳滆€? pypy (榛戞柟)
鍘熷洜: 绗?18 鐫€鍚冩帀 甯? 鑾疯儨
鎬绘鏁? 18 鐫€, 鍏ㄥ眬澧欓挓 19.4s

鍙屾柟鐢ㄦ椂:
  pypy3 (绾㈡柟):   9 鐫€  鎬荤敤鏃?    9.1s  骞冲潎  1.01s  鏈€闀?  1.54s
  pypy  (榛戞柟):   9 鐫€  鎬荤敤鏃?   10.3s  骞冲潎  1.15s  鏈€闀?  1.56s

[*] 妫嬭氨宸蹭繚瀛? C:\Users\yimingwang218185\Desktop\jieqi_ai\tools\games\game_20260819_145812.json / .txt

缁堝眬妫嬬洏 (绾㈡柟鍦ㄤ笅):
    0 1 2 3 4 5 6 7 8
 0 | 路 b鍗?b? b? b灏?b? b? b? b?
 1 | 路 路 路 路 路 路 路 路 r鐐?
 2 | 路 路 路 路 路 路 路 路 路
 3 | b? 路 b? 路 r鐩?路 路 路 路
 4 | 路 路 路 路 路 路 路 路 b鍗?
 5 | r鍏?路 路 路 路 路 路 路 路
 6 | 路 路 路 路 路 路 r? 路 r?
 7 | 路 路 路 路 r鍏?b棣?路 路 路
 8 | 路 路 路 路 b杌?路 b澹?路 路
 9 | r? r? r? r? 路 r? 路 路 r?
