[*] 配对对局 [quota_vs_v514]: 20 对 = 40 局, 0.5s/着
[*] 新版 pypy  vs  基线 pypy514
[*] 每对同一 seed 打两遍, 两引擎各执红一次

==================================================================
[对 1/20] seed=330013
  A) 新版执红: win  (77 着) 第 77 着吃掉 將, 获胜
  B) 新版执黑: loss (97 着) 第 97 着吃掉 將, 获胜
  → 该对打平 (net +0.0)
  [累计] 净胜 0 | 净负 0 | 打平 1

==================================================================
[对 2/20] seed=330026
  A) 新版执红: loss (64 着) 第 64 着吃掉 帥, 获胜
  B) 新版执黑: draw (41 着) 第 41 着后局面第 3 次出现, 判和
  → 新版净负 (net -0.5)
  [累计] 净胜 0 | 净负 1 | 打平 1

==================================================================
[对 3/20] seed=330039
  A) 新版执红: draw (43 着) 第 43 着后局面第 3 次出现, 判和
  B) 新版执黑: loss (77 着) 第 77 着吃掉 將, 获胜
  → 新版净负 (net -0.5)
  [累计] 净胜 0 | 净负 2 | 打平 1

==================================================================
[对 4/20] seed=330052
  A) 新版执红: loss (50 着) 第 50 着吃掉 帥, 获胜
  B) 新版执黑: draw (51 着) 第 51 着后局面第 3 次出现, 判和
  → 新版净负 (net -0.5)
  [累计] 净胜 0 | 净负 3 | 打平 1

==================================================================
[对 5/20] seed=330065
  A) 新版执红: win  (27 着) 第 27 着吃掉 將, 获胜
  B) 新版执黑: loss (59 着) 第 59 着吃掉 將, 获胜
  → 该对打平 (net +0.0)
  [累计] 净胜 0 | 净负 3 | 打平 2

==================================================================
[对 6/20] seed=330078
  A) 新版执红: loss (34 着) 第 34 着吃掉 帥, 获胜
  B) 新版执黑: draw (91 着) 第 91 着后局面第 3 次出现, 判和
  → 新版净负 (net -0.5)
  [累计] 净胜 0 | 净负 4 | 打平 2

==================================================================
[对 7/20] seed=330091
  A) 新版执红: win  (35 着) 第 35 着吃掉 將, 获胜
  B) 新版执黑: loss (87 着) 第 87 着吃掉 將, 获胜
  → 该对打平 (net +0.0)
  [累计] 净胜 0 | 净负 4 | 打平 3

==================================================================
[对 8/20] seed=330104
  A) 新版执红: win  (95 着) 第 95 着吃掉 將, 获胜
  B) 新版执黑: win  (36 着) 第 36 着吃掉 帥, 获胜
  → 新版净胜 (net +1.0)
  [累计] 净胜 1 | 净负 4 | 打平 3

==================================================================
[对 9/20] seed=330117
  A) 新版执红: win  (31 着) 第 31 着吃掉 將, 获胜
  B) 新版执黑: loss (67 着) 第 67 着吃掉 將, 获胜
  → 该对打平 (net +0.0)
  [累计] 净胜 1 | 净负 4 | 打平 4

==================================================================
[对 10/20] seed=330130
  A) 新版执红: win  (53 着) 第 53 着吃掉 將, 获胜
  B) 新版执黑: loss (71 着) 第 71 着吃掉 將, 获胜
  → 该对打平 (net +0.0)
  [累计] 净胜 1 | 净负 4 | 打平 5

==================================================================
[对 11/20] seed=330143
  A) 新版执红: win  (97 着) 第 97 着吃掉 將, 获胜
  B) 新版执黑: loss (35 着) 第 35 着吃掉 將, 获胜
  → 该对打平 (net +0.0)
  [累计] 净胜 1 | 净负 4 | 打平 6

==================================================================
[对 12/20] seed=330156
  A) 新版执红: draw (45 着) 第 45 着后局面第 3 次出现, 判和
  B) 新版执黑: win  (34 着) 第 34 着吃掉 帥, 获胜
  → 新版净胜 (net +0.5)
  [累计] 净胜 2 | 净负 4 | 打平 6

==================================================================
[对 13/20] seed=330169
  A) 新版执红: loss (122 着) 第 122 着吃掉 帥, 获胜
  B) 新版执黑: win  (32 着) 第 32 着吃掉 帥, 获胜
  → 该对打平 (net +0.0)
  [累计] 净胜 2 | 净负 4 | 打平 7

==================================================================
[对 14/20] seed=330182
  A) 新版执红: win  (65 着) 第 65 着吃掉 將, 获胜
  B) 新版执黑: win  (64 着) 第 64 着吃掉 帥, 获胜
  → 新版净胜 (net +1.0)
  [累计] 净胜 3 | 净负 4 | 打平 7

==================================================================
[对 15/20] seed=330195
  A) 新版执红: loss (34 着) 第 34 着吃掉 帥, 获胜
  B) 新版执黑: win  (34 着) 第 34 着吃掉 帥, 获胜
  → 该对打平 (net +0.0)
  [累计] 净胜 3 | 净负 4 | 打平 8

==================================================================
[对 16/20] seed=330208
  A) 新版执红: draw (106 着) 第 106 着后局面第 3 次出现, 判和
  B) 新版执黑: draw (119 着) 第 119 着后局面第 3 次出现, 判和
  → 该对打平 (net +0.0)
  [累计] 净胜 3 | 净负 4 | 打平 9

==================================================================
[对 17/20] seed=330221
  A) 新版执红: win  (103 着) 第 103 着吃掉 將, 获胜
  B) 新版执黑: loss (91 着) 第 91 着吃掉 將, 获胜
  → 该对打平 (net +0.0)
  [累计] 净胜 3 | 净负 4 | 打平 10

==================================================================
[对 18/20] seed=330234
  A) 新版执红: draw (59 着) 第 59 着后局面第 3 次出现, 判和
  B) 新版执黑: loss (25 着) 第 25 着吃掉 將, 获胜
  → 新版净负 (net -0.5)
  [累计] 净胜 3 | 净负 5 | 打平 10

==================================================================
[对 19/20] seed=330247
  A) 新版执红: loss (90 着) 第 90 着吃掉 帥, 获胜
  B) 新版执黑: loss (107 着) 第 107 着吃掉 將, 获胜
  → 新版净负 (net -1.0)
  [累计] 净胜 3 | 净负 6 | 打平 10

==================================================================
[对 20/20] seed=330260
  A) 新版执红: win  (59 着) 第 59 着吃掉 將, 获胜
  B) 新版执黑: loss (79 着) 第 79 着吃掉 將, 获胜
  → 该对打平 (net +0.0)
  [累计] 净胜 3 | 净负 6 | 打平 11


##################################################################
# 配对汇总 [quota_vs_v514]: 20 对 / 40 局 (0.5s/着)
# 新版 pypy  vs  基线 pypy514
##################################################################

逐局战绩 (新版视角): 15胜 17负 8平  得分 19.0/40 = 47.5%
配对结果: 净胜 3 对 | 净负 6 对 | 打平 11 对
颜色效应校验: 红方胜 21/32 决胜局 (66%)  ← 配对已抵消

  对     seed      新执红      新执黑     净
  1   330013       win      loss  +0.0
  2   330026      loss      draw  -0.5
  3   330039      draw      loss  -0.5
  4   330052      loss      draw  -0.5
  5   330065       win      loss  +0.0
  6   330078      loss      draw  -0.5
  7   330091       win      loss  +0.0
  8   330104       win       win  +1.0
  9   330117       win      loss  +0.0
 10   330130       win      loss  +0.0
 11   330143       win      loss  +0.0
 12   330156      draw       win  +0.5
 13   330169      loss       win  +0.0
 14   330182       win       win  +1.0
 15   330195      loss       win  +0.0
 16   330208      draw      draw  +0.0
 17   330221       win      loss  +0.0
 18   330234      draw      loss  -0.5
 19   330247      loss      loss  -1.0
 20   330260       win      loss  +0.0

算力对称性: 用时/着 新 0.374s vs 基线 0.371s (偏差 0.9%)
            平均深度 新 4.48 vs 基线 4.55 (差 -0.07)
平均步数 65

总墙钟 16.9 分钟
[*] 已保存 C:\Users\yimingwang218185\Desktop\jieqi_ai\tools\games\quota_vs_v514.json
