[*] 配对对局 [quota_vs_v514]: 20 对 = 40 局, 0.5s/着
[*] 新版 pypy  vs  基线 pypy514
[*] 每对同一 seed 打两遍, 两引擎各执红一次

==================================================================
[对 1/20] seed=330013
  A) 新版执红: loss (86 着) 第 86 着吃掉 帥, 获胜
  B) 新版执黑: win  (83 着) 第 83 着后 红方连续将军 4 次, 超过配额 (min(3×1, 9)=
  → 该对打平 (net +0.0)
  [累计] 净胜 0 | 净负 0 | 打平 1

==================================================================
[对 2/20] seed=330026
  A) 新版执红: draw (155 着) 第 155 着后局面第 3 次出现, 判和
  B) 新版执黑: win  (34 着) 第 34 着吃掉 帥, 获胜
  → 新版净胜 (net +0.5)
  [累计] 净胜 1 | 净负 0 | 打平 1

==================================================================
[对 3/20] seed=330039
  A) 新版执红: loss (38 着) 第 38 着吃掉 帥, 获胜
  B) 新版执黑: win  (140 着) 第 140 着吃掉 帥, 获胜
  → 该对打平 (net +0.0)
  [累计] 净胜 1 | 净负 0 | 打平 2

==================================================================
[对 4/20] seed=330052
  A) 新版执红: win  (91 着) 第 91 着吃掉 將, 获胜
  B) 新版执黑: win  (60 着) 第 60 着吃掉 帥, 获胜
  → 新版净胜 (net +1.0)
  [累计] 净胜 2 | 净负 0 | 打平 2

==================================================================
[对 5/20] seed=330065
  A) 新版执红: win  (75 着) 第 75 着吃掉 將, 获胜
  B) 新版执黑: loss (23 着) 第 23 着吃掉 將, 获胜
  → 该对打平 (net +0.0)
  [累计] 净胜 2 | 净负 0 | 打平 3

==================================================================
[对 6/20] seed=330078
  A) 新版执红: win  (64 着) 第 64 着后 黑方连续将军 4 次, 超过配额 (min(3×1, 9)=
  B) 新版执黑: win  (70 着) 第 70 着吃掉 帥, 获胜
  → 新版净胜 (net +1.0)
  [累计] 净胜 3 | 净负 0 | 打平 3

==================================================================
[对 7/20] seed=330091
  A) 新版执红: draw (44 着) 第 44 着后局面第 3 次出现, 判和
  B) 新版执黑: loss (69 着) 第 69 着吃掉 將, 获胜
  → 新版净负 (net -0.5)
  [累计] 净胜 3 | 净负 1 | 打平 3

==================================================================
[对 8/20] seed=330104
  A) 新版执红: loss (54 着) 第 54 着吃掉 帥, 获胜
  B) 新版执黑: loss (65 着) 第 65 着吃掉 將, 获胜
  → 新版净负 (net -1.0)
  [累计] 净胜 3 | 净负 2 | 打平 3

==================================================================
[对 9/20] seed=330117
  A) 新版执红: win  (37 着) 第 37 着吃掉 將, 获胜
  B) 新版执黑: loss (31 着) 第 31 着吃掉 將, 获胜
  → 该对打平 (net +0.0)
  [累计] 净胜 3 | 净负 2 | 打平 4

==================================================================
[对 10/20] seed=330130
  A) 新版执红: win  (53 着) 第 53 着吃掉 將, 获胜
  B) 新版执黑: loss (73 着) 第 73 着吃掉 將, 获胜
  → 该对打平 (net +0.0)
  [累计] 净胜 3 | 净负 2 | 打平 5

==================================================================
[对 11/20] seed=330143
  A) 新版执红: win  (65 着) 第 65 着吃掉 將, 获胜
  B) 新版执黑: loss (50 着) 第 50 着后 黑方连续将军 4 次, 超过配额 (min(3×1, 9)=
  → 该对打平 (net +0.0)
  [累计] 净胜 3 | 净负 2 | 打平 6

==================================================================
[对 12/20] seed=330156
  A) 新版执红: draw (77 着) 第 77 着后局面第 3 次出现, 判和
  B) 新版执黑: draw (45 着) 第 45 着后局面第 3 次出现, 判和
  → 该对打平 (net +0.0)
  [累计] 净胜 3 | 净负 2 | 打平 7

==================================================================
[对 13/20] seed=330169
  A) 新版执红: win  (73 着) 第 73 着吃掉 將, 获胜
  B) 新版执黑: loss (59 着) 第 59 着吃掉 將, 获胜
  → 该对打平 (net +0.0)
  [累计] 净胜 3 | 净负 2 | 打平 8

==================================================================
[对 14/20] seed=330182
  A) 新版执红: draw (144 着) 第 144 着后局面第 3 次出现, 判和
  B) 新版执黑: loss (70 着) 第 70 着后 黑方连续将军 4 次, 超过配额 (min(3×1, 9)=
  → 新版净负 (net -0.5)
  [累计] 净胜 3 | 净负 3 | 打平 8

==================================================================
[对 15/20] seed=330195
  A) 新版执红: loss (76 着) 第 76 着吃掉 帥, 获胜
  B) 新版执黑: win  (66 着) 第 66 着吃掉 帥, 获胜
  → 该对打平 (net +0.0)
  [累计] 净胜 3 | 净负 3 | 打平 9

==================================================================
[对 16/20] seed=330208
  A) 新版执红: win  (65 着) 第 65 着吃掉 將, 获胜
  B) 新版执黑: win  (56 着) 第 56 着吃掉 帥, 获胜
  → 新版净胜 (net +1.0)
  [累计] 净胜 4 | 净负 3 | 打平 9

==================================================================
[对 17/20] seed=330221
  A) 新版执红: loss (84 着) 第 84 着吃掉 帥, 获胜
  B) 新版执黑: win  (84 着) 第 84 着吃掉 帥, 获胜
  → 该对打平 (net +0.0)
  [累计] 净胜 4 | 净负 3 | 打平 10

==================================================================
[对 18/20] seed=330234
  A) 新版执红: loss (23 着) 红方走出非法着法 e6e5, 判负
  B) 新版执黑: loss (43 着) 第 43 着吃掉 將, 获胜
  → 新版净负 (net -1.0)
  [累计] 净胜 4 | 净负 4 | 打平 10

==================================================================
[对 19/20] seed=330247
  A) 新版执红: win  (63 着) 第 63 着吃掉 將, 获胜
  B) 新版执黑: draw (47 着) 第 47 着后局面第 3 次出现, 判和
  → 新版净胜 (net +0.5)
  [累计] 净胜 5 | 净负 4 | 打平 10

==================================================================
[对 20/20] seed=330260
  A) 新版执红: win  (63 着) 第 63 着吃掉 將, 获胜
  B) 新版执黑: loss (63 着) 第 63 着吃掉 將, 获胜
  → 该对打平 (net +0.0)
  [累计] 净胜 5 | 净负 4 | 打平 11


##################################################################
# 配对汇总 [quota_vs_v514]: 20 对 / 40 局 (0.5s/着)
# 新版 pypy  vs  基线 pypy514
##################################################################

逐局战绩 (新版视角): 18胜 16负 6平  得分 21.0/40 = 52.5%
配对结果: 净胜 5 对 | 净负 4 对 | 打平 11 对
颜色效应校验: 红方胜 20/34 决胜局 (59%)  ← 配对已抵消

  对     seed      新执红      新执黑     净
  1   330013      loss       win  +0.0
  2   330026      draw       win  +0.5
  3   330039      loss       win  +0.0
  4   330052       win       win  +1.0
  5   330065       win      loss  +0.0
  6   330078       win       win  +1.0
  7   330091      draw      loss  -0.5
  8   330104      loss      loss  -1.0
  9   330117       win      loss  +0.0
 10   330130       win      loss  +0.0
 11   330143       win      loss  +0.0
 12   330156      draw      draw  +0.0
 13   330169       win      loss  +0.0
 14   330182      draw      loss  -0.5
 15   330195      loss       win  +0.0
 16   330208       win       win  +1.0
 17   330221      loss       win  +0.0
 18   330234      loss      loss  -1.0
 19   330247       win      draw  +0.5
 20   330260       win      loss  +0.0

算力对称性: 用时/着 新 0.376s vs 基线 0.383s (偏差 1.8%)
            平均深度 新 4.01 vs 基线 4.06 (差 -0.05)
平均步数 67

总墙钟 17.6 分钟
[*] 已保存 C:\Users\yimingwang218185\Desktop\jieqi_ai\tools\games\quota_vs_v514.json
