[*] 瑁佸垽鍚姩: pypy 鎵х孩鍏堣(姣忕潃 1.5s) vs pypy57 鎵ч粦(姣忕潃 1.5s), 闅忔満绉嶅瓙 20260927
[engine_server] 灏辩华 (PyPy 3.11.13, engine=jieqi_engine)
[engine_server] 棰勭儹瀹屾垚
[engine_server] 灏辩华 (PyPy 3.11.13, engine=jieqi_engine_v57)
[engine_server] 棰勭儹瀹屾垚
[+] 寮曟搸瀛愯繘绋嬪氨缁?(PyPy: pypy3.EXE)
[+] 寮曟搸瀛愯繘绋嬪氨缁?(PyPy: pypy3.EXE)
[*] 绾㈡柟寮曟搸: pypy (miaosiSari 鍘熺増, alpha-beta)
[*] 榛戞柟寮曟搸: pypy57 (v5.7 鍩虹嚎, 鏃犻噸澶嶆劅鐭?
[  1] 绾?e3e4 (6, 4)->(5, 4) 缈诲紑=浠?鐢ㄦ椂 1.41s (score=84 depth=5)
[  2] 榛?b2b9 (2, 7)->(9, 7) 缈诲紑=杌?鍚?r鍏?鐢ㄦ椂 1.53s (score=154 depth=4)
[  3] 绾?i0h0 (9, 8)->(9, 7) 缈诲紑=鍏?鍚?b杌?鐢ㄦ椂 1.52s (score=304.0 depth=5)
[  4] 榛?a3a4 (3, 8)->(4, 8) 缈诲紑=鍗?鐢ㄦ椂 1.20s (score=78 depth=5)
[  5] 绾?a3a4 (6, 0)->(5, 0) 缈诲紑=杌?鐢ㄦ椂 0.81s (score=81 depth=5)
[  6] 榛?h0g2 (0, 1)->(2, 2) 缈诲紑=鐐?鐢ㄦ椂 1.10s (score=39 depth=5)
[  7] 绾?g3g4 (6, 6)->(5, 6) 缈诲紑=棣?鐢ㄦ椂 1.54s (score=73 depth=4)
[  8] 榛?c3c4 (3, 6)->(4, 6) 缈诲紑=鍗?鐢ㄦ椂 1.53s (score=77 depth=4)
[  9] 绾?g4i5 (5, 6)->(4, 8) 鍚?b鍗?鐢ㄦ椂 1.23s (score=43 depth=5)
[ 10] 榛?e3e4 (3, 4)->(4, 4) 缈诲紑=澹?鐢ㄦ椂 1.51s (score=76 depth=4)
[ 11] 绾?i5h3 (4, 8)->(6, 7)  鐢ㄦ椂 1.55s (score=4 depth=4)
[ 12] 榛?b0c2 (0, 7)->(2, 6) 缈诲紑=澹?鐢ㄦ椂 0.84s (score=41 depth=5)
[ 13] 绾?i3i4 (6, 8)->(5, 8) 缈诲紑=鍏?鐢ㄦ椂 1.15s (score=66 depth=5)
[ 14] 榛?g3g4 (3, 2)->(4, 2) 缈诲紑=璞?鐢ㄦ椂 1.16s (score=79 depth=5)
[ 15] 绾?b2b6 (7, 1)->(3, 1) 缈诲紑=鐐?鐢ㄦ椂 0.76s (score=58 depth=4)
[ 16] 榛?g2g6 (2, 2)->(6, 2) 鍚?r鐩?鐢ㄦ椂 1.17s (score=100 depth=5)
[ 17] 绾?b6e6 (3, 1)->(3, 4)  鐢ㄦ椂 1.00s (score=1 depth=5)
[ 18] 榛?g6e6 (6, 2)->(6, 4)  鐢ㄦ椂 1.05s (score=1 depth=5)
[ 19] 绾?e0e1 (9, 4)->(8, 4)  鐢ㄦ椂 1.54s (score=-20 depth=4)
[ 20] 榛?e4d3 (4, 4)->(3, 5)  鐢ㄦ椂 1.18s (score=-6 depth=5)
[ 21] 绾?e6e3 (3, 4)->(6, 4) 鍚?b鐐?鐢ㄦ椂 1.53s (score=140 depth=5)
[ 22] 榛?g4e6 (4, 2)->(6, 4) 鍚?r鐐?鐢ㄦ椂 1.51s (score=134 depth=5)
[ 23] 绾?h2e2 (7, 7)->(7, 4) 缈诲紑=鍏?鐢ㄦ椂 1.38s (score=42 depth=4)
[ 24] 榛?g0e2 (0, 2)->(2, 4) 缈诲紑=鐐?鐢ㄦ椂 1.00s (score=48 depth=5)
[ 25] 绾?g0i2 (9, 6)->(7, 8) 缈诲紑=棣?鐢ㄦ椂 1.29s (score=41 depth=5)
[ 26] 榛?d0e1 (0, 5)->(1, 4) 缈诲紑=鍗?鐢ㄦ椂 1.10s (score=30 depth=5)
[ 27] 绾?a4b4 (5, 0)->(5, 1)  鐢ㄦ椂 0.96s (score=-6 depth=5)
[ 28] 榛?h2h9 (2, 1)->(9, 1) 缈诲紑=棣?鍚?r浠?鐢ㄦ椂 1.53s (score=160 depth=5)
[ 29] 绾?b4b0 (5, 1)->(9, 1) 鍚?b棣?鐢ㄦ椂 0.94s (score=124 depth=6)
[ 30] 榛?a0a5 (0, 8)->(5, 8) 缈诲紑=璞?鍚?r鍏?鐢ㄦ椂 1.43s (score=28.5 depth=6)
[ 31] 绾?a0a6 (9, 0)->(3, 0) 缈诲紑=鐐?鍚?b鍗?鐢ㄦ椂 1.52s (score=136.0 depth=6)
[ 32] 榛?i0i3 (0, 0)->(3, 0) 缈诲紑=棣?鍚?r鐐?鐢ㄦ椂 0.87s (score=124.375 depth=6)
[ 33] 绾?b0b6 (9, 1)->(3, 1)  鐢ㄦ椂 1.39s (score=6 depth=7)
[ 34] 榛?a5c3 (5, 8)->(3, 6)  鐢ㄦ椂 1.02s (score=0 depth=6)
[ 35] 绾?e4f5 (5, 4)->(4, 5)  鐢ㄦ椂 0.80s (score=7 depth=6)
[ 36] 榛?e2d2 (2, 4)->(2, 5)  鐢ㄦ椂 1.31s (score=-11 depth=6)
[ 37] 绾?f5g6 (4, 5)->(3, 6) 鍚?b璞?鐢ㄦ椂 1.26s (score=71 depth=6)
[ 38] 榛?d2d9 (2, 5)->(9, 5) 鍚?r杌?鐢ㄦ椂 1.50s (score=115 depth=6)
[ 39] 绾?c0a2 (9, 2)->(7, 0) 缈诲紑=鐩?鐢ㄦ椂 0.86s (score=35 depth=6)
[ 40] 榛?c0e2 (0, 6)->(2, 4) 缈诲紑=鍗?鐢ㄦ椂 1.51s (score=49 depth=5)
[ 41] 绾?b6a6 (3, 1)->(3, 0) 鍚?b棣?鐢ㄦ椂 0.81s (score=110 depth=6)
[ 42] 榛?e6g4 (6, 4)->(4, 2)  鐢ㄦ椂 1.00s (score=6 depth=6)
[ 43] 绾?h3f2 (6, 7)->(7, 5)  鐢ㄦ椂 1.53s (score=1 depth=6)
[ 44] 榛?e2e3 (2, 4)->(3, 4)  鐢ㄦ椂 0.91s (score=10 depth=7)
[ 45] 绾?i2h4 (7, 8)->(5, 7)  鐢ㄦ椂 0.80s (score=5 depth=6)
[ 46] 榛?c4c5 (4, 6)->(5, 6)  鐢ㄦ椂 1.50s (score=17 depth=7)
[ 47] 绾?h4g2 (5, 7)->(7, 6)  鐢ㄦ椂 1.07s (score=-4 depth=7)
[ 48] 榛?d9d8 (9, 5)->(8, 5)  鐢ㄦ椂 0.72s (score=-30 depth=7)
[ 49] 绾?a6a9 (3, 0)->(0, 0)  鐢ㄦ椂 0.96s (score=6 depth=6)
[ 50] 榛?d3e4 (3, 5)->(4, 4)  鐢ㄦ椂 1.36s (score=6 depth=6)
[ 51] 绾?e1f1 (8, 4)->(8, 5) 鍚?b鐐?鐢ㄦ椂 0.82s (score=112 depth=6)
[ 52] 榛?c5c6 (5, 6)->(6, 6)  鐢ㄦ椂 1.53s (score=10 depth=7)
[ 53] 绾?g2i3 (7, 6)->(6, 8)  鐢ㄦ椂 0.64s (score=-2 depth=6)
[ 54] 榛?c2b3 (2, 6)->(3, 7)  鐢ㄦ椂 0.70s (score=4 depth=6)
[ 55] 绾?f2e4 (7, 5)->(5, 4)  鐢ㄦ椂 1.45s (score=7 depth=6)
[ 56] 榛?g4e2 (4, 2)->(2, 4)  鐢ㄦ椂 0.94s (score=12 depth=6)
[ 57] 绾?e4g3 (5, 4)->(6, 6) 鍚?b鍗?鐢ㄦ椂 0.92s (score=43 depth=6)
[ 58] 榛?e4f5 (4, 4)->(5, 3)  鐢ㄦ椂 1.48s (score=7 depth=7)
[ 59] 绾?g3f5 (6, 6)->(4, 5)  鐢ㄦ椂 1.13s (score=15 depth=6)
[ 60] 榛?e2c4 (2, 4)->(4, 6)  鐢ㄦ椂 1.57s (score=-12 depth=7)
[ 61] 绾?f5d6 (4, 5)->(3, 3)  鐢ㄦ椂 0.87s (score=2 depth=6)
[ 62] 榛?e1e2 (1, 4)->(2, 4)  鐢ㄦ椂 1.22s (score=15 depth=8)
[ 63] 绾?d6c8 (3, 3)->(1, 2)  鐢ㄦ椂 0.91s (score=30 depth=6)
[ 64] 榛?e0e1 (0, 4)->(1, 4)  鐢ㄦ椂 1.21s (score=-20 depth=8)
[ 65] 绾?a9d9 (0, 0)->(0, 3) 鍚?b杌?鐢ㄦ椂 0.88s (score=124 depth=6)
[ 66] 榛?f5g4 (5, 3)->(4, 2)  鐢ㄦ椂 1.09s (score=-7 depth=7)
[ 67] 绾?i3g4 (6, 8)->(5, 6)  鐢ㄦ椂 1.37s (score=9 depth=6)
[ 68] 榛?e3e4 (3, 4)->(4, 4)  鐢ㄦ椂 1.01s (score=14 depth=7)
[ 69] 绾?g6f7 (3, 6)->(2, 5)  鐢ㄦ椂 1.51s (score=3 depth=5)
[ 70] 榛?e1d1 (1, 4)->(1, 5)  鐢ㄦ椂 1.53s (score=-10 depth=7)
[ 71] 绾?g4e5 (5, 6)->(4, 4) 鍚?b鍗?鐢ㄦ椂 1.29s (score=42 depth=6)
[ 72] 榛?g4h5 (4, 2)->(5, 1)  鐢ㄦ椂 1.09s (score=7 depth=7)
[ 73] 绾?d0e1 (9, 3)->(8, 4) 缈诲紑=鍏?鐢ㄦ椂 1.43s (score=35 depth=6)
[ 74] 榛?e2e3 (2, 4)->(3, 4)  鐢ㄦ椂 1.01s (score=10 depth=7)
[ 75] 绾?e5g6 (4, 4)->(3, 6)  鐢ㄦ椂 0.89s (score=-12 depth=6)
[ 76] 榛?b3c2 (3, 7)->(2, 6)  鐢ㄦ椂 1.43s (score=-4 depth=8)
[ 77] 绾?c8e7 (1, 2)->(2, 4)  鐢ㄦ椂 1.05s (score=-36 depth=6)
[ 78] 榛?c4e2 (4, 6)->(2, 4) 鍚?r棣?鐢ㄦ椂 1.51s (score=141 depth=11)
[ 79] 绾?d9d8 (0, 3)->(1, 3)  鐢ㄦ椂 0.26s (score=-7 depth=12)
[ 80] 榛?d1d0 (1, 5)->(0, 5)  鐢ㄦ椂 1.43s (score=20 depth=12)
[ 81] 绾?g6e7 (3, 6)->(2, 4) 鍚?b璞?鐢ㄦ椂 0.10s (score=50 depth=12)
[ 82] 榛?d0e0 (0, 5)->(0, 4)  鐢ㄦ椂 0.30s (score=10 depth=12)
[ 83] 绾?d8d9 (1, 3)->(0, 3)  鐢ㄦ椂 0.01s (score=7 depth=12)
[ 84] 榛?e0f0 (0, 4)->(0, 3) 鍚?r杌?鐢ㄦ椂 0.01s (score=336 depth=12)
[ 85] 绾?e7d9 (2, 4)->(0, 3) 鍚?b灏?鐢ㄦ椂 0.00s (score=3696 depth=12)

========================================================
瀵瑰眬缁撴灉
========================================================
鑳滆€? pypy (绾㈡柟)
鍘熷洜: 绗?85 鐫€鍚冩帀 灏? 鑾疯儨
鎬绘鏁? 85 鐫€, 鍏ㄥ眬澧欓挓 94.8s

鍙屾柟鐢ㄦ椂:
  pypy  (绾㈡柟):  43 鐫€  鎬荤敤鏃?   45.1s  骞冲潎  1.05s  鏈€闀?  1.55s
  pypy57 (榛戞柟):  42 鐫€  鎬荤敤鏃?   49.6s  骞冲潎  1.18s  鏈€闀?  1.57s

[*] 妫嬭氨宸蹭繚瀛? C:\Users\yimingwang218185\Desktop\jieqi_ai\tools\games\game_20260819_232418.json / .txt

缁堝眬妫嬬洏 (绾㈡柟鍦ㄤ笅):
    0 1 2 3 4 5 6 7 8
 0 | 路 路 路 r棣?路 路 路 路 路
 1 | 路 路 路 路 路 路 路 路 路
 2 | 路 路 路 路 路 r浠?b澹?路 路
 3 | 路 路 路 路 b鍗?路 路 路 路
 4 | 路 路 路 路 路 路 路 路 路
 5 | 路 b澹?路 路 路 路 路 路 路
 6 | 路 路 路 路 路 路 路 路 路
 7 | r鐩?路 路 路 r鍏?路 路 路 路
 8 | 路 路 路 路 r鍏?r甯?路 路 路
 9 | 路 路 路 路 路 路 路 r鍏?路
