[*] 瑁佸垽鍚姩: pypy57 鎵х孩鍏堣(姣忕潃 1.5s) vs pypy 鎵ч粦(姣忕潃 1.5s), 闅忔満绉嶅瓙 20260932
[engine_server] 灏辩华 (PyPy 3.11.13, engine=jieqi_engine_v57)
[engine_server] 棰勭儹瀹屾垚
[engine_server] 灏辩华 (PyPy 3.11.13, engine=jieqi_engine)
[engine_server] 棰勭儹瀹屾垚
[+] 寮曟搸瀛愯繘绋嬪氨缁?(PyPy: pypy3.EXE)
[+] 寮曟搸瀛愯繘绋嬪氨缁?(PyPy: pypy3.EXE)
[*] 绾㈡柟寮曟搸: pypy57 (v5.7 鍩虹嚎, 鏃犻噸澶嶆劅鐭?
[*] 榛戞柟寮曟搸: pypy (miaosiSari 鍘熺増, alpha-beta)
[  1] 绾?e3e4 (6, 4)->(5, 4) 缈诲紑=浠?鐢ㄦ椂 1.53s (score=84 depth=4)
[  2] 榛?b2b9 (2, 7)->(9, 7) 缈诲紑=棣?鍚?r浠?鐢ㄦ椂 0.83s (score=154 depth=4)
[  3] 绾?b2b9 (7, 1)->(0, 1) 缈诲紑=鐐?鍚?b鍗?鐢ㄦ椂 1.17s (score=155 depth=5)
[  4] 榛?i0h0 (0, 0)->(0, 1) 缈诲紑=棣?鍚?r鐐?鐢ㄦ椂 0.73s (score=201.30769230769232 depth=5)
[  5] 绾?i0h0 (9, 8)->(9, 7) 缈诲紑=鐩?鍚?b棣?鐢ㄦ椂 0.87s (score=125.3076923076923 depth=5)
[  6] 榛?a3a4 (3, 8)->(4, 8) 缈诲紑=杌?鐢ㄦ椂 0.97s (score=78 depth=5)
[  7] 绾?a3a4 (6, 0)->(5, 0) 缈诲紑=鍏?鐢ㄦ椂 0.72s (score=78 depth=5)
[  8] 榛?a4a6 (4, 8)->(6, 8) 鍚?r鐩?鐢ㄦ椂 0.83s (score=89 depth=5)
[  9] 绾?c3c4 (6, 2)->(5, 2) 缈诲紑=杌?鐢ㄦ椂 0.69s (score=81 depth=5)
[ 10] 榛?a6c6 (6, 8)->(6, 6) 鍚?r鍏?鐢ㄦ椂 0.74s (score=77 depth=5)
[ 11] 绾?c4c6 (5, 2)->(3, 2) 鍚?b鍗?鐢ㄦ椂 0.78s (score=67 depth=5)
[ 12] 榛?c6c9 (6, 6)->(9, 6) 鍚?r鍏?鐢ㄦ椂 1.23s (score=101 depth=5)
[ 13] 绾?c6c9 (3, 2)->(0, 2) 鍚?b鍗?鐢ㄦ椂 1.23s (score=93 depth=5)
[ 14] 榛?h0i2 (0, 1)->(2, 0)  鐢ㄦ椂 0.83s (score=28 depth=5)
[ 15] 绾?c9a9 (0, 2)->(0, 0)  鐢ㄦ椂 0.96s (score=-2 depth=5)
[ 16] 榛?e3e4 (3, 4)->(4, 4) 缈诲紑=澹?鐢ㄦ椂 0.83s (score=69 depth=5)
[ 17] 绾?a9a7 (0, 0)->(2, 0) 鍚?b棣?鐢ㄦ椂 1.52s (score=77 depth=5)
[ 18] 榛?h2h8 (2, 1)->(8, 1) 缈诲紑=璞?鐢ㄦ椂 1.57s (score=72 depth=5)
[ 19] 绾?h2h8 (7, 7)->(1, 7) 缈诲紑=鍏?鐢ㄦ椂 1.51s (score=74 depth=5)
[ 20] 榛?c3c4 (3, 6)->(4, 6) 缈诲紑=鐐?鐢ㄦ椂 1.45s (score=62 depth=6)
[ 21] 绾?a7a6 (2, 0)->(3, 0) 鍚?b鐐?鐢ㄦ椂 1.55s (score=70 depth=5)
[ 22] 榛?d0e1 (0, 5)->(1, 4) 缈诲紑=璞?鐢ㄦ椂 1.52s (score=23 depth=5)
[ 23] 绾?h8h9 (1, 7)->(0, 7) 鍚?b杌?鐢ㄦ椂 0.76s (score=63 depth=5)
[ 24] 榛?a0b0 (0, 8)->(0, 7) 缈诲紑=鍗?鍚?r鍏?鐢ㄦ椂 1.07s (score=72.5 depth=6)
[ 25] 绾?a6h6 (3, 0)->(3, 7)  鐢ㄦ椂 0.85s (score=2 depth=5)
[ 26] 榛?c9c5 (9, 6)->(5, 6)  鐢ㄦ椂 1.54s (score=-37 depth=5)
[ 27] 绾?h6h2 (3, 7)->(7, 7)  鐢ㄦ椂 1.56s (score=-8 depth=6)
[ 28] 榛?c5e5 (5, 6)->(5, 4) 鍚?r浠?鐢ㄦ椂 0.71s (score=79 depth=6)
[ 29] 绾?f0e1 (9, 5)->(8, 4) 缈诲紑=棣?鐢ㄦ椂 1.53s (score=34 depth=6)
[ 30] 榛?e4d5 (4, 4)->(5, 5)  鐢ㄦ椂 0.80s (score=7 depth=5)
[ 31] 绾?h2d2 (7, 7)->(7, 3)  鐢ㄦ椂 0.91s (score=45 depth=5)
[ 32] 榛?c4e4 (4, 6)->(4, 4)  鐢ㄦ椂 1.24s (score=1 depth=6)
[ 33] 绾?c0e2 (9, 2)->(7, 4) 缈诲紑=鐐?鐢ㄦ椂 0.69s (score=37 depth=5)
[ 34] 榛?e4e7 (4, 4)->(7, 4) 鍚?r鐐?鐢ㄦ椂 1.02s (score=132 depth=7)
[ 35] 绾?e0f0 (9, 4)->(9, 5)  鐢ㄦ椂 0.71s (score=-10 depth=6)
[ 36] 榛?d5c6 (5, 5)->(6, 6)  鐢ㄦ椂 0.73s (score=6 depth=5)
[ 37] 绾?h0f2 (9, 7)->(7, 5)  鐢ㄦ椂 1.26s (score=14 depth=6)
[ 38] 榛?e1g3 (1, 4)->(3, 2)  鐢ㄦ椂 1.04s (score=35 depth=6)
[ 39] 绾?b0d1 (9, 1)->(8, 3) 缈诲紑=棣?鐢ㄦ椂 1.51s (score=30 depth=5)
[ 40] 榛?e5e3 (5, 4)->(3, 4)  鐢ㄦ椂 0.98s (score=-1 depth=5)
[ 41] 绾?a4a5 (5, 0)->(4, 0)  鐢ㄦ椂 0.87s (score=10 depth=5)
[ 42] 榛?c0e2 (0, 6)->(2, 4) 缈诲紑=澹?鐢ㄦ椂 1.46s (score=38 depth=6)
[ 43] 绾?a5b5 (4, 0)->(4, 1)  鐢ㄦ椂 1.51s (score=21 depth=5)
[ 44] 榛?f0e1 (0, 3)->(1, 4) 缈诲紑=鍗?鐢ㄦ椂 1.51s (score=23 depth=5)
[ 45] 绾?d2a2 (7, 3)->(7, 0)  鐢ㄦ椂 1.33s (score=-51 depth=6)
[ 46] 榛?e0f0 (0, 4)->(0, 3)  鐢ㄦ椂 0.76s (score=-10 depth=5)
[ 47] 绾?a2a9 (7, 0)->(0, 0)  鐢ㄦ椂 0.68s (score=18 depth=5)
[ 48] 榛?f0f1 (0, 3)->(1, 3)  鐢ㄦ椂 1.42s (score=-20 depth=7)
[ 49] 绾?a9f9 (0, 0)->(0, 5)  鐢ㄦ椂 0.82s (score=40 depth=5)
[ 50] 榛?e3d3 (3, 4)->(3, 5)  鐢ㄦ椂 1.06s (score=33 depth=5)
[ 51] 绾?f9f6 (0, 5)->(3, 5) 鍚?b杌?鐢ㄦ椂 0.82s (score=300 depth=6)
[ 52] 榛?e2d3 (2, 4)->(3, 5) 鍚?r杌?鐢ㄦ椂 1.59s (score=317 depth=6)
[ 53] 绾?f2d4 (7, 5)->(5, 3)  鐢ㄦ椂 0.99s (score=0 depth=6)
[ 54] 榛?e7e2 (7, 4)->(2, 4)  鐢ㄦ椂 1.16s (score=18 depth=6)
[ 55] 绾?d4f6 (5, 3)->(3, 5) 鍚?b澹?鐢ㄦ椂 1.21s (score=69 depth=7)
[ 56] 榛?f1f0 (1, 3)->(0, 3)  鐢ㄦ椂 0.69s (score=20 depth=6)
[ 57] 绾?a0a9 (9, 0)->(0, 0) 缈诲紑=杌?鐢ㄦ椂 1.25s (score=91.0 depth=7)
[ 58] 榛?f0f1 (0, 3)->(1, 3)  鐢ㄦ椂 1.40s (score=-20 depth=9)
[ 59] 绾?d1c3 (8, 3)->(6, 2)  鐢ㄦ椂 1.01s (score=19 depth=6)
[ 60] 榛?c6d7 (6, 6)->(7, 5)  鐢ㄦ椂 0.80s (score=3 depth=7)
[ 61] 绾?e1f3 (8, 4)->(6, 5)  鐢ㄦ椂 0.97s (score=16 depth=7)
[ 62] 榛?h8f6 (8, 1)->(6, 3)  鐢ㄦ椂 1.53s (score=-25 depth=7)
[ 63] 绾?f3d4 (6, 5)->(5, 3)  鐢ㄦ椂 0.80s (score=7 depth=6)
[ 64] 榛?d7c8 (7, 5)->(8, 6)  鐢ㄦ椂 1.01s (score=8 depth=9)
[ 65] 绾?f0e0 (9, 5)->(9, 4)  鐢ㄦ椂 1.52s (score=10 depth=10)
[ 66] 榛?g3e5 (3, 2)->(5, 4)  鐢ㄦ椂 1.52s (score=5 depth=9)
[ 67] 绾?d0e1 (9, 3)->(8, 4) 缈诲紑=鍏?鐢ㄦ椂 1.55s (score=33 depth=8)
[ 68] 榛?e5c7 (5, 4)->(7, 6)  鐢ㄦ椂 1.52s (score=5 depth=7)
[ 69] 绾?e0d0 (9, 4)->(9, 3)  鐢ㄦ椂 1.14s (score=-10 depth=9)
[ 70] 榛?f6h4 (6, 3)->(4, 1) 鍚?r鍏?鐢ㄦ椂 1.51s (score=55 depth=7)
[ 71] 绾?c3d5 (6, 2)->(4, 3)  鐢ㄦ椂 0.79s (score=15 depth=7)
[ 72] 榛?c8d9 (8, 6)->(9, 5)  鐢ㄦ椂 1.40s (score=16 depth=7)
[ 73] 绾?d5c7 (4, 3)->(2, 2)  鐢ㄦ椂 0.67s (score=-19 depth=6)
[ 74] 榛?d9e8 (9, 5)->(8, 4) 鍚?r鍏?鐢ㄦ椂 0.78s (score=-19 depth=9)
[ 75] 绾?d0d1 (9, 3)->(8, 3)  鐢ㄦ椂 1.09s (score=-20 depth=12)
[ 76] 榛?e8d9 (8, 4)->(9, 5)  鐢ㄦ椂 1.53s (score=9 depth=9)
[ 77] 绾?a9d9 (0, 0)->(0, 3)  鐢ㄦ椂 0.01s (score=40 depth=12)
[ 78] 榛?f1f0 (1, 3)->(0, 3) 鍚?r杌?鐢ㄦ椂 0.02s (score=366 depth=12)
[ 79] 绾?c7d9 (2, 2)->(0, 3) 鍚?b灏?鐢ㄦ椂 0.00s (score=3696 depth=12)

========================================================
瀵瑰眬缁撴灉
========================================================
鑳滆€? pypy57 (绾㈡柟)
鍘熷洜: 绗?79 鐫€鍚冩帀 灏? 鑾疯儨
鎬绘鏁? 79 鐫€, 鍏ㄥ眬澧欓挓 84.7s

鍙屾柟鐢ㄦ椂:
  pypy57 (绾㈡柟):  40 鐫€  鎬荤敤鏃?   41.3s  骞冲潎  1.03s  鏈€闀?  1.56s
  pypy  (榛戞柟):  39 鐫€  鎬荤敤鏃?   43.3s  骞冲潎  1.11s  鏈€闀?  1.59s

[*] 妫嬭氨宸蹭繚瀛? C:\Users\yimingwang218185\Desktop\jieqi_ai\tools\games\game_20260820_093747.json / .txt

缁堝眬妫嬬洏 (绾㈡柟鍦ㄤ笅):
    0 1 2 3 4 5 6 7 8
 0 | 路 路 路 r棣?路 路 路 b鍗?路
 1 | 路 路 路 路 b鍗?路 路 路 路
 2 | 路 路 路 路 b鐐?路 路 路 路
 3 | 路 路 路 路 路 r鐩?路 路 路
 4 | 路 b璞?路 路 路 路 路 路 路
 5 | 路 路 路 r棣?路 路 路 路 路
 6 | 路 路 路 路 路 路 路 路 路
 7 | 路 路 路 路 路 路 b璞?路 路
 8 | 路 路 路 r甯?路 路 路 路 路
 9 | 路 路 路 路 路 b澹?路 路 路
