[*] 瑁佸垽鍚姩: pypy 鎵х孩鍏堣(姣忕潃 1.5s) vs pypy57 鎵ч粦(姣忕潃 1.5s), 闅忔満绉嶅瓙 20260925
[engine_server] 灏辩华 (PyPy 3.11.13, engine=jieqi_engine)
[engine_server] 棰勭儹瀹屾垚
[engine_server] 灏辩华 (PyPy 3.11.13, engine=jieqi_engine_v57)
[engine_server] 棰勭儹瀹屾垚
[+] 寮曟搸瀛愯繘绋嬪氨缁?(PyPy: pypy3.EXE)
[+] 寮曟搸瀛愯繘绋嬪氨缁?(PyPy: pypy3.EXE)
[*] 绾㈡柟寮曟搸: pypy (miaosiSari 鍘熺増, alpha-beta)
[*] 榛戞柟寮曟搸: pypy57 (v5.7 鍩虹嚎, 鏃犻噸澶嶆劅鐭?
[  1] 绾?e3e4 (6, 4)->(5, 4) 缈诲紑=鍏?鐢ㄦ椂 1.43s (score=84 depth=5)
[  2] 榛?b2b9 (2, 7)->(9, 7) 缈诲紑=鍗?鍚?r鍏?鐢ㄦ椂 1.53s (score=157 depth=4)
[  3] 绾?i0h0 (9, 8)->(9, 7) 缈诲紑=浠?鍚?b鍗?鐢ㄦ椂 0.69s (score=90.0 depth=5)
[  4] 榛?a3a4 (3, 8)->(4, 8) 缈诲紑=鍗?鐢ㄦ椂 0.98s (score=78 depth=5)
[  5] 绾?a3a4 (6, 0)->(5, 0) 缈诲紑=杌?鐢ㄦ椂 0.76s (score=81 depth=5)
[  6] 榛?h0g2 (0, 1)->(2, 2) 缈诲紑=鐐?鐢ㄦ椂 1.11s (score=39 depth=5)
[  7] 绾?g3g4 (6, 6)->(5, 6) 缈诲紑=棣?鐢ㄦ椂 1.53s (score=73 depth=4)
[  8] 榛?c3c4 (3, 6)->(4, 6) 缈诲紑=杌?鐢ㄦ椂 1.53s (score=77 depth=4)
[  9] 绾?c3c4 (6, 2)->(5, 2) 缈诲紑=鐐?鐢ㄦ椂 1.52s (score=72 depth=4)
[ 10] 榛?g2g5 (2, 2)->(5, 2) 鍚?r鐐?鐢ㄦ椂 0.84s (score=155 depth=5)
[ 11] 绾?a4c4 (5, 0)->(5, 2) 鍚?b鐐?鐢ㄦ椂 0.96s (score=130 depth=5)
[ 12] 榛?c4c5 (4, 6)->(5, 6) 鍚?r棣?鐢ㄦ椂 0.77s (score=120 depth=4)
[ 13] 绾?b2e2 (7, 1)->(7, 4) 缈诲紑=棣?鐢ㄦ椂 0.74s (score=40 depth=4)
[ 14] 榛?c5c9 (5, 6)->(9, 6) 鍚?r杌?鐢ㄦ椂 1.51s (score=57 depth=5)
[ 15] 绾?c4c6 (5, 2)->(3, 2) 鍚?b棣?鐢ㄦ椂 0.89s (score=71 depth=5)
[ 16] 榛?c9b9 (9, 6)->(9, 7) 鍚?r浠?鐢ㄦ椂 1.07s (score=92 depth=5)
[ 17] 绾?c6e6 (3, 2)->(3, 4) 鍚?b璞?鐢ㄦ椂 0.98s (score=75 depth=5)
[ 18] 榛?c0e2 (0, 6)->(2, 4) 缈诲紑=鍗?鐢ㄦ椂 1.52s (score=40 depth=5)
[ 19] 绾?e6c6 (3, 4)->(3, 2)  鐢ㄦ椂 1.50s (score=-4 depth=5)
[ 20] 榛?h2h8 (2, 1)->(8, 1) 缈诲紑=鍗?鐢ㄦ椂 0.89s (score=70 depth=5)
[ 21] 绾?h2h6 (7, 7)->(3, 7) 缈诲紑=浠?鐢ㄦ椂 1.03s (score=56 depth=5)
[ 22] 榛?i3i4 (3, 0)->(4, 0) 缈诲紑=鐐?鐢ㄦ椂 1.44s (score=70 depth=6)
[ 23] 绾?a0a5 (9, 0)->(4, 0) 缈诲紑=鐐?鍚?b鐐?鐢ㄦ椂 1.51s (score=138.0 depth=5)
[ 24] 榛?i0i4 (0, 0)->(4, 0) 缈诲紑=澹?鍚?r鐐?鐢ㄦ椂 1.10s (score=120.5 depth=6)
[ 25] 绾?c6c9 (3, 2)->(0, 2) 鍚?b棣?鐢ㄦ椂 1.15s (score=105 depth=6)
[ 26] 榛?b9b3 (9, 7)->(3, 7) 鍚?r浠?鐢ㄦ椂 0.84s (score=41 depth=6)
[ 27] 绾?d0e1 (9, 3)->(8, 4) 缈诲紑=鍏?鐢ㄦ椂 1.29s (score=33 depth=6)
[ 28] 榛?b0a2 (0, 7)->(2, 8) 缈诲紑=璞?鐢ㄦ椂 1.02s (score=43 depth=6)
[ 29] 绾?c9c5 (0, 2)->(4, 2)  鐢ㄦ椂 1.37s (score=-37 depth=6)
[ 30] 榛?d0e1 (0, 5)->(1, 4) 缈诲紑=鍗?鐢ㄦ椂 1.19s (score=42 depth=6)
[ 31] 绾?e4e5 (5, 4)->(4, 4)  鐢ㄦ椂 1.36s (score=10 depth=6)
[ 32] 榛?i4h3 (4, 0)->(3, 1)  鐢ㄦ椂 1.19s (score=-4 depth=6)
[ 33] 绾?c5d5 (4, 2)->(4, 3)  鐢ㄦ椂 1.53s (score=36 depth=5)
[ 34] 榛?b3g3 (3, 7)->(3, 2)  鐢ㄦ椂 1.54s (score=0 depth=6)
[ 35] 绾?d5d0 (4, 3)->(9, 3)  鐢ㄦ椂 1.38s (score=-5 depth=7)
[ 36] 榛?a2c4 (2, 8)->(4, 6)  鐢ㄦ椂 1.37s (score=-4 depth=6)
[ 37] 绾?e2f4 (7, 4)->(5, 5)  鐢ㄦ椂 1.28s (score=-3 depth=6)
[ 38] 榛?h8h9 (8, 1)->(9, 1) 鍚?r鍏?鐢ㄦ椂 1.13s (score=63 depth=6)
[ 39] 绾?c0e2 (9, 2)->(7, 4) 缈诲紑=鍏?鐢ㄦ椂 0.65s (score=41 depth=6)
[ 40] 榛?g3g9 (3, 2)->(9, 2)  鐢ㄦ椂 0.93s (score=44 depth=6)
[ 41] 绾?d0c0 (9, 3)->(9, 2) 鍚?b杌?鐢ㄦ椂 0.98s (score=300 depth=8)
[ 42] 榛?h9g9 (9, 1)->(9, 2) 鍚?r杌?鐢ㄦ椂 0.80s (score=295 depth=8)
[ 43] 绾?e2e3 (7, 4)->(6, 4)  鐢ㄦ椂 1.18s (score=10 depth=8)
[ 44] 榛?c4a6 (4, 6)->(6, 8) 鍚?r鐩?鐢ㄦ椂 1.52s (score=85 depth=7)
[ 45] 绾?e1e2 (8, 4)->(7, 4)  鐢ㄦ椂 1.53s (score=15 depth=7)
[ 46] 榛?a0d0 (0, 8)->(0, 5) 缈诲紑=澹?鐢ㄦ椂 1.13s (score=54.27272727272727 depth=7)
[ 47] 绾?f0e1 (9, 5)->(8, 4) 缈诲紑=鐩?鐢ㄦ椂 1.24s (score=48 depth=8)
[ 48] 榛?a4a5 (4, 8)->(5, 8)  鐢ㄦ椂 1.07s (score=10 depth=8)
[ 49] 绾?e1c3 (8, 4)->(6, 2)  鐢ㄦ椂 1.52s (score=35 depth=7)
[ 50] 榛?a5b5 (5, 8)->(5, 7)  鐢ㄦ椂 1.27s (score=21 depth=8)
[ 51] 绾?f4d5 (5, 5)->(4, 3)  鐢ㄦ椂 0.75s (score=11 depth=7)
[ 52] 榛?h3g4 (3, 1)->(4, 2)  鐢ㄦ椂 0.76s (score=6 depth=8)
[ 53] 绾?c3a5 (6, 2)->(4, 0)  鐢ㄦ椂 0.91s (score=0 depth=8)
[ 54] 榛?d0c1 (0, 5)->(1, 6)  鐢ㄦ椂 1.54s (score=-9 depth=8)
[ 55] 绾?e3e4 (6, 4)->(5, 4)  鐢ㄦ椂 1.40s (score=14 depth=8)
[ 56] 榛?e0d0 (0, 4)->(0, 5)  鐢ㄦ椂 1.52s (score=-10 depth=7)
[ 57] 绾?d5c7 (4, 3)->(2, 2)  鐢ㄦ椂 0.89s (score=-19 depth=7)
[ 58] 榛?d0e0 (0, 5)->(0, 4)  鐢ㄦ椂 0.95s (score=10 depth=8)
[ 59] 绾?c7d5 (2, 2)->(4, 3)  鐢ㄦ椂 1.25s (score=19 depth=8)
[ 60] 榛?e0d0 (0, 4)->(0, 5)  鐢ㄦ椂 1.52s (score=-10 depth=7)
[ 61] 绾?d5c7 (4, 3)->(2, 2)  鐢ㄦ椂 0.86s (score=-19 depth=7)
[ 62] 榛?d0e0 (0, 5)->(0, 4)  鐢ㄦ椂 0.95s (score=10 depth=8)
[ 63] 绾?c7d5 (2, 2)->(4, 3)  鐢ㄦ椂 1.23s (score=19 depth=8)

========================================================
瀵瑰眬缁撴灉
========================================================
鍜屾
鍘熷洜: 绗?63 鐫€鍚庡眬闈㈢涓夋鍑虹幇: 鍚屼竴灞€闈㈢涓夋鍑虹幇 (闈為暱灏嗗惊鐜?, 鍒ゅ拰
鎬绘鏁? 63 鐫€, 鍏ㄥ眬澧欓挓 73.9s

鍙屾柟鐢ㄦ椂:
  pypy  (绾㈡柟):  32 鐫€  鎬荤敤鏃?   37.3s  骞冲潎  1.17s  鏈€闀?  1.53s
  pypy57 (榛戞柟):  31 鐫€  鎬荤敤鏃?   36.5s  骞冲潎  1.18s  鏈€闀?  1.54s

[*] 妫嬭氨宸蹭繚瀛? C:\Users\yimingwang218185\Desktop\jieqi_ai\tools\games\game_20260819_232100.json / .txt

缁堝眬妫嬬洏 (绾㈡柟鍦ㄤ笅):
    0 1 2 3 4 5 6 7 8
 0 | 路 路 路 b? b灏?路 路 路 路
 1 | 路 路 路 路 b鍗?路 b澹?路 路
 2 | 路 路 路 路 b鍗?路 路 路 路
 3 | 路 路 路 路 路 路 路 路 路
 4 | r鐩?路 b澹?r棣?r鍏?路 路 路 路
 5 | 路 路 路 路 r鍏?路 路 b鍗?路
 6 | 路 路 路 路 路 路 路 路 b璞?
 7 | 路 路 路 路 r鍏?路 路 路 路
 8 | 路 路 路 路 路 路 路 路 路
 9 | 路 路 b鍗?路 r甯?路 路 路 路
