[*] 瑁佸垽鍚姩: pypy57 鎵х孩鍏堣(姣忕潃 1.5s) vs pypy 鎵ч粦(姣忕潃 1.5s), 闅忔満绉嶅瓙 20260928
[engine_server] 灏辩华 (PyPy 3.11.13, engine=jieqi_engine_v57)
[engine_server] 棰勭儹瀹屾垚
[engine_server] 灏辩华 (PyPy 3.11.13, engine=jieqi_engine)
[engine_server] 棰勭儹瀹屾垚
[+] 寮曟搸瀛愯繘绋嬪氨缁?(PyPy: pypy3.EXE)
[+] 寮曟搸瀛愯繘绋嬪氨缁?(PyPy: pypy3.EXE)
[*] 绾㈡柟寮曟搸: pypy57 (v5.7 鍩虹嚎, 鏃犻噸澶嶆劅鐭?
[*] 榛戞柟寮曟搸: pypy (miaosiSari 鍘熺増, alpha-beta)
[  1] 绾?e3e4 (6, 4)->(5, 4) 缈诲紑=鐩?鐢ㄦ椂 1.50s (score=84 depth=5)
[  2] 榛?b2b9 (2, 7)->(9, 7) 缈诲紑=鐐?鍚?r棣?鐢ㄦ椂 1.20s (score=157 depth=5)
[  3] 绾?b2b9 (7, 1)->(0, 1) 缈诲紑=杌?鍚?b璞?鐢ㄦ椂 1.54s (score=156 depth=5)
[  4] 榛?i0h0 (0, 0)->(0, 1) 缈诲紑=鍗?鍚?r杌?鐢ㄦ椂 1.39s (score=306.15384615384613 depth=6)
[  5] 绾?i0h0 (9, 8)->(9, 7) 缈诲紑=浠?鍚?b鐐?鐢ㄦ椂 1.53s (score=202.30769230769232 depth=5)
[  6] 榛?c3c4 (3, 6)->(4, 6) 缈诲紑=杌?鐢ㄦ椂 0.86s (score=78 depth=5)
[  7] 绾?c3c4 (6, 2)->(5, 2) 缈诲紑=鍏?鐢ㄦ椂 0.71s (score=78 depth=5)
[  8] 榛?a3a4 (3, 8)->(4, 8) 缈诲紑=澹?鐢ㄦ椂 1.00s (score=76 depth=5)
[  9] 绾?g0e2 (9, 6)->(7, 4) 缈诲紑=鍏?鐢ㄦ椂 0.91s (score=46 depth=5)
[ 10] 榛?i3i4 (3, 0)->(4, 0) 缈诲紑=澹?鐢ㄦ椂 0.78s (score=76 depth=5)
[ 11] 绾?a3a4 (6, 0)->(5, 0) 缈诲紑=杌?鐢ㄦ椂 0.71s (score=75 depth=5)
[ 12] 榛?h2h8 (2, 1)->(8, 1) 缈诲紑=鐐?鐢ㄦ椂 0.81s (score=74 depth=5)
[ 13] 绾?i3i4 (6, 8)->(5, 8) 缈诲紑=鍏?鐢ㄦ椂 1.51s (score=68 depth=5)
[ 14] 榛?c4c6 (4, 6)->(6, 6) 鍚?r鐐?鐢ㄦ椂 0.84s (score=84 depth=5)
[ 15] 绾?a4a5 (5, 0)->(4, 0) 鍚?b澹?鐢ㄦ椂 0.91s (score=73 depth=5)
[ 16] 榛?c6c9 (6, 6)->(9, 6)  鐢ㄦ椂 0.86s (score=36 depth=5)
[ 17] 绾?i4i5 (5, 8)->(4, 8) 鍚?b澹?鐢ㄦ椂 1.23s (score=83 depth=5)
[ 18] 榛?c9b9 (9, 6)->(9, 7) 鍚?r浠?鐢ㄦ椂 0.90s (score=92 depth=5)
[ 19] 绾?h2f2 (7, 7)->(7, 5) 缈诲紑=棣?鐢ㄦ椂 1.51s (score=52 depth=4)
[ 20] 榛?h8a8 (8, 1)->(8, 8)  鐢ㄦ椂 1.21s (score=-10 depth=5)
[ 21] 绾?a5h5 (4, 0)->(4, 7)  鐢ㄦ椂 1.39s (score=3 depth=6)
[ 22] 榛?b9b4 (9, 7)->(4, 7) 鍚?r杌?鐢ㄦ椂 0.88s (score=255 depth=6)
[ 23] 绾?i5h5 (4, 8)->(4, 7) 鍚?b杌?鐢ㄦ椂 1.17s (score=313 depth=7)
[ 24] 榛?a8a9 (8, 8)->(9, 8)  鐢ㄦ椂 1.47s (score=67 depth=6)
[ 25] 绾?f0e1 (9, 5)->(8, 4) 缈诲紑=鍏?鐢ㄦ椂 1.24s (score=50 depth=7)
[ 26] 榛?f0e1 (0, 3)->(1, 4) 缈诲紑=鍗?鐢ㄦ椂 1.53s (score=36 depth=5)
[ 27] 绾?a0a9 (9, 0)->(0, 0) 缈诲紑=鐩?鐢ㄦ椂 0.96s (score=80.5 depth=6)
[ 28] 榛?a0a8 (0, 8)->(8, 8) 缈诲紑=杌?鐢ㄦ椂 0.66s (score=59.75 depth=5)
[ 29] 绾?c0a2 (9, 2)->(7, 0) 缈诲紑=鐐?鐢ㄦ椂 1.04s (score=56 depth=6)
[ 30] 榛?a8c8 (8, 8)->(8, 6)  鐢ㄦ椂 1.45s (score=2 depth=6)
[ 31] 绾?a9c7 (0, 0)->(2, 2)  鐢ㄦ椂 1.52s (score=5 depth=6)
[ 32] 榛?e0f0 (0, 4)->(0, 3)  鐢ㄦ椂 1.52s (score=-10 depth=8)
[ 33] 绾?e0f0 (9, 4)->(9, 5)  鐢ㄦ椂 1.52s (score=-10 depth=6)
[ 34] 榛?c8c9 (8, 6)->(9, 6)  鐢ㄦ椂 0.99s (score=36 depth=6)
[ 35] 绾?f0f1 (9, 5)->(8, 5)  鐢ㄦ椂 1.52s (score=-20 depth=7)
[ 36] 榛?c9c8 (9, 6)->(8, 6)  鐢ㄦ椂 1.16s (score=-36 depth=6)
[ 37] 绾?f1f0 (8, 5)->(9, 5)  鐢ㄦ椂 1.05s (score=20 depth=8)
[ 38] 榛?c8c9 (8, 6)->(9, 6)  鐢ㄦ椂 0.99s (score=36 depth=6)
[ 39] 绾?f0f1 (9, 5)->(8, 5)  鐢ㄦ椂 1.53s (score=-20 depth=7)
[ 40] 榛?c9c8 (9, 6)->(8, 6)  鐢ㄦ椂 0.92s (score=-36 depth=6)
[ 41] 绾?f1f0 (8, 5)->(9, 5)  鐢ㄦ椂 1.04s (score=20 depth=8)

========================================================
瀵瑰眬缁撴灉
========================================================
鑳滆€? pypy57 (绾㈡柟)
鍘熷洜: 绗?41 鐫€鍚庡眬闈㈢涓夋鍑虹幇: 榛戞柟闀垮皢 (寰幆鍐呴粦鏂规瘡鐫€鍧囧皢鍐?, 鍒よ礋
鎬绘鏁? 41 鐫€, 鍏ㄥ眬澧欓挓 47.6s

鍙屾柟鐢ㄦ椂:
  pypy57 (绾㈡柟):  21 鐫€  鎬荤敤鏃?   26.0s  骞冲潎  1.24s  鏈€闀?  1.54s
  pypy  (榛戞柟):  20 鐫€  鎬荤敤鏃?   21.4s  骞冲潎  1.07s  鏈€闀?  1.53s

[*] 妫嬭氨宸蹭繚瀛? C:\Users\yimingwang218185\Desktop\jieqi_ai\tools\games\game_20260819_232507.json / .txt

缁堝眬妫嬬洏 (绾㈡柟鍦ㄤ笅):
    0 1 2 3 4 5 6 7 8
 0 | 路 b鍗?b? b灏?路 b? b? b? 路
 1 | 路 路 路 路 b鍗?路 路 路 路
 2 | 路 路 r鐩?路 路 路 路 路 路
 3 | 路 路 b? 路 b? 路 路 路 路
 4 | 路 路 路 路 路 路 路 r鍏?路
 5 | 路 路 r鍏?路 r鐩?路 路 路 路
 6 | 路 路 路 路 路 路 路 路 路
 7 | r鐐?路 路 路 r鍏?r棣?路 路 路
 8 | 路 路 路 路 r鍏?路 b杌?路 路
 9 | 路 r? 路 r? 路 r甯?路 路 b鐐?
