[*] 瑁佸垽鍚姩: pypy57 鎵х孩鍏堣(姣忕潃 1.5s) vs pypy 鎵ч粦(姣忕潃 1.5s), 闅忔満绉嶅瓙 20260934
[engine_server] 灏辩华 (PyPy 3.11.13, engine=jieqi_engine_v57)
[engine_server] 棰勭儹瀹屾垚
[engine_server] 灏辩华 (PyPy 3.11.13, engine=jieqi_engine)
[engine_server] 棰勭儹瀹屾垚
[+] 寮曟搸瀛愯繘绋嬪氨缁?(PyPy: pypy3.EXE)
[+] 寮曟搸瀛愯繘绋嬪氨缁?(PyPy: pypy3.EXE)
[*] 绾㈡柟寮曟搸: pypy57 (v5.7 鍩虹嚎, 鏃犻噸澶嶆劅鐭?
[*] 榛戞柟寮曟搸: pypy (miaosiSari 鍘熺増, alpha-beta)
[  1] 绾?e3e4 (6, 4)->(5, 4) 缈诲紑=鍏?鐢ㄦ椂 1.40s (score=84 depth=5)
[  2] 榛?b2b9 (2, 7)->(9, 7) 缈诲紑=鍗?鍚?r鐩?鐢ㄦ椂 1.54s (score=157 depth=4)
[  3] 绾?i0h0 (9, 8)->(9, 7) 缈诲紑=鍏?鍚?b鍗?鐢ㄦ椂 0.67s (score=90.0 depth=5)
[  4] 榛?a3a4 (3, 8)->(4, 8) 缈诲紑=棣?鐢ㄦ椂 0.91s (score=78 depth=5)
[  5] 绾?a3a4 (6, 0)->(5, 0) 缈诲紑=鐩?鐢ㄦ椂 0.79s (score=83 depth=5)
[  6] 榛?g3g4 (3, 2)->(4, 2) 缈诲紑=璞?鐢ㄦ椂 0.81s (score=74 depth=5)
[  7] 绾?i3i4 (6, 8)->(5, 8) 缈诲紑=杌?鐢ㄦ椂 0.67s (score=83 depth=5)
[  8] 榛?h2f2 (2, 1)->(2, 3) 缈诲紑=棣?鐢ㄦ椂 1.46s (score=44 depth=5)
[  9] 绾?g3g4 (6, 6)->(5, 6) 缈诲紑=棣?鐢ㄦ椂 1.10s (score=77 depth=5)
[ 10] 榛?c3c4 (3, 6)->(4, 6) 缈诲紑=璞?鐢ㄦ椂 0.77s (score=74 depth=5)
[ 11] 绾?g4i5 (5, 6)->(4, 8) 鍚?b棣?鐢ㄦ椂 0.98s (score=99 depth=5)
[engine_server] 灏辩华 (PyPy 3.11.13, engine=jieqi_engine)
[engine_server] 棰勭儹瀹屾垚
[!] 寮曟搸鍝嶅簲瓒呮椂/瀛愯繘绋嬪紓甯? 閲嶅惎...
[+] 寮曟搸瀛愯繘绋嬪氨缁?(PyPy: pypy3.EXE)
    [!] 寮曟搸绗?1 娆℃棤鍝嶅簲 (鑰楁椂 2082.1s)
[ 12] 榛?i3i4 (3, 0)->(4, 0) 缈诲紑=鍗?鐢ㄦ椂 0.89s (score=67 depth=4)
[ 13] 绾?h2h8 (7, 7)->(1, 7) 缈诲紑=鍏?鐢ㄦ椂 1.44s (score=72 depth=5)
[ 14] 榛?i4i5 (4, 0)->(5, 0) 鍚?r鐩?鐢ㄦ椂 1.09s (score=70 depth=5)
[ 15] 绾?c3c4 (6, 2)->(5, 2) 缈诲紑=鍏?鐢ㄦ椂 1.00s (score=66 depth=5)
[ 16] 榛?d0e1 (0, 5)->(1, 4) 缈诲紑=鍗?鐢ㄦ椂 1.43s (score=40 depth=5)
[ 17] 绾?h8h9 (1, 7)->(0, 7) 鍚?b鍗?鐢ㄦ椂 1.15s (score=85 depth=6)
[ 18] 榛?a0b0 (0, 8)->(0, 7) 缈诲紑=鐐?鍚?r鍏?鐢ㄦ椂 1.19s (score=69.33333333333334 depth=6)
[ 19] 绾?i4h4 (5, 8)->(5, 7)  鐢ㄦ椂 1.09s (score=-6 depth=6)
[ 20] 榛?f2d1 (2, 3)->(1, 5)  鐢ㄦ椂 0.88s (score=-16 depth=5)
[engine_server] 灏辩华 (PyPy 3.11.13, engine=jieqi_engine_v57)
[engine_server] 棰勭儹瀹屾垚
[!] 寮曟搸鍝嶅簲瓒呮椂/瀛愯繘绋嬪紓甯? 閲嶅惎...
[+] 寮曟搸瀛愯繘绋嬪氨缁?(PyPy: pypy3.EXE)
    [!] 寮曟搸绗?1 娆℃棤鍝嶅簲 (鑰楁椂 3489.3s)
[ 21] 绾?h4f4 (5, 7)->(5, 5)  鐢ㄦ椂 0.52s (score=45 depth=2)
[ 22] 榛?h0g2 (0, 1)->(2, 2) 缈诲紑=杌?鐢ㄦ椂 1.49s (score=41 depth=5)
[ 23] 绾?f4f8 (5, 5)->(1, 5) 鍚?b棣?鐢ㄦ椂 1.02s (score=101 depth=4)
[ 24] 榛?c0a2 (0, 6)->(2, 8) 缈诲紑=澹?鐢ㄦ椂 1.44s (score=37 depth=5)
[ 25] 绾?g0e2 (9, 6)->(7, 4) 缈诲紑=浠?鐢ㄦ椂 0.92s (score=45 depth=4)
[ 26] 榛?a2b3 (2, 8)->(3, 7)  鐢ㄦ椂 1.53s (score=0 depth=4)
[ 27] 绾?f8h8 (1, 5)->(1, 7)  鐢ㄦ椂 0.74s (score=-37 depth=4)
[ 28] 榛?b0d0 (0, 7)->(0, 5)  鐢ㄦ椂 1.30s (score=3 depth=6)
[ 29] 绾?h8h6 (1, 7)->(3, 7) 鍚?b澹?鐢ㄦ椂 0.81s (score=69 depth=5)
[ 30] 榛?e1e2 (1, 4)->(2, 4)  鐢ㄦ椂 1.52s (score=15 depth=4)
[ 31] 绾?f0e1 (9, 5)->(8, 4) 缈诲紑=棣?鐢ㄦ椂 0.70s (score=40 depth=4)
[ 32] 榛?f0e1 (0, 3)->(1, 4) 缈诲紑=鐐?鐢ㄦ椂 1.52s (score=37 depth=4)
[ 33] 绾?h6f6 (3, 7)->(3, 5)  鐢ㄦ椂 1.02s (score=37 depth=4)
[ 34] 榛?g0i2 (0, 2)->(2, 0) 缈诲紑=鍗?鐢ㄦ椂 0.81s (score=35 depth=4)
[ 35] 绾?b2b5 (7, 1)->(4, 1) 缈诲紑=鐐?鐢ㄦ椂 0.69s (score=55 depth=4)
[ 36] 榛?g4e6 (4, 2)->(6, 4)  鐢ㄦ椂 1.31s (score=-6 depth=5)
[ 37] 绾?b0c2 (9, 1)->(7, 2) 缈诲紑=鍏?鐢ㄦ椂 0.69s (score=37 depth=4)
[ 38] 榛?g2g5 (2, 2)->(5, 2) 鍚?r鍏?鐢ㄦ椂 1.52s (score=27 depth=5)
[ 39] 绾?e2d3 (7, 4)->(6, 3)  鐢ㄦ椂 1.03s (score=8 depth=5)
[ 40] 榛?g5h5 (5, 2)->(5, 1)  鐢ㄦ椂 1.41s (score=0 depth=5)
[ 41] 绾?b5f5 (4, 1)->(4, 5)  鐢ㄦ椂 1.53s (score=0 depth=5)
[ 42] 榛?d0d4 (0, 5)->(4, 5) 鍚?r鐐?鐢ㄦ椂 1.19s (score=123 depth=6)
[ 43] 绾?f6f5 (3, 5)->(4, 5) 鍚?b鐐?鐢ㄦ椂 1.07s (score=124 depth=6)
[ 44] 榛?h5f5 (5, 1)->(5, 3)  鐢ㄦ椂 0.83s (score=6 depth=5)
[ 45] 绾?i5g6 (4, 8)->(3, 6)  鐢ㄦ椂 1.12s (score=12 depth=5)
[ 46] 榛?i0f0 (0, 0)->(0, 3) 缈诲紑=澹?鐢ㄦ椂 0.59s (score=12.375 depth=4)
[ 47] 绾?g6h8 (3, 6)->(1, 7)  鐢ㄦ椂 1.07s (score=4 depth=5)
[ 48] 榛?e1i1 (1, 4)->(1, 0)  鐢ㄦ椂 0.85s (score=-9 depth=5)
[ 49] 绾?h8f7 (1, 7)->(2, 5)  鐢ㄦ椂 1.38s (score=9 depth=6)
[ 50] 榛?e0e1 (0, 4)->(1, 4)  鐢ㄦ椂 1.52s (score=-20 depth=6)
[ 51] 绾?c2c3 (7, 2)->(6, 2)  鐢ㄦ椂 1.53s (score=8 depth=5)
[ 52] 榛?i5i6 (5, 0)->(6, 0)  鐢ㄦ椂 0.66s (score=13 depth=5)
[ 53] 绾?c3c4 (6, 2)->(5, 2)  鐢ㄦ椂 1.51s (score=6 depth=5)
[ 54] 榛?i6h6 (6, 0)->(6, 1)  鐢ㄦ椂 1.04s (score=10 depth=6)
[ 55] 绾?c0a2 (9, 2)->(7, 0) 缈诲紑=杌?鐢ㄦ椂 1.51s (score=39 depth=5)
[ 56] 榛?i1i7 (1, 0)->(7, 0) 鍚?r杌?鐢ㄦ椂 1.36s (score=289 depth=7)
[ 57] 绾?f7g9 (2, 5)->(0, 6)  鐢ㄦ椂 0.76s (score=-15 depth=6)
[ 58] 榛?e1e0 (1, 4)->(0, 4)  鐢ㄦ椂 1.21s (score=20 depth=8)
[ 59] 绾?g9f7 (0, 6)->(2, 5)  鐢ㄦ椂 1.56s (score=15 depth=5)
[ 60] 榛?e0e1 (0, 4)->(1, 4)  鐢ㄦ椂 0.92s (score=-20 depth=7)
[ 61] 绾?f7g9 (2, 5)->(0, 6)  鐢ㄦ椂 1.24s (score=-15 depth=6)
[ 62] 榛?e1e0 (1, 4)->(0, 4)  鐢ㄦ椂 0.87s (score=20 depth=7)
[ 63] 绾?g9f7 (0, 6)->(2, 5)  鐢ㄦ椂 1.42s (score=15 depth=6)
[ 64] 榛?e0e1 (0, 4)->(1, 4)  鐢ㄦ椂 0.82s (score=-20 depth=7)

========================================================
瀵瑰眬缁撴灉
========================================================
鑳滆€? pypy (榛戞柟)
鍘熷洜: 绗?64 鐫€鍚庡眬闈㈢涓夋鍑虹幇: 绾㈡柟闀垮皢 (寰幆鍐呯孩鏂规瘡鐫€鍧囧皢鍐?, 鍒よ礋
鎬绘鏁? 64 鐫€, 鍏ㄥ眬澧欓挓 5642.4s

鍙屾柟鐢ㄦ椂:
  pypy57 (绾㈡柟):  32 鐫€  鎬荤敤鏃?   34.1s  骞冲潎  1.07s  鏈€闀?  1.56s
  pypy  (榛戞柟):  32 鐫€  鎬荤敤鏃?   36.7s  骞冲潎  1.15s  鏈€闀?  1.54s

[*] 妫嬭氨宸蹭繚瀛? C:\Users\yimingwang218185\Desktop\jieqi_ai\tools\games\game_20260820_081822.json / .txt

缁堝眬妫嬬洏 (绾㈡柟鍦ㄤ笅):
    0 1 2 3 4 5 6 7 8
 0 | 路 路 路 b澹?路 路 路 路 路
 1 | 路 路 路 路 b灏?路 路 路 路
 2 | b鍗?路 路 路 b鍗?r棣?路 路 路
 3 | 路 路 路 路 b? 路 路 路 路
 4 | 路 路 路 路 路 r杌?b璞?路 路
 5 | 路 路 r鍏?b杌?r鍏?路 路 路 路
 6 | 路 b鍗?路 r浠?b璞?路 路 路 路
 7 | b鐐?路 路 路 路 路 路 路 路
 8 | 路 路 路 路 r棣?路 路 路 路
 9 | r? 路 路 r? r甯?路 路 r鍏?路
