[*] 瑁佸垽鍚姩: pypy57 鎵х孩鍏堣(姣忕潃 1.5s) vs pypy 鎵ч粦(姣忕潃 1.5s), 闅忔満绉嶅瓙 20260932
[engine_server] 灏辩华 (PyPy 3.11.13, engine=jieqi_engine_v57)
[engine_server] 棰勭儹瀹屾垚
[engine_server] 灏辩华 (PyPy 3.11.13, engine=jieqi_engine)
[engine_server] 棰勭儹瀹屾垚
[!] 寮曟搸瀛愯繘绋嬪氨缁俊鍙峰紓甯? None
[+] 寮曟搸瀛愯繘绋嬪氨缁?(PyPy: pypy3.EXE)
[*] 绾㈡柟寮曟搸: pypy57 (v5.7 鍩虹嚎, 鏃犻噸澶嶆劅鐭?
[*] 榛戞柟寮曟搸: pypy (miaosiSari 鍘熺増, alpha-beta)
    [!] 寮曟搸绗?1 娆℃棤鍝嶅簲 (鑰楁椂 0.0s)
[  1] 绾?e3e4 (6, 4)->(5, 4) 缈诲紑=浠?鐢ㄦ椂 1.53s (score=84 depth=4)
[  2] 榛?b2b9 (2, 7)->(9, 7) 缈诲紑=棣?鍚?r浠?鐢ㄦ椂 1.05s (score=154 depth=4)

========================================================
瀵瑰眬缁撴灉
========================================================
鑳滆€? pypy (榛戞柟)
鍘熷洜: 绾㈡柟璧板嚭闈炴硶鐫€娉?e3e4, 鍒よ礋
鎬绘鏁? 3 鐫€, 鍏ㄥ眬澧欓挓 2.7s

鍙屾柟鐢ㄦ椂:
  pypy57 (绾㈡柟):   2 鐫€  鎬荤敤鏃?    1.6s  骞冲潎  0.82s  鏈€闀?  1.53s
  pypy  (榛戞柟):   1 鐫€  鎬荤敤鏃?    1.0s  骞冲潎  1.05s  鏈€闀?  1.05s

[*] 妫嬭氨宸蹭繚瀛? C:\Users\yimingwang218185\Desktop\jieqi_ai\tools\games\game_20260820_054947.json / .txt

缁堝眬妫嬬洏 (绾㈡柟鍦ㄤ笅):
    0 1 2 3 4 5 6 7 8
 0 | b? b? b? b? b灏?b? b? b? b?
 1 | 路 路 路 路 路 路 路 路 路
 2 | 路 b? 路 路 路 路 路 路 路
 3 | b? 路 b? 路 b? 路 b? 路 b?
 4 | 路 路 路 路 路 路 路 路 路
 5 | 路 路 路 路 r浠?路 路 路 路
 6 | r? 路 r? 路 路 路 r? 路 r?
 7 | 路 r? 路 路 路 路 路 r? 路
 8 | 路 路 路 路 路 路 路 路 路
 9 | r? r? r? r? r甯?r? r? b棣?r?
