[*] 瑁佸垽鍚姩: pypy57 鎵х孩鍏堣(姣忕潃 1.5s) vs pypy 鎵ч粦(姣忕潃 1.5s), 闅忔満绉嶅瓙 20260926
[engine_server] 灏辩华 (PyPy 3.11.13, engine=jieqi_engine_v57)
[engine_server] 棰勭儹瀹屾垚
[engine_server] 灏辩华 (PyPy 3.11.13, engine=jieqi_engine)
[engine_server] 棰勭儹瀹屾垚
[+] 寮曟搸瀛愯繘绋嬪氨缁?(PyPy: pypy3.EXE)
[+] 寮曟搸瀛愯繘绋嬪氨缁?(PyPy: pypy3.EXE)
[*] 绾㈡柟寮曟搸: pypy57 (v5.7 鍩虹嚎, 鏃犻噸澶嶆劅鐭?
[*] 榛戞柟寮曟搸: pypy (miaosiSari 鍘熺増, alpha-beta)
[  1] 绾?e3e4 (6, 4)->(5, 4) 缈诲紑=鍏?鐢ㄦ椂 1.47s (score=84 depth=5)
[  2] 榛?b2b9 (2, 7)->(9, 7) 缈诲紑=璞?鍚?r浠?鐢ㄦ椂 1.53s (score=157 depth=4)
[  3] 绾?a3a4 (6, 0)->(5, 0) 缈诲紑=棣?鐢ㄦ椂 0.96s (score=80 depth=5)
[  4] 榛?a3a4 (3, 8)->(4, 8) 缈诲紑=鍗?鐢ㄦ椂 1.53s (score=77 depth=5)
[  5] 绾?b2b9 (7, 1)->(0, 1) 缈诲紑=棣?鍚?b棣?鐢ㄦ椂 1.56s (score=163 depth=5)
[  6] 榛?i0h0 (0, 0)->(0, 1) 缈诲紑=璞?鍚?r棣?鐢ㄦ椂 0.75s (score=118.5 depth=5)
[  7] 绾?g3g4 (6, 6)->(5, 6) 缈诲紑=杌?鐢ㄦ椂 1.16s (score=77 depth=6)
[  8] 榛?i3i4 (3, 0)->(4, 0) 缈诲紑=杌?鐢ㄦ椂 0.84s (score=80 depth=5)
[  9] 绾?g4g6 (5, 6)->(3, 6) 鍚?b鍗?鐢ㄦ椂 1.52s (score=78 depth=5)
[ 10] 榛?g3g4 (3, 2)->(4, 2) 缈诲紑=鍗?鐢ㄦ椂 0.92s (score=76 depth=5)
[ 11] 绾?g6g9 (3, 6)->(0, 6) 鍚?b鍗?鐢ㄦ椂 1.03s (score=108 depth=5)
[ 12] 榛?h2h8 (2, 1)->(8, 1) 缈诲紑=鐐?鐢ㄦ椂 1.22s (score=74 depth=5)
[ 13] 绾?c0e2 (9, 2)->(7, 4) 缈诲紑=浠?鐢ㄦ椂 0.98s (score=37 depth=5)
[ 14] 榛?h8h1 (8, 1)->(1, 1)  鐢ㄦ椂 1.44s (score=-11 depth=5)
[ 15] 绾?g9g6 (0, 6)->(3, 6)  鐢ㄦ椂 1.34s (score=-36 depth=5)
[ 16] 榛?h1e1 (1, 1)->(1, 4)  鐢ㄦ椂 0.69s (score=8 depth=5)
[ 17] 绾?g6e6 (3, 6)->(3, 4) 鍚?b澹?鐢ㄦ椂 1.53s (score=85 depth=5)
[ 18] 榛?b9d7 (9, 7)->(7, 5)  鐢ㄦ椂 1.55s (score=2 depth=5)
[ 19] 绾?d0e1 (9, 3)->(8, 4) 缈诲紑=鍏?鐢ㄦ椂 1.09s (score=30 depth=5)
[ 20] 榛?b0a2 (0, 7)->(2, 8) 缈诲紑=鐐?鐢ㄦ椂 1.41s (score=37 depth=5)
[ 21] 绾?h2h8 (7, 7)->(1, 7) 缈诲紑=鐐?鐢ㄦ椂 0.69s (score=71 depth=4)
[ 22] 榛?a2e2 (2, 8)->(2, 4)  鐢ㄦ椂 1.35s (score=13 depth=5)
[ 23] 绾?e6c6 (3, 4)->(3, 2)  鐢ㄦ椂 1.53s (score=-4 depth=5)
[ 24] 榛?g0i2 (0, 2)->(2, 0) 缈诲紑=鍗?鐢ㄦ椂 0.78s (score=35 depth=5)
[ 25] 绾?c6c5 (3, 2)->(4, 2) 鍚?b鍗?鐢ㄦ椂 0.70s (score=49 depth=4)
[ 26] 榛?i4i3 (4, 0)->(3, 0)  鐢ㄦ椂 0.66s (score=-4 depth=5)
[ 27] 绾?c5c7 (4, 2)->(2, 2)  鐢ㄦ椂 0.95s (score=1 depth=5)
[ 28] 榛?e2f2 (2, 4)->(2, 3)  鐢ㄦ椂 0.89s (score=-11 depth=5)
[ 29] 绾?c3c4 (6, 2)->(5, 2) 缈诲紑=鐐?鐢ㄦ椂 0.93s (score=62 depth=5)
[ 30] 榛?i3b3 (3, 0)->(3, 7)  鐢ㄦ椂 1.52s (score=0 depth=4)
[ 31] 绾?c7d7 (2, 2)->(2, 3) 鍚?b鐐?鐢ㄦ椂 1.33s (score=166 depth=6)
[ 32] 榛?e1e7 (1, 4)->(7, 4) 鍚?r浠?鐢ㄦ椂 1.31s (score=48 depth=6)
[ 33] 绾?g0e2 (9, 6)->(7, 4) 缈诲紑=鍏?鍚?b鐐?鐢ㄦ椂 0.78s (score=155 depth=7)
[ 34] 榛?h0f2 (0, 1)->(2, 3) 鍚?r杌?鐢ㄦ椂 1.55s (score=323 depth=6)
[ 35] 绾?c4c9 (5, 2)->(0, 2)  鐢ㄦ椂 1.52s (score=63 depth=5)
[ 36] 榛?f0e1 (0, 3)->(1, 4) 缈诲紑=杌?鐢ㄦ椂 1.43s (score=41 depth=7)
[ 37] 绾?c9c5 (0, 2)->(4, 2)  鐢ㄦ椂 1.51s (score=-36 depth=5)
[ 38] 榛?e1e5 (1, 4)->(5, 4) 鍚?r鍏?鐢ㄦ椂 1.51s (score=54 depth=5)
[ 39] 绾?h8b8 (1, 7)->(1, 1)  鐢ㄦ椂 1.12s (score=0 depth=5)
[ 40] 榛?b3b1 (3, 7)->(1, 7)  鐢ㄦ椂 0.68s (score=4 depth=4)
[ 41] 绾?b8b6 (1, 1)->(3, 1)  鐢ㄦ椂 0.87s (score=-9 depth=5)
[ 42] 榛?a4a5 (4, 8)->(5, 8)  鐢ㄦ椂 0.82s (score=10 depth=5)
[ 43] 绾?i3i4 (6, 8)->(5, 8) 缈诲紑=杌?鍚?b鍗?鐢ㄦ椂 1.04s (score=106 depth=5)
[ 44] 榛?a0a5 (0, 8)->(5, 8) 缈诲紑=棣?鍚?r杌?鐢ㄦ椂 1.51s (score=303.3333333333333 depth=5)
[ 45] 绾?c5c9 (4, 2)->(0, 2)  鐢ㄦ椂 1.55s (score=36 depth=4)
[ 46] 榛?e5g5 (5, 4)->(5, 2)  鐢ㄦ椂 1.53s (score=-4 depth=5)
[ 47] 绾?b0d1 (9, 1)->(8, 3) 缈诲紑=鐩?鐢ㄦ椂 0.82s (score=37 depth=5)
[ 48] 榛?g5g0 (5, 2)->(0, 2) 鍚?r鐐?鐢ㄦ椂 1.54s (score=185 depth=5)
[ 49] 绾?i0i4 (9, 8)->(5, 8) 缈诲紑=鍏?鍚?b棣?鐢ㄦ椂 1.43s (score=72.0 depth=6)
[ 50] 榛?g0g3 (0, 2)->(3, 2)  鐢ㄦ椂 1.54s (score=0 depth=5)
[ 51] 绾?b6b3 (3, 1)->(6, 1)  鐢ㄦ椂 1.52s (score=-3 depth=6)
[ 52] 榛?b1b9 (1, 7)->(9, 7)  鐢ㄦ椂 1.09s (score=40 depth=6)
[ 53] 绾?b3e3 (6, 1)->(6, 4)  鐢ㄦ椂 1.51s (score=14 depth=5)
[ 54] 榛?d7b5 (7, 5)->(5, 7)  鐢ㄦ椂 0.97s (score=-6 depth=6)
[ 55] 绾?a4c3 (5, 0)->(6, 2)  鐢ㄦ椂 0.91s (score=8 depth=6)
[ 56] 榛?g3g6 (3, 2)->(6, 2) 鍚?r棣?鐢ㄦ椂 0.72s (score=126 depth=6)
[ 57] 绾?a0d0 (9, 0)->(9, 3) 缈诲紑=鐩?鐢ㄦ椂 0.63s (score=-39.0 depth=5)
[ 58] 榛?g6g1 (6, 2)->(1, 2)  鐢ㄦ椂 0.97s (score=-6 depth=7)
[ 59] 绾?e3f3 (6, 4)->(6, 5)  鐢ㄦ椂 1.13s (score=-14 depth=7)
[ 60] 榛?g1d1 (1, 2)->(1, 5)  鐢ㄦ椂 1.40s (score=43 depth=7)
[ 61] 绾?e2e3 (7, 4)->(6, 4)  鐢ㄦ椂 0.83s (score=10 depth=7)
[ 62] 榛?b9b8 (9, 7)->(8, 7)  鐢ㄦ椂 0.94s (score=-6 depth=6)
[ 63] 绾?e3e4 (6, 4)->(5, 4)  鐢ㄦ椂 1.51s (score=14 depth=7)
[ 64] 榛?b8d8 (8, 7)->(8, 5)  鐢ㄦ椂 1.51s (score=37 depth=6)
[ 65] 绾?e4e5 (5, 4)->(4, 4)  鐢ㄦ椂 1.32s (score=10 depth=8)
[ 66] 榛?d0e1 (0, 5)->(1, 4) 缈诲紑=澹?鐢ㄦ椂 1.48s (score=29 depth=7)
[ 67] 绾?e5f5 (4, 4)->(4, 5)  鐢ㄦ椂 1.53s (score=-2 depth=6)
[ 68] 榛?d1d4 (1, 5)->(4, 5) 鍚?r鍏?鐢ㄦ椂 0.81s (score=35 depth=7)
[ 69] 绾?d0b2 (9, 3)->(7, 1)  鐢ㄦ椂 1.27s (score=14 depth=7)
[ 70] 榛?e1f0 (1, 4)->(0, 3)  鐢ㄦ椂 1.53s (score=-1 depth=6)
[ 71] 绾?b2d0 (7, 1)->(9, 3)  鐢ㄦ椂 1.14s (score=-14 depth=7)
[ 72] 榛?d8d7 (8, 5)->(7, 5)  鐢ㄦ椂 1.11s (score=0 depth=7)
[ 73] 绾?i4i5 (5, 8)->(4, 8)  鐢ㄦ椂 1.10s (score=10 depth=7)
[ 74] 榛?d4a4 (4, 5)->(4, 8) 鍚?r鍏?鐢ㄦ椂 1.04s (score=-5 depth=6)
[ 75] 绾?f3c3 (6, 5)->(6, 2)  鐢ㄦ椂 0.57s (score=0 depth=5)
[ 76] 榛?d7d9 (7, 5)->(9, 5) 鍚?r鍏?鐢ㄦ椂 1.53s (score=86 depth=6)
[ 77] 绾?e0f0 (9, 4)->(9, 5) 鍚?b杌?鐢ㄦ椂 1.52s (score=336 depth=8)
[ 78] 榛?a4a9 (4, 8)->(9, 8)  鐢ㄦ椂 1.52s (score=8 depth=7)
[ 79] 绾?f0f1 (9, 5)->(8, 5)  鐢ㄦ椂 0.83s (score=-20 depth=8)
[ 80] 榛?f2d4 (2, 3)->(4, 5)  鐢ㄦ椂 0.87s (score=0 depth=7)
[ 81] 绾?c3c9 (6, 2)->(0, 2)  鐢ㄦ椂 1.11s (score=11 depth=8)
[ 82] 榛?f0g1 (0, 3)->(1, 2)  鐢ㄦ椂 0.92s (score=-9 depth=8)
[ 83] 绾?e1e2 (8, 4)->(7, 4)  鐢ㄦ椂 1.44s (score=15 depth=9)
[ 84] 榛?a9e9 (9, 8)->(9, 4)  鐢ㄦ椂 1.52s (score=8 depth=8)
[ 85] 绾?d0b2 (9, 3)->(7, 1)  鐢ㄦ椂 0.64s (score=14 depth=12)
[ 86] 榛?d4b6 (4, 5)->(6, 7)  鐢ㄦ椂 0.01s (score=1 depth=12)
[ 87] 绾?c9d9 (0, 2)->(0, 3)  鐢ㄦ椂 0.01s (score=-10 depth=12)
[ 88] 榛?b6d8 (6, 7)->(8, 5) 鍚?r甯?鐢ㄦ椂 0.01s (score=3696 depth=12)

========================================================
瀵瑰眬缁撴灉
========================================================
鑳滆€? pypy (榛戞柟)
鍘熷洜: 绗?88 鐫€鍚冩帀 甯? 鑾疯儨
鎬绘鏁? 88 鐫€, 鍏ㄥ眬澧欓挓 100.4s

鍙屾柟鐢ㄦ椂:
  pypy57 (绾㈡柟):  44 鐫€  鎬荤敤鏃?   49.9s  骞冲潎  1.13s  鏈€闀?  1.56s
  pypy  (榛戞柟):  44 鐫€  鎬荤敤鏃?   50.4s  骞冲潎  1.15s  鏈€闀?  1.55s

[*] 妫嬭氨宸蹭繚瀛? C:\Users\yimingwang218185\Desktop\jieqi_ai\tools\games\game_20260819_232242.json / .txt

缁堝眬妫嬬洏 (绾㈡柟鍦ㄤ笅):
    0 1 2 3 4 5 6 7 8
 0 | 路 路 路 r鐐?b灏?路 路 路 路
 1 | 路 路 b澹?路 路 路 路 路 路
 2 | b鍗?路 路 路 路 路 路 路 路
 3 | 路 路 路 路 路 路 路 路 路
 4 | 路 路 路 路 路 路 路 路 路
 5 | 路 路 路 路 路 路 路 b璞?路
 6 | 路 路 路 路 路 路 路 路 路
 7 | 路 r鐩?路 路 r鍏?路 路 路 路
 8 | 路 路 路 r鐩?路 b璞?路 路 路
 9 | 路 路 路 路 b杌?路 路 路 路
