[*] 瑁佸垽鍚姩: pypy 鎵х孩鍏堣(姣忕潃 1.5s) vs pypy57 鎵ч粦(姣忕潃 1.5s), 闅忔満绉嶅瓙 20260929
[engine_server] 灏辩华 (PyPy 3.11.13, engine=jieqi_engine)
[engine_server] 棰勭儹瀹屾垚
[engine_server] 灏辩华 (PyPy 3.11.13, engine=jieqi_engine_v57)
[engine_server] 棰勭儹瀹屾垚
[+] 寮曟搸瀛愯繘绋嬪氨缁?(PyPy: pypy3.EXE)
[+] 寮曟搸瀛愯繘绋嬪氨缁?(PyPy: pypy3.EXE)
[*] 绾㈡柟寮曟搸: pypy (miaosiSari 鍘熺増, alpha-beta)
[*] 榛戞柟寮曟搸: pypy57 (v5.7 鍩虹嚎, 鏃犻噸澶嶆劅鐭?
[  1] 绾?e3e4 (6, 4)->(5, 4) 缈诲紑=鍏?鐢ㄦ椂 1.40s (score=84 depth=5)
[  2] 榛?b2b9 (2, 7)->(9, 7) 缈诲紑=澹?鍚?r杌?鐢ㄦ椂 1.55s (score=157 depth=4)
[  3] 绾?b2b9 (7, 1)->(0, 1) 缈诲紑=棣?鍚?b棣?鐢ㄦ椂 0.72s (score=155 depth=5)
[  4] 榛?c3c4 (3, 6)->(4, 6) 缈诲紑=鐐?鐢ㄦ椂 1.38s (score=77 depth=5)
[  5] 绾?g0e2 (9, 6)->(7, 4) 缈诲紑=鍏?鐢ㄦ椂 0.77s (score=43 depth=5)
[  6] 榛?i3i4 (3, 0)->(4, 0) 缈诲紑=澹?鐢ㄦ椂 1.29s (score=78 depth=5)
[  7] 绾?i3i4 (6, 8)->(5, 8) 缈诲紑=浠?鐢ㄦ椂 1.55s (score=83 depth=5)
[  8] 榛?h2h8 (2, 1)->(8, 1) 缈诲紑=鍗?鐢ㄦ椂 0.88s (score=78 depth=5)
[  9] 绾?c3c4 (6, 2)->(5, 2) 缈诲紑=鐩?鐢ㄦ椂 0.89s (score=80 depth=5)
[ 10] 榛?i0h0 (0, 0)->(0, 1) 缈诲紑=鍗?鍚?r棣?鐢ㄦ椂 1.54s (score=124.0 depth=5)
[ 11] 绾?i0h0 (9, 8)->(9, 7) 缈诲紑=鍏?鍚?b澹?鐢ㄦ椂 1.47s (score=105.0 depth=6)
[engine_server] 灏辩华 (PyPy 3.11.13, engine=jieqi_engine_v57)
[engine_server] 棰勭儹瀹屾垚
[!] 寮曟搸鍝嶅簲瓒呮椂/瀛愯繘绋嬪紓甯? 閲嶅惎...
[+] 寮曟搸瀛愯繘绋嬪氨缁?(PyPy: pypy3.EXE)
    [!] 寮曟搸绗?1 娆℃棤鍝嶅簲 (鑰楁椂 3232.5s)
[ 12] 榛?g3g4 (3, 2)->(4, 2) 缈诲紑=鍗?鐢ㄦ椂 1.21s (score=71 depth=4)
[ 13] 绾?c4e6 (5, 2)->(3, 4) 鍚?b鐐?鐢ㄦ椂 0.92s (score=85 depth=5)
[ 14] 榛?h8h9 (8, 1)->(9, 1) 鍚?r鐩?鐢ㄦ椂 0.88s (score=87 depth=5)
[ 15] 绾?a0b0 (9, 0)->(9, 1) 缈诲紑=鐐?鍚?b鍗?鐢ㄦ椂 1.52s (score=99.0 depth=6)
[ 16] 榛?b0c2 (0, 7)->(2, 6) 缈诲紑=璞?鐢ㄦ椂 0.72s (score=44 depth=5)
[ 17] 绾?g3g4 (6, 6)->(5, 6) 缈诲紑=鐐?鐢ㄦ椂 0.95s (score=88 depth=6)
[ 18] 榛?a3a4 (3, 8)->(4, 8) 缈诲紑=璞?鐢ㄦ椂 1.55s (score=74 depth=5)
[ 19] 绾?a3a4 (6, 0)->(5, 0) 缈诲紑=鍏?鐢ㄦ椂 1.46s (score=78 depth=6)
[ 20] 榛?c0e2 (0, 6)->(2, 4) 缈诲紑=杌?鐢ㄦ椂 0.80s (score=50 depth=5)
[ 21] 绾?h2h8 (7, 7)->(1, 7) 缈诲紑=浠?鐢ㄦ椂 3045.06s (score=80 depth=2)
[ 22] 榛?e2h2 (2, 4)->(2, 1)  鐢ㄦ椂 0.93s (score=2 depth=5)
[ 23] 绾?a4a5 (5, 0)->(4, 0) 鍚?b澹?鐢ㄦ椂 1.54s (score=83 depth=5)
[ 24] 榛?h2h9 (2, 1)->(9, 1) 鍚?r鐐?鐢ㄦ椂 1.13s (score=170 depth=6)
[ 25] 绾?c0a2 (9, 2)->(7, 0) 缈诲紑=杌?鐢ㄦ椂 1.04s (score=58 depth=6)
[ 26] 榛?f0e1 (0, 3)->(1, 4) 缈诲紑=鍗?鐢ㄦ椂 0.86s (score=37 depth=5)
[ 27] 绾?h8i9 (1, 7)->(0, 8) 鍚?b鍗?鐢ㄦ椂 1.55s (score=111.0 depth=5)
[ 28] 榛?c2a0 (2, 6)->(0, 8) 鍚?r浠?鐢ㄦ椂 1.10s (score=74 depth=6)
[ 29] 绾?a2c2 (7, 0)->(7, 2)  鐢ㄦ椂 0.89s (score=6 depth=6)
[ 30] 榛?e0f0 (0, 4)->(0, 3)  鐢ㄦ椂 1.15s (score=-10 depth=6)
[ 31] 绾?c2d2 (7, 2)->(7, 3)  鐢ㄦ椂 1.55s (score=45 depth=7)
[ 32] 榛?f0e0 (0, 3)->(0, 4)  鐢ㄦ椂 0.81s (score=10 depth=7)
[ 33] 绾?d2d5 (7, 3)->(4, 3)  鐢ㄦ椂 1.38s (score=-2 depth=6)
[ 34] 榛?g0e2 (0, 2)->(2, 4) 缈诲紑=棣?鐢ㄦ椂 0.86s (score=46 depth=5)
[ 35] 绾?d5g5 (4, 3)->(4, 6) 鍚?b鐐?鐢ㄦ椂 1.53s (score=93 depth=6)
[ 36] 榛?a4c6 (4, 8)->(6, 6)  鐢ㄦ椂 1.08s (score=10 depth=6)
[ 37] 绾?g5c5 (4, 6)->(4, 2) 鍚?b鍗?鐢ㄦ椂 1.53s (score=20 depth=9)
[ 38] 榛?e0f0 (0, 4)->(0, 3)  鐢ㄦ椂 1.52s (score=-10 depth=8)
[ 39] 绾?g4g9 (5, 6)->(0, 6)  鐢ㄦ椂 0.08s (score=33 depth=12)
[ 40] 榛?f0f1 (0, 3)->(1, 3)  鐢ㄦ椂 0.04s (score=-20 depth=12)
[ 41] 绾?c5d5 (4, 2)->(4, 3)  鐢ㄦ椂 0.02s (score=36 depth=12)
[ 42] 榛?h9f9 (9, 1)->(9, 3) 鍚?r棣?鐢ㄦ椂 0.01s (score=117 depth=12)
[ 43] 绾?d5d8 (4, 3)->(1, 3) 鍚?b灏?鐢ㄦ椂 0.01s (score=3696 depth=12)

========================================================
瀵瑰眬缁撴灉
========================================================
鑳滆€? pypy (绾㈡柟)
鍘熷洜: 绗?43 鐫€鍚冩帀 灏? 鑾疯儨
鎬绘鏁? 43 鐫€, 鍏ㄥ眬澧欓挓 6321.6s

鍙屾柟鐢ㄦ椂:
  pypy  (绾㈡柟):  22 鐫€  鎬荤敤鏃? 3067.8s  骞冲潎 139.45s  鏈€闀?3045.06s
  pypy57 (榛戞柟):  21 鐫€  鎬荤敤鏃?   21.3s  骞冲潎  1.01s  鏈€闀?  1.55s

[*] 妫嬭氨宸蹭繚瀛? C:\Users\yimingwang218185\Desktop\jieqi_ai\tools\games\game_20260820_011030.json / .txt

缁堝眬妫嬬洏 (绾㈡柟鍦ㄤ笅):
    0 1 2 3 4 5 6 7 8
 0 | 路 b鍗?路 路 路 b? r鐐?路 b璞?
 1 | 路 路 路 r杌?b鍗?路 路 路 路
 2 | 路 路 路 路 b棣?路 路 路 路
 3 | 路 路 路 路 r鐩?路 路 路 路
 4 | r鍏?路 路 路 路 路 路 路 路
 5 | 路 路 路 路 r鍏?路 路 路 r浠?
 6 | 路 路 路 路 路 路 b璞?路 路
 7 | 路 路 路 路 r鍏?路 路 路 路
 8 | 路 路 路 路 路 路 路 路 路
 9 | 路 路 路 b杌?r甯?r? 路 r鍏?路
