[*] 瑁佸垽鍚姩: pypy 鎵х孩鍏堣(姣忕潃 1.5s) vs pypy57 鎵ч粦(姣忕潃 1.5s), 闅忔満绉嶅瓙 20260933
[engine_server] 灏辩华 (PyPy 3.11.13, engine=jieqi_engine)
[engine_server] 棰勭儹瀹屾垚
[engine_server] 灏辩华 (PyPy 3.11.13, engine=jieqi_engine_v57)
[engine_server] 棰勭儹瀹屾垚
[+] 寮曟搸瀛愯繘绋嬪氨缁?(PyPy: pypy3.EXE)
[+] 寮曟搸瀛愯繘绋嬪氨缁?(PyPy: pypy3.EXE)
[*] 绾㈡柟寮曟搸: pypy (miaosiSari 鍘熺増, alpha-beta)
[*] 榛戞柟寮曟搸: pypy57 (v5.7 鍩虹嚎, 鏃犻噸澶嶆劅鐭?
[  1] 绾?e3e4 (6, 4)->(5, 4) 缈诲紑=鍏?鐢ㄦ椂 0.82s (score=84 depth=4)
[  2] 榛?b2b9 (2, 7)->(9, 7) 缈诲紑=澹?鍚?r鐩?鐢ㄦ椂 0.84s (score=157 depth=4)
[  3] 绾?b2b9 (7, 1)->(0, 1) 缈诲紑=鐐?鍚?b杌?鐢ㄦ椂 1.05s (score=155 depth=5)
[  4] 榛?i0h0 (0, 0)->(0, 1) 缈诲紑=澹?鍚?r鐐?鐢ㄦ椂 1.52s (score=200.30769230769232 depth=5)
[  5] 绾?a3a4 (6, 0)->(5, 0) 缈诲紑=鍏?鐢ㄦ椂 0.97s (score=80 depth=5)
[  6] 榛?a3a4 (3, 8)->(4, 8) 缈诲紑=棣?鐢ㄦ椂 1.52s (score=80 depth=5)
[  7] 绾?c3c4 (6, 2)->(5, 2) 缈诲紑=鐐?鐢ㄦ椂 1.57s (score=81 depth=5)
[  8] 榛?g0e2 (0, 2)->(2, 4) 缈诲紑=鍗?鐢ㄦ椂 1.30s (score=42 depth=6)
[  9] 绾?i3i4 (6, 8)->(5, 8) 缈诲紑=杌?鐢ㄦ椂 0.77s (score=83 depth=5)
[ 10] 榛?c3c4 (3, 6)->(4, 6) 缈诲紑=鐐?鐢ㄦ椂 0.80s (score=78 depth=5)
[ 11] 绾?g0i2 (9, 6)->(7, 8) 缈诲紑=杌?鐢ㄦ椂 1.02s (score=37 depth=5)
[ 12] 榛?g3g4 (3, 2)->(4, 2) 缈诲紑=鍗?鐢ㄦ椂 1.27s (score=78 depth=5)
[ 13] 绾?c4c1 (5, 2)->(8, 2)  鐢ㄦ椂 0.85s (score=-1 depth=5)
[ 14] 榛?a4b2 (4, 8)->(2, 7)  鐢ㄦ椂 0.97s (score=3 depth=5)
[ 15] 绾?i4i9 (5, 8)->(0, 8) 鍚?b鍗?鐢ㄦ椂 1.39s (score=205.0 depth=6)
[ 16] 榛?b2a0 (2, 7)->(0, 8) 鍚?r杌?鐢ㄦ椂 0.67s (score=308 depth=5)
[ 17] 绾?i2i9 (7, 8)->(0, 8) 鍚?b棣?鐢ㄦ椂 1.53s (score=133 depth=5)
[ 18] 榛?b0c2 (0, 7)->(2, 6) 缈诲紑=璞?鐢ㄦ椂 0.76s (score=45 depth=5)
[ 19] 绾?h2h8 (7, 7)->(1, 7) 缈诲紑=鍏?鐢ㄦ椂 1.24s (score=70 depth=6)
[ 20] 榛?b9c8 (9, 7)->(8, 6)  鐢ㄦ椂 1.53s (score=-4 depth=5)
[ 21] 绾?g3g4 (6, 6)->(5, 6) 缈诲紑=鐩?鐢ㄦ椂 0.91s (score=76 depth=5)
[ 22] 榛?h2h8 (2, 1)->(8, 1) 缈诲紑=杌?鐢ㄦ椂 1.51s (score=82 depth=5)
[ 23] 绾?c1e1 (8, 2)->(8, 4)  鐢ㄦ椂 1.55s (score=7 depth=5)
[ 24] 榛?c8d7 (8, 6)->(7, 5)  鐢ㄦ椂 1.09s (score=-8 depth=5)
[ 25] 绾?e1e2 (8, 4)->(7, 4)  鐢ㄦ椂 0.73s (score=5 depth=5)
[ 26] 榛?h8b8 (8, 1)->(8, 7)  鐢ㄦ椂 1.38s (score=0 depth=5)
[ 27] 绾?i9h9 (0, 8)->(0, 7)  鐢ㄦ椂 1.08s (score=2 depth=5)
[ 28] 榛?b8b6 (8, 7)->(6, 7)  鐢ㄦ椂 0.99s (score=0 depth=5)
[ 29] 绾?i0i9 (9, 8)->(0, 8) 缈诲紑=浠?鐢ㄦ椂 1.37s (score=43.625 depth=5)
[ 30] 榛?b6b9 (6, 7)->(9, 7)  鐢ㄦ椂 1.09s (score=36 depth=5)
[ 31] 绾?a4a5 (5, 0)->(4, 0)  鐢ㄦ椂 1.14s (score=10 depth=5)
[ 32] 榛?b9d9 (9, 7)->(9, 5) 鍚?r棣?鐢ㄦ椂 0.90s (score=110 depth=6)
[ 33] 绾?e0f0 (9, 4)->(9, 5) 鍚?b杌?鐢ㄦ椂 0.88s (score=336 depth=7)
[ 34] 榛?i3i4 (3, 0)->(4, 0) 缈诲紑=鍗?鍚?r鍏?鐢ㄦ椂 1.18s (score=110 depth=6)
[ 35] 绾?b0c2 (9, 1)->(7, 2) 缈诲紑=棣?鐢ㄦ椂 1.32s (score=37 depth=6)
[ 36] 榛?f0e1 (0, 3)->(1, 4) 缈诲紑=鍗?鐢ㄦ椂 1.29s (score=42 depth=6)
[ 37] 绾?f0f1 (9, 5)->(8, 5)  鐢ㄦ椂 1.45s (score=-20 depth=6)
[ 38] 榛?d7e6 (7, 5)->(6, 4)  鐢ㄦ椂 1.11s (score=-3 depth=6)
[ 39] 绾?c2e3 (7, 2)->(6, 4) 鍚?b澹?鐢ㄦ椂 0.98s (score=92 depth=6)
[ 40] 榛?i4i5 (4, 0)->(5, 0)  鐢ㄦ椂 0.76s (score=10 depth=5)
[ 41] 绾?a0a4 (9, 0)->(5, 0) 缈诲紑=鍏?鍚?b鍗?鐢ㄦ椂 1.19s (score=68.75 depth=6)
[ 42] 榛?h0g1 (0, 1)->(1, 2)  鐢ㄦ椂 0.66s (score=3 depth=5)
[ 43] 绾?c0a2 (9, 2)->(7, 0) 缈诲紑=浠?鐢ㄦ椂 1.23s (score=40 depth=6)
[ 44] 榛?c4c3 (4, 6)->(3, 6)  鐢ㄦ椂 0.79s (score=-3 depth=5)
[ 45] 绾?d0e1 (9, 3)->(8, 4) 缈诲紑=鍏?鐢ㄦ椂 1.52s (score=33 depth=6)
[ 46] 榛?g1f0 (1, 2)->(0, 3)  鐢ㄦ椂 1.04s (score=9 depth=7)
[ 47] 绾?f1f0 (8, 5)->(9, 5)  鐢ㄦ椂 1.19s (score=20 depth=7)
[ 48] 榛?c3c4 (3, 6)->(4, 6)  鐢ㄦ椂 1.00s (score=3 depth=7)
[ 49] 绾?a2b3 (7, 0)->(6, 1)  鐢ㄦ椂 0.70s (score=0 depth=6)
[ 50] 榛?f0g1 (0, 3)->(1, 2)  鐢ㄦ椂 0.82s (score=-9 depth=6)
[ 51] 绾?e3g2 (6, 4)->(7, 6)  鐢ㄦ椂 1.52s (score=-4 depth=6)
[ 52] 榛?g1f0 (1, 2)->(0, 3)  鐢ㄦ椂 1.13s (score=9 depth=6)
[ 53] 绾?g2h4 (7, 6)->(5, 7)  鐢ㄦ椂 1.16s (score=4 depth=7)
[ 54] 榛?f0g1 (0, 3)->(1, 2)  鐢ㄦ椂 0.89s (score=-9 depth=6)
[ 55] 绾?h4g6 (5, 7)->(3, 6)  鐢ㄦ椂 1.51s (score=4 depth=5)
[ 56] 榛?c2e4 (2, 6)->(4, 4)  鐢ㄦ椂 0.96s (score=16 depth=6)
[ 57] 绾?g6e5 (3, 6)->(4, 4) 鍚?b璞?鐢ㄦ椂 1.36s (score=77 depth=7)
[ 58] 榛?c4d4 (4, 6)->(4, 5)  鐢ㄦ椂 1.09s (score=-3 depth=7)
[ 59] 绾?h9g9 (0, 7)->(0, 6) 鍚?b棣?鐢ㄦ椂 1.12s (score=81 depth=7)
[ 60] 榛?e3e4 (3, 4)->(4, 4) 缈诲紑=璞?鍚?r棣?鐢ㄦ椂 0.70s (score=158 depth=6)
[ 61] 绾?e4e5 (5, 4)->(4, 4) 鍚?b璞?鐢ㄦ椂 0.79s (score=75 depth=6)
[ 62] 榛?d4d6 (4, 5)->(6, 5)  鐢ㄦ椂 1.41s (score=2 depth=6)
[ 63] 绾?h8g8 (1, 7)->(1, 6)  鐢ㄦ椂 0.98s (score=5 depth=6)
[ 64] 榛?g1f2 (1, 2)->(2, 3)  鐢ㄦ椂 1.05s (score=5 depth=6)
[ 65] 绾?g8f8 (1, 6)->(1, 5)  鐢ㄦ椂 0.99s (score=12 depth=7)
[ 66] 榛?e0f0 (0, 4)->(0, 3)  鐢ㄦ椂 1.53s (score=-10 depth=6)
[ 67] 绾?e2d2 (7, 4)->(7, 3)  鐢ㄦ椂 1.25s (score=-11 depth=6)
[ 68] 榛?f2e3 (2, 3)->(3, 4)  鐢ㄦ椂 1.50s (score=-7 depth=5)
[ 69] 绾?e5d5 (4, 4)->(4, 3)  鐢ㄦ椂 1.15s (score=-2 depth=6)
[ 70] 榛?e3f2 (3, 4)->(2, 3)  鐢ㄦ椂 1.23s (score=7 depth=7)
[ 71] 绾?d5e5 (4, 3)->(4, 4)  鐢ㄦ椂 0.70s (score=2 depth=6)
[ 72] 榛?d6f6 (6, 5)->(6, 3)  鐢ㄦ椂 1.49s (score=0 depth=6)
[ 73] 绾?g9f9 (0, 6)->(0, 5) 鍚?b鐐?鐢ㄦ椂 1.51s (score=119 depth=8)
[ 74] 榛?f0f1 (0, 3)->(1, 3)  鐢ㄦ椂 1.05s (score=-20 depth=7)
[ 75] 绾?f8e8 (1, 5)->(1, 4) 鍚?b鍗?鐢ㄦ椂 1.52s (score=2 depth=6)
[ 76] 榛?f1e1 (1, 3)->(1, 4) 鍚?r鍏?鐢ㄦ椂 0.95s (score=123 depth=7)
[ 77] 绾?d2d7 (7, 3)->(2, 3) 鍚?b澹?鐢ㄦ椂 1.14s (score=92 depth=6)
[ 78] 榛?e1f1 (1, 4)->(1, 3)  鐢ㄦ椂 0.74s (score=-10 depth=5)
[ 79] 绾?d7b7 (2, 3)->(2, 1)  鐢ㄦ椂 1.01s (score=6 depth=6)
[ 80] 榛?f6f5 (6, 3)->(5, 3)  鐢ㄦ椂 0.63s (score=-2 depth=5)
[ 81] 绾?e1e2 (8, 4)->(7, 4)  鐢ㄦ椂 1.11s (score=15 depth=6)
[ 82] 榛?g4g5 (4, 2)->(5, 2)  鐢ㄦ椂 0.99s (score=17 depth=6)
[ 83] 绾?f9f8 (0, 5)->(1, 5)  鐢ㄦ椂 0.96s (score=-7 depth=6)
[ 84] 榛?f1f0 (1, 3)->(0, 3)  鐢ㄦ椂 0.97s (score=20 depth=7)
[ 85] 绾?b3c4 (6, 1)->(5, 2) 鍚?b鍗?鐢ㄦ椂 1.52s (score=43 depth=5)
[ 86] 榛?f5i5 (5, 3)->(5, 0) 鍚?r鍏?鐢ㄦ椂 1.34s (score=24 depth=7)
[ 87] 绾?b7b3 (2, 1)->(6, 1)  鐢ㄦ椂 1.23s (score=-1 depth=6)
[ 88] 榛?i5c5 (5, 0)->(5, 6) 鍚?r鐩?鐢ㄦ椂 1.22s (score=31 depth=7)
[ 89] 绾?f8f9 (1, 5)->(0, 5)  鐢ㄦ椂 0.98s (score=7 depth=6)
[ 90] 榛?f0f1 (0, 3)->(1, 3)  鐢ㄦ椂 0.79s (score=-20 depth=7)
[ 91] 绾?f9f8 (0, 5)->(1, 5)  鐢ㄦ椂 1.25s (score=-7 depth=6)
[ 92] 榛?f1f0 (1, 3)->(0, 3)  鐢ㄦ椂 1.52s (score=20 depth=7)
[ 93] 绾?f8f9 (1, 5)->(0, 5)  鐢ㄦ椂 1.00s (score=7 depth=6)
[ 94] 榛?f0f1 (0, 3)->(1, 3)  鐢ㄦ椂 0.83s (score=-20 depth=7)
[ 95] 绾?f9f8 (0, 5)->(1, 5)  鐢ㄦ椂 1.27s (score=-7 depth=6)
[ 96] 榛?f1f0 (1, 3)->(0, 3)  鐢ㄦ椂 1.53s (score=20 depth=7)

========================================================
瀵瑰眬缁撴灉
========================================================
鑳滆€? pypy57 (榛戞柟)
鍘熷洜: 绗?96 鐫€鍚庡眬闈㈢涓夋鍑虹幇: 绾㈡柟闀垮皢 (寰幆鍐呯孩鏂规瘡鐫€鍧囧皢鍐?, 鍒よ礋
鎬绘鏁? 96 鐫€, 鍏ㄥ眬澧欓挓 107.9s

鍙屾柟鐢ㄦ椂:
  pypy  (绾㈡柟):  48 鐫€  鎬荤敤鏃?   55.4s  骞冲潎  1.15s  鏈€闀?  1.57s
  pypy57 (榛戞柟):  48 鐫€  鎬荤敤鏃?   52.3s  骞冲潎  1.09s  鏈€闀?  1.53s

[*] 妫嬭氨宸蹭繚瀛? C:\Users\yimingwang218185\Desktop\jieqi_ai\tools\games\game_20260820_093549.json / .txt

缁堝眬妫嬬洏 (绾㈡柟鍦ㄤ笅):
    0 1 2 3 4 5 6 7 8
 0 | 路 路 路 b灏?路 路 路 路 r浠?
 1 | 路 路 路 路 路 r杌?路 路 路
 2 | 路 路 路 路 b鍗?路 路 路 路
 3 | 路 路 路 路 路 路 路 路 路
 4 | 路 路 路 路 r鍏?路 路 路 路
 5 | 路 路 r浠?路 路 路 b鐐?路 路
 6 | 路 r鐐?路 路 路 路 路 路 路
 7 | 路 路 路 路 r鍏?路 路 路 路
 8 | 路 路 路 路 路 路 路 路 路
 9 | 路 路 路 路 路 r甯?路 路 路
