[*] 瑁佸垽鍚姩: pypy 鎵х孩鍏堣(姣忕潃 1.5s) vs pypy57 鎵ч粦(姣忕潃 1.5s), 闅忔満绉嶅瓙 20260931
[engine_server] 灏辩华 (PyPy 3.11.13, engine=jieqi_engine)
[engine_server] 棰勭儹瀹屾垚
[engine_server] 灏辩华 (PyPy 3.11.13, engine=jieqi_engine_v57)
[engine_server] 棰勭儹瀹屾垚
[+] 寮曟搸瀛愯繘绋嬪氨缁?(PyPy: pypy3.EXE)
[+] 寮曟搸瀛愯繘绋嬪氨缁?(PyPy: pypy3.EXE)
[*] 绾㈡柟寮曟搸: pypy (miaosiSari 鍘熺増, alpha-beta)
[*] 榛戞柟寮曟搸: pypy57 (v5.7 鍩虹嚎, 鏃犻噸澶嶆劅鐭?
[  1] 绾?e3e4 (6, 4)->(5, 4) 缈诲紑=鐩?鐢ㄦ椂 1.53s (score=84 depth=4)
[  2] 榛?b2b9 (2, 7)->(9, 7) 缈诲紑=杌?鍚?r杌?鐢ㄦ椂 1.35s (score=157 depth=5)
[  3] 绾?i0h0 (9, 8)->(9, 7) 缈诲紑=鐐?鍚?b杌?鐢ㄦ椂 1.50s (score=306.0 depth=5)
[  4] 榛?c3c4 (3, 6)->(4, 6) 缈诲紑=鍗?鐢ㄦ椂 1.16s (score=75 depth=5)
[  5] 绾?e4c6 (5, 4)->(3, 2) 鍚?b璞?鐢ㄦ椂 1.27s (score=87 depth=5)
[  6] 榛?a3a4 (3, 8)->(4, 8) 缈诲紑=鍗?鐢ㄦ椂 1.50s (score=80 depth=4)
[  7] 绾?h2h8 (7, 7)->(1, 7) 缈诲紑=鍏?鐢ㄦ椂 1.51s (score=77 depth=5)
[  8] 榛?i3i4 (3, 0)->(4, 0) 缈诲紑=棣?鐢ㄦ椂 1.53s (score=83 depth=5)
[  9] 绾?b2b9 (7, 1)->(0, 1) 缈诲紑=浠?鍚?b澹?鐢ㄦ椂 0.82s (score=162 depth=5)
[ 10] 榛?e3e4 (3, 4)->(4, 4) 缈诲紑=鐐?鐢ㄦ椂 469.06s (score=78 depth=4)
[ 11] 绾?h0h5 (9, 7)->(4, 7)  鐢ㄦ椂 1.39s (score=0 depth=5)
[ 12] 榛?c4c5 (4, 6)->(5, 6)  鐢ㄦ椂 0.80s (score=17 depth=4)
[ 13] 绾?g3g4 (6, 6)->(5, 6) 缈诲紑=鍏?鍚?b鍗?鐢ㄦ椂 1.32s (score=107 depth=6)
[ 14] 榛?i4g3 (4, 0)->(3, 2) 鍚?r鐩?鐢ㄦ椂 1.53s (score=78 depth=5)
[ 15] 绾?c3c4 (6, 2)->(5, 2) 缈诲紑=杌?鐢ㄦ椂 0.89s (score=71 depth=5)
[ 16] 榛?h2h8 (2, 1)->(8, 1) 缈诲紑=鍗?鐢ㄦ椂 0.81s (score=74 depth=4)
[ 17] 绾?c4c6 (5, 2)->(3, 2) 鍚?b棣?鐢ㄦ椂 1.56s (score=118 depth=5)
[ 18] 榛?g0e2 (0, 2)->(2, 4) 缈诲紑=棣?鐢ㄦ椂 0.93s (score=46 depth=5)
[ 19] 绾?c6e6 (3, 2)->(3, 4)  鐢ㄦ椂 1.52s (score=4 depth=5)
[engine_server] 灏辩华 (PyPy 3.11.13, engine=jieqi_engine_v57)
[engine_server] 棰勭儹瀹屾垚
[!] 寮曟搸鍝嶅簲瓒呮椂/瀛愯繘绋嬪紓甯? 閲嶅惎...
[+] 寮曟搸瀛愯繘绋嬪氨缁?(PyPy: pypy3.EXE)
    [!] 寮曟搸绗?1 娆℃棤鍝嶅簲 (鑰楁椂 3591.2s)
[ 20] 榛?e4i4 (4, 4)->(4, 0)  鐢ㄦ椂 0.60s (score=-5 depth=2)
[ 21] 绾?a0a2 (9, 0)->(7, 0) 缈诲紑=浠?鐢ㄦ椂 1.17s (score=20.636363636363637 depth=5)
[ 22] 榛?i4i7 (4, 0)->(7, 0) 鍚?r浠?鐢ㄦ椂 1.54s (score=71 depth=4)
[ 23] 绾?h8h9 (1, 7)->(0, 7) 鍚?b璞?鐢ㄦ椂 1.14s (score=74 depth=5)
[ 24] 榛?a0b0 (0, 8)->(0, 7) 缈诲紑=鐐?鍚?r鍏?鐢ㄦ椂 0.91s (score=62.5 depth=5)
[ 25] 绾?h5e5 (4, 7)->(4, 4)  鐢ㄦ椂 1.51s (score=4 depth=5)
[ 26] 榛?f0e1 (0, 3)->(1, 4) 缈诲紑=杌?鐢ㄦ椂 1.09s (score=38 depth=5)
[ 27] 绾?e6c6 (3, 4)->(3, 2)  鐢ㄦ椂 1.49s (score=-4 depth=6)
[engine_server] 灏辩华 (PyPy 3.11.13, engine=jieqi_engine_v57)
[engine_server] 棰勭儹瀹屾垚
[!] 寮曟搸鍝嶅簲瓒呮椂/瀛愯繘绋嬪紓甯? 閲嶅惎...
[+] 寮曟搸瀛愯繘绋嬪氨缁?(PyPy: pypy3.EXE)
    [!] 寮曟搸绗?1 娆℃棤鍝嶅簲 (鑰楁椂 3591.1s)
[ 28] 榛?i7f7 (7, 0)->(7, 3)  鐢ㄦ椂 1.00s (score=-6 depth=5)
[ 29] 绾?c6h6 (3, 2)->(3, 7)  鐢ㄦ椂 1.44s (score=0 depth=6)
[ 30] 榛?b0a0 (0, 7)->(0, 8)  鐢ㄦ椂 1.55s (score=0 depth=5)
[ 31] 绾?e5e8 (4, 4)->(1, 4) 鍚?b杌?鐢ㄦ椂 0.92s (score=279 depth=5)
[ 32] 榛?a0a6 (0, 8)->(6, 8) 鍚?r棣?鐢ㄦ椂 1.56s (score=69 depth=5)
[ 33] 绾?e8f8 (1, 4)->(1, 5)  鐢ㄦ椂 1.52s (score=-7 depth=5)
[ 34] 榛?i0h0 (0, 0)->(0, 1) 缈诲紑=澹?鍚?r浠?鐢ㄦ椂 0.95s (score=102.81818181818181 depth=5)
[ 35] 绾?h6e6 (3, 7)->(3, 4)  鐢ㄦ椂 3581.01s (score=4 depth=5)
[ 36] 榛?e0e1 (0, 4)->(1, 4)  鐢ㄦ椂 0.84s (score=-20 depth=5)
[ 37] 绾?e6e7 (3, 4)->(2, 4) 鍚?b棣?鐢ㄦ椂 0.99s (score=135 depth=6)
[ 38] 榛?e1d1 (1, 4)->(1, 5) 鍚?r鐐?鐢ㄦ椂 1.03s (score=112 depth=8)
[ 39] 绾?e7e3 (2, 4)->(6, 4)  鐢ㄦ椂 0.78s (score=-12 depth=6)
[ 40] 榛?f7f2 (7, 3)->(2, 3)  鐢ㄦ椂 1.54s (score=8 depth=6)
[ 41] 绾?e3i3 (6, 4)->(6, 8) 鍚?b鐐?鐢ㄦ椂 1.51s (score=116 depth=7)
[ 42] 榛?c0a2 (0, 6)->(2, 8) 缈诲紑=鍗?鐢ㄦ椂 1.20s (score=42 depth=7)
[ 43] 绾?i3f3 (6, 8)->(6, 5)  鐢ㄦ椂 1.20s (score=43 depth=8)
[ 44] 榛?f2d2 (2, 3)->(2, 5)  鐢ㄦ椂 0.79s (score=0 depth=8)
[ 45] 绾?c0e2 (9, 2)->(7, 4) 缈诲紑=鐩?鐢ㄦ椂 0.97s (score=40 depth=7)
[ 46] 榛?d0e1 (0, 5)->(1, 4) 缈诲紑=鍗?鐢ㄦ椂 3598.74s (score=43 depth=6)
[ 47] 绾?b0d1 (9, 1)->(8, 3) 缈诲紑=鐐?鐢ㄦ椂 1.48s (score=30 depth=7)
[ 48] 榛?h8g8 (8, 1)->(8, 2)  鐢ㄦ椂 1.52s (score=5 depth=5)
[ 49] 绾?d1f1 (8, 3)->(8, 5)  鐢ㄦ椂 1.11s (score=0 depth=7)
[ 50] 榛?e1e2 (1, 4)->(2, 4)  鐢ㄦ椂 1.23s (score=15 depth=7)
[ 51] 绾?f1f7 (8, 5)->(2, 5) 鍚?b鐐?鐢ㄦ椂 0.89s (score=122 depth=6)
[ 52] 榛?d1e1 (1, 5)->(1, 4)  鐢ㄦ椂 1.11s (score=10 depth=7)
[ 53] 绾?f7f4 (2, 5)->(5, 5)  鐢ㄦ椂 0.73s (score=5 depth=6)
[ 54] 榛?e1f1 (1, 4)->(1, 3)  鐢ㄦ椂 0.98s (score=-10 depth=7)
[ 55] 绾?f3d3 (6, 5)->(6, 3)  鐢ㄦ椂 0.89s (score=0 depth=6)
[ 56] 榛?f1e1 (1, 3)->(1, 4)  鐢ㄦ椂 0.61s (score=10 depth=12)
[ 57] 绾?f4e4 (5, 5)->(5, 4)  鐢ㄦ椂 0.18s (score=4 depth=12)
[ 58] 榛?e1d1 (1, 4)->(1, 5)  鐢ㄦ椂 0.17s (score=-10 depth=12)
[ 59] 绾?d3f3 (6, 3)->(6, 5)  鐢ㄦ椂 0.01s (score=0 depth=12)
[ 60] 榛?g8g9 (8, 2)->(9, 2)  鐢ㄦ椂 0.01s (score=-4 depth=12)
[ 61] 绾?f3f8 (6, 5)->(1, 5) 鍚?b灏?鐢ㄦ椂 0.01s (score=3696 depth=12)

========================================================
瀵瑰眬缁撴灉
========================================================
鑳滆€? pypy (绾㈡柟)
鍘熷洜: 绗?61 鐫€鍚冩帀 灏? 鑾疯儨
鎬绘鏁? 61 鐫€, 鍏ㄥ眬澧欓挓 14894.2s

鍙屾柟鐢ㄦ椂:
  pypy  (绾㈡柟):  31 鐫€  鎬荤敤鏃? 3614.3s  骞冲潎 116.59s  鏈€闀?3581.01s
  pypy57 (榛戞柟):  30 鐫€  鎬荤敤鏃? 4097.6s  骞冲潎 136.59s  鏈€闀?3598.74s

[*] 妫嬭氨宸蹭繚瀛? C:\Users\yimingwang218185\Desktop\jieqi_ai\tools\games\game_20260820_051923.json / .txt

缁堝眬妫嬬洏 (绾㈡柟鍦ㄤ笅):
    0 1 2 3 4 5 6 7 8
 0 | 路 b澹?路 路 路 路 路 路 路
 1 | 路 路 路 路 路 r杌?路 路 路
 2 | 路 路 路 路 b鍗?路 路 路 b鍗?
 3 | 路 路 路 路 路 路 路 路 路
 4 | 路 路 路 路 路 路 路 路 b鍗?
 5 | 路 路 路 路 r鐐?路 r鍏?路 路
 6 | r? 路 路 路 路 路 路 路 路
 7 | 路 路 路 路 r鐩?路 路 路 路
 8 | 路 路 路 路 路 路 路 路 路
 9 | 路 路 b鍗?r? r甯?r? r? 路 路
