[*] 瑁佸垽鍚姩: pypy57 鎵х孩鍏堣(姣忕潃 1.5s) vs pypy 鎵ч粦(姣忕潃 1.5s), 闅忔満绉嶅瓙 20260930
[engine_server] 灏辩华 (PyPy 3.11.13, engine=jieqi_engine_v57)
[engine_server] 棰勭儹瀹屾垚
[engine_server] 灏辩华 (PyPy 3.11.13, engine=jieqi_engine)
[engine_server] 棰勭儹瀹屾垚
[+] 寮曟搸瀛愯繘绋嬪氨缁?(PyPy: pypy3.EXE)
[+] 寮曟搸瀛愯繘绋嬪氨缁?(PyPy: pypy3.EXE)
[*] 绾㈡柟寮曟搸: pypy57 (v5.7 鍩虹嚎, 鏃犻噸澶嶆劅鐭?
[*] 榛戞柟寮曟搸: pypy (miaosiSari 鍘熺増, alpha-beta)
[  1] 绾?e3e4 (6, 4)->(5, 4) 缈诲紑=鍏?鐢ㄦ椂 1.38s (score=84 depth=5)
[  2] 榛?b2b9 (2, 7)->(9, 7) 缈诲紑=棣?鍚?r鍏?鐢ㄦ椂 1.51s (score=157 depth=4)
[  3] 绾?i0h0 (9, 8)->(9, 7) 缈诲紑=鍏?鍚?b棣?鐢ㄦ椂 1.20s (score=126.0 depth=5)
[  4] 榛?a3a4 (3, 8)->(4, 8) 缈诲紑=杌?鐢ㄦ椂 1.03s (score=78 depth=5)
[  5] 绾?b2b9 (7, 1)->(0, 1) 缈诲紑=鐐?鍚?b鍗?鐢ㄦ椂 0.74s (score=146 depth=5)
[  6] 榛?a4a6 (4, 8)->(6, 8) 鍚?r浠?鐢ㄦ椂 1.53s (score=86 depth=5)
[  7] 绾?b9d9 (0, 1)->(0, 3) 鍚?b澹?鐢ㄦ椂 0.94s (score=46 depth=5)
[  8] 榛?e0f0 (0, 4)->(0, 3) 鍚?r鐐?鐢ㄦ椂 1.51s (score=172 depth=5)
[  9] 绾?c3c4 (6, 2)->(5, 2) 缈诲紑=鍏?鐢ㄦ椂 1.54s (score=81 depth=5)
[ 10] 榛?a6c6 (6, 8)->(6, 6) 鍚?r浠?鐢ㄦ椂 0.78s (score=91 depth=5)
[ 11] 绾?a3a4 (6, 0)->(5, 0) 缈诲紑=棣?鐢ㄦ椂 0.77s (score=86 depth=5)
[ 12] 榛?c6f6 (6, 6)->(6, 3)  鐢ㄦ椂 0.90s (score=7 depth=5)
[ 13] 绾?e0e1 (9, 4)->(8, 4)  鐢ㄦ椂 0.78s (score=-20 depth=5)
[ 14] 榛?f6f9 (6, 3)->(9, 3) 鍚?r棣?鐢ㄦ椂 0.65s (score=116 depth=4)
[ 15] 绾?b0a2 (9, 1)->(7, 0) 缈诲紑=鍏?鐢ㄦ椂 1.17s (score=47 depth=5)
[ 16] 榛?i3i4 (3, 0)->(4, 0) 缈诲紑=杌?鐢ㄦ椂 0.90s (score=73 depth=5)
[ 17] 绾?a4b2 (5, 0)->(7, 1)  鐢ㄦ椂 1.40s (score=3 depth=6)
[ 18] 榛?i4c4 (4, 0)->(4, 6)  鐢ㄦ椂 0.80s (score=4 depth=4)
[ 19] 绾?h2g2 (7, 7)->(7, 6) 缈诲紑=鐩?鐢ㄦ椂 1.52s (score=49 depth=4)
[ 20] 榛?c4c7 (4, 6)->(7, 6) 鍚?r鐩?鐢ㄦ椂 1.51s (score=49 depth=5)
[ 21] 绾?e1f1 (8, 4)->(8, 5)  鐢ㄦ椂 0.73s (score=-10 depth=5)
[ 22] 榛?c7c8 (7, 6)->(8, 6)  鐢ㄦ椂 1.54s (score=0 depth=5)
[ 23] 绾?f1f2 (8, 5)->(7, 5)  鐢ㄦ椂 0.89s (score=-10 depth=7)
[ 24] 榛?f9d9 (9, 3)->(9, 5) 鍚?r鐩?鐢ㄦ椂 0.62s (score=115 depth=4)
[ 25] 绾?f2e2 (7, 5)->(7, 4)  鐢ㄦ椂 0.74s (score=10 depth=6)
[ 26] 榛?c3c4 (3, 6)->(4, 6) 缈诲紑=鍗?鐢ㄦ椂 0.67s (score=54 depth=4)
[ 27] 绾?a2a3 (7, 0)->(6, 0)  鐢ㄦ椂 1.08s (score=8 depth=6)
[ 28] 榛?c8c7 (8, 6)->(7, 6)  鐢ㄦ椂 0.96s (score=0 depth=5)
[ 29] 绾?e2e1 (7, 4)->(8, 4)  鐢ㄦ椂 0.76s (score=10 depth=6)
[ 30] 榛?c7h7 (7, 6)->(7, 1) 鍚?r棣?鐢ㄦ椂 0.67s (score=113 depth=4)
[ 31] 绾?a3a4 (6, 0)->(5, 0)  鐢ㄦ椂 0.88s (score=11 depth=6)
[ 32] 榛?d9c9 (9, 5)->(9, 6) 鍚?r杌?鐢ㄦ椂 1.03s (score=46 depth=5)
[ 33] 绾?a4a5 (5, 0)->(4, 0)  鐢ㄦ椂 1.50s (score=10 depth=5)
[ 34] 榛?h7h8 (7, 1)->(8, 1)  鐢ㄦ椂 0.42s (score=0 depth=12)
[ 35] 绾?e1e2 (8, 4)->(7, 4)  鐢ㄦ椂 0.21s (score=-10 depth=12)
[ 36] 榛?c9c7 (9, 6)->(7, 6)  鐢ㄦ椂 0.03s (score=-36 depth=12)
[ 37] 绾?a5a6 (4, 0)->(3, 0)  鐢ㄦ椂 0.02s (score=13 depth=12)
[ 38] 榛?c7e7 (7, 6)->(7, 4) 鍚?r甯?鐢ㄦ椂 0.01s (score=3696 depth=12)

========================================================
瀵瑰眬缁撴灉
========================================================
鑳滆€? pypy (榛戞柟)
鍘熷洜: 绗?38 鐫€鍚冩帀 甯? 鑾疯儨
鎬绘鏁? 38 鐫€, 鍏ㄥ眬澧欓挓 35.4s

鍙屾柟鐢ㄦ椂:
  pypy57 (绾㈡柟):  19 鐫€  鎬荤敤鏃?   18.2s  骞冲潎  0.96s  鏈€闀?  1.54s
  pypy  (榛戞柟):  19 鐫€  鎬荤敤鏃?   17.1s  骞冲潎  0.90s  鏈€闀?  1.54s

[*] 妫嬭氨宸蹭繚瀛? C:\Users\yimingwang218185\Desktop\jieqi_ai\tools\games\game_20260820_011107.json / .txt

缁堝眬妫嬬洏 (绾㈡柟鍦ㄤ笅):
    0 1 2 3 4 5 6 7 8
 0 | b? 路 b? b灏?路 b? b? b? b?
 1 | 路 路 路 路 路 路 路 路 路
 2 | 路 b? 路 路 路 路 路 路 路
 3 | r鍏?路 b? 路 b? 路 路 路 路
 4 | 路 路 路 路 路 路 b鍗?路 路
 5 | 路 路 r鍏?路 r鍏?路 路 路 路
 6 | 路 路 路 路 路 路 路 路 路
 7 | 路 路 路 路 b杌?路 路 路 路
 8 | 路 b杌?路 路 路 路 路 路 路
 9 | r? 路 r? 路 路 路 路 r鍏?路
