[*] 瑁佸垽鍚姩: pypy 鎵х孩鍏堣(姣忕潃 1.5s) vs pypy510 鎵ч粦(姣忕潃 1.5s), 闅忔満绉嶅瓙 20260982
[engine_server] 灏辩华 (PyPy 3.11.13, engine=jieqi_engine)
[engine_server] 棰勭儹瀹屾垚
[engine_server] 灏辩华 (PyPy 3.11.13, engine=jieqi_engine_v510)
[engine_server] 棰勭儹瀹屾垚
[+] 寮曟搸瀛愯繘绋嬪氨缁?(PyPy: pypy3.EXE)
[+] 寮曟搸瀛愯繘绋嬪氨缁?(PyPy: pypy3.EXE)
[*] 绾㈡柟寮曟搸: pypy (miaosiSari 鍘熺増, alpha-beta)
[*] 榛戞柟寮曟搸: pypy510 (v5.10 鍩虹嚎, U鍐荤粨鏈慨)
[  1] 绾?e3e4 (6, 4)->(5, 4) 缈诲紑=鍏?鐢ㄦ椂 1.29s (score=35 depth=4)
[  2] 榛?b2b9 (2, 7)->(9, 7) 缈诲紑=澹?鍚?r鍏?鐢ㄦ椂 1.52s (score=18.14285714285714 depth=4)
[  3] 绾?b2e2 (7, 1)->(7, 4) 缈诲紑=杌?鐢ㄦ椂 0.71s (score=89.28571428571428 depth=4)
[  4] 榛?a3a4 (3, 8)->(4, 8) 缈诲紑=鍗?鐢ㄦ椂 0.90s (score=3 depth=5)
[  5] 绾?h2h6 (7, 7)->(3, 7) 缈诲紑=鐩?鐢ㄦ椂 0.87s (score=105 depth=5)
[  6] 榛?i3i4 (3, 0)->(4, 0) 缈诲紑=鍗?鐢ㄦ椂 1.53s (score=18 depth=5)
[  7] 绾?c3c4 (6, 2)->(5, 2) 缈诲紑=浠?鐢ㄦ椂 1.47s (score=39.5 depth=6)
[  8] 榛?c3c4 (3, 6)->(4, 6) 缈诲紑=璞?鐢ㄦ椂 1.54s (score=17.0 depth=5)
[  9] 绾?c4d5 (5, 2)->(4, 3)  鐢ㄦ椂 1.51s (score=13 depth=5)
[ 10] 榛?g3g4 (3, 2)->(4, 2) 缈诲紑=澹?鐢ㄦ椂 0.71s (score=-26.0 depth=5)
[ 11] 绾?d5e6 (4, 3)->(3, 4) 鍚?b鍗?鐢ㄦ椂 1.53s (score=73.0 depth=5)
[ 12] 榛?g0e2 (0, 2)->(2, 4) 缈诲紑=棣?鐢ㄦ椂 1.16s (score=17.0 depth=5)
[ 13] 绾?g3g4 (6, 6)->(5, 6) 缈诲紑=鍏?鐢ㄦ椂 0.84s (score=7.666666666666686 depth=5)
[ 14] 榛?c4a6 (4, 6)->(6, 8) 鍚?r浠?鐢ㄦ椂 1.53s (score=18.666666666666657 depth=5)
[ 15] 绾?i0h0 (9, 8)->(9, 7) 缈诲紑=棣?鍚?b澹?鐢ㄦ椂 0.72s (score=35.33333333333334 depth=5)
[ 16] 榛?h2h5 (2, 1)->(5, 1) 缈诲紑=鍗?鐢ㄦ椂 0.99s (score=56 depth=5)
[ 17] 绾?c0a2 (9, 2)->(7, 0) 缈诲紑=鐐?鐢ㄦ椂 0.83s (score=-12 depth=5)
[ 18] 榛?b0a2 (0, 7)->(2, 8) 缈诲紑=璞?鐢ㄦ椂 1.04s (score=20 depth=5)
[ 19] 绾?e2f2 (7, 4)->(7, 5)  鐢ㄦ椂 1.56s (score=5 depth=5)
[ 20] 榛?g4f5 (4, 2)->(5, 3)  鐢ㄦ椂 1.50s (score=-14 depth=5)
[ 21] 绾?b0c2 (9, 1)->(7, 2) 缈诲紑=鐐?鐢ㄦ椂 0.88s (score=16 depth=5)
[ 22] 榛?h0f1 (0, 1)->(1, 3) 缈诲紑=杌?鐢ㄦ椂 1.09s (score=-23 depth=6)
[ 23] 绾?f2f3 (7, 5)->(6, 5)  鐢ㄦ椂 1.05s (score=73 depth=5)
[ 24] 榛?f5e6 (5, 3)->(6, 4)  鐢ㄦ椂 0.92s (score=-79 depth=5)
[ 25] 绾?c2e2 (7, 2)->(7, 4)  鐢ㄦ椂 0.76s (score=81 depth=4)
[ 26] 榛?d0e1 (0, 5)->(1, 4) 缈诲紑=棣?鐢ㄦ椂 0.91s (score=-68 depth=5)
[ 27] 绾?f3e3 (6, 5)->(6, 4) 鍚?b澹?鐢ㄦ椂 1.33s (score=130 depth=6)
[ 28] 榛?e1c2 (1, 4)->(2, 6)  鐢ㄦ椂 1.54s (score=-45 depth=5)
[ 29] 绾?e3i3 (6, 4)->(6, 8) 鍚?b璞?鐢ㄦ椂 1.16s (score=70.71428571428572 depth=5)
[ 30] 榛?a4a5 (4, 8)->(5, 8)  鐢ㄦ椂 0.57s (score=-67 depth=4)
[ 31] 绾?i3i4 (6, 8)->(5, 8) 鍚?b鍗?鐢ㄦ椂 0.87s (score=72 depth=5)
[ 32] 榛?h5h6 (5, 1)->(6, 1)  鐢ㄦ椂 0.92s (score=-34 depth=5)
[ 33] 绾?a3a4 (6, 0)->(5, 0) 缈诲紑=杌?鐢ㄦ椂 0.91s (score=59 depth=5)
[ 34] 榛?i4i5 (4, 0)->(5, 0) 鍚?r杌?鐢ㄦ椂 1.48s (score=71.0 depth=6)
[ 35] 绾?a2a9 (7, 0)->(0, 0) 鍚?b鐐?鐢ㄦ椂 1.54s (score=268.57142857142856 depth=5)
[ 36] 榛?f0e1 (0, 3)->(1, 4) 缈诲紑=鍗?鐢ㄦ椂 1.20s (score=-71 depth=6)
[ 37] 绾?e4e5 (5, 4)->(4, 4)  鐢ㄦ椂 1.54s (score=112.69642857142857 depth=4)
[ 38] 榛?f1i1 (1, 3)->(1, 0)  鐢ㄦ椂 1.54s (score=-90 depth=5)
[ 39] 绾?a9c9 (0, 0)->(0, 2)  鐢ㄦ椂 1.28s (score=74.69642857142857 depth=5)
[ 40] 榛?i1i0 (1, 0)->(0, 0)  鐢ㄦ椂 1.52s (score=-44.571428571428555 depth=5)
[ 41] 绾?a0c0 (9, 0)->(9, 2) 缈诲紑=鍏?鐢ㄦ椂 0.97s (score=87.25 depth=5)
[ 42] 榛?i0g0 (0, 0)->(0, 2) 鍚?r鐐?鐢ㄦ椂 0.90s (score=80 depth=6)
[ 43] 绾?g4g5 (5, 6)->(4, 6)  鐢ㄦ椂 0.86s (score=114.28571428571428 depth=5)
[ 44] 榛?i5i6 (5, 0)->(6, 0)  鐢ㄦ椂 0.99s (score=-101 depth=5)
[ 45] 绾?g5g6 (4, 6)->(3, 6)  鐢ㄦ椂 1.53s (score=117 depth=5)
[ 46] 榛?e2c3 (2, 4)->(3, 6) 鍚?r鍏?鐢ㄦ椂 0.98s (score=-92 depth=6)
[ 47] 绾?i4g4 (5, 8)->(5, 6)  鐢ㄦ椂 1.46s (score=138.75 depth=6)
[ 48] 榛?c3e4 (3, 6)->(4, 4) 鍚?r鍏?鐢ㄦ椂 1.12s (score=-147 depth=6)
[ 49] 绾?g4g7 (5, 6)->(2, 6) 鍚?b棣?鐢ㄦ椂 1.51s (score=156.0 depth=5)
[ 50] 榛?c0e2 (0, 6)->(2, 4) 缈诲紑=杌?鐢ㄦ椂 1.51s (score=-51 depth=5)
[ 51] 绾?g7g5 (2, 6)->(4, 6)  鐢ㄦ椂 0.90s (score=70.0 depth=6)
[ 52] 榛?g0g4 (0, 2)->(4, 2)  鐢ㄦ椂 1.53s (score=-89 depth=5)
[ 53] 绾?g0i2 (9, 6)->(7, 8) 缈诲紑=棣?鐢ㄦ椂 1.52s (score=83 depth=5)
[ 54] 榛?e2b2 (2, 4)->(2, 7)  鐢ㄦ椂 1.11s (score=-54 depth=6)
[ 55] 绾?f0e1 (9, 5)->(8, 4) 缈诲紑=鐩?鐢ㄦ椂 1.54s (score=54 depth=5)
[ 56] 榛?b2b3 (2, 7)->(3, 7) 鍚?r鐩?鐢ㄦ椂 1.18s (score=-16 depth=6)
[ 57] 绾?h0g2 (9, 7)->(7, 6)  鐢ㄦ椂 0.89s (score=47 depth=5)
[ 58] 榛?b3d3 (3, 7)->(3, 5)  鐢ㄦ椂 1.51s (score=4 depth=5)
[ 59] 绾?g5f5 (4, 6)->(4, 5)  鐢ㄦ椂 0.93s (score=37.875 depth=5)
[ 60] 榛?d3d4 (3, 5)->(4, 5) 鍚?r杌?鐢ㄦ椂 1.09s (score=-28.875 depth=6)
[ 61] 绾?e6f5 (3, 4)->(4, 5) 鍚?b杌?鐢ㄦ椂 1.51s (score=340.3333333333333 depth=6)
[ 62] 榛?a2c4 (2, 8)->(4, 6)  鐢ㄦ椂 0.67s (score=-22.333333333333343 depth=6)
[ 63] 绾?e1g3 (8, 4)->(6, 6)  鐢ㄦ椂 1.50s (score=89.33333333333334 depth=6)
[ 64] 榛?a0a7 (0, 8)->(7, 8) 缈诲紑=鐐?鍚?r棣?鐢ㄦ椂 0.91s (score=39.66666666666666 depth=6)
[ 65] 绾?e2e1 (7, 4)->(8, 4)  鐢ㄦ椂 1.06s (score=80 depth=6)
[ 66] 榛?c4e2 (4, 6)->(2, 4)  鐢ㄦ椂 1.34s (score=-58 depth=6)
[ 67] 绾?g3e5 (6, 6)->(4, 4) 鍚?b棣?鐢ㄦ椂 1.12s (score=51 depth=6)
[ 68] 榛?g4e4 (4, 2)->(4, 4) 鍚?r鐩?鐢ㄦ椂 0.83s (score=55 depth=7)
[ 69] 绾?f5g4 (4, 5)->(5, 6)  鐢ㄦ椂 1.04s (score=-5 depth=6)
[ 70] 榛?a7a9 (7, 8)->(9, 8)  鐢ㄦ椂 1.47s (score=-1 depth=6)
[ 71] 绾?c0c1 (9, 2)->(8, 2)  鐢ㄦ椂 1.03s (score=11 depth=6)
[ 72] 榛?e4e5 (4, 4)->(5, 4)  鐢ㄦ椂 1.51s (score=-10 depth=5)
[ 73] 绾?g4f5 (5, 6)->(4, 5)  鐢ㄦ椂 0.97s (score=5 depth=7)
[ 74] 榛?e5e7 (5, 4)->(7, 4)  鐢ㄦ椂 1.51s (score=3 depth=6)
[ 75] 绾?g2f4 (7, 6)->(5, 5)  鐢ㄦ椂 1.54s (score=25 depth=7)
[ 76] 榛?e7b7 (7, 4)->(7, 7)  鐢ㄦ椂 1.11s (score=27 depth=7)
[ 77] 绾?e1e2 (8, 4)->(7, 4)  鐢ㄦ椂 0.80s (score=-55 depth=6)
[ 78] 榛?b7d7 (7, 7)->(7, 5)  鐢ㄦ椂 0.74s (score=48 depth=6)
[ 79] 绾?f5g4 (4, 5)->(5, 6)  鐢ㄦ椂 1.21s (score=-66 depth=6)
[ 80] 榛?d7d5 (7, 5)->(5, 5) 鍚?r棣?鐢ㄦ椂 0.68s (score=107 depth=6)
[ 81] 绾?g4f5 (5, 6)->(4, 5)  鐢ㄦ椂 1.48s (score=8 depth=6)
[ 82] 榛?d5d4 (5, 5)->(4, 5) 鍚?r浠?鐢ㄦ椂 1.02s (score=61 depth=7)
[ 83] 绾?e2e1 (7, 4)->(8, 4)  鐢ㄦ椂 1.37s (score=12 depth=6)
[ 84] 榛?d4e4 (4, 5)->(4, 4)  鐢ㄦ椂 0.66s (score=25 depth=6)
[ 85] 绾?c1c2 (8, 2)->(7, 2)  鐢ㄦ椂 1.11s (score=-94 depth=8)
[ 86] 榛?e0d0 (0, 4)->(0, 5)  鐢ㄦ椂 0.90s (score=117 depth=7)
[ 87] 绾?e1e2 (8, 4)->(7, 4)  鐢ㄦ椂 0.83s (score=-208 depth=7)
[ 88] 榛?e4e7 (4, 4)->(7, 4) 鍚?r鐐?鐢ㄦ椂 1.52s (score=276 depth=7)
[ 89] 绾?d0e1 (9, 3)->(8, 4) 缈诲紑=鍏?鐢ㄦ椂 1.20s (score=-150 depth=8)
[ 90] 榛?e7d7 (7, 4)->(7, 5)  鐢ㄦ椂 0.68s (score=98 depth=6)
[ 91] 绾?e1e2 (8, 4)->(7, 4)  鐢ㄦ椂 0.69s (score=-118 depth=7)
[ 92] 榛?a9a3 (9, 8)->(3, 8)  鐢ㄦ椂 1.03s (score=133 depth=6)
[ 93] 绾?e0d0 (9, 4)->(9, 3)  鐢ㄦ椂 1.48s (score=-150 depth=7)
[ 94] 榛?d7d4 (7, 5)->(4, 5)  鐢ㄦ椂 0.75s (score=3696 depth=6)
[ 95] 绾?e2e3 (7, 4)->(6, 4)  鐢ㄦ椂 0.43s (score=-3696 depth=12)
[ 96] 榛?d4f4 (4, 5)->(4, 3)  鐢ㄦ椂 0.07s (score=3696 depth=12)
[ 97] 绾?d0e0 (9, 3)->(9, 4)  鐢ㄦ椂 0.03s (score=-3696 depth=12)
[ 98] 榛?a3e3 (3, 8)->(3, 4)  鐢ㄦ椂 0.01s (score=3696 depth=12)
[ 99] 绾?e3e4 (6, 4)->(5, 4)  鐢ㄦ椂 0.02s (score=-3696 depth=12)
[100] 榛?e3e9 (3, 4)->(9, 4) 鍚?r甯?鐢ㄦ椂 0.01s (score=3696 depth=12)

========================================================
瀵瑰眬缁撴灉
========================================================
鑳滆€? pypy510 (榛戞柟)
鍘熷洜: 绗?100 鐫€鍚冩帀 甯? 鑾疯儨
鎬绘鏁? 100 鐫€, 鍏ㄥ眬澧欓挓 108.8s

鍙屾柟鐢ㄦ椂:
  pypy  (绾㈡柟):  50 鐫€  鎬荤敤鏃?   55.2s  骞冲潎  1.10s  鏈€闀?  1.56s
  pypy510 (榛戞柟):  50 鐫€  鎬荤敤鏃?   53.5s  骞冲潎  1.07s  鏈€闀?  1.54s

[*] 妫嬭氨宸蹭繚瀛? C:\Users\yimingwang218185\Desktop\jieqi_ai\tools\games\game_20260823_231558.json / .txt

缁堝眬妫嬬洏 (绾㈡柟鍦ㄤ笅):
    0 1 2 3 4 5 6 7 8
 0 | 路 路 路 路 路 b灏?路 路 路
 1 | 路 路 路 路 b鍗?路 路 路 路
 2 | 路 路 路 路 b璞?路 路 路 路
 3 | 路 路 路 路 路 路 路 路 路
 4 | 路 路 路 b杌?路 路 路 路 路
 5 | 路 路 路 路 r鍏?路 路 路 路
 6 | b鍗?b鍗?路 路 路 路 路 路 路
 7 | 路 路 r鍏?路 路 路 路 路 路
 8 | 路 路 路 路 路 路 路 路 路
 9 | 路 路 路 路 b鐐?路 路 路 路
