[*] 瑁佸垽鍚姩: pypy 鎵х孩鍏堣(姣忕潃 1.5s) vs pypy510 鎵ч粦(姣忕潃 1.5s), 闅忔満绉嶅瓙 20260980
[engine_server] 灏辩华 (PyPy 3.11.13, engine=jieqi_engine)
[engine_server] 棰勭儹瀹屾垚
[engine_server] 灏辩华 (PyPy 3.11.13, engine=jieqi_engine_v510)
[engine_server] 棰勭儹瀹屾垚
[+] 寮曟搸瀛愯繘绋嬪氨缁?(PyPy: pypy3.EXE)
[+] 寮曟搸瀛愯繘绋嬪氨缁?(PyPy: pypy3.EXE)
[*] 绾㈡柟寮曟搸: pypy (miaosiSari 鍘熺増, alpha-beta)
[*] 榛戞柟寮曟搸: pypy510 (v5.10 鍩虹嚎, U鍐荤粨鏈慨)
[  1] 绾?e3e4 (6, 4)->(5, 4) 缈诲紑=鐩?鐢ㄦ椂 1.31s (score=35 depth=4)
[  2] 榛?b2b9 (2, 7)->(9, 7) 缈诲紑=棣?鍚?r杌?鐢ㄦ椂 1.52s (score=19.14285714285714 depth=4)
[  3] 绾?b2e2 (7, 1)->(7, 4) 缈诲紑=鐐?鐢ㄦ椂 1.40s (score=153 depth=5)
[  4] 榛?a3a4 (3, 8)->(4, 8) 缈诲紑=璞?鐢ㄦ椂 1.43s (score=-153.0 depth=5)
[  5] 绾?e4g6 (5, 4)->(3, 6) 鍚?b鍗?鐢ㄦ椂 0.92s (score=211 depth=5)
[  6] 榛?h2e2 (2, 1)->(2, 4) 缈诲紑=澹?鐢ㄦ椂 1.40s (score=-149.30769230769232 depth=6)
[  7] 绾?g3g4 (6, 6)->(5, 6) 缈诲紑=鍏?鐢ㄦ椂 1.53s (score=210.3846153846154 depth=5)
[  8] 榛?i3i4 (3, 0)->(4, 0) 缈诲紑=鐐?鐢ㄦ椂 0.77s (score=-78 depth=5)
[  9] 绾?h2h6 (7, 7)->(3, 7) 缈诲紑=杌?鐢ㄦ椂 0.77s (score=107.9090909090909 depth=5)
[ 10] 榛?i4i9 (4, 0)->(9, 0) 鍚?r鍏?鐢ㄦ椂 1.51s (score=30.636363636363654 depth=5)
[ 11] 绾?b0c2 (9, 1)->(7, 2) 缈诲紑=浠?鐢ㄦ椂 1.13s (score=193 depth=5)
[ 12] 榛?g3g4 (3, 2)->(4, 2) 缈诲紑=璞?鐢ㄦ椂 0.94s (score=-85 depth=5)
[ 13] 绾?i0h0 (9, 8)->(9, 7) 缈诲紑=鐩?鍚?b棣?鐢ㄦ椂 0.90s (score=205.5 depth=4)
[ 14] 榛?e3e4 (3, 4)->(4, 4) 缈诲紑=鍗?鐢ㄦ椂 0.75s (score=-18 depth=4)
[ 15] 绾?a3a4 (6, 0)->(5, 0) 缈诲紑=鍏?鐢ㄦ椂 0.98s (score=156 depth=5)
[ 16] 榛?g4e6 (4, 2)->(6, 4)  鐢ㄦ椂 1.09s (score=-108 depth=5)
[ 17] 绾?c3c4 (6, 2)->(5, 2) 缈诲紑=鍏?鐢ㄦ椂 1.20s (score=88 depth=5)
[ 18] 榛?a4c6 (4, 8)->(6, 6)  鐢ㄦ椂 0.88s (score=-28 depth=5)
[ 19] 绾?i3i4 (6, 8)->(5, 8) 缈诲紑=棣?鐢ㄦ椂 1.22s (score=38 depth=5)
[ 20] 榛?a0a5 (0, 8)->(5, 8) 缈诲紑=杌?鍚?r棣?鐢ㄦ椂 1.53s (score=-61.0 depth=5)
[ 21] 绾?g6i4 (3, 6)->(5, 8) 鍚?b杌?鐢ㄦ椂 1.52s (score=270 depth=5)
[ 22] 榛?b0c2 (0, 7)->(2, 6) 缈诲紑=鍗?鐢ㄦ椂 1.51s (score=6.428571428571431 depth=5)
[ 23] 绾?h6h3 (3, 7)->(6, 7)  鐢ㄦ椂 1.23s (score=64.57142857142857 depth=5)
[ 24] 榛?e2f3 (2, 4)->(3, 3)  鐢ㄦ椂 0.73s (score=-66.57142857142857 depth=5)
[ 25] 绾?h3g3 (6, 7)->(6, 6) 鍚?b璞?鐢ㄦ椂 1.00s (score=107.57142857142857 depth=6)
[ 26] 榛?c0e2 (0, 6)->(2, 4) 缈诲紑=鍗?鐢ㄦ椂 1.54s (score=-34.57142857142857 depth=5)
[ 27] 绾?g3e3 (6, 6)->(6, 4) 鍚?b璞?鐢ㄦ椂 0.98s (score=89.57142857142857 depth=6)
[ 28] 榛?h0g2 (0, 1)->(2, 2) 缈诲紑=鍗?鐢ㄦ椂 1.07s (score=-101 depth=5)
[ 29] 绾?e3a3 (6, 4)->(6, 0)  鐢ㄦ椂 0.76s (score=125 depth=5)
[ 30] 榛?i9i5 (9, 0)->(5, 0) 鍚?r鍏?鐢ㄦ椂 1.21s (score=-169 depth=6)
[ 31] 绾?c0a2 (9, 2)->(7, 0) 缈诲紑=鐐?鐢ㄦ椂 0.78s (score=131 depth=5)
[ 32] 榛?i5i7 (5, 0)->(7, 0) 鍚?r鐐?鐢ㄦ椂 1.02s (score=-110.42857142857142 depth=7)
[ 33] 绾?a3a9 (6, 0)->(0, 0) 鍚?b杌?鐢ㄦ椂 0.80s (score=199.625 depth=6)
[ 34] 榛?i7e7 (7, 0)->(7, 4) 鍚?r鐐?鐢ㄦ椂 1.41s (score=-34 depth=8)
[ 35] 绾?g0e2 (9, 6)->(7, 4) 缈诲紑=浠?鍚?b鐐?鐢ㄦ椂 0.77s (score=140 depth=7)
[ 36] 榛?e4e5 (4, 4)->(5, 4)  鐢ㄦ椂 1.27s (score=-38 depth=7)
[ 37] 绾?a9c9 (0, 0)->(0, 2) 鍚?b棣?鐢ㄦ椂 0.74s (score=77 depth=6)
[ 38] 榛?e5e6 (5, 4)->(6, 4)  鐢ㄦ椂 1.50s (score=38 depth=7)
[ 39] 绾?e2f1 (7, 4)->(8, 5)  鐢ㄦ椂 1.24s (score=1 depth=7)
[ 40] 榛?e2e3 (2, 4)->(3, 4)  鐢ㄦ椂 0.95s (score=17 depth=7)
[ 41] 绾?d0e1 (9, 3)->(8, 4) 缈诲紑=鍏?鐢ㄦ椂 0.70s (score=-3 depth=6)
[ 42] 榛?d0e1 (0, 5)->(1, 4) 缈诲紑=澹?鐢ㄦ椂 1.52s (score=-8 depth=7)
[ 43] 绾?e1e2 (8, 4)->(7, 4)  鐢ㄦ椂 0.99s (score=77 depth=7)
[ 44] 榛?e6d6 (6, 4)->(6, 5)  鐢ㄦ椂 0.72s (score=-54 depth=7)
[ 45] 绾?f0e1 (9, 5)->(8, 4) 缈诲紑=棣?鐢ㄦ椂 1.31s (score=57 depth=7)
[ 46] 榛?e3e4 (3, 4)->(4, 4)  鐢ㄦ椂 0.82s (score=-9 depth=7)
[ 47] 绾?g4g5 (5, 6)->(4, 6)  鐢ㄦ椂 1.52s (score=28 depth=7)
[ 48] 榛?e4e5 (4, 4)->(5, 4)  鐢ㄦ椂 1.54s (score=-4 depth=6)
[ 49] 绾?c2b3 (7, 2)->(6, 1)  鐢ㄦ椂 1.04s (score=23 depth=6)
[ 50] 榛?e5f5 (5, 4)->(5, 3)  鐢ㄦ椂 1.05s (score=-19 depth=6)
[ 51] 绾?e1c2 (8, 4)->(7, 2)  鐢ㄦ椂 0.84s (score=1 depth=6)
[ 52] 榛?f5f6 (5, 3)->(6, 3)  鐢ㄦ椂 1.07s (score=0 depth=7)
[ 53] 绾?c2d4 (7, 2)->(5, 3)  鐢ㄦ椂 0.89s (score=12 depth=6)
[ 54] 榛?f6f7 (6, 3)->(7, 3)  鐢ㄦ椂 1.48s (score=-14 depth=7)
[ 55] 绾?d4f3 (5, 3)->(6, 5) 鍚?b鍗?鐢ㄦ椂 1.01s (score=46 depth=6)
[ 56] 榛?f7f8 (7, 3)->(8, 3)  鐢ㄦ椂 1.50s (score=-14 depth=7)
[ 57] 绾?h0f2 (9, 7)->(7, 5)  鐢ㄦ椂 1.19s (score=37 depth=6)
[ 58] 榛?f3e2 (3, 3)->(2, 4)  鐢ㄦ椂 0.88s (score=-33 depth=6)
[ 59] 绾?c9a9 (0, 2)->(0, 0)  鐢ㄦ椂 1.27s (score=44 depth=6)
[ 60] 榛?f8g8 (8, 3)->(8, 2)  鐢ㄦ椂 1.41s (score=-62 depth=6)
[ 61] 绾?a9a1 (0, 0)->(8, 0)  鐢ㄦ椂 1.52s (score=50 depth=5)
[ 62] 榛?g8g9 (8, 2)->(9, 2)  鐢ㄦ椂 0.97s (score=-89 depth=6)
[ 63] 绾?a1a0 (8, 0)->(9, 0)  鐢ㄦ椂 0.83s (score=66 depth=5)
[ 64] 榛?e1d0 (1, 4)->(0, 5)  鐢ㄦ椂 1.11s (score=-91 depth=6)
[ 65] 绾?g5h5 (4, 6)->(4, 7)  鐢ㄦ椂 0.90s (score=69 depth=5)
[ 66] 榛?g2g3 (2, 2)->(3, 2)  鐢ㄦ椂 0.71s (score=-64 depth=5)
[ 67] 绾?e2e3 (7, 4)->(6, 4)  鐢ㄦ椂 1.56s (score=58 depth=5)
[ 68] 榛?c2c3 (2, 6)->(3, 6)  鐢ㄦ椂 0.68s (score=-64 depth=5)
[ 69] 绾?a0c0 (9, 0)->(9, 2) 鍚?b鍗?鐢ㄦ椂 1.53s (score=60 depth=5)
[ 70] 榛?e2d3 (2, 4)->(3, 5)  鐢ㄦ椂 0.76s (score=-11 depth=6)
[ 71] 绾?c0d0 (9, 2)->(9, 3)  鐢ㄦ椂 1.50s (score=28 depth=6)
[ 72] 榛?c3c4 (3, 6)->(4, 6)  鐢ㄦ椂 1.53s (score=2 depth=6)
[ 73] 绾?d0d6 (9, 3)->(3, 3)  鐢ㄦ椂 1.55s (score=12 depth=5)
[ 74] 榛?d3e2 (3, 5)->(2, 4)  鐢ㄦ椂 1.56s (score=-2 depth=6)
[ 75] 绾?d6e6 (3, 3)->(3, 4)  鐢ㄦ椂 1.55s (score=3 depth=5)
[ 76] 榛?f0e1 (0, 3)->(1, 4) 缈诲紑=鐐?鐢ㄦ椂 0.70s (score=-43 depth=6)
[ 77] 绾?e6e7 (3, 4)->(2, 4) 鍚?b澹?鐢ㄦ椂 0.85s (score=74 depth=6)
[ 78] 榛?c4c5 (4, 6)->(5, 6)  鐢ㄦ椂 1.58s (score=-7 depth=7)
[ 79] 绾?f3e5 (6, 5)->(4, 4)  鐢ㄦ椂 1.15s (score=24 depth=6)
[ 80] 榛?c5d5 (5, 6)->(5, 5)  鐢ㄦ椂 0.79s (score=-11 depth=6)
[ 81] 绾?e0d0 (9, 4)->(9, 3)  鐢ㄦ椂 1.32s (score=143 depth=6)
[ 82] 榛?d0c1 (0, 5)->(1, 6)  鐢ㄦ椂 1.26s (score=-200 depth=8)
[ 83] 绾?e5d7 (4, 4)->(2, 3)  鐢ㄦ椂 1.02s (score=171 depth=6)
[ 84] 榛?e0f0 (0, 4)->(0, 3)  鐢ㄦ椂 1.51s (score=-190 depth=8)
[ 85] 绾?e7e8 (2, 4)->(1, 4) 鍚?b鐐?鐢ㄦ椂 1.57s (score=180 depth=7)
[ 86] 榛?c1d2 (1, 6)->(2, 5)  鐢ㄦ椂 1.52s (score=-18 depth=7)
[ 87] 绾?e8f8 (1, 4)->(1, 5)  鐢ㄦ椂 0.61s (score=23 depth=6)
[ 88] 榛?d2e3 (2, 5)->(3, 4)  鐢ㄦ椂 0.84s (score=-27 depth=8)
[ 89] 绾?f8f9 (1, 5)->(0, 5)  鐢ㄦ椂 0.66s (score=27 depth=6)
[ 90] 榛?f0f1 (0, 3)->(1, 3)  鐢ㄦ椂 0.72s (score=0 depth=8)
[ 91] 绾?f9f8 (0, 5)->(1, 5)  鐢ㄦ椂 0.63s (score=-27 depth=6)
[ 92] 榛?f1f0 (1, 3)->(0, 3)  鐢ㄦ椂 0.72s (score=0 depth=8)
[ 93] 绾?f8f9 (1, 5)->(0, 5)  鐢ㄦ椂 0.64s (score=27 depth=6)
[ 94] 榛?f0f1 (0, 3)->(1, 3)  鐢ㄦ椂 0.70s (score=0 depth=8)
[ 95] 绾?f9f4 (0, 5)->(5, 5) 鍚?b鍗?鐢ㄦ椂 0.64s (score=28 depth=-2)
[ 96] 榛?e3f2 (3, 4)->(2, 3) 鍚?r棣?鐢ㄦ椂 1.53s (score=43 depth=7)
[ 97] 绾?f4f7 (5, 5)->(2, 5)  鐢ㄦ椂 0.82s (score=99 depth=6)
[ 98] 榛?f1e1 (1, 3)->(1, 4)  鐢ㄦ椂 0.72s (score=-121 depth=7)
[ 99] 绾?f7d7 (2, 5)->(2, 3) 鍚?b澹?鐢ㄦ椂 0.92s (score=131 depth=6)
[100] 榛?e1e0 (1, 4)->(0, 4)  鐢ㄦ椂 1.45s (score=-41 depth=8)
[101] 绾?b3a4 (6, 1)->(5, 0)  鐢ㄦ椂 1.19s (score=60 depth=6)
[102] 榛?e0d0 (0, 4)->(0, 5)  鐢ㄦ椂 1.39s (score=-81 depth=8)
[103] 绾?e3e4 (6, 4)->(5, 4)  鐢ㄦ椂 1.17s (score=62 depth=6)
[104] 榛?d0d1 (0, 5)->(1, 5)  鐢ㄦ椂 0.75s (score=-68 depth=7)
[105] 绾?e4e5 (5, 4)->(4, 4)  鐢ㄦ椂 1.01s (score=40 depth=6)
[106] 榛?d1d0 (1, 5)->(0, 5)  鐢ㄦ椂 0.87s (score=-69 depth=7)
[107] 绾?e5e6 (4, 4)->(3, 4)  鐢ㄦ椂 1.24s (score=89 depth=6)
[108] 榛?d0d1 (0, 5)->(1, 5)  鐢ㄦ椂 0.79s (score=-95 depth=7)
[109] 绾?e6e7 (3, 4)->(2, 4)  鐢ㄦ椂 1.44s (score=75 depth=6)
[110] 榛?g3g4 (3, 2)->(4, 2)  鐢ㄦ椂 0.31s (score=-3696 depth=12)
[111] 绾?e7f7 (2, 4)->(2, 5)  鐢ㄦ椂 0.11s (score=3696 depth=12)
[112] 榛?d1d0 (1, 5)->(0, 5)  鐢ㄦ椂 0.04s (score=-3696 depth=12)
[113] 绾?d7d9 (2, 3)->(0, 3)  鐢ㄦ椂 0.01s (score=3696 depth=12)
[114] 榛?g4g5 (4, 2)->(5, 2) 鍚?r鍏?鐢ㄦ椂 0.01s (score=-3696 depth=12)
[115] 绾?d9f9 (0, 3)->(0, 5) 鍚?b灏?鐢ㄦ椂 0.00s (score=3696 depth=12)

========================================================
瀵瑰眬缁撴灉
========================================================
鑳滆€? pypy (绾㈡柟)
鍘熷洜: 绗?115 鐫€鍚冩帀 灏? 鑾疯儨
鎬绘鏁? 115 鐫€, 鍏ㄥ眬澧欓挓 121.7s

鍙屾柟鐢ㄦ椂:
  pypy  (绾㈡柟):  58 鐫€  鎬荤敤鏃?   59.9s  骞冲潎  1.03s  鏈€闀?  1.57s
  pypy510 (榛戞柟):  57 鐫€  鎬荤敤鏃?   61.6s  骞冲潎  1.08s  鏈€闀?  1.58s

[*] 妫嬭氨宸蹭繚瀛? C:\Users\yimingwang218185\Desktop\jieqi_ai\tools\games\game_20260823_231205.json / .txt

缁堝眬妫嬬洏 (绾㈡柟鍦ㄤ笅):
    0 1 2 3 4 5 6 7 8
 0 | 路 路 路 路 路 r杌?路 路 路
 1 | 路 路 路 路 路 路 路 路 路
 2 | 路 路 路 路 路 r鍏?路 路 路
 3 | 路 路 路 路 路 路 路 路 路
 4 | 路 路 路 路 路 路 路 r鍏?路
 5 | r浠?路 b鍗?路 路 路 路 路 r鐩?
 6 | 路 路 路 路 路 路 路 路 路
 7 | 路 路 路 路 路 r鐩?路 路 路
 8 | 路 路 路 路 路 r浠?路 路 路
 9 | 路 路 路 r甯?路 路 路 路 路
