[*] 瑁佸垽鍚姩: pypy 鎵х孩鍏堣(姣忕潃 1.5s) vs pypy510 鎵ч粦(姣忕潃 1.5s), 闅忔満绉嶅瓙 20260988
[engine_server] 灏辩华 (PyPy 3.11.13, engine=jieqi_engine)
[engine_server] 棰勭儹瀹屾垚
[engine_server] 灏辩华 (PyPy 3.11.13, engine=jieqi_engine_v510)
[engine_server] 棰勭儹瀹屾垚
[+] 寮曟搸瀛愯繘绋嬪氨缁?(PyPy: pypy3.EXE)
[+] 寮曟搸瀛愯繘绋嬪氨缁?(PyPy: pypy3.EXE)
[*] 绾㈡柟寮曟搸: pypy (miaosiSari 鍘熺増, alpha-beta)
[*] 榛戞柟寮曟搸: pypy510 (v5.10 鍩虹嚎, U鍐荤粨鏈慨)
[  1] 绾?e3e4 (6, 4)->(5, 4) 缈诲紑=鍏?鐢ㄦ椂 1.30s (score=35 depth=4)
[  2] 榛?b2b9 (2, 7)->(9, 7) 缈诲紑=鍗?鍚?r杌?鐢ㄦ椂 1.52s (score=18.14285714285714 depth=4)
[  3] 绾?b2b6 (7, 1)->(3, 1) 缈诲紑=鐐?鐢ㄦ椂 1.53s (score=96 depth=4)
[  4] 榛?g3g4 (3, 2)->(4, 2) 缈诲紑=璞?鐢ㄦ椂 0.87s (score=66.0 depth=5)
[  5] 绾?b6g6 (3, 1)->(3, 6) 鍚?b澹?鐢ㄦ椂 1.24s (score=79.30769230769232 depth=5)
[  6] 榛?b9a9 (9, 7)->(9, 8) 鍚?r鍏?鐢ㄦ椂 0.71s (score=90.6923076923077 depth=5)
[  7] 绾?h2e2 (7, 7)->(7, 4) 缈诲紑=鍏?鐢ㄦ椂 1.42s (score=64 depth=5)
[  8] 榛?i3i4 (3, 0)->(4, 0) 缈诲紑=鍗?鐢ㄦ椂 1.52s (score=70 depth=5)
[  9] 绾?c3c4 (6, 2)->(5, 2) 缈诲紑=棣?鐢ㄦ椂 1.53s (score=-27 depth=5)
[ 10] 榛?a3a4 (3, 8)->(4, 8) 缈诲紑=鍗?鐢ㄦ椂 1.52s (score=58 depth=5)
[ 11] 绾?g3g4 (6, 6)->(5, 6) 缈诲紑=棣?鐢ㄦ椂 0.74s (score=-70.18181818181819 depth=5)
[ 12] 榛?d0e1 (0, 5)->(1, 4) 缈诲紑=澹?鐢ㄦ椂 1.06s (score=59.54545454545455 depth=5)
[ 13] 绾?g4f6 (5, 6)->(3, 5)  鐢ㄦ椂 1.18s (score=36.0 depth=6)
[ 14] 榛?c0e2 (0, 6)->(2, 4) 缈诲紑=棣?鐢ㄦ椂 1.54s (score=-5.0 depth=5)
[ 15] 绾?g6e6 (3, 6)->(3, 4) 鍚?b璞?鐢ㄦ椂 0.84s (score=61 depth=5)
[ 16] 榛?h2h8 (2, 1)->(8, 1) 缈诲紑=棣?鐢ㄦ椂 1.34s (score=25.0 depth=5)
[ 17] 绾?e6e5 (3, 4)->(4, 4)  鐢ㄦ椂 1.54s (score=46.25 depth=5)
[ 18] 榛?h0g2 (0, 1)->(2, 2) 缈诲紑=杌?鐢ㄦ椂 0.84s (score=-41.0 depth=5)
[ 19] 绾?a3a4 (6, 0)->(5, 0) 缈诲紑=浠?鐢ㄦ椂 1.51s (score=43.42857142857143 depth=5)
[ 20] 榛?b0d1 (0, 7)->(1, 5) 缈诲紑=杌?鐢ㄦ椂 1.30s (score=-21.33333333333333 depth=5)
[ 21] 绾?f6h7 (3, 5)->(2, 7)  鐢ㄦ椂 1.54s (score=33 depth=5)
[ 22] 榛?d1d0 (1, 5)->(0, 5)  鐢ㄦ椂 0.67s (score=-86.33333333333333 depth=4)
[ 23] 绾?h7i9 (2, 7)->(0, 8) 鍚?b鍗?鐢ㄦ椂 1.50s (score=71.33333333333331 depth=5)
[ 24] 榛?i4i5 (4, 0)->(5, 0) 鍚?r浠?鐢ㄦ椂 1.54s (score=74 depth=5)
[ 25] 绾?i9g8 (0, 8)->(1, 6)  鐢ㄦ椂 0.72s (score=10 depth=5)
[ 26] 榛?d0d1 (0, 5)->(1, 5)  鐢ㄦ椂 1.53s (score=21.0 depth=6)
[ 27] 绾?g8i7 (1, 6)->(2, 8)  鐢ㄦ椂 1.32s (score=-1 depth=5)
[ 28] 榛?g2f2 (2, 2)->(2, 3)  鐢ㄦ椂 1.51s (score=141 depth=5)
[ 29] 绾?d0e1 (9, 3)->(8, 4) 缈诲紑=鍏?鐢ㄦ椂 0.76s (score=70.0 depth=5)
[ 30] 榛?f2f9 (2, 3)->(9, 3)  鐢ㄦ椂 0.04s (score=3696 depth=12)
[ 31] 绾?e0d0 (9, 4)->(9, 3) 鍚?b杌?鐢ㄦ椂 0.02s (score=-3696 depth=12)
[ 32] 榛?h8f9 (8, 1)->(9, 3) 鍚?r甯?鐢ㄦ椂 0.00s (score=3696 depth=12)

========================================================
瀵瑰眬缁撴灉
========================================================
鑳滆€? pypy510 (榛戞柟)
鍘熷洜: 绗?32 鐫€鍚冩帀 甯? 鑾疯儨
鎬绘鏁? 32 鐫€, 鍏ㄥ眬澧欓挓 36.3s

鍙屾柟鐢ㄦ椂:
  pypy  (绾㈡柟):  16 鐫€  鎬荤敤鏃?   18.7s  骞冲潎  1.17s  鏈€闀?  1.54s
  pypy510 (榛戞柟):  16 鐫€  鎬荤敤鏃?   17.5s  骞冲潎  1.09s  鏈€闀?  1.54s

[*] 妫嬭氨宸蹭繚瀛? C:\Users\yimingwang218185\Desktop\jieqi_ai\tools\games\game_20260823_232211.json / .txt

缁堝眬妫嬬洏 (绾㈡柟鍦ㄤ笅):
    0 1 2 3 4 5 6 7 8
 0 | b? 路 b? b? b灏?路 路 路 路
 1 | 路 路 路 路 b澹?b杌?路 路 路
 2 | 路 路 路 路 b棣?路 路 路 r棣?
 3 | 路 路 路 路 路 路 路 路 路
 4 | 路 路 b璞?路 r鐐?路 路 路 b鍗?
 5 | b鍗?路 r棣?路 r鍏?路 路 路 路
 6 | 路 路 路 路 路 路 路 路 r?
 7 | 路 路 路 路 r鍏?路 路 路 路
 8 | 路 路 路 路 r鍏?路 路 路 路
 9 | r? r? r? b棣?路 r? r? 路 b鍗?
