[*] 瑁佸垽鍚姩: pypy510 鎵х孩鍏堣(姣忕潃 1.5s) vs pypy 鎵ч粦(姣忕潃 1.5s), 闅忔満绉嶅瓙 20260983
[engine_server] 灏辩华 (PyPy 3.11.13, engine=jieqi_engine_v510)
[engine_server] 棰勭儹瀹屾垚
[engine_server] 灏辩华 (PyPy 3.11.13, engine=jieqi_engine)
[engine_server] 棰勭儹瀹屾垚
[+] 寮曟搸瀛愯繘绋嬪氨缁?(PyPy: pypy3.EXE)
[+] 寮曟搸瀛愯繘绋嬪氨缁?(PyPy: pypy3.EXE)
[*] 绾㈡柟寮曟搸: pypy510 (v5.10 鍩虹嚎, U鍐荤粨鏈慨)
[*] 榛戞柟寮曟搸: pypy (miaosiSari 鍘熺増, alpha-beta)
[  1] 绾?e3e4 (6, 4)->(5, 4) 缈诲紑=鐩?鐢ㄦ椂 1.37s (score=78 depth=5)
[  2] 榛?b2e2 (2, 7)->(2, 4) 缈诲紑=棣?鐢ㄦ椂 1.02s (score=20 depth=4)
[  3] 绾?a3a4 (6, 0)->(5, 0) 缈诲紑=鍏?鐢ㄦ椂 1.14s (score=57.0 depth=5)
[  4] 榛?e3e4 (3, 4)->(4, 4) 缈诲紑=鍗?鐢ㄦ椂 0.82s (score=21 depth=5)
[  5] 绾?b2b9 (7, 1)->(0, 1) 缈诲紑=鍏?鍚?b鍗?鐢ㄦ椂 1.52s (score=16.0 depth=5)
[  6] 榛?e4e5 (4, 4)->(5, 4) 鍚?r鐩?鐢ㄦ椂 1.11s (score=25.0 depth=5)
[  7] 绾?h2h8 (7, 7)->(1, 7) 缈诲紑=杌?鐢ㄦ椂 1.53s (score=65.6923076923077 depth=5)
[  8] 榛?i0h0 (0, 0)->(0, 1) 缈诲紑=澹?鍚?r鍏?鐢ㄦ椂 0.94s (score=75.25 depth=5)
[  9] 绾?i3i4 (6, 8)->(5, 8) 缈诲紑=鐩?鐢ㄦ椂 1.54s (score=58 depth=5)
[ 10] 榛?c3c4 (3, 6)->(4, 6) 缈诲紑=鍗?鐢ㄦ椂 0.70s (score=65 depth=5)
[ 11] 绾?h8b8 (1, 7)->(1, 1)  鐢ㄦ椂 1.41s (score=37 depth=6)
[ 12] 榛?h0g1 (0, 1)->(1, 2)  鐢ㄦ椂 1.55s (score=14 depth=5)
[ 13] 绾?c3c4 (6, 2)->(5, 2) 缈诲紑=鐐?鐢ㄦ椂 1.43s (score=22.22727272727272 depth=6)
[ 14] 榛?g3g4 (3, 2)->(4, 2) 缈诲紑=杌?鐢ㄦ椂 1.48s (score=46 depth=6)
[ 15] 绾?c4c8 (5, 2)->(1, 2) 鍚?b澹?鐢ㄦ椂 1.54s (score=2 depth=5)
[ 16] 榛?g4g1 (4, 2)->(1, 2) 鍚?r鐐?鐢ㄦ椂 0.83s (score=138 depth=5)
[ 17] 绾?b8c8 (1, 1)->(1, 2) 鍚?b杌?鐢ㄦ椂 0.71s (score=17 depth=6)
[ 18] 榛?e2g1 (2, 4)->(1, 2) 鍚?r杌?鐢ㄦ椂 1.50s (score=381 depth=6)
[ 19] 绾?g0e2 (9, 6)->(7, 4) 缈诲紑=鍏?鐢ㄦ椂 1.29s (score=-18.5 depth=6)
[ 20] 榛?h2e2 (2, 1)->(2, 4) 缈诲紑=鐐?鐢ㄦ椂 0.92s (score=153 depth=6)
[ 21] 绾?f0e1 (9, 5)->(8, 4) 缈诲紑=鍏?鐢ㄦ椂 0.76s (score=-51 depth=6)
[ 22] 榛?a3a4 (3, 8)->(4, 8) 缈诲紑=杌?鐢ㄦ椂 1.54s (score=166.63636363636363 depth=5)
[ 23] 绾?h0f1 (9, 7)->(8, 5) 缈诲紑=杌?鐢ㄦ椂 1.11s (score=-52.90909090909091 depth=6)
[ 24] 榛?a0a1 (0, 8)->(1, 8) 缈诲紑=澹?鐢ㄦ椂 1.08s (score=131.0 depth=5)
[ 25] 绾?e0f0 (9, 4)->(9, 5)  鐢ㄦ椂 1.10s (score=32 depth=6)
[ 26] 榛?b0c2 (0, 7)->(2, 6) 缈诲紑=鐐?鐢ㄦ椂 1.52s (score=88.66666666666669 depth=5)
[ 27] 绾?f1f9 (8, 5)->(0, 5) 鍚?b鍗?鐢ㄦ椂 1.44s (score=289.5 depth=8)
[ 28] 榛?e0e1 (0, 4)->(1, 4)  鐢ㄦ椂 0.95s (score=-280.5 depth=8)
[ 29] 绾?i4g6 (5, 8)->(3, 6)  鐢ㄦ椂 0.99s (score=233.5 depth=7)
[ 30] 榛?c2d2 (2, 6)->(2, 5)  鐢ㄦ椂 0.93s (score=-270.5 depth=7)
[ 31] 绾?i0i5 (9, 8)->(4, 8) 缈诲紑=棣?鍚?b杌?鐢ㄦ椂 0.87s (score=264.5 depth=7)
[ 32] 榛?g1f3 (1, 2)->(3, 3)  鐢ㄦ椂 1.11s (score=14 depth=6)
[ 33] 绾?f0e0 (9, 5)->(9, 4)  鐢ㄦ椂 1.45s (score=13 depth=6)
[ 34] 榛?c0a2 (0, 6)->(2, 8) 缈诲紑=璞?鐢ㄦ椂 0.67s (score=-5 depth=5)
[ 35] 绾?g6i8 (3, 6)->(1, 8) 鍚?b澹?鐢ㄦ椂 1.12s (score=56 depth=6)
[ 36] 榛?e5f5 (5, 4)->(5, 3)  鐢ㄦ椂 1.52s (score=2 depth=5)
[ 37] 绾?i5g6 (4, 8)->(3, 6)  鐢ㄦ椂 1.52s (score=40 depth=6)
[ 38] 榛?f3e5 (3, 3)->(5, 4)  鐢ㄦ椂 0.98s (score=13 depth=6)
[ 39] 绾?f9f7 (0, 5)->(2, 5) 鍚?b鐐?鐢ㄦ椂 0.80s (score=29 depth=6)
[ 40] 榛?e5f7 (5, 4)->(7, 3)  鐢ㄦ椂 0.75s (score=52.0 depth=6)
[ 41] 绾?e0f0 (9, 4)->(9, 5)  鐢ㄦ椂 1.12s (score=23 depth=7)
[ 42] 榛?f7g9 (7, 3)->(9, 2) 鍚?r浠?鐢ㄦ椂 1.52s (score=15 depth=5)
[ 43] 绾?f7f8 (2, 5)->(1, 5)  鐢ㄦ椂 1.09s (score=90 depth=7)
[ 44] 榛?e1e0 (1, 4)->(0, 4)  鐢ㄦ椂 1.02s (score=-154 depth=8)
[ 45] 绾?g6e5 (3, 6)->(4, 4)  鐢ㄦ椂 0.70s (score=134.0 depth=6)
[ 46] 榛?f0e1 (0, 3)->(1, 4) 缈诲紑=鍗?鐢ㄦ椂 0.82s (score=-25 depth=6)
[ 47] 绾?f8f9 (1, 5)->(0, 5)  鐢ㄦ椂 0.01s (score=3696 depth=12)
[ 48] 榛?e0d0 (0, 4)->(0, 5) 鍚?r杌?鐢ㄦ椂 0.02s (score=-3696 depth=12)
[ 49] 绾?f0f9 (9, 5)->(0, 5) 鍚?b灏?鐢ㄦ椂 0.00s (score=3696 depth=12)

========================================================
瀵瑰眬缁撴灉
========================================================
鑳滆€? pypy510 (绾㈡柟)
鍘熷洜: 绗?49 鐫€鍚冩帀 灏? 鑾疯儨
鎬绘鏁? 49 鐫€, 鍏ㄥ眬澧欓挓 53.0s

鍙屾柟鐢ㄦ椂:
  pypy510 (绾㈡柟):  25 鐫€  鎬荤敤鏃?   27.6s  骞冲潎  1.10s  鏈€闀?  1.54s
  pypy  (榛戞柟):  24 鐫€  鎬荤敤鏃?   25.3s  骞冲潎  1.05s  鏈€闀?  1.55s

[*] 妫嬭氨宸蹭繚瀛? C:\Users\yimingwang218185\Desktop\jieqi_ai\tools\games\game_20260823_231652.json / .txt

缁堝眬妫嬬洏 (绾㈡柟鍦ㄤ笅):
    0 1 2 3 4 5 6 7 8
 0 | 路 路 b? 路 路 r甯?路 路 路
 1 | 路 路 路 路 b鍗?路 路 路 r鐩?
 2 | 路 路 路 路 b鐐?路 路 路 b璞?
 3 | b? 路 路 路 路 路 路 路 路
 4 | 路 路 路 路 r棣?路 b鍗?路 路
 5 | r鍏?路 路 b鍗?路 路 路 路 路
 6 | 路 路 路 路 路 路 r? 路 路
 7 | 路 路 路 路 r鍏?路 路 路 路
 8 | 路 路 路 路 r鍏?路 路 路 路
 9 | r? r? b棣?r? 路 路 路 路 路
