[*] 瑁佸垽鍚姩: pypy510 鎵х孩鍏堣(姣忕潃 1.5s) vs pypy 鎵ч粦(姣忕潃 1.5s), 闅忔満绉嶅瓙 20260989
[engine_server] 灏辩华 (PyPy 3.11.13, engine=jieqi_engine_v510)
[engine_server] 棰勭儹瀹屾垚
[engine_server] 灏辩华 (PyPy 3.11.13, engine=jieqi_engine)
[engine_server] 棰勭儹瀹屾垚
[+] 寮曟搸瀛愯繘绋嬪氨缁?(PyPy: pypy3.EXE)
[+] 寮曟搸瀛愯繘绋嬪氨缁?(PyPy: pypy3.EXE)
[*] 绾㈡柟寮曟搸: pypy510 (v5.10 鍩虹嚎, U鍐荤粨鏈慨)
[*] 榛戞柟寮曟搸: pypy (miaosiSari 鍘熺増, alpha-beta)
[  1] 绾?e3e4 (6, 4)->(5, 4) 缈诲紑=鐩?鐢ㄦ椂 1.54s (score=23.0 depth=4)
[  2] 榛?b2e2 (2, 7)->(2, 4) 缈诲紑=鍗?鐢ㄦ椂 1.01s (score=20 depth=4)
[  3] 绾?b2b9 (7, 1)->(0, 1) 缈诲紑=杌?鍚?b棣?鐢ㄦ椂 1.52s (score=80 depth=4)
[  4] 榛?i0h0 (0, 0)->(0, 1) 缈诲紑=璞?鍚?r杌?鐢ㄦ椂 1.53s (score=183.0 depth=5)
[  5] 绾?c3c4 (6, 2)->(5, 2) 缈诲紑=鐩?鐢ㄦ椂 0.92s (score=84 depth=5)
[  6] 榛?e3e4 (3, 4)->(4, 4) 缈诲紑=鍗?鐢ㄦ椂 1.21s (score=-16 depth=5)
[  7] 绾?e4g6 (5, 4)->(3, 6) 鍚?b鐐?鐢ㄦ椂 1.55s (score=90 depth=5)
[  8] 榛?i3i4 (3, 0)->(4, 0) 缈诲紑=杌?鐢ㄦ椂 1.51s (score=43 depth=5)
[  9] 绾?h2h6 (7, 7)->(3, 7) 缈诲紑=杌?鐢ㄦ椂 1.18s (score=56 depth=5)
[ 10] 榛?a3a4 (3, 8)->(4, 8) 缈诲紑=璞?鐢ㄦ椂 0.79s (score=80 depth=5)
[ 11] 绾?g3g4 (6, 6)->(5, 6) 缈诲紑=浠?鐢ㄦ椂 1.52s (score=17 depth=5)
[ 12] 榛?g3g4 (3, 2)->(4, 2) 缈诲紑=棣?鐢ㄦ椂 0.75s (score=51 depth=5)
[ 13] 绾?i3i4 (6, 8)->(5, 8) 缈诲紑=浠?鐢ㄦ椂 1.09s (score=21 depth=5)
[ 14] 榛?h2h3 (2, 1)->(3, 1) 缈诲紑=鍗?鐢ㄦ椂 1.53s (score=45 depth=4)
[ 15] 绾?c0e2 (9, 2)->(7, 4) 缈诲紑=鍏?鐢ㄦ椂 1.22s (score=12 depth=5)
[ 16] 榛?g0i2 (0, 2)->(2, 0) 缈诲紑=澹?鐢ㄦ椂 1.11s (score=51 depth=5)
[ 17] 绾?b0c2 (9, 1)->(7, 2) 缈诲紑=鐐?鐢ㄦ椂 0.88s (score=13 depth=5)
[ 18] 榛?b0a2 (0, 7)->(2, 8) 缈诲紑=杌?鐢ㄦ椂 1.18s (score=8 depth=5)
[ 19] 绾?c2c5 (7, 2)->(4, 2) 鍚?b棣?鐢ㄦ椂 0.90s (score=48 depth=5)
[ 20] 榛?i4g4 (4, 0)->(4, 2) 鍚?r鐐?鐢ㄦ椂 0.96s (score=89 depth=6)
[ 21] 绾?h0g2 (9, 7)->(7, 6) 缈诲紑=棣?鐢ㄦ椂 1.34s (score=26 depth=5)
[ 22] 榛?g4g5 (4, 2)->(5, 2) 鍚?r鐩?鐢ㄦ椂 1.51s (score=-8.375 depth=5)
[ 23] 绾?g4h5 (5, 6)->(4, 7)  鐢ㄦ椂 0.85s (score=48 depth=5)
[ 24] 榛?d0e1 (0, 5)->(1, 4) 缈诲紑=鐐?鐢ㄦ椂 1.56s (score=-20 depth=5)
[ 25] 绾?g6e8 (3, 6)->(1, 4) 鍚?b鐐?鐢ㄦ椂 1.53s (score=91 depth=6)
[ 26] 榛?f0e1 (0, 3)->(1, 4) 缈诲紑=鍗?鍚?r鐩?鐢ㄦ椂 1.53s (score=47 depth=5)
[ 27] 绾?g0i2 (9, 6)->(7, 8) 缈诲紑=鐐?鐢ㄦ椂 0.99s (score=74 depth=5)
[ 28] 榛?a2c2 (2, 8)->(2, 6)  鐢ㄦ椂 0.72s (score=-35 depth=5)
[ 29] 绾?g2e3 (7, 6)->(6, 4)  鐢ㄦ椂 1.31s (score=42 depth=6)
[ 30] 榛?g5e5 (5, 2)->(5, 4)  鐢ㄦ椂 0.88s (score=-45 depth=5)
[ 31] 绾?h6c6 (3, 7)->(3, 2)  鐢ㄦ椂 1.02s (score=77 depth=5)
[ 32] 榛?e5f5 (5, 4)->(5, 3)  鐢ㄦ椂 0.93s (score=-86 depth=5)
[ 33] 绾?c6c9 (3, 2)->(0, 2)  鐢ㄦ椂 1.53s (score=110 depth=5)
[ 34] 榛?f5f0 (5, 3)->(0, 3)  鐢ㄦ椂 1.22s (score=-71 depth=8)
[ 35] 绾?c9d9 (0, 2)->(0, 3) 鍚?b杌?鐢ㄦ椂 0.66s (score=45.33333333333334 depth=6)
[ 36] 榛?e0f0 (0, 4)->(0, 3) 鍚?r杌?鐢ㄦ椂 1.45s (score=276.2857142857143 depth=7)
[ 37] 绾?a3a4 (6, 0)->(5, 0) 缈诲紑=棣?鐢ㄦ椂 1.53s (score=66 depth=5)
[ 38] 榛?e4e5 (4, 4)->(5, 4)  鐢ㄦ椂 1.52s (score=19.14285714285714 depth=5)
[ 39] 绾?e3g4 (6, 4)->(5, 6)  鐢ㄦ椂 0.69s (score=-5.666666666666671 depth=5)
[ 40] 榛?c0a2 (0, 6)->(2, 8) 缈诲紑=澹?鐢ㄦ椂 1.54s (score=0 depth=5)
[ 41] 绾?a4c5 (5, 0)->(4, 2)  鐢ㄦ椂 1.52s (score=59.33333333333333 depth=5)
[ 42] 榛?e5d5 (5, 4)->(5, 5)  鐢ㄦ椂 1.52s (score=-37.0 depth=5)
[ 43] 绾?g4f6 (5, 6)->(3, 5)  鐢ㄦ椂 1.55s (score=50.83333333333333 depth=5)
[ 44] 榛?a0d0 (0, 8)->(0, 5) 缈诲紑=鍗?鐢ㄦ椂 1.55s (score=1.6666666666666714 depth=5)
[ 45] 绾?a0a7 (9, 0)->(2, 0) 缈诲紑=鍏?鍚?b澹?鐢ㄦ椂 1.50s (score=72.0 depth=5)
[ 46] 榛?c2d2 (2, 6)->(2, 5)  鐢ㄦ椂 1.33s (score=0 depth=6)
[ 47] 绾?f6d5 (3, 5)->(4, 3)  鐢ㄦ椂 0.74s (score=16 depth=6)
[ 48] 榛?a4c6 (4, 8)->(6, 6)  鐢ㄦ椂 1.21s (score=-42 depth=6)
[ 49] 绾?h5g6 (4, 7)->(3, 6)  鐢ㄦ椂 1.09s (score=37 depth=6)
[ 50] 榛?d2c2 (2, 5)->(2, 6)  鐢ㄦ椂 1.31s (score=-47 depth=7)
[ 51] 绾?d5f4 (4, 3)->(5, 5) 鍚?b鍗?鐢ㄦ椂 0.92s (score=23 depth=6)
[ 52] 榛?a2b3 (2, 8)->(3, 7)  鐢ㄦ椂 1.21s (score=-14.0 depth=6)
[ 53] 绾?i4h5 (5, 8)->(4, 7)  鐢ㄦ椂 1.07s (score=14 depth=6)
[ 54] 榛?c2a2 (2, 6)->(2, 8)  鐢ㄦ椂 0.60s (score=-13 depth=5)
[ 55] 绾?d0e1 (9, 3)->(8, 4) 缈诲紑=鍏?鐢ㄦ椂 1.52s (score=18 depth=5)
[ 56] 榛?e2e3 (2, 4)->(3, 4)  鐢ㄦ椂 1.39s (score=11 depth=6)
[ 57] 绾?a7a8 (2, 0)->(1, 0)  鐢ㄦ椂 1.51s (score=-2 depth=5)
[ 58] 榛?h3h4 (3, 1)->(4, 1)  鐢ㄦ椂 0.72s (score=17.0 depth=5)
[ 59] 绾?e2e3 (7, 4)->(6, 4)  鐢ㄦ椂 1.53s (score=4 depth=5)
[ 60] 榛?h4h5 (4, 1)->(5, 1)  鐢ㄦ椂 0.89s (score=13 depth=5)
[ 61] 绾?i2d2 (7, 8)->(7, 3)  鐢ㄦ椂 0.91s (score=201.0 depth=4)
[ 62] 榛?f0e0 (0, 3)->(0, 4)  鐢ㄦ椂 1.08s (score=-39.0 depth=6)
[ 63] 绾?i0i7 (9, 8)->(2, 8) 缈诲紑=鍏?鍚?b杌?鐢ㄦ椂 0.92s (score=270.0 depth=6)
[ 64] 榛?e1e2 (1, 4)->(2, 4)  鐢ㄦ椂 1.47s (score=-17 depth=6)
[ 65] 绾?d2e2 (7, 3)->(7, 4)  鐢ㄦ椂 1.51s (score=53 depth=5)
[ 66] 榛?b3a2 (3, 7)->(2, 8) 鍚?r鍏?鐢ㄦ椂 1.49s (score=-45 depth=7)
[ 67] 绾?g6h7 (3, 6)->(2, 7)  鐢ㄦ椂 1.52s (score=99 depth=5)
[ 68] 榛?d0d1 (0, 5)->(1, 5)  鐢ㄦ椂 1.42s (score=-84 depth=6)
[ 69] 绾?f4d3 (5, 5)->(6, 3)  鐢ㄦ椂 1.51s (score=92 depth=5)
[ 70] 榛?h5g5 (5, 1)->(5, 2)  鐢ㄦ椂 1.00s (score=-76 depth=7)
[ 71] 绾?e3e4 (6, 4)->(5, 4)  鐢ㄦ椂 1.00s (score=58 depth=6)
[ 72] 榛?g5g6 (5, 2)->(6, 2)  鐢ㄦ椂 1.51s (score=-33 depth=7)
[ 73] 绾?d3f4 (6, 3)->(5, 5)  鐢ㄦ椂 1.09s (score=43 depth=6)
[ 74] 榛?g6g7 (6, 2)->(7, 2)  鐢ㄦ椂 1.53s (score=-35 depth=7)
[ 75] 绾?c5b3 (4, 2)->(6, 1)  鐢ㄦ椂 1.24s (score=62 depth=6)
[ 76] 榛?d1d2 (1, 5)->(2, 5)  鐢ㄦ椂 0.73s (score=-67 depth=6)
[ 77] 绾?h5g6 (4, 7)->(3, 6)  鐢ㄦ椂 1.51s (score=78 depth=5)
[ 78] 榛?c6a8 (6, 6)->(8, 8)  鐢ㄦ椂 1.09s (score=-80 depth=6)
[ 79] 绾?g6f7 (3, 6)->(2, 5) 鍚?b鍗?鐢ㄦ椂 1.11s (score=79 depth=6)
[ 80] 榛?a2b3 (2, 8)->(3, 7)  鐢ㄦ椂 1.52s (score=-74 depth=6)
[ 81] 绾?f4g6 (5, 5)->(3, 6)  鐢ㄦ椂 1.13s (score=116 depth=6)
[ 82] 榛?a8c6 (8, 8)->(6, 6)  鐢ㄦ椂 1.54s (score=-124 depth=6)
[ 83] 绾?g6e7 (3, 6)->(2, 4) 鍚?b鍗?鐢ㄦ椂 1.11s (score=161 depth=6)
[ 84] 榛?e3e4 (3, 4)->(4, 4)  鐢ㄦ椂 1.52s (score=-154 depth=7)
[ 85] 绾?e4e5 (5, 4)->(4, 4) 鍚?b鍗?鐢ㄦ椂 1.16s (score=168 depth=6)
[ 86] 榛?c6e4 (6, 6)->(4, 4) 鍚?r鍏?鐢ㄦ椂 1.52s (score=-136 depth=7)
[ 87] 绾?e7c8 (2, 4)->(1, 2)  鐢ㄦ椂 1.16s (score=170 depth=6)
[ 88] 榛?e0f0 (0, 4)->(0, 3)  鐢ㄦ椂 1.54s (score=-130 depth=7)
[ 89] 绾?b3d4 (6, 1)->(5, 3)  鐢ㄦ椂 1.28s (score=154 depth=6)
[ 90] 榛?g7f7 (7, 2)->(7, 3)  鐢ㄦ椂 0.79s (score=-3696 depth=6)
[ 91] 绾?c8e7 (1, 2)->(2, 4)  鐢ㄦ椂 1.05s (score=3696 depth=11)
[ 92] 榛?f0e0 (0, 3)->(0, 4)  鐢ㄦ椂 1.51s (score=-3696 depth=10)
[ 93] 绾?e7c8 (2, 4)->(1, 2)  鐢ㄦ椂 0.75s (score=197 depth=6)
[ 94] 榛?e0f0 (0, 4)->(0, 3)  鐢ㄦ椂 0.91s (score=-3696 depth=8)
[ 95] 绾?c8e7 (1, 2)->(2, 4)  鐢ㄦ椂 1.53s (score=3696 depth=11)
[ 96] 榛?f0e0 (0, 3)->(0, 4)  鐢ㄦ椂 1.54s (score=-3696 depth=10)
[ 97] 绾?f7e8 (2, 5)->(1, 4)  鐢ㄦ椂 0.76s (score=15 depth=-2)
[ 98] 榛?f7e7 (7, 3)->(7, 4) 鍚?r鐐?鐢ㄦ椂 0.82s (score=74 depth=8)
[ 99] 绾?e8f7 (1, 4)->(2, 5)  鐢ㄦ椂 1.20s (score=93 depth=7)
[100] 榛?e7d7 (7, 4)->(7, 5)  鐢ㄦ椂 0.92s (score=-87 depth=7)
[101] 绾?d4c6 (5, 3)->(3, 2)  鐢ㄦ椂 0.75s (score=76 depth=6)
[102] 榛?d7d8 (7, 5)->(8, 5)  鐢ㄦ椂 1.55s (score=-106 depth=6)
[103] 绾?c6a7 (3, 2)->(2, 0)  鐢ㄦ椂 1.19s (score=3696 depth=8)
[104] 榛?d8d9 (8, 5)->(9, 5) 鍚?r鍏?鐢ㄦ椂 0.81s (score=-3696 depth=12)
[105] 绾?e0f0 (9, 4)->(9, 5) 鍚?b鍗?鐢ㄦ椂 0.22s (score=3696 depth=12)
[106] 榛?h0f2 (0, 1)->(2, 3)  鐢ㄦ椂 0.27s (score=-3696 depth=12)
[107] 绾?a7c8 (2, 0)->(1, 2)  鐢ㄦ椂 0.01s (score=3696 depth=12)
[108] 榛?e4g6 (4, 4)->(6, 2)  鐢ㄦ椂 0.01s (score=-3696 depth=12)
[109] 绾?c8e9 (1, 2)->(0, 4) 鍚?b灏?鐢ㄦ椂 0.00s (score=3696 depth=12)

========================================================
瀵瑰眬缁撴灉
========================================================
鑳滆€? pypy510 (绾㈡柟)
鍘熷洜: 绗?109 鐫€鍚冩帀 灏? 鑾疯儨
鎬绘鏁? 109 鐫€, 鍏ㄥ眬澧欓挓 126.8s

鍙屾柟鐢ㄦ椂:
  pypy510 (绾㈡柟):  55 鐫€  鎬荤敤鏃?   62.4s  骞冲潎  1.13s  鏈€闀?  1.55s
  pypy  (榛戞柟):  54 鐫€  鎬荤敤鏃?   64.3s  骞冲潎  1.19s  鏈€闀?  1.56s

[*] 妫嬭氨宸蹭繚瀛? C:\Users\yimingwang218185\Desktop\jieqi_ai\tools\games\game_20260823_232418.json / .txt

缁堝眬妫嬬洏 (绾㈡柟鍦ㄤ笅):
    0 1 2 3 4 5 6 7 8
 0 | 路 路 路 路 r棣?路 路 路 路
 1 | r鍏?路 路 路 路 路 路 路 路
 2 | 路 路 路 b璞?r棣?r浠?路 r浠?路
 3 | 路 路 路 路 路 路 路 b澹?路
 4 | 路 路 路 路 路 路 路 路 路
 5 | 路 路 路 路 路 路 路 路 路
 6 | 路 路 b璞?路 路 路 路 路 路
 7 | 路 路 路 路 路 路 路 路 路
 8 | 路 路 路 路 r鍏?路 路 路 路
 9 | 路 路 路 路 路 r甯?路 路 路
