[*] 瑁佸垽鍚姩: pypy510 鎵х孩鍏堣(姣忕潃 1.5s) vs pypy 鎵ч粦(姣忕潃 1.5s), 闅忔満绉嶅瓙 20260987
[engine_server] 灏辩华 (PyPy 3.11.13, engine=jieqi_engine_v510)
[engine_server] 棰勭儹瀹屾垚
[engine_server] 灏辩华 (PyPy 3.11.13, engine=jieqi_engine)
[engine_server] 棰勭儹瀹屾垚
[+] 寮曟搸瀛愯繘绋嬪氨缁?(PyPy: pypy3.EXE)
[+] 寮曟搸瀛愯繘绋嬪氨缁?(PyPy: pypy3.EXE)
[*] 绾㈡柟寮曟搸: pypy510 (v5.10 鍩虹嚎, U鍐荤粨鏈慨)
[*] 榛戞柟寮曟搸: pypy (miaosiSari 鍘熺増, alpha-beta)
[  1] 绾?e3e4 (6, 4)->(5, 4) 缈诲紑=鍏?鐢ㄦ椂 0.70s (score=23.0 depth=4)
[  2] 榛?b2e2 (2, 7)->(2, 4) 缈诲紑=杌?鐢ㄦ椂 0.86s (score=44 depth=4)
[  3] 绾?b2b9 (7, 1)->(0, 1) 缈诲紑=鍏?鍚?b鐐?鐢ㄦ椂 1.52s (score=16.0 depth=4)
[  4] 榛?h2g2 (2, 1)->(2, 2) 缈诲紑=鍗?鐢ㄦ椂 1.52s (score=-20.384615384615387 depth=4)
[  5] 绾?b9a9 (0, 1)->(0, 0) 鍚?b鍗?鐢ㄦ椂 1.51s (score=97.0 depth=5)
[  6] 榛?i3i4 (3, 0)->(4, 0) 缈诲紑=澹?鐢ㄦ椂 0.96s (score=21 depth=5)
[  7] 绾?i3i4 (6, 8)->(5, 8) 缈诲紑=浠?鐢ㄦ椂 1.51s (score=98 depth=5)
[  8] 榛?a3a4 (3, 8)->(4, 8) 缈诲紑=鍗?鐢ㄦ椂 0.70s (score=19 depth=5)
[  9] 绾?c3c4 (6, 2)->(5, 2) 缈诲紑=棣?鐢ㄦ椂 1.55s (score=22 depth=5)
[ 10] 榛?g3g4 (3, 2)->(4, 2) 缈诲紑=璞?鐢ㄦ椂 1.54s (score=55 depth=5)
[ 11] 绾?a3a4 (6, 0)->(5, 0) 缈诲紑=杌?鐢ㄦ椂 0.82s (score=31 depth=5)
[ 12] 榛?c3c4 (3, 6)->(4, 6) 缈诲紑=澹?鐢ㄦ椂 0.66s (score=3 depth=5)
[ 13] 绾?g3g4 (6, 6)->(5, 6) 缈诲紑=鍏?鐢ㄦ椂 0.97s (score=85 depth=5)
[ 14] 榛?c0a2 (0, 6)->(2, 8) 缈诲紑=鍗?鐢ㄦ椂 1.06s (score=-71 depth=5)
[ 15] 绾?g4g5 (5, 6)->(4, 6) 鍚?b澹?鐢ㄦ椂 1.51s (score=107 depth=5)
[ 16] 榛?g4e6 (4, 2)->(6, 4)  鐢ㄦ椂 1.51s (score=-63.66666666666667 depth=4)
[ 17] 绾?c0e2 (9, 2)->(7, 4) 缈诲紑=鍏?鐢ㄦ椂 1.39s (score=63.0 depth=5)
[ 18] 榛?g0i2 (0, 2)->(2, 0) 缈诲紑=鍗?鐢ㄦ椂 0.86s (score=-13 depth=5)
[ 19] 绾?d0e1 (9, 3)->(8, 4) 缈诲紑=浠?鐢ㄦ椂 1.33s (score=49.625 depth=5)
[ 20] 榛?d0e1 (0, 5)->(1, 4) 缈诲紑=璞?鐢ㄦ椂 1.07s (score=-1 depth=5)
[ 21] 绾?b0a2 (9, 1)->(7, 0) 缈诲紑=鐐?鐢ㄦ椂 1.35s (score=56.42857142857143 depth=5)
[ 22] 榛?i2i3 (2, 0)->(3, 0)  鐢ㄦ椂 1.36s (score=-2 depth=5)
[ 23] 绾?c4d6 (5, 2)->(3, 3)  鐢ㄦ椂 1.19s (score=11 depth=5)
[ 24] 榛?e2f2 (2, 4)->(2, 3)  鐢ㄦ椂 1.48s (score=-2.5 depth=6)
[ 25] 绾?a4d4 (5, 0)->(5, 3)  鐢ㄦ椂 1.53s (score=30 depth=5)
[ 26] 榛?b0d1 (0, 7)->(1, 5) 缈诲紑=棣?鐢ㄦ椂 1.55s (score=18.428571428571423 depth=5)
[ 27] 绾?a2a6 (7, 0)->(3, 0) 鍚?b鍗?鐢ㄦ椂 1.49s (score=32.5 depth=5)
[ 28] 榛?i4h5 (4, 0)->(5, 1)  鐢ㄦ椂 0.94s (score=-23 depth=5)
[ 29] 绾?a6b6 (3, 0)->(3, 1)  鐢ㄦ椂 0.89s (score=65.0 depth=4)
[ 30] 榛?e1c3 (1, 4)->(3, 6)  鐢ㄦ椂 1.35s (score=-108.0 depth=6)
[ 31] 绾?b6b9 (3, 1)->(0, 1)  鐢ㄦ椂 0.89s (score=97.0 depth=4)
[ 32] 榛?f0e1 (0, 3)->(1, 4) 缈诲紑=鐐?鐢ㄦ椂 0.97s (score=-107.0 depth=6)
[ 33] 绾?b9i9 (0, 1)->(0, 8) 鍚?b棣?鐢ㄦ椂 0.94s (score=-21.5 depth=4)
[ 34] 榛?d1b2 (1, 5)->(2, 7)  鐢ㄦ椂 1.22s (score=47 depth=5)
[ 35] 绾?d4b4 (5, 3)->(5, 1) 鍚?b澹?鐢ㄦ椂 0.80s (score=-33 depth=4)
[ 36] 榛?e0d0 (0, 4)->(0, 5)  鐢ㄦ椂 1.53s (score=79 depth=5)
[ 37] 绾?b4b9 (5, 1)->(0, 1)  鐢ㄦ椂 1.18s (score=-86 depth=5)
[ 38] 榛?d0d1 (0, 5)->(1, 5)  鐢ㄦ椂 1.51s (score=113 depth=5)
[ 39] 绾?i9i8 (0, 8)->(1, 8)  鐢ㄦ椂 0.74s (score=-122 depth=4)
[ 40] 榛?e1a1 (1, 4)->(1, 8) 鍚?r鐐?鐢ㄦ椂 1.51s (score=121 depth=5)
[ 41] 绾?g5g6 (4, 6)->(3, 6) 鍚?b璞?鐢ㄦ椂 1.15s (score=-3 depth=5)
[ 42] 榛?f2f3 (2, 3)->(3, 3) 鍚?r棣?鐢ㄦ椂 1.53s (score=82 depth=5)
[ 43] 绾?i4h5 (5, 8)->(4, 7)  鐢ㄦ椂 1.52s (score=77 depth=5)
[ 44] 榛?b2c4 (2, 7)->(4, 6)  鐢ㄦ椂 1.53s (score=-55 depth=5)
[ 45] 绾?b9i9 (0, 1)->(0, 8)  鐢ㄦ椂 1.32s (score=105.125 depth=6)
[ 46] 榛?c4e5 (4, 6)->(5, 4) 鍚?r鍏?鐢ㄦ椂 1.38s (score=-128.125 depth=6)
[ 47] 绾?i9i8 (0, 8)->(1, 8) 鍚?b鐐?鐢ㄦ椂 1.51s (score=176 depth=5)
[ 48] 榛?d1d2 (1, 5)->(2, 5)  鐢ㄦ椂 1.22s (score=-447.66666666666663 depth=7)
[ 49] 绾?i8i7 (1, 8)->(2, 8) 鍚?b鍗?鐢ㄦ椂 0.84s (score=3696 depth=6)
[ 50] 榛?d2d1 (2, 5)->(1, 5)  鐢ㄦ椂 1.55s (score=-3696 depth=10)
[ 51] 绾?i7i8 (2, 8)->(1, 8)  鐢ㄦ椂 1.51s (score=56 depth=5)
[ 52] 榛?d1d0 (1, 5)->(0, 5)  鐢ㄦ椂 1.55s (score=-103.5 depth=6)
[ 53] 绾?h2h4 (7, 7)->(5, 7) 缈诲紑=棣?鐢ㄦ椂 1.54s (score=50 depth=-2)
[ 54] 榛?e3e4 (3, 4)->(4, 4) 缈诲紑=杌?鐢ㄦ椂 1.18s (score=-55.0 depth=6)
[ 55] 绾?i8i5 (1, 8)->(4, 8) 鍚?b鍗?鐢ㄦ椂 1.54s (score=51 depth=5)
[ 56] 榛?f3f4 (3, 3)->(4, 3)  鐢ㄦ椂 1.52s (score=-48.0 depth=5)
[ 57] 绾?i5i9 (4, 8)->(0, 8)  鐢ㄦ椂 1.08s (score=53 depth=6)
[ 58] 榛?d0d1 (0, 5)->(1, 5)  鐢ㄦ椂 1.51s (score=-408.0 depth=7)
[ 59] 绾?h5i6 (4, 7)->(3, 8)  鐢ㄦ椂 1.52s (score=52 depth=5)
[ 60] 榛?e6c4 (6, 4)->(4, 6)  鐢ㄦ椂 1.54s (score=-49.0 depth=5)
[ 61] 绾?g0i2 (9, 6)->(7, 8) 缈诲紑=鐩?鐢ㄦ椂 1.20s (score=73 depth=6)
[ 62] 榛?f4i4 (4, 3)->(4, 0)  鐢ㄦ椂 1.55s (score=-42.0 depth=5)
[ 63] 绾?a0a5 (9, 0)->(4, 0) 缈诲紑=杌?鍚?b杌?鐢ㄦ椂 1.05s (score=246.0 depth=7)
[ 64] 榛?e4i4 (4, 4)->(4, 0) 鍚?r杌?鐢ㄦ椂 1.51s (score=247 depth=7)
[ 65] 绾?i9d9 (0, 8)->(0, 3)  鐢ㄦ椂 1.39s (score=57 depth=7)
[ 66] 榛?i4i9 (4, 0)->(9, 0)  鐢ㄦ椂 1.53s (score=-17 depth=5)
[ 67] 绾?e1d0 (8, 4)->(9, 3)  鐢ㄦ椂 1.01s (score=35 depth=7)
[ 68] 榛?i9i7 (9, 0)->(7, 0)  鐢ㄦ椂 1.55s (score=-42 depth=5)
[ 69] 绾?e2e3 (7, 4)->(6, 4)  鐢ㄦ椂 1.50s (score=47 depth=6)
[ 70] 榛?c4e6 (4, 6)->(6, 4) 鍚?r鍏?鐢ㄦ椂 1.51s (score=-44 depth=5)
[ 71] 绾?g6g7 (3, 6)->(2, 6)  鐢ㄦ椂 1.01s (score=48 depth=6)
[ 72] 榛?i7e7 (7, 0)->(7, 4)  鐢ㄦ椂 1.54s (score=-31 depth=5)
[ 73] 绾?f0e1 (9, 5)->(8, 4) 缈诲紑=鐐?鐢ㄦ椂 0.74s (score=62 depth=7)
[ 74] 榛?e6g4 (6, 4)->(4, 2)  鐢ㄦ椂 1.12s (score=-39 depth=6)
[ 75] 绾?g7g8 (2, 6)->(1, 6)  鐢ㄦ椂 0.99s (score=166 depth=7)
[ 76] 榛?d1d2 (1, 5)->(2, 5)  鐢ㄦ椂 1.51s (score=-177 depth=7)
[ 77] 绾?h4g6 (5, 7)->(3, 6)  鐢ㄦ椂 1.04s (score=303 depth=7)
[ 78] 榛?e5d7 (5, 4)->(7, 5)  鐢ㄦ椂 1.52s (score=-242.0 depth=6)
[ 79] 绾?e0f0 (9, 4)->(9, 5)  鐢ㄦ椂 1.12s (score=3696 depth=10)
[ 80] 榛?e7e0 (7, 4)->(0, 4)  鐢ㄦ椂 0.95s (score=-3696 depth=9)
[ 81] 绾?d9d7 (0, 3)->(2, 3)  鐢ㄦ椂 0.26s (score=3696 depth=12)
[ 82] 榛?e0e2 (0, 4)->(2, 4)  鐢ㄦ椂 0.30s (score=-3696 depth=12)
[ 83] 绾?g6e5 (3, 6)->(4, 4)  鐢ㄦ椂 0.01s (score=3696 depth=12)
[ 84] 榛?e2f2 (2, 4)->(2, 3) 鍚?r杌?鐢ㄦ椂 0.01s (score=-3696 depth=12)
[ 85] 绾?e5f7 (4, 4)->(2, 5) 鍚?b灏?鐢ㄦ椂 0.00s (score=3696 depth=12)

========================================================
瀵瑰眬缁撴灉
========================================================
鑳滆€? pypy510 (绾㈡柟)
鍘熷洜: 绗?85 鐫€鍚冩帀 灏? 鑾疯儨
鎬绘鏁? 85 鐫€, 鍏ㄥ眬澧欓挓 102.1s

鍙屾柟鐢ㄦ椂:
  pypy510 (绾㈡柟):  43 鐫€  鎬荤敤鏃?   48.7s  骞冲潎  1.13s  鏈€闀?  1.55s
  pypy  (榛戞柟):  42 鐫€  鎬荤敤鏃?   53.3s  骞冲潎  1.27s  鏈€闀?  1.55s

[*] 妫嬭氨宸蹭繚瀛? C:\Users\yimingwang218185\Desktop\jieqi_ai\tools\games\game_20260823_232133.json / .txt

缁堝眬妫嬬洏 (绾㈡柟鍦ㄤ笅):
    0 1 2 3 4 5 6 7 8
 0 | r鍏?路 路 路 路 路 路 路 路
 1 | 路 路 路 路 路 路 r鍏?路 路
 2 | 路 路 b鍗?b杌?路 r棣?路 路 路
 3 | 路 路 路 路 路 路 路 路 r浠?
 4 | 路 路 b璞?路 路 路 路 路 路
 5 | 路 路 路 路 路 路 路 路 路
 6 | 路 路 路 路 路 路 路 路 路
 7 | 路 路 路 路 路 b棣?路 路 r鐩?
 8 | 路 路 路 路 r鐐?路 路 路 路
 9 | 路 路 路 r浠?路 r甯?路 r? r?
