[*] 瑁佸垽鍚姩: pypy510 鎵х孩鍏堣(姣忕潃 1.5s) vs pypy 鎵ч粦(姣忕潃 1.5s), 闅忔満绉嶅瓙 20260985
[engine_server] 灏辩华 (PyPy 3.11.13, engine=jieqi_engine_v510)
[engine_server] 棰勭儹瀹屾垚
[engine_server] 灏辩华 (PyPy 3.11.13, engine=jieqi_engine)
[engine_server] 棰勭儹瀹屾垚
[+] 寮曟搸瀛愯繘绋嬪氨缁?(PyPy: pypy3.EXE)
[+] 寮曟搸瀛愯繘绋嬪氨缁?(PyPy: pypy3.EXE)
[*] 绾㈡柟寮曟搸: pypy510 (v5.10 鍩虹嚎, U鍐荤粨鏈慨)
[*] 榛戞柟寮曟搸: pypy (miaosiSari 鍘熺増, alpha-beta)
[  1] 绾?e3e4 (6, 4)->(5, 4) 缈诲紑=鍏?鐢ㄦ椂 1.37s (score=78 depth=5)
[  2] 榛?b2e2 (2, 7)->(2, 4) 缈诲紑=鍗?鐢ㄦ椂 0.96s (score=44 depth=4)
[  3] 绾?a3a4 (6, 0)->(5, 0) 缈诲紑=鍏?鐢ㄦ椂 1.00s (score=59.0 depth=5)
[  4] 榛?h2g2 (2, 1)->(2, 2) 缈诲紑=鐐?鐢ㄦ椂 1.53s (score=-15 depth=4)
[  5] 绾?i3i4 (6, 8)->(5, 8) 缈诲紑=鐐?鐢ㄦ椂 0.91s (score=-39 depth=5)
[  6] 榛?b0a2 (0, 7)->(2, 8) 缈诲紑=鐐?鐢ㄦ椂 0.92s (score=35 depth=5)
[  7] 绾?i4i7 (5, 8)->(2, 8) 鍚?b鐐?鐢ㄦ椂 1.04s (score=17.0 depth=5)
[  8] 榛?g2g6 (2, 2)->(6, 2) 鍚?r杌?鐢ㄦ椂 0.74s (score=116.69230769230768 depth=5)
[  9] 绾?h2h8 (7, 7)->(1, 7) 缈诲紑=鍏?鐢ㄦ椂 0.80s (score=24.807692307692307 depth=5)
[ 10] 榛?a0a2 (0, 8)->(2, 8) 缈诲紑=杌?鍚?r鐐?鐢ㄦ椂 1.36s (score=24.909090909090907 depth=6)
[ 11] 绾?g0e2 (9, 6)->(7, 4) 缈诲紑=鍏?鐢ㄦ椂 1.01s (score=53 depth=5)
[ 12] 榛?c3c4 (3, 6)->(4, 6) 缈诲紑=鍗?鐢ㄦ椂 1.51s (score=-24.75 depth=6)
[ 13] 绾?b2b7 (7, 1)->(2, 1) 缈诲紑=鐐?鐢ㄦ椂 0.63s (score=38.36363636363636 depth=5)
[ 14] 榛?h0g2 (0, 1)->(2, 2) 缈诲紑=鍗?鐢ㄦ椂 1.02s (score=-1.0 depth=6)
[ 15] 绾?b0c2 (9, 1)->(7, 2) 缈诲紑=棣?鐢ㄦ椂 0.77s (score=-18 depth=5)
[ 16] 榛?i0h0 (0, 0)->(0, 1) 缈诲紑=澹?鐢ㄦ椂 1.04s (score=92.66666666666667 depth=5)
[ 17] 绾?d0e1 (9, 3)->(8, 4) 缈诲紑=棣?鐢ㄦ椂 1.02s (score=-17 depth=5)
[ 18] 榛?a3a4 (3, 8)->(4, 8) 缈诲紑=璞?鐢ㄦ椂 0.95s (score=79 depth=5)
[ 19] 绾?c0a2 (9, 2)->(7, 0) 缈诲紑=鐩?鐢ㄦ椂 0.98s (score=-1.125 depth=5)
[ 20] 榛?d0e1 (0, 5)->(1, 4) 缈诲紑=棣?鐢ㄦ椂 1.27s (score=47 depth=5)
[ 21] 绾?h0g2 (9, 7)->(7, 6) 缈诲紑=鐩?鐢ㄦ椂 0.92s (score=-8 depth=5)
[ 22] 榛?g3g4 (3, 2)->(4, 2) 缈诲紑=澹?鐢ㄦ椂 1.54s (score=46.57142857142857 depth=5)
[ 23] 绾?a2c4 (7, 0)->(5, 2)  鐢ㄦ椂 1.51s (score=8.5 depth=5)
[ 24] 榛?e3e4 (3, 4)->(4, 4) 缈诲紑=棣?鐢ㄦ椂 1.23s (score=-58.5 depth=5)
[ 25] 绾?e4e5 (5, 4)->(4, 4) 鍚?b棣?鐢ㄦ椂 1.19s (score=141.0 depth=6)
[ 26] 榛?i3i4 (3, 0)->(4, 0) 缈诲紑=鍗?鐢ㄦ椂 1.52s (score=-11 depth=5)
[ 27] 绾?b7b8 (2, 1)->(1, 1)  鐢ㄦ椂 1.32s (score=6.0 depth=5)
[ 28] 榛?e1c2 (1, 4)->(2, 6)  鐢ㄦ椂 0.71s (score=7.0 depth=5)
[ 29] 绾?h8g8 (1, 7)->(1, 6)  鐢ㄦ椂 1.44s (score=-4 depth=5)
[ 30] 榛?a4c6 (4, 8)->(6, 6) 鍚?r鍏?鐢ㄦ椂 0.86s (score=38.0 depth=5)
[ 31] 绾?i0i7 (9, 8)->(2, 8) 缈诲紑=浠?鍚?b杌?鐢ㄦ椂 1.51s (score=113.0 depth=5)
[ 32] 榛?c0a2 (0, 6)->(2, 8) 缈诲紑=鍗?鍚?r浠?鐢ㄦ椂 0.95s (score=114.0 depth=6)
[ 33] 绾?a4a5 (5, 0)->(4, 0) 鍚?b鍗?鐢ㄦ椂 1.01s (score=25 depth=5)
[ 34] 榛?c6e8 (6, 6)->(8, 4) 鍚?r棣?鐢ㄦ椂 1.29s (score=-34.0 depth=5)
[ 35] 绾?f0e1 (9, 5)->(8, 4) 缈诲紑=浠?鍚?b璞?鐢ㄦ椂 0.94s (score=147.0 depth=6)
[ 36] 榛?g6h6 (6, 2)->(6, 1)  鐢ㄦ椂 0.81s (score=-55.42857142857143 depth=5)
[ 37] 绾?a0d0 (9, 0)->(9, 3) 缈诲紑=杌?鐢ㄦ椂 1.53s (score=39.428571428571445 depth=5)
[ 38] 榛?f0e1 (0, 3)->(1, 4) 缈诲紑=璞?鐢ㄦ椂 1.52s (score=35 depth=5)
[ 39] 绾?e5d5 (4, 4)->(4, 3)  鐢ㄦ椂 1.53s (score=13 depth=5)
[ 40] 榛?e2e3 (2, 4)->(3, 4)  鐢ㄦ椂 0.96s (score=-8 depth=6)
[ 41] 绾?d0d3 (9, 3)->(6, 3)  鐢ㄦ椂 0.78s (score=32 depth=5)
[ 42] 榛?h6h7 (6, 1)->(7, 1)  鐢ㄦ椂 1.01s (score=2 depth=6)
[ 43] 绾?d3h3 (6, 3)->(6, 7)  鐢ㄦ椂 1.44s (score=60 depth=6)
[ 44] 榛?c2b4 (2, 6)->(4, 7)  鐢ㄦ椂 0.72s (score=-140 depth=5)
[ 45] 绾?h3h5 (6, 7)->(4, 7) 鍚?b棣?鐢ㄦ椂 1.20s (score=225 depth=7)
[ 46] 榛?e1g3 (1, 4)->(3, 2)  鐢ㄦ椂 1.28s (score=-150 depth=7)
[ 47] 绾?h5h9 (4, 7)->(0, 7)  鐢ㄦ椂 1.19s (score=151 depth=6)
[ 48] 榛?e0e1 (0, 4)->(1, 4)  鐢ㄦ椂 1.52s (score=-194 depth=7)
[ 49] 绾?h9c9 (0, 7)->(0, 2) 鍚?b杌?鐢ㄦ椂 1.02s (score=140 depth=6)
[ 50] 榛?g3i5 (3, 2)->(5, 0)  鐢ㄦ椂 1.53s (score=-40 depth=5)
[ 51] 绾?b8b3 (1, 1)->(6, 1)  鐢ㄦ椂 0.84s (score=92 depth=6)
[ 52] 榛?e1f1 (1, 4)->(1, 3)  鐢ㄦ椂 1.17s (score=-104 depth=6)
[ 53] 绾?d5c5 (4, 3)->(4, 2) 鍚?b澹?鐢ㄦ椂 1.09s (score=116 depth=6)
[ 54] 榛?c4c5 (4, 6)->(5, 6)  鐢ㄦ椂 0.74s (score=-54 depth=6)
[ 55] 绾?c5b5 (4, 2)->(4, 1)  鐢ㄦ椂 1.53s (score=82 depth=5)
[ 56] 榛?c5c6 (5, 6)->(6, 6)  鐢ㄦ椂 0.84s (score=-65 depth=6)
[ 57] 绾?g2e4 (7, 6)->(5, 4)  鐢ㄦ椂 1.01s (score=71 depth=6)
[ 58] 榛?e3e4 (3, 4)->(4, 4)  鐢ㄦ椂 1.54s (score=-55 depth=6)
[ 59] 绾?e4g6 (5, 4)->(3, 6)  鐢ㄦ椂 1.06s (score=73 depth=6)
[ 60] 榛?c6c7 (6, 6)->(7, 6)  鐢ㄦ椂 1.50s (score=-98 depth=6)
[ 61] 绾?c9b9 (0, 2)->(0, 1) 鍚?b澹?鐢ㄦ椂 1.21s (score=124 depth=6)
[ 62] 榛?c7c8 (7, 6)->(8, 6)  鐢ㄦ椂 1.45s (score=-44 depth=6)
[ 63] 绾?c2d4 (7, 2)->(5, 3)  鐢ㄦ椂 0.80s (score=149 depth=6)
[ 64] 榛?f1f2 (1, 3)->(2, 3)  鐢ㄦ椂 0.80s (score=-175 depth=6)
[ 65] 绾?b9d9 (0, 1)->(0, 3)  鐢ㄦ椂 0.71s (score=3696 depth=12)
[ 66] 榛?f2e2 (2, 3)->(2, 4)  鐢ㄦ椂 1.53s (score=-3696 depth=11)
[ 67] 绾?b3e3 (6, 1)->(6, 4)  鐢ㄦ椂 0.23s (score=3696 depth=12)
[ 68] 榛?e2d2 (2, 4)->(2, 5)  鐢ㄦ椂 0.23s (score=-3696 depth=12)
[ 69] 绾?d9f9 (0, 3)->(0, 5)  鐢ㄦ椂 0.01s (score=3696 depth=12)
[ 70] 榛?c8c9 (8, 6)->(9, 6)  鐢ㄦ椂 0.01s (score=-3696 depth=12)
[ 71] 绾?f9f7 (0, 5)->(2, 5) 鍚?b灏?鐢ㄦ椂 0.01s (score=3696 depth=12)

========================================================
瀵瑰眬缁撴灉
========================================================
鑳滆€? pypy510 (绾㈡柟)
鍘熷洜: 绗?71 鐫€鍚冩帀 灏? 鑾疯儨
鎬绘鏁? 71 鐫€, 鍏ㄥ眬澧欓挓 75.3s

鍙屾柟鐢ㄦ椂:
  pypy510 (绾㈡柟):  36 鐫€  鎬荤敤鏃?   36.6s  骞冲潎  1.02s  鏈€闀?  1.53s
  pypy  (榛戞柟):  35 鐫€  鎬荤敤鏃?   38.6s  骞冲潎  1.10s  鏈€闀?  1.54s

[*] 妫嬭氨宸蹭繚瀛? C:\Users\yimingwang218185\Desktop\jieqi_ai\tools\games\game_20260823_231926.json / .txt

缁堝眬妫嬬洏 (绾㈡柟鍦ㄤ笅):
    0 1 2 3 4 5 6 7 8
 0 | 路 路 路 路 路 路 路 路 路
 1 | 路 路 路 路 路 路 r鍏?路 路
 2 | 路 路 b鍗?路 路 r杌?路 路 b鍗?
 3 | 路 路 路 路 路 路 r鐩?路 路
 4 | r鍏?r鍏?路 路 b鍗?路 路 路 路
 5 | b璞?路 r鐩?r棣?路 路 路 路 路
 6 | 路 路 路 路 r鐐?路 路 路 路
 7 | 路 b鐐?路 路 r鍏?路 路 路 路
 8 | 路 路 路 路 r浠?路 路 路 路
 9 | 路 路 路 路 r甯?路 b鍗?路 路
