[*] 瑁佸垽鍚姩: pypy 鎵х孩鍏堣(姣忕潃 1.5s) vs pypy510 鎵ч粦(姣忕潃 1.5s), 闅忔満绉嶅瓙 20260984
[engine_server] 灏辩华 (PyPy 3.11.13, engine=jieqi_engine)
[engine_server] 棰勭儹瀹屾垚
[engine_server] 灏辩华 (PyPy 3.11.13, engine=jieqi_engine_v510)
[engine_server] 棰勭儹瀹屾垚
[+] 寮曟搸瀛愯繘绋嬪氨缁?(PyPy: pypy3.EXE)
[+] 寮曟搸瀛愯繘绋嬪氨缁?(PyPy: pypy3.EXE)
[*] 绾㈡柟寮曟搸: pypy (miaosiSari 鍘熺増, alpha-beta)
[*] 榛戞柟寮曟搸: pypy510 (v5.10 鍩虹嚎, U鍐荤粨鏈慨)
[  1] 绾?e3e4 (6, 4)->(5, 4) 缈诲紑=棣?鐢ㄦ椂 1.31s (score=35 depth=4)
[  2] 榛?e3e4 (3, 4)->(4, 4) 缈诲紑=澹?鐢ㄦ椂 0.78s (score=10 depth=4)
[  3] 绾?b2b6 (7, 1)->(3, 1) 缈诲紑=浠?鐢ㄦ椂 0.71s (score=9 depth=4)
[  4] 榛?a3a4 (3, 8)->(4, 8) 缈诲紑=鍗?鐢ㄦ椂 0.99s (score=63.16483516483518 depth=5)
[  5] 绾?h2e2 (7, 7)->(7, 4) 缈诲紑=浠?鐢ㄦ椂 0.85s (score=27 depth=5)
[  6] 榛?i3i4 (3, 0)->(4, 0) 缈诲紑=鐐?鐢ㄦ椂 1.51s (score=37.0 depth=5)
[  7] 绾?b6a5 (3, 1)->(4, 0) 鍚?b鐐?鐢ㄦ椂 1.51s (score=-24 depth=5)
[  8] 榛?b2b7 (2, 7)->(7, 7) 缈诲紑=澹?鐢ㄦ椂 0.97s (score=95.0 depth=5)
[  9] 绾?a3a4 (6, 0)->(5, 0) 缈诲紑=鍏?鐢ㄦ椂 0.74s (score=-57 depth=5)
[ 10] 榛?b7c6 (7, 7)->(6, 6) 鍚?r鍏?鐢ㄦ椂 1.31s (score=44 depth=5)
[ 11] 绾?c3c4 (6, 2)->(5, 2) 缈诲紑=鐩?鐢ㄦ椂 1.55s (score=-13 depth=5)
[ 12] 榛?h2h8 (2, 1)->(8, 1) 缈诲紑=鍗?鐢ㄦ椂 0.73s (score=61 depth=5)
[ 13] 绾?g0i2 (9, 6)->(7, 8) 缈诲紑=鍏?鐢ㄦ椂 1.53s (score=-5.2727272727272805 depth=5)
[ 14] 榛?c0e2 (0, 6)->(2, 4) 缈诲紑=鍗?鐢ㄦ椂 1.03s (score=34 depth=5)
[ 15] 绾?h0f1 (9, 7)->(8, 5) 缈诲紑=杌?鐢ㄦ椂 1.29s (score=-13.666666666666671 depth=6)
[ 16] 榛?h8h9 (8, 1)->(9, 1) 鍚?r鍏?鐢ㄦ椂 0.82s (score=7.0 depth=5)
[ 17] 绾?a0b0 (9, 0)->(9, 1) 缈诲紑=棣?鍚?b鍗?鐢ㄦ椂 1.53s (score=42.0 depth=5)
[ 18] 榛?g0i2 (0, 2)->(2, 0) 缈诲紑=鐐?鐢ㄦ椂 1.11s (score=7 depth=5)
[ 19] 绾?e4g3 (5, 4)->(6, 6) 鍚?b澹?鐢ㄦ椂 0.93s (score=-21 depth=5)
[ 20] 榛?g3g4 (3, 2)->(4, 2) 缈诲紑=鍗?鐢ㄦ椂 0.86s (score=59 depth=5)
[ 21] 绾?f1f5 (8, 5)->(4, 5)  鐢ㄦ椂 1.51s (score=-35 depth=5)
[ 22] 榛?i2i5 (2, 0)->(5, 0) 鍚?r鍏?鐢ㄦ椂 0.97s (score=41.28571428571428 depth=5)
[ 23] 绾?f5e5 (4, 5)->(4, 4) 鍚?b澹?鐢ㄦ椂 1.53s (score=-35.625 depth=5)
[ 24] 榛?i5i9 (5, 0)->(9, 0)  鐢ㄦ椂 0.88s (score=91 depth=6)
[ 25] 绾?b0a2 (9, 1)->(7, 0)  鐢ㄦ椂 1.51s (score=-83.625 depth=5)
[ 26] 榛?i9i4 (9, 0)->(4, 0) 鍚?r浠?鐢ㄦ椂 0.60s (score=46 depth=5)
[ 27] 绾?e5c5 (4, 4)->(4, 2) 鍚?b鍗?鐢ㄦ椂 1.16s (score=-75.36363636363636 depth=6)
[ 28] 榛?b0c2 (0, 7)->(2, 6) 缈诲紑=棣?鐢ㄦ椂 1.06s (score=41 depth=6)
[ 29] 绾?d0e1 (9, 3)->(8, 4) 缈诲紑=鐐?鐢ㄦ椂 1.52s (score=-8 depth=5)
[ 30] 榛?e2e3 (2, 4)->(3, 4)  鐢ㄦ椂 0.90s (score=-71 depth=5)
[ 31] 绾?e2f3 (7, 4)->(6, 5)  鐢ㄦ椂 1.53s (score=81 depth=5)
[ 32] 榛?d0e1 (0, 5)->(1, 4) 缈诲紑=璞?鐢ㄦ椂 0.96s (score=-97 depth=6)
[ 33] 绾?c4a6 (5, 2)->(3, 0)  鐢ㄦ椂 1.51s (score=92.5 depth=5)
[ 34] 榛?i4i6 (4, 0)->(6, 0)  鐢ㄦ椂 1.55s (score=-96 depth=6)
[ 35] 绾?c5c3 (4, 2)->(6, 2)  鐢ㄦ椂 1.50s (score=109 depth=5)
[ 36] 榛?i6d6 (6, 0)->(6, 5) 鍚?r浠?鐢ㄦ椂 0.85s (score=-108 depth=6)
[ 37] 绾?g3f5 (6, 6)->(4, 5)  鐢ㄦ椂 1.53s (score=162.66666666666669 depth=5)
[ 38] 榛?d6d5 (6, 5)->(5, 5)  鐢ㄦ椂 1.51s (score=-151 depth=5)
[ 39] 绾?c3c4 (6, 2)->(5, 2)  鐢ㄦ椂 1.41s (score=145.66666666666669 depth=6)
[ 40] 榛?c2a3 (2, 6)->(3, 8)  鐢ㄦ椂 1.51s (score=-149.66666666666669 depth=5)
[ 41] 绾?f5e7 (4, 5)->(2, 4)  鐢ㄦ椂 1.53s (score=166.33333333333334 depth=5)
[ 42] 榛?d5d6 (5, 5)->(6, 5)  鐢ㄦ椂 0.90s (score=-198 depth=5)
[ 43] 绾?e7g8 (2, 4)->(1, 6)  鐢ㄦ椂 1.52s (score=225.66666666666669 depth=5)
[ 44] 榛?d6d1 (6, 5)->(1, 5)  鐢ㄦ椂 1.04s (score=-218.33333333333337 depth=7)
[ 45] 绾?g8i9 (1, 6)->(0, 8) 鍚?b杌?鐢ㄦ椂 1.39s (score=205.33333333333334 depth=6)
[ 46] 榛?h0f1 (0, 1)->(1, 3) 缈诲紑=杌?鐢ㄦ椂 0.78s (score=-111.66666666666667 depth=5)
[ 47] 绾?c4f4 (5, 2)->(5, 5)  鐢ㄦ椂 1.50s (score=140.66666666666669 depth=5)
[ 48] 榛?e0d0 (0, 4)->(0, 5)  鐢ㄦ椂 1.17s (score=-117 depth=6)
[ 49] 绾?i0h0 (9, 8)->(9, 7) 缈诲紑=鐐?鐢ㄦ椂 1.12s (score=277.0 depth=6)
[ 50] 榛?c3c4 (3, 6)->(4, 6) 缈诲紑=鍗?鐢ㄦ椂 1.28s (score=-59 depth=6)
[ 51] 绾?h0h9 (9, 7)->(0, 7)  鐢ㄦ椂 1.28s (score=95.625 depth=5)
[ 52] 榛?e1c3 (1, 4)->(3, 6)  鐢ㄦ椂 1.51s (score=-57 depth=5)
[ 53] 绾?a2b4 (7, 0)->(5, 1)  鐢ㄦ椂 1.49s (score=92 depth=5)
[ 54] 榛?a3c2 (3, 8)->(2, 6)  鐢ㄦ椂 1.53s (score=-86 depth=5)
[ 55] 绾?h9g9 (0, 7)->(0, 6)  鐢ㄦ椂 0.86s (score=95 depth=5)
[ 56] 榛?c2a1 (2, 6)->(1, 8)  鐢ㄦ椂 1.00s (score=-88 depth=5)
[ 57] 绾?g9h9 (0, 6)->(0, 7)  鐢ㄦ椂 1.52s (score=77 depth=5)
[ 58] 榛?a1c2 (1, 8)->(2, 6)  鐢ㄦ椂 1.54s (score=-73 depth=5)
[ 59] 绾?h9g9 (0, 7)->(0, 6)  鐢ㄦ椂 1.53s (score=95 depth=5)
[ 60] 榛?c2a1 (2, 6)->(1, 8)  鐢ㄦ椂 0.92s (score=-88 depth=5)
[ 61] 绾?g9h9 (0, 6)->(0, 7)  鐢ㄦ椂 1.53s (score=77 depth=5)
[ 62] 榛?a1c2 (1, 8)->(2, 6)  鐢ㄦ椂 1.51s (score=-73 depth=5)

========================================================
瀵瑰眬缁撴灉
========================================================
鍜屾
鍘熷洜: 绗?62 鐫€鍚庡眬闈㈢ 3 娆″嚭鐜? 鍒ゅ拰
鎬绘鏁? 62 鐫€, 鍏ㄥ眬澧欓挓 76.1s

鍙屾柟鐢ㄦ椂:
  pypy  (绾㈡柟):  31 鐫€  鎬荤敤鏃?   41.9s  骞冲潎  1.35s  鏈€闀?  1.55s
  pypy510 (榛戞柟):  31 鐫€  鎬荤敤鏃?   34.1s  骞冲潎  1.10s  鏈€闀?  1.55s

[*] 妫嬭氨宸蹭繚瀛? C:\Users\yimingwang218185\Desktop\jieqi_ai\tools\games\game_20260823_231810.json / .txt

缁堝眬妫嬬洏 (绾㈡柟鍦ㄤ笅):
    0 1 2 3 4 5 6 7 8
 0 | b? 路 路 b? 路 b灏?路 r鐐?r棣?
 1 | 路 路 路 b杌?路 b鐐?路 路 路
 2 | 路 路 路 路 路 路 b棣?路 路
 3 | r鐩?路 路 路 b鍗?路 b璞?路 路
 4 | 路 路 路 路 路 路 b鍗?路 b鍗?
 5 | 路 r棣?路 路 路 r杌?路 路 路
 6 | 路 路 路 路 路 路 路 路 r?
 7 | 路 路 路 路 路 路 路 路 r鍏?
 8 | 路 路 路 路 r鐐?路 路 路 路
 9 | 路 路 r? 路 r甯?r? 路 路 路
