[*] 瑁佸垽鍚姩: pypy510 鎵х孩鍏堣(姣忕潃 1.5s) vs pypy 鎵ч粦(姣忕潃 1.5s), 闅忔満绉嶅瓙 20260981
[engine_server] 灏辩华 (PyPy 3.11.13, engine=jieqi_engine_v510)
[engine_server] 棰勭儹瀹屾垚
[engine_server] 灏辩华 (PyPy 3.11.13, engine=jieqi_engine)
[engine_server] 棰勭儹瀹屾垚
[+] 寮曟搸瀛愯繘绋嬪氨缁?(PyPy: pypy3.EXE)
[+] 寮曟搸瀛愯繘绋嬪氨缁?(PyPy: pypy3.EXE)
[*] 绾㈡柟寮曟搸: pypy510 (v5.10 鍩虹嚎, U鍐荤粨鏈慨)
[*] 榛戞柟寮曟搸: pypy (miaosiSari 鍘熺増, alpha-beta)
[  1] 绾?e3e4 (6, 4)->(5, 4) 缈诲紑=鍏?鐢ㄦ椂 0.75s (score=23.0 depth=4)
[  2] 榛?b2e2 (2, 7)->(2, 4) 缈诲紑=杌?鐢ㄦ椂 1.16s (score=44 depth=4)
[  3] 绾?b2b9 (7, 1)->(0, 1) 缈诲紑=浠?鍚?b澹?鐢ㄦ椂 1.52s (score=16.0 depth=4)
[  4] 榛?a3a4 (3, 8)->(4, 8) 缈诲紑=澹?鐢ㄦ椂 0.83s (score=41.61538461538461 depth=4)
[  5] 绾?a3a4 (6, 0)->(5, 0) 缈诲紑=鐩?鐢ㄦ椂 1.51s (score=13 depth=5)
[  6] 榛?g3g4 (3, 2)->(4, 2) 缈诲紑=璞?鐢ㄦ椂 0.70s (score=26.5 depth=4)
[  7] 绾?g3g4 (6, 6)->(5, 6) 缈诲紑=浠?鐢ㄦ椂 1.53s (score=15 depth=5)
[  8] 榛?h2h8 (2, 1)->(8, 1) 缈诲紑=璞?鐢ㄦ椂 1.15s (score=52.45454545454545 depth=5)
[  9] 绾?i3i4 (6, 8)->(5, 8) 缈诲紑=鍏?鐢ㄦ椂 0.69s (score=14 depth=5)
[ 10] 榛?i0h0 (0, 0)->(0, 1) 缈诲紑=鍗?鍚?r浠?鐢ㄦ椂 1.24s (score=25.0 depth=5)
[ 11] 绾?i4i5 (5, 8)->(4, 8) 鍚?b澹?鐢ㄦ椂 1.13s (score=90 depth=5)
[ 12] 榛?c3c4 (3, 6)->(4, 6) 缈诲紑=鍗?鐢ㄦ椂 0.77s (score=27 depth=5)
[ 13] 绾?c3c4 (6, 2)->(5, 2) 缈诲紑=棣?鐢ㄦ椂 1.54s (score=-7 depth=4)
[ 14] 榛?i3i4 (3, 0)->(4, 0) 缈诲紑=棣?鐢ㄦ椂 0.88s (score=34 depth=5)
[ 15] 绾?c4a5 (5, 2)->(4, 0) 鍚?b棣?鐢ㄦ椂 1.40s (score=56 depth=6)
[ 16] 榛?d0e1 (0, 5)->(1, 4) 缈诲紑=鍗?鐢ㄦ椂 1.33s (score=-9 depth=5)
[ 17] 绾?g4f5 (5, 6)->(4, 5)  鐢ㄦ椂 1.54s (score=30 depth=5)
[ 18] 榛?b0c2 (0, 7)->(2, 6) 缈诲紑=棣?鐢ㄦ椂 1.52s (score=-48 depth=5)
[ 19] 绾?a5c6 (4, 0)->(3, 2)  鐢ㄦ椂 1.52s (score=68 depth=5)
[ 20] 榛?e2f2 (2, 4)->(2, 3)  鐢ㄦ椂 0.87s (score=-77 depth=5)
[ 21] 绾?f5e6 (4, 5)->(3, 4) 鍚?b鍗?鐢ㄦ椂 1.48s (score=79 depth=6)
[ 22] 榛?c2e3 (2, 6)->(3, 4) 鍚?r浠?鐢ㄦ椂 0.71s (score=-9.0 depth=5)
[ 23] 绾?e4e5 (5, 4)->(4, 4)  鐢ㄦ椂 1.08s (score=84 depth=5)
[ 24] 榛?e3g2 (3, 4)->(2, 2)  鐢ㄦ椂 1.50s (score=-109.5 depth=5)
[ 25] 绾?c0e2 (9, 2)->(7, 4) 缈诲紑=杌?鐢ㄦ椂 1.54s (score=35 depth=4)
[ 26] 榛?c0a2 (0, 6)->(2, 8) 缈诲紑=杌?鐢ㄦ椂 1.11s (score=-24 depth=5)
[ 27] 绾?i5i6 (4, 8)->(3, 8)  鐢ㄦ椂 0.82s (score=59.0 depth=4)
[ 28] 榛?a2d2 (2, 8)->(2, 5)  鐢ㄦ椂 1.17s (score=-39 depth=5)
[ 29] 绾?h0g2 (9, 7)->(7, 6) 缈诲紑=棣?鐢ㄦ椂 0.99s (score=68 depth=4)
[ 30] 榛?c4c5 (4, 6)->(5, 6)  鐢ㄦ椂 0.66s (score=-42 depth=4)
[ 31] 绾?e2d2 (7, 4)->(7, 3)  鐢ㄦ椂 0.72s (score=37 depth=4)
[ 32] 榛?c5c6 (5, 6)->(6, 6)  鐢ㄦ椂 1.54s (score=46.0 depth=5)
[ 33] 绾?d2d7 (7, 3)->(2, 3) 鍚?b杌?鐢ㄦ椂 1.52s (score=0 depth=5)
[ 34] 榛?d2f2 (2, 5)->(2, 3) 鍚?r杌?鐢ㄦ椂 1.50s (score=292 depth=6)
[ 35] 绾?g2e1 (7, 6)->(8, 4)  鐢ㄦ椂 0.79s (score=-1 depth=5)
[ 36] 榛?g0e2 (0, 2)->(2, 4) 缈诲紑=鍗?鐢ㄦ椂 1.52s (score=-40 depth=4)
[ 37] 绾?h2h6 (7, 7)->(3, 7) 缈诲紑=鐐?鐢ㄦ椂 1.36s (score=57.428571428571445 depth=5)
[ 38] 榛?a0d0 (0, 8)->(0, 5) 缈诲紑=鐐?鐢ㄦ椂 1.54s (score=-0.0 depth=5)
[ 39] 绾?h6h9 (3, 7)->(0, 7)  鐢ㄦ椂 1.03s (score=44 depth=5)
[ 40] 榛?d0d8 (0, 5)->(8, 5)  鐢ㄦ椂 1.18s (score=-50 depth=5)
[ 41] 绾?g0i2 (9, 6)->(7, 8) 缈诲紑=鍏?鐢ㄦ椂 1.04s (score=9 depth=5)
[ 42] 榛?c6c7 (6, 6)->(7, 6)  鐢ㄦ椂 1.51s (score=2.5 depth=4)
[ 43] 绾?a0a1 (9, 0)->(8, 0) 缈诲紑=鍏?鐢ㄦ椂 1.40s (score=11.0 depth=5)
[ 44] 榛?d8d5 (8, 5)->(5, 5)  鐢ㄦ椂 0.87s (score=-3.5 depth=5)
[ 45] 绾?e1g2 (8, 4)->(7, 6) 鍚?b鍗?鐢ㄦ椂 0.84s (score=5 depth=5)
[ 46] 榛?d5e5 (5, 5)->(5, 4)  鐢ㄦ椂 0.69s (score=74.14285714285714 depth=5)
[ 47] 绾?a4c2 (5, 0)->(7, 2)  鐢ㄦ椂 1.51s (score=-65.14285714285714 depth=5)
[ 48] 榛?e5e7 (5, 4)->(7, 4)  鐢ㄦ椂 1.51s (score=35.14285714285714 depth=5)
[ 49] 绾?g2f4 (7, 6)->(5, 5)  鐢ㄦ椂 1.00s (score=-24 depth=6)
[ 50] 榛?e7e6 (7, 4)->(6, 4)  鐢ㄦ椂 1.35s (score=18 depth=6)
[ 51] 绾?f4d5 (5, 5)->(4, 3)  鐢ㄦ椂 0.94s (score=-14 depth=6)
[ 52] 榛?f2f3 (2, 3)->(3, 3)  鐢ㄦ椂 0.74s (score=-15 depth=5)
[ 53] 绾?d5e3 (4, 3)->(6, 4) 鍚?b鐐?鐢ㄦ椂 0.95s (score=19 depth=6)
[ 54] 榛?f3g3 (3, 3)->(3, 2) 鍚?r棣?鐢ㄦ椂 1.51s (score=83 depth=5)
[ 55] 绾?e3f5 (6, 4)->(4, 5)  鐢ㄦ椂 0.93s (score=3 depth=6)
[ 56] 榛?g3a3 (3, 2)->(3, 8) 鍚?r鍏?鐢ㄦ椂 1.53s (score=0 depth=5)
[ 57] 绾?f0e1 (9, 5)->(8, 4) 缈诲紑=杌?鐢ㄦ椂 1.00s (score=25.125 depth=6)
[ 58] 榛?e2e3 (2, 4)->(3, 4)  鐢ㄦ椂 1.54s (score=-23 depth=5)
[ 59] 绾?e1g1 (8, 4)->(8, 6)  鐢ㄦ椂 1.01s (score=264 depth=6)
[ 60] 榛?e1e2 (1, 4)->(2, 4)  鐢ㄦ椂 1.32s (score=-248 depth=7)
[ 61] 绾?g1g9 (8, 6)->(0, 6)  鐢ㄦ椂 1.44s (score=269 depth=7)
[ 62] 榛?e0e1 (0, 4)->(1, 4)  鐢ㄦ椂 1.51s (score=-3696 depth=10)
[ 63] 绾?g9g8 (0, 6)->(1, 6)  鐢ㄦ椂 0.83s (score=293 depth=6)
[ 64] 榛?e1e0 (1, 4)->(0, 4)  鐢ㄦ椂 1.10s (score=-3696 depth=8)
[ 65] 绾?g8g9 (1, 6)->(0, 6)  鐢ㄦ椂 1.22s (score=3696 depth=6)
[ 66] 榛?e0e1 (0, 4)->(1, 4)  鐢ㄦ椂 1.14s (score=-3696 depth=10)
[ 67] 绾?g9d9 (0, 6)->(0, 3) 鍚?b鐐?鐢ㄦ椂 0.83s (score=116 depth=-2)
[ 68] 榛?g2f0 (2, 2)->(0, 3) 鍚?r杌?鐢ㄦ椂 0.80s (score=93.0 depth=6)
[ 69] 绾?f5g7 (4, 5)->(2, 6)  鐢ㄦ椂 1.03s (score=261.0 depth=7)
[ 70] 榛?e1e0 (1, 4)->(0, 4)  鐢ㄦ椂 1.55s (score=-313.0 depth=7)
[ 71] 绾?g7i6 (2, 6)->(3, 8) 鍚?b杌?鐢ㄦ椂 1.52s (score=313.0 depth=6)
[ 72] 榛?e3e4 (3, 4)->(4, 4) 鍚?r鍏?鐢ㄦ椂 1.52s (score=-75.0 depth=7)
[ 73] 绾?i0f0 (9, 8)->(9, 5) 缈诲紑=鍏?鐢ㄦ椂 1.25s (score=105.0 depth=7)
[ 74] 榛?e2e3 (2, 4)->(3, 4)  鐢ㄦ椂 1.54s (score=-58 depth=7)
[ 75] 绾?i6h8 (3, 8)->(1, 7)  鐢ㄦ椂 1.24s (score=100 depth=7)
[ 76] 榛?e4e5 (4, 4)->(5, 4)  鐢ㄦ椂 1.51s (score=-85 depth=6)
[ 77] 绾?c2e4 (7, 2)->(5, 4) 鍚?b鍗?鐢ㄦ椂 1.41s (score=104 depth=8)
[ 78] 榛?e3e4 (3, 4)->(4, 4)  鐢ㄦ椂 1.53s (score=-49 depth=7)
[ 79] 绾?e4g6 (5, 4)->(3, 6)  鐢ㄦ椂 0.72s (score=89 depth=7)
[ 80] 榛?e4e5 (4, 4)->(5, 4)  鐢ㄦ椂 0.93s (score=-70 depth=7)
[ 81] 绾?g6e4 (3, 6)->(5, 4) 鍚?b鍗?鐢ㄦ椂 0.79s (score=119 depth=7)
[ 82] 榛?g4e2 (4, 2)->(2, 4)  鐢ㄦ椂 1.54s (score=-90 depth=6)
[ 83] 绾?d0e1 (9, 3)->(8, 4) 缈诲紑=鐩?鐢ㄦ椂 1.51s (score=106 depth=7)
[ 84] 榛?f0g2 (0, 3)->(2, 2)  鐢ㄦ椂 0.76s (score=-87 depth=7)
[ 85] 绾?e1g3 (8, 4)->(6, 6)  鐢ㄦ椂 0.86s (score=90 depth=7)
[ 86] 榛?g2f4 (2, 2)->(4, 3)  鐢ㄦ椂 1.17s (score=-63 depth=7)
[ 87] 绾?h8f7 (1, 7)->(2, 5)  鐢ㄦ椂 1.34s (score=66 depth=7)
[ 88] 榛?e0d0 (0, 4)->(0, 5)  鐢ㄦ椂 1.30s (score=-76 depth=7)
[ 89] 绾?b0d1 (9, 1)->(8, 3) 缈诲紑=鐐?鐢ㄦ椂 1.61s (score=46 depth=6)
[ 90] 榛?f4d5 (4, 3)->(5, 5)  鐢ㄦ椂 1.07s (score=-25 depth=6)
[ 91] 绾?h9h2 (0, 7)->(7, 7)  鐢ㄦ椂 1.52s (score=67 depth=5)
[ 92] 榛?h0h1 (0, 1)->(1, 1)  鐢ㄦ椂 1.45s (score=-104 depth=6)
[ 93] 绾?d1f1 (8, 3)->(8, 5)  鐢ㄦ椂 0.85s (score=133 depth=6)
[ 94] 榛?h8f6 (8, 1)->(6, 3)  鐢ㄦ椂 1.33s (score=-139 depth=8)
[ 95] 绾?h2e2 (7, 7)->(7, 4)  鐢ㄦ椂 0.75s (score=114 depth=6)
[ 96] 榛?h1h2 (1, 1)->(2, 1)  鐢ㄦ椂 1.05s (score=-100 depth=7)
[ 97] 绾?e4c6 (5, 4)->(3, 2)  鐢ㄦ椂 0.86s (score=108 depth=6)
[ 98] 榛?d0d1 (0, 5)->(1, 5)  鐢ㄦ椂 0.69s (score=-103 depth=6)
[ 99] 绾?f1f3 (8, 5)->(6, 5)  鐢ㄦ椂 0.84s (score=119 depth=6)
[100] 榛?f6d4 (6, 3)->(4, 5)  鐢ㄦ椂 1.24s (score=-126 depth=7)
[101] 绾?f3f5 (6, 5)->(4, 5) 鍚?b璞?鐢ㄦ椂 0.94s (score=3696 depth=12)
[102] 榛?d1d2 (1, 5)->(2, 5) 鍚?r棣?鐢ㄦ椂 0.71s (score=-3696 depth=11)
[103] 绾?e2e6 (7, 4)->(3, 4)  鐢ㄦ椂 1.00s (score=3696 depth=11)
[104] 榛?d5e7 (5, 5)->(7, 4)  鐢ㄦ椂 0.96s (score=-3696 depth=10)
[105] 绾?e6f6 (3, 4)->(3, 5)  鐢ㄦ椂 0.01s (score=3696 depth=12)
[106] 榛?e7c6 (7, 4)->(6, 6) 鍚?r鐩?鐢ㄦ椂 0.01s (score=-3696 depth=12)
[107] 绾?f5f7 (4, 5)->(2, 5) 鍚?b灏?鐢ㄦ椂 0.00s (score=3696 depth=12)

========================================================
瀵瑰眬缁撴灉
========================================================
鑳滆€? pypy510 (绾㈡柟)
鍘熷洜: 绗?107 鐫€鍚冩帀 灏? 鑾疯儨
鎬绘鏁? 107 鐫€, 鍏ㄥ眬澧欓挓 121.5s

鍙屾柟鐢ㄦ椂:
  pypy510 (绾㈡柟):  54 鐫€  鎬荤敤鏃?   59.5s  骞冲潎  1.10s  鏈€闀?  1.61s
  pypy  (榛戞柟):  53 鐫€  鎬荤敤鏃?   61.9s  骞冲潎  1.17s  鏈€闀?  1.55s

[*] 妫嬭氨宸蹭繚瀛? C:\Users\yimingwang218185\Desktop\jieqi_ai\tools\games\game_20260823_231408.json / .txt

缁堝眬妫嬬洏 (绾㈡柟鍦ㄤ笅):
    0 1 2 3 4 5 6 7 8
 0 | 路 路 路 路 路 路 路 路 路
 1 | 路 路 路 路 路 路 路 路 路
 2 | 路 b鍗?路 路 b璞?r鐐?路 路 路
 3 | 路 路 r鐩?路 路 r鐐?路 路 路
 4 | 路 路 路 路 路 路 路 路 路
 5 | 路 路 路 路 路 路 路 路 路
 6 | 路 路 路 路 路 路 b棣?路 路
 7 | 路 路 路 路 路 路 路 路 r鍏?
 8 | r鍏?路 路 路 路 路 路 路 路
 9 | 路 路 路 路 r甯?r鍏?路 路 路
