[*] 瑁佸垽鍚姩: pypy 鎵х孩鍏堣(姣忕潃 1.5s) vs pypy510 鎵ч粦(姣忕潃 1.5s), 闅忔満绉嶅瓙 20260986
[engine_server] 灏辩华 (PyPy 3.11.13, engine=jieqi_engine)
[engine_server] 棰勭儹瀹屾垚
[engine_server] 灏辩华 (PyPy 3.11.13, engine=jieqi_engine_v510)
[engine_server] 棰勭儹瀹屾垚
[+] 寮曟搸瀛愯繘绋嬪氨缁?(PyPy: pypy3.EXE)
[+] 寮曟搸瀛愯繘绋嬪氨缁?(PyPy: pypy3.EXE)
[*] 绾㈡柟寮曟搸: pypy (miaosiSari 鍘熺増, alpha-beta)
[*] 榛戞柟寮曟搸: pypy510 (v5.10 鍩虹嚎, U鍐荤粨鏈慨)
[  1] 绾?e3e4 (6, 4)->(5, 4) 缈诲紑=棣?鐢ㄦ椂 1.37s (score=35 depth=4)
[  2] 榛?e3e4 (3, 4)->(4, 4) 缈诲紑=鍗?鐢ㄦ椂 0.86s (score=10 depth=4)
[  3] 绾?b2e2 (7, 1)->(7, 4) 缈诲紑=浠?鐢ㄦ椂 0.72s (score=-22 depth=4)
[  4] 榛?i3i4 (3, 0)->(4, 0) 缈诲紑=鍗?鐢ㄦ椂 1.52s (score=81 depth=4)
[  5] 绾?h2g2 (7, 7)->(7, 6) 缈诲紑=鍏?鐢ㄦ椂 0.87s (score=-18 depth=5)
[  6] 榛?a3a4 (3, 8)->(4, 8) 缈诲紑=棣?鐢ㄦ椂 0.68s (score=132 depth=5)
[  7] 绾?i3i4 (6, 8)->(5, 8) 缈诲紑=鐐?鐢ㄦ椂 0.74s (score=-32 depth=5)
[  8] 榛?b0a2 (0, 7)->(2, 8) 缈诲紑=鍗?鐢ㄦ椂 1.36s (score=67 depth=5)
[  9] 绾?g3g4 (6, 6)->(5, 6) 缈诲紑=鐩?鐢ㄦ椂 0.96s (score=-37 depth=5)
[ 10] 榛?b2b5 (2, 7)->(5, 7) 缈诲紑=棣?鐢ㄦ椂 1.01s (score=95 depth=5)
[ 11] 绾?c3c4 (6, 2)->(5, 2) 缈诲紑=杌?鐢ㄦ椂 1.00s (score=-50 depth=5)
[ 12] 榛?e4e5 (4, 4)->(5, 4) 鍚?r棣?鐢ㄦ椂 0.86s (score=51 depth=5)
[ 13] 绾?c4c6 (5, 2)->(3, 2) 鍚?b璞?鐢ㄦ椂 1.54s (score=79 depth=4)
[ 14] 榛?g0e2 (0, 2)->(2, 4) 缈诲紑=鐐?鐢ㄦ椂 0.76s (score=45 depth=5)
[ 15] 绾?g4i2 (5, 6)->(7, 8)  鐢ㄦ椂 1.51s (score=-72 depth=4)
[ 16] 榛?b5d6 (5, 7)->(6, 5)  鐢ㄦ椂 0.82s (score=129.5 depth=5)
[ 17] 绾?a0a1 (9, 0)->(8, 0) 缈诲紑=鍏?鐢ㄦ椂 1.08s (score=-113.66666666666666 depth=5)
[ 18] 榛?d6c8 (6, 5)->(8, 6)  鐢ㄦ椂 0.82s (score=190 depth=5)
[ 19] 绾?e0e1 (9, 4)->(8, 4)  鐢ㄦ椂 1.49s (score=-178 depth=6)
[ 20] 榛?h2h8 (2, 1)->(8, 1) 缈诲紑=杌?鐢ㄦ椂 1.52s (score=132 depth=4)
[ 21] 绾?c6c1 (3, 2)->(8, 2)  鐢ㄦ椂 0.57s (score=-3696 depth=12)
[ 22] 榛?h8g8 (8, 1)->(8, 2) 鍚?r杌?鐢ㄦ椂 0.02s (score=3696 depth=12)
[ 23] 绾?i4i7 (5, 8)->(2, 8) 鍚?b鍗?鐢ㄦ椂 0.01s (score=-3696 depth=12)
[ 24] 榛?g8e8 (8, 2)->(8, 4) 鍚?r甯?鐢ㄦ椂 0.00s (score=3696 depth=12)

========================================================
瀵瑰眬缁撴灉
========================================================
鑳滆€? pypy510 (榛戞柟)
鍘熷洜: 绗?24 鐫€鍚冩帀 甯? 鑾疯儨
鎬绘鏁? 24 鐫€, 鍏ㄥ眬澧欓挓 22.2s

鍙屾柟鐢ㄦ椂:
  pypy  (绾㈡柟):  12 鐫€  鎬荤敤鏃?   11.9s  骞冲潎  0.99s  鏈€闀?  1.54s
  pypy510 (榛戞柟):  12 鐫€  鎬荤敤鏃?   10.2s  骞冲潎  0.85s  鏈€闀?  1.52s

[*] 妫嬭氨宸蹭繚瀛? C:\Users\yimingwang218185\Desktop\jieqi_ai\tools\games\game_20260823_231950.json / .txt

缁堝眬妫嬬洏 (绾㈡柟鍦ㄤ笅):
    0 1 2 3 4 5 6 7 8
 0 | b? b? 路 b? b灏?b? b? 路 b?
 1 | 路 路 路 路 路 路 路 路 路
 2 | 路 路 路 路 b鐐?路 路 路 r鐐?
 3 | 路 路 路 路 路 路 b? 路 路
 4 | b鍗?路 路 路 路 路 路 路 b棣?
 5 | 路 路 路 路 b鍗?路 路 路 路
 6 | r? 路 路 路 路 路 路 路 路
 7 | 路 路 路 路 r浠?路 r鍏?路 r鐩?
 8 | r鍏?路 路 路 b杌?路 b棣?路 路
 9 | 路 r? r? r? 路 r? r? r? r?
