[*] 瑁佸垽鍚姩: pypy2 鎵х孩鍏堣(姣忕潃 2.5s) vs pypy 鎵ч粦(姣忕潃 1.0s), 闅忔満绉嶅瓙 20260831
[engine_server] 灏辩华 (PyPy 3.11.13, engine=jieqi_engine_v2)
[engine_server] 棰勭儹瀹屾垚
[engine_server] 灏辩华 (PyPy 3.11.13, engine=jieqi_engine)
[engine_server] 棰勭儹瀹屾垚
[+] 寮曟搸瀛愯繘绋嬪氨缁?(PyPy: pypy3.EXE)
[+] 寮曟搸瀛愯繘绋嬪氨缁?(PyPy: pypy3.EXE)
[*] 绾㈡柟寮曟搸: pypy2 (miaosiSari 浼樺寲鐗? TT淇濈暀+鍙屾椂闄?
[*] 榛戞柟寮曟搸: pypy (miaosiSari 鍘熺増, alpha-beta)
[  1] 绾?b2b9 (7, 1)->(0, 1) 缈诲紑=鍏?鍚?b鐐?鐢ㄦ椂 2.55s (score=154 depth=5)
[  2] 榛?b2b9 (2, 7)->(9, 7) 缈诲紑=鍗?鍚?r鍏?鐢ㄦ椂 3.18s (score=157 depth=6)
[  3] 绾?i0h0 (9, 8)->(9, 7) 缈诲紑=浠?鍚?b鍗?鐢ㄦ椂 2.12s (score=92.14285714285714 depth=6)
[  4] 榛?e3e4 (3, 4)->(4, 4) 缈诲紑=鍗?鐢ㄦ椂 2.61s (score=84 depth=6)
[  5] 绾?b9a9 (0, 1)->(0, 0) 鍚?b杌?鐢ㄦ椂 1.63s (score=90.6923076923077 depth=6)
[  6] 榛?a3a4 (3, 8)->(4, 8) 缈诲紑=鐐?鐢ㄦ椂 1.07s (score=80 depth=5)
[  7] 绾?a3a4 (6, 0)->(5, 0) 缈诲紑=浠?鐢ㄦ椂 1.05s (score=81 depth=5)
[  8] 榛?c3c4 (3, 6)->(4, 6) 缈诲紑=棣?鐢ㄦ椂 1.43s (score=77 depth=5)
[  9] 绾?c3c4 (6, 2)->(5, 2) 缈诲紑=鐩?鐢ㄦ椂 1.87s (score=80 depth=6)
[ 10] 榛?i3i4 (3, 0)->(4, 0) 缈诲紑=璞?鐢ㄦ椂 1.95s (score=69 depth=5)
[ 11] 绾?h2h5 (7, 7)->(4, 7) 缈诲紑=杌?鐢ㄦ椂 1.60s (score=64 depth=6)
[ 12] 榛?c4d6 (4, 6)->(6, 5)  鐢ㄦ椂 1.40s (score=14 depth=5)
[ 13] 绾?h5f5 (4, 7)->(4, 5)  鐢ㄦ椂 1.06s (score=6 depth=5)
[ 14] 榛?g3g4 (3, 2)->(4, 2) 缈诲紑=澹?鐢ㄦ椂 1.80s (score=67 depth=5)
[ 15] 绾?f5f3 (4, 5)->(6, 5) 鍚?b棣?鐢ㄦ椂 1.82s (score=135 depth=6)
[ 16] 榛?a4c4 (4, 8)->(4, 6)  鐢ㄦ椂 1.03s (score=4 depth=5)
[ 17] 绾?g0e2 (9, 6)->(7, 4) 缈诲紑=鐩?鐢ㄦ椂 2.54s (score=42 depth=6)
[ 18] 榛?h2h8 (2, 1)->(8, 1) 缈诲紑=棣?鐢ㄦ椂 1.50s (score=78 depth=5)
[ 19] 绾?f3f1 (6, 5)->(8, 5)  鐢ㄦ椂 1.77s (score=2 depth=6)
[ 20] 榛?c4c1 (4, 6)->(1, 6)  鐢ㄦ椂 2.85s (score=-1 depth=6)
[ 21] 绾?f1b1 (8, 5)->(8, 1) 鍚?b棣?鐢ㄦ椂 2.59s (score=115 depth=6)
[ 22] 榛?c1e1 (1, 6)->(1, 4)  鐢ㄦ椂 1.82s (score=7 depth=6)
[ 23] 绾?b1b5 (8, 1)->(4, 1)  鐢ㄦ椂 1.95s (score=3 depth=6)
[ 24] 榛?g4f5 (4, 2)->(5, 3)  鐢ㄦ椂 2.73s (score=7 depth=6)
[ 25] 绾?g3g4 (6, 6)->(5, 6) 缈诲紑=鍏?鐢ㄦ椂 2.40s (score=67 depth=6)
[ 26] 榛?i4g6 (4, 0)->(6, 2)  鐢ㄦ椂 1.84s (score=10 depth=6)
[ 27] 绾?b5b9 (4, 1)->(0, 1)  鐢ㄦ椂 1.77s (score=37 depth=6)
[ 28] 榛?a0a6 (0, 8)->(6, 8) 缈诲紑=鍗?鍚?r棣?鐢ㄦ椂 1.40s (score=80.875 depth=6)
[ 29] 绾?b9c9 (0, 1)->(0, 2) 鍚?b鍗?鐢ㄦ椂 1.20s (score=81 depth=6)
[ 30] 榛?f5e6 (5, 3)->(6, 4) 鍚?r鐐?鐢ㄦ椂 1.27s (score=93 depth=6)
[ 31] 绾?c0a2 (9, 2)->(7, 0) 缈诲紑=鍏?鐢ㄦ椂 1.97s (score=41 depth=6)
[ 32] 榛?c0a2 (0, 6)->(2, 8) 缈诲紑=澹?鐢ㄦ椂 1.39s (score=44 depth=6)
[ 33] 绾?c9c7 (0, 2)->(2, 2)  鐢ㄦ椂 2.52s (score=-36 depth=6)
[ 34] 榛?a6a7 (6, 8)->(7, 8)  鐢ㄦ椂 1.26s (score=13 depth=6)
[ 35] 绾?c7h7 (2, 2)->(2, 7)  鐢ㄦ椂 2.33s (score=0 depth=7)
[ 36] 榛?b0d1 (0, 7)->(1, 5) 缈诲紑=璞?鐢ㄦ椂 1.56s (score=43 depth=6)
[ 37] 绾?b0d1 (9, 1)->(8, 3) 缈诲紑=鐐?鐢ㄦ椂 2.55s (score=43 depth=6)
[ 38] 榛?a2b3 (2, 8)->(3, 7)  鐢ㄦ椂 2.43s (score=0 depth=6)
[ 39] 绾?d1d7 (8, 3)->(2, 3)  鐢ㄦ椂 1.97s (score=-7 depth=7)
[ 40] 榛?e4e5 (4, 4)->(5, 4)  鐢ㄦ椂 2.09s (score=10 depth=6)
[ 41] 绾?d7e7 (2, 3)->(2, 4)  鐢ㄦ椂 2.54s (score=1 depth=6)
[ 42] 榛?e1g1 (1, 4)->(1, 2)  鐢ㄦ椂 1.69s (score=-7 depth=6)
[ 43] 绾?h7f7 (2, 7)->(2, 5)  鐢ㄦ椂 2.57s (score=37 depth=6)
[ 44] 榛?a7b7 (7, 8)->(7, 7)  鐢ㄦ椂 2.13s (score=14 depth=6)
[ 45] 绾?f7f1 (2, 5)->(8, 5)  鐢ㄦ椂 2.42s (score=0 depth=6)
[ 46] 榛?e6f7 (6, 4)->(7, 3)  鐢ㄦ椂 1.25s (score=3 depth=5)
[ 47] 绾?a9b9 (0, 0)->(0, 1)  鐢ㄦ椂 1.04s (score=9 depth=5)
[ 48] 榛?e0e1 (0, 4)->(1, 4)  鐢ㄦ椂 1.34s (score=-20 depth=5)
[ 49] 绾?e7e6 (2, 4)->(3, 4)  鐢ㄦ椂 1.20s (score=8 depth=6)
[ 50] 榛?e5e6 (5, 4)->(6, 4)  鐢ㄦ椂 3.16s (score=21 depth=6)
[ 51] 绾?a0c0 (9, 0)->(9, 2) 缈诲紑=鍏?鐢ㄦ椂 1.43s (score=30.5 depth=6)
[ 52] 榛?g1g4 (1, 2)->(4, 2)  鐢ㄦ椂 2.87s (score=1 depth=6)
[ 53] 绾?g4g5 (5, 6)->(4, 6)  鐢ㄦ椂 1.98s (score=17 depth=6)
[ 54] 榛?b7b8 (7, 7)->(8, 7)  鐢ㄦ椂 2.19s (score=10 depth=6)
[ 55] 绾?f1h1 (8, 5)->(8, 7) 鍚?b鍗?鐢ㄦ椂 1.30s (score=43 depth=6)
[ 56] 榛?g4e4 (4, 2)->(4, 4)  鐢ㄦ椂 6.15s (score=1 depth=7)
[ 57] 绾?g5f5 (4, 6)->(4, 5)  鐢ㄦ椂 1.99s (score=0 depth=7)
[ 58] 榛?e4e5 (4, 4)->(5, 4)  鐢ㄦ椂 3.10s (score=0 depth=7)
[ 59] 绾?d0e1 (9, 3)->(8, 4) 缈诲紑=棣?鐢ㄦ椂 1.14s (score=47 depth=6)
[ 60] 榛?f7e8 (7, 3)->(8, 4) 鍚?r棣?鐢ㄦ椂 1.14s (score=114 depth=6)
[ 61] 绾?e6e3 (3, 4)->(6, 4) 鍚?b鍗?鐢ㄦ椂 1.81s (score=70 depth=7)
[ 62] 榛?e1f1 (1, 4)->(1, 3)  鐢ㄦ椂 2.16s (score=-10 depth=7)
[ 63] 绾?f0e1 (9, 5)->(8, 4) 缈诲紑=杌?鍚?b澹?鐢ㄦ椂 1.25s (score=153 depth=6)
[ 64] 榛?g6e8 (6, 2)->(8, 4) 鍚?r杌?鐢ㄦ椂 2.19s (score=278 depth=7)
[ 65] 绾?h1e1 (8, 7)->(8, 4) 鍚?b璞?鐢ㄦ椂 2.57s (score=50 depth=7)
[ 66] 榛?e5e0 (5, 4)->(0, 4)  鐢ㄦ椂 1.40s (score=-1 depth=6)
[ 67] 绾?e1d1 (8, 4)->(8, 3)  鐢ㄦ椂 1.84s (score=59 depth=8)
[ 68] 榛?d1f3 (1, 5)->(3, 3)  鐢ㄦ椂 0.53s (score=8 depth=7)
[ 69] 绾?d1d6 (8, 3)->(3, 3) 鍚?b璞?鐢ㄦ椂 0.50s (score=35 depth=12)
[ 70] 榛?e0e7 (0, 4)->(7, 4) 鍚?r鐩?鐢ㄦ椂 0.33s (score=36 depth=7)
[ 71] 绾?d6d8 (3, 3)->(1, 3) 鍚?b灏?鐢ㄦ椂 0.00s (score=3696 depth=12)

========================================================
瀵瑰眬缁撴灉
========================================================
鑳滆€? pypy2 (绾㈡柟)
鍘熷洜: 绗?71 鐫€鍚冩帀 灏? 鑾疯儨
鎬绘鏁? 71 鐫€, 鍏ㄥ眬澧欓挓 133.1s

鍙屾柟鐢ㄦ椂:
  pypy2 (绾㈡柟):  36 鐫€  鎬荤敤鏃?   64.8s  骞冲潎  1.80s  鏈€闀?  2.59s
  pypy  (榛戞柟):  35 鐫€  鎬荤敤鏃?   68.2s  骞冲潎  1.95s  鏈€闀?  6.15s

[*] 妫嬭氨宸蹭繚瀛? C:\Users\yimingwang218185\Desktop\jieqi_ai\tools\games\game_20260819_103759.json / .txt

缁堝眬妫嬬洏 (绾㈡柟鍦ㄤ笅):
    0 1 2 3 4 5 6 7 8
 0 | 路 r鍏?路 b? 路 b? 路 路 路
 1 | 路 路 路 r杌?路 路 路 路 路
 2 | 路 路 路 路 路 路 路 路 路
 3 | 路 路 路 路 路 路 路 b澹?路
 4 | 路 路 路 路 路 r鍏?路 路 路
 5 | r浠?路 r鐩?路 路 路 路 路 路
 6 | 路 路 路 路 r鐐?路 路 路 路
 7 | r鍏?路 路 路 b鐐?路 路 路 路
 8 | 路 路 路 路 路 路 路 路 路
 9 | 路 路 r鍏?路 r甯?路 路 r浠?路
