[*] 瑁佸垽鍚姩: pypy 鎵х孩鍏堣(姣忕潃 1.0s) vs pypy2 鎵ч粦(姣忕潃 2.5s), 闅忔満绉嶅瓙 20260903
[engine_server] 灏辩华 (PyPy 3.11.13, engine=jieqi_engine)
[engine_server] 棰勭儹瀹屾垚
[engine_server] 灏辩华 (PyPy 3.11.13, engine=jieqi_engine_v2)
[engine_server] 棰勭儹瀹屾垚
[+] 寮曟搸瀛愯繘绋嬪氨缁?(PyPy: pypy3.EXE)
[+] 寮曟搸瀛愯繘绋嬪氨缁?(PyPy: pypy3.EXE)
[*] 绾㈡柟寮曟搸: pypy (miaosiSari 鍘熺増, alpha-beta)
[*] 榛戞柟寮曟搸: pypy2 (miaosiSari 浼樺寲鐗? TT淇濈暀+鍙屾椂闄?
[  1] 绾?b2b9 (7, 1)->(0, 1) 缈诲紑=鍏?鍚?b鐐?鐢ㄦ椂 3.09s (score=154 depth=6)
[  2] 榛?b2b9 (2, 7)->(9, 7) 缈诲紑=澹?鍚?r杌?鐢ㄦ椂 2.55s (score=157 depth=5)
[  3] 绾?b9a9 (0, 1)->(0, 0) 鍚?b璞?鐢ㄦ椂 2.35s (score=87.85714285714286 depth=6)
[  4] 榛?e3e4 (3, 4)->(4, 4) 缈诲紑=鍗?鐢ㄦ椂 2.24s (score=86 depth=6)
[  5] 绾?i3i4 (6, 8)->(5, 8) 缈诲紑=鍏?鐢ㄦ椂 3.47s (score=80 depth=6)
[  6] 榛?c3c4 (3, 6)->(4, 6) 缈诲紑=棣?鐢ㄦ椂 2.30s (score=79 depth=6)
[  7] 绾?a3a4 (6, 0)->(5, 0) 缈诲紑=鍏?鐢ㄦ椂 1.03s (score=83 depth=5)
[  8] 榛?g3g4 (3, 2)->(4, 2) 缈诲紑=鍗?鐢ㄦ椂 2.30s (score=78 depth=6)
[  9] 绾?g3g4 (6, 6)->(5, 6) 缈诲紑=浠?鐢ㄦ椂 2.17s (score=84 depth=6)
[ 10] 榛?c0e2 (0, 6)->(2, 4) 缈诲紑=棣?鐢ㄦ椂 2.20s (score=48 depth=6)
[ 11] 绾?g0e2 (9, 6)->(7, 4) 缈诲紑=鐐?鐢ㄦ椂 4.54s (score=55 depth=6)
[ 12] 榛?d0e1 (0, 5)->(1, 4) 缈诲紑=鐐?鐢ㄦ椂 1.36s (score=40 depth=5)
[ 13] 绾?i0h0 (9, 8)->(9, 7) 缈诲紑=鐩?鍚?b澹?鐢ㄦ椂 1.18s (score=109.66666666666667 depth=5)
[ 14] 榛?h2h8 (2, 1)->(8, 1) 缈诲紑=杌?鐢ㄦ椂 0.95s (score=75 depth=4)
[ 15] 绾?h2h5 (7, 7)->(4, 7) 缈诲紑=棣?鐢ㄦ椂 2.54s (score=66 depth=5)
[ 16] 榛?e2g3 (2, 4)->(3, 2)  鐢ㄦ椂 2.52s (score=-7 depth=5)
[ 17] 绾?d0e1 (9, 3)->(8, 4) 缈诲紑=浠?鐢ㄦ椂 1.53s (score=46 depth=5)
[ 18] 榛?h8g8 (8, 1)->(8, 2)  鐢ㄦ椂 1.66s (score=0 depth=6)
[ 19] 绾?b0a2 (9, 1)->(7, 0) 缈诲紑=杌?鐢ㄦ椂 1.93s (score=51 depth=6)
[ 20] 榛?g8g6 (8, 2)->(6, 2) 鍚?r棣?鐢ㄦ椂 1.36s (score=84 depth=6)
[ 21] 绾?a2b2 (7, 0)->(7, 1)  鐢ㄦ椂 1.68s (score=6 depth=5)
[ 22] 榛?g6f6 (6, 2)->(6, 3)  鐢ㄦ椂 1.28s (score=7 depth=5)
[ 23] 绾?b2b6 (7, 1)->(3, 1)  鐢ㄦ椂 1.62s (score=8 depth=5)
[ 24] 榛?f6e6 (6, 3)->(6, 4) 鍚?r鐩?鐢ㄦ椂 1.38s (score=81 depth=5)
[ 25] 绾?b6c6 (3, 1)->(3, 2) 鍚?b棣?鐢ㄦ椂 3.20s (score=118 depth=6)
[ 26] 榛?b0a2 (0, 7)->(2, 8) 缈诲紑=鍗?鐢ㄦ椂 2.56s (score=34 depth=5)
[ 27] 绾?e1f2 (8, 4)->(7, 5)  鐢ㄦ椂 1.44s (score=-5 depth=5)
[ 28] 榛?e6e5 (6, 4)->(5, 4)  鐢ㄦ椂 1.56s (score=-1 depth=6)
[ 29] 绾?g4f5 (5, 6)->(4, 5)  鐢ㄦ椂 2.39s (score=7 depth=6)
[ 30] 榛?e5a5 (5, 4)->(5, 8) 鍚?r鍏?鐢ㄦ椂 2.37s (score=47 depth=6)
[ 31] 绾?e2e8 (7, 4)->(1, 4) 鍚?b鐐?鐢ㄦ椂 1.85s (score=124 depth=6)
[ 32] 榛?e0e1 (0, 4)->(1, 4) 鍚?r鐐?鐢ㄦ椂 1.77s (score=109 depth=6)
[ 33] 绾?h5g7 (4, 7)->(2, 6)  鐢ㄦ椂 4.05s (score=-6 depth=6)
[ 34] 榛?e1e0 (1, 4)->(0, 4)  鐢ㄦ椂 2.55s (score=20 depth=6)
[ 35] 绾?c6e6 (3, 2)->(3, 4)  鐢ㄦ椂 3.71s (score=4 depth=6)
[ 36] 榛?g0e2 (0, 2)->(2, 4) 缈诲紑=杌?鐢ㄦ椂 1.51s (score=45 depth=7)
[ 37] 绾?e6e7 (3, 4)->(2, 4) 鍚?b杌?鐢ㄦ椂 1.46s (score=302 depth=7)
[ 38] 榛?f0e1 (0, 3)->(1, 4) 缈诲紑=澹?鐢ㄦ椂 2.06s (score=43 depth=9)
[ 39] 绾?e7e8 (2, 4)->(1, 4) 鍚?b澹?鐢ㄦ椂 2.22s (score=112 depth=6)
[ 40] 榛?e0f0 (0, 4)->(0, 3)  鐢ㄦ椂 2.08s (score=-10 depth=8)
[ 41] 绾?a9b9 (0, 0)->(0, 1)  鐢ㄦ椂 1.28s (score=9 depth=5)
[ 42] 榛?a5e5 (5, 8)->(5, 4)  鐢ㄦ椂 1.11s (score=7 depth=7)
[ 43] 绾?f5e4 (4, 5)->(5, 4) 鍚?b杌?鐢ㄦ椂 3.75s (score=298 depth=7)
[ 44] 榛?a3a4 (3, 8)->(4, 8) 缈诲紑=鍗?鐢ㄦ椂 2.59s (score=76 depth=10)
[ 45] 绾?b9c9 (0, 1)->(0, 2)  鐢ㄦ椂 1.16s (score=1 depth=7)
[ 46] 榛?e4e5 (4, 4)->(5, 4) 鍚?r浠?鐢ㄦ椂 0.01s (score=85 depth=12)
[ 47] 绾?c9d9 (0, 2)->(0, 3) 鍚?b灏?鐢ㄦ椂 0.00s (score=3696 depth=7)

========================================================
瀵瑰眬缁撴灉
========================================================
鑳滆€? pypy (绾㈡柟)
鍘熷洜: 绗?47 鐫€鍚冩帀 灏? 鑾疯儨
鎬绘鏁? 47 鐫€, 鍏ㄥ眬澧欓挓 95.9s

鍙屾柟鐢ㄦ椂:
  pypy  (绾㈡柟):  24 鐫€  鎬荤敤鏃?   53.6s  骞冲潎  2.23s  鏈€闀?  4.54s
  pypy2 (榛戞柟):  23 鐫€  鎬荤敤鏃?   42.2s  骞冲潎  1.84s  鏈€闀?  2.59s

[*] 妫嬭氨宸蹭繚瀛? C:\Users\yimingwang218185\Desktop\jieqi_ai\tools\games\game_20260819_104853.json / .txt

缁堝眬妫嬬洏 (绾㈡柟鍦ㄤ笅):
    0 1 2 3 4 5 6 7 8
 0 | 路 路 路 r鍏?路 路 路 路 b?
 1 | 路 路 路 路 r杌?路 路 路 路
 2 | 路 路 路 路 路 路 r棣?路 b鍗?
 3 | b? 路 路 路 路 路 路 路 路
 4 | 路 路 b鍗?路 路 路 b棣?路 b鍗?
 5 | r鍏?路 路 路 b鍗?路 路 路 路
 6 | 路 路 路 路 路 路 路 路 路
 7 | 路 路 路 路 路 r浠?路 路 路
 8 | 路 路 路 路 路 路 路 路 路
 9 | r? 路 r? 路 r甯?r? 路 r鐩?路
