[*] 瑁佸垽鍚姩: pypy2 鎵х孩鍏堣(姣忕潃 2.5s) vs pypy 鎵ч粦(姣忕潃 1.0s), 闅忔満绉嶅瓙 20260904
[engine_server] 灏辩华 (PyPy 3.11.13, engine=jieqi_engine_v2)
[engine_server] 棰勭儹瀹屾垚
[engine_server] 灏辩华 (PyPy 3.11.13, engine=jieqi_engine)
[engine_server] 棰勭儹瀹屾垚
[+] 寮曟搸瀛愯繘绋嬪氨缁?(PyPy: pypy3.EXE)
[+] 寮曟搸瀛愯繘绋嬪氨缁?(PyPy: pypy3.EXE)
[*] 绾㈡柟寮曟搸: pypy2 (miaosiSari 浼樺寲鐗? TT淇濈暀+鍙屾椂闄?
[*] 榛戞柟寮曟搸: pypy (miaosiSari 鍘熺増, alpha-beta)
[  1] 绾?b2b9 (7, 1)->(0, 1) 缈诲紑=鐐?鍚?b澹?鐢ㄦ椂 1.31s (score=154 depth=5)
[  2] 榛?b2b9 (2, 7)->(9, 7) 缈诲紑=杌?鍚?r鍏?鐢ㄦ椂 1.27s (score=152 depth=5)
[  3] 绾?i0h0 (9, 8)->(9, 7) 缈诲紑=浠?鍚?b杌?鐢ㄦ椂 2.09s (score=327.07142857142856 depth=6)
[  4] 榛?e3e4 (3, 4)->(4, 4) 缈诲紑=棣?鐢ㄦ椂 1.27s (score=84 depth=5)
[  5] 绾?e3e4 (6, 4)->(5, 4) 缈诲紑=浠?鐢ㄦ椂 2.56s (score=85 depth=5)
[  6] 榛?a3a4 (3, 8)->(4, 8) 缈诲紑=鐐?鐢ㄦ椂 1.79s (score=78 depth=5)
[  7] 绾?a3a4 (6, 0)->(5, 0) 缈诲紑=鐐?鐢ㄦ椂 2.57s (score=79 depth=5)
[  8] 榛?i0h0 (0, 0)->(0, 1) 缈诲紑=璞?鍚?r鐐?鐢ㄦ椂 1.02s (score=187.72727272727272 depth=5)
[  9] 绾?a4c4 (5, 0)->(5, 2)  鐢ㄦ椂 1.23s (score=4 depth=5)
[ 10] 榛?g0e2 (0, 2)->(2, 4) 缈诲紑=鍗?鐢ㄦ椂 1.18s (score=37 depth=5)
[ 11] 绾?h2h5 (7, 7)->(4, 7) 缈诲紑=鍏?鐢ㄦ椂 2.62s (score=60 depth=5)
[ 12] 榛?g3g4 (3, 2)->(4, 2) 缈诲紑=鍗?鐢ㄦ椂 3.81s (score=77 depth=6)
[ 13] 绾?i3i4 (6, 8)->(5, 8) 缈诲紑=杌?鐢ㄦ椂 2.47s (score=82 depth=6)
[ 14] 榛?a4a2 (4, 8)->(2, 8)  鐢ㄦ椂 1.04s (score=2 depth=5)
[ 15] 绾?c4d4 (5, 2)->(5, 3)  鐢ㄦ椂 2.57s (score=-3 depth=6)
[ 16] 榛?h2h8 (2, 1)->(8, 1) 缈诲紑=棣?鐢ㄦ椂 1.41s (score=76 depth=5)
[ 17] 绾?d4d1 (5, 3)->(8, 3)  鐢ㄦ椂 1.58s (score=2 depth=6)
[ 18] 榛?h8f7 (8, 1)->(7, 3)  鐢ㄦ椂 1.08s (score=9 depth=5)
[ 19] 绾?a0a6 (9, 0)->(3, 0) 缈诲紑=鐩?鍚?b鍗?鐢ㄦ椂 2.23s (score=114.66666666666667 depth=6)
[ 20] 榛?d0e1 (0, 5)->(1, 4) 缈诲紑=鍗?鐢ㄦ椂 2.82s (score=42 depth=5)
[ 21] 绾?g0e2 (9, 6)->(7, 4) 缈诲紑=杌?鐢ㄦ椂 1.39s (score=39 depth=5)
[ 22] 榛?a2b2 (2, 8)->(2, 7)  鐢ㄦ椂 1.39s (score=-1 depth=5)
[ 23] 绾?i4i9 (5, 8)->(0, 8) 鍚?b杌?鐢ㄦ椂 1.28s (score=213.0 depth=6)
[ 24] 榛?b2b9 (2, 7)->(9, 7) 鍚?r浠?鐢ㄦ椂 1.80s (score=161 depth=6)
[ 25] 绾?f0e1 (9, 5)->(8, 4) 缈诲紑=棣?鐢ㄦ椂 2.44s (score=21 depth=8)
[ 26] 榛?f7h8 (7, 3)->(8, 1)  鐢ㄦ椂 3.02s (score=-9 depth=6)
[ 27] 绾?e2b2 (7, 4)->(7, 1)  鐢ㄦ椂 1.41s (score=2 depth=5)
[ 28] 榛?h8f9 (8, 1)->(9, 3) 鍚?r鍏?鐢ㄦ椂 2.94s (score=44 depth=6)
[ 29] 绾?b2h2 (7, 1)->(7, 7)  鐢ㄦ椂 2.55s (score=0 depth=5)
[ 30] 榛?b9b4 (9, 7)->(4, 7) 鍚?r鍏?鐢ㄦ椂 1.48s (score=16 depth=6)
[ 31] 绾?h2h5 (7, 7)->(4, 7) 鍚?b鐐?鐢ㄦ椂 2.50s (score=133 depth=5)
[ 32] 榛?e4d2 (4, 4)->(2, 5)  鐢ㄦ椂 1.00s (score=-7 depth=5)
[ 33] 绾?h5h9 (4, 7)->(0, 7) 鍚?b鍗?鐢ㄦ椂 1.75s (score=123 depth=7)
[ 34] 榛?e0d0 (0, 4)->(0, 5)  鐢ㄦ椂 0.94s (score=-10 depth=7)
[ 35] 绾?h9h7 (0, 7)->(2, 7)  鐢ㄦ椂 1.28s (score=-36 depth=6)
[ 36] 榛?d0d1 (0, 5)->(1, 5)  鐢ㄦ椂 1.15s (score=-20 depth=6)
[ 37] 绾?d1d8 (8, 3)->(1, 3)  鐢ㄦ椂 1.00s (score=-6 depth=12)
[ 38] 榛?f9g7 (9, 3)->(7, 2)  鐢ㄦ椂 0.19s (score=-12 depth=7)
[ 39] 绾?d8f8 (1, 3)->(1, 5) 鍚?b灏?鐢ㄦ椂 0.00s (score=3696 depth=12)

========================================================
瀵瑰眬缁撴灉
========================================================
鑳滆€? pypy2 (绾㈡柟)
鍘熷洜: 绗?39 鐫€鍚冩帀 灏? 鑾疯儨
鎬绘鏁? 39 鐫€, 鍏ㄥ眬澧欓挓 67.5s

鍙屾柟鐢ㄦ椂:
  pypy2 (绾㈡柟):  20 鐫€  鎬荤敤鏃?   36.8s  骞冲潎  1.84s  鏈€闀?  2.62s
  pypy  (榛戞柟):  19 鐫€  鎬荤敤鏃?   30.6s  骞冲潎  1.61s  鏈€闀?  3.81s

[*] 妫嬭氨宸蹭繚瀛? C:\Users\yimingwang218185\Desktop\jieqi_ai\tools\games\game_20260819_105002.json / .txt

缁堝眬妫嬬洏 (绾㈡柟鍦ㄤ笅):
    0 1 2 3 4 5 6 7 8
 0 | 路 b璞?路 b? 路 路 b? 路 r杌?
 1 | 路 路 路 路 b鍗?r鐐?路 路 路
 2 | 路 路 路 路 b鍗?b棣?路 r杌?路
 3 | r鐩?路 路 路 路 路 b? 路 路
 4 | 路 路 b鍗?路 路 路 路 路 路
 5 | 路 路 路 路 r浠?路 路 路 路
 6 | 路 路 r? 路 路 路 r? 路 路
 7 | 路 路 b棣?路 路 路 路 路 路
 8 | 路 路 路 路 r棣?路 路 路 路
 9 | 路 r? r? 路 r甯?路 路 路 路
